Component: ARM Compiler 5.06 update 7 (build 960) Tool: armlink [4d3601]

==============================================================================

Section Cross References

    emm42_main.o(i.main) refers to emm42_board.o(i.Emm42_board_init) for Emm42_board_init
    emm42_main.o(i.main) refers to emm42_delay.o(i.Emm42_delay_ms) for Emm42_delay_ms
    emm42_main.o(i.main) refers to emm42_usart.o(i.usartSend) for usartSend
    emm42_main.o(i.main) refers to ldiv.o(.text) for __aeabi_ldivmod
    emm42_main.o(i.main) refers to ffltl.o(.text) for __aeabi_l2f
    emm42_main.o(i.main) refers to fdiv.o(.text) for __aeabi_fdiv
    emm42_main.o(i.main) refers to emm42_usart.o(.data) for rxReceiveCount
    emm42_main.o(i.main) refers to emm42_usart.o(.bss) for rxBuffer
    emm42_main.o(i.main) refers to emm42_main.o(.data) for MotorPosition
    emm42_usart.o(i.USART1_IRQHandler) refers to stm32f10x_usart.o(i.USART_GetITStatus) for USART_GetITStatus
    emm42_usart.o(i.USART1_IRQHandler) refers to stm32f10x_usart.o(i.USART_ClearITPendingBit) for USART_ClearITPendingBit
    emm42_usart.o(i.USART1_IRQHandler) refers to emm42_usart.o(.data) for rxReceiveCount
    emm42_usart.o(i.USART1_IRQHandler) refers to emm42_usart.o(.bss) for rxBuffer
    emm42_board.o(i.Emm42_board_init) refers to emm42_board.o(i.Emm42_nvic_init) for Emm42_nvic_init
    emm42_board.o(i.Emm42_board_init) refers to emm42_board.o(i.Emm42_clock_init) for Emm42_clock_init
    emm42_board.o(i.Emm42_board_init) refers to emm42_board.o(i.Emm42_usart_init) for Emm42_usart_init
    emm42_board.o(i.Emm42_clock_init) refers to stm32f10x_rcc.o(i.RCC_APB2PeriphClockCmd) for RCC_APB2PeriphClockCmd
    emm42_board.o(i.Emm42_clock_init) refers to stm32f10x_gpio.o(i.GPIO_PinRemapConfig) for GPIO_PinRemapConfig
    emm42_board.o(i.Emm42_nvic_init) refers to misc.o(i.NVIC_PriorityGroupConfig) for NVIC_PriorityGroupConfig
    emm42_board.o(i.Emm42_nvic_init) refers to misc.o(i.NVIC_Init) for NVIC_Init
    emm42_board.o(i.Emm42_usart_init) refers to stm32f10x_gpio.o(i.GPIO_Init) for GPIO_Init
    emm42_board.o(i.Emm42_usart_init) refers to stm32f10x_usart.o(i.USART_Init) for USART_Init
    emm42_board.o(i.Emm42_usart_init) refers to stm32f10x_usart.o(i.USART_ITConfig) for USART_ITConfig
    emm42_board.o(i.Emm42_usart_init) refers to stm32f10x_usart.o(i.USART_Cmd) for USART_Cmd
    startup_stm32f10x_hd.o(RESET) refers to startup_stm32f10x_hd.o(STACK) for __initial_sp
    startup_stm32f10x_hd.o(RESET) refers to startup_stm32f10x_hd.o(.text) for Reset_Handler
    startup_stm32f10x_hd.o(RESET) refers to stm32f10x_it.o(i.NMI_Handler) for NMI_Handler
    startup_stm32f10x_hd.o(RESET) refers to stm32f10x_it.o(i.HardFault_Handler) for HardFault_Handler
    startup_stm32f10x_hd.o(RESET) refers to stm32f10x_it.o(i.MemManage_Handler) for MemManage_Handler
    startup_stm32f10x_hd.o(RESET) refers to stm32f10x_it.o(i.BusFault_Handler) for BusFault_Handler
    startup_stm32f10x_hd.o(RESET) refers to stm32f10x_it.o(i.UsageFault_Handler) for UsageFault_Handler
    startup_stm32f10x_hd.o(RESET) refers to stm32f10x_it.o(i.SVC_Handler) for SVC_Handler
    startup_stm32f10x_hd.o(RESET) refers to stm32f10x_it.o(i.DebugMon_Handler) for DebugMon_Handler
    startup_stm32f10x_hd.o(RESET) refers to stm32f10x_it.o(i.PendSV_Handler) for PendSV_Handler
    startup_stm32f10x_hd.o(RESET) refers to stm32f10x_it.o(i.SysTick_Handler) for SysTick_Handler
    startup_stm32f10x_hd.o(RESET) refers to emm42_usart.o(i.USART1_IRQHandler) for USART1_IRQHandler
    startup_stm32f10x_hd.o(.text) refers to system_stm32f10x.o(i.SystemInit) for SystemInit
    startup_stm32f10x_hd.o(.text) refers to entry.o(.ARM.Collect$$$$00000000) for __main
    system_stm32f10x.o(i.SetSysClock) refers to system_stm32f10x.o(i.SetSysClockTo72) for SetSysClockTo72
    system_stm32f10x.o(i.SystemCoreClockUpdate) refers to system_stm32f10x.o(.data) for SystemCoreClock
    system_stm32f10x.o(i.SystemInit) refers to system_stm32f10x.o(i.SetSysClock) for SetSysClock
    emm42_delay.o(i.Emm42_delay_ms) refers to system_stm32f10x.o(.data) for SystemCoreClock
    stm32f10x_gpio.o(i.GPIO_AFIODeInit) refers to stm32f10x_rcc.o(i.RCC_APB2PeriphResetCmd) for RCC_APB2PeriphResetCmd
    stm32f10x_gpio.o(i.GPIO_DeInit) refers to stm32f10x_rcc.o(i.RCC_APB2PeriphResetCmd) for RCC_APB2PeriphResetCmd
    stm32f10x_rcc.o(i.RCC_GetClocksFreq) refers to stm32f10x_rcc.o(.data) for APBAHBPrescTable
    stm32f10x_rcc.o(i.RCC_WaitForHSEStartUp) refers to stm32f10x_rcc.o(i.RCC_GetFlagStatus) for RCC_GetFlagStatus
    stm32f10x_usart.o(i.USART_DeInit) refers to stm32f10x_rcc.o(i.RCC_APB2PeriphResetCmd) for RCC_APB2PeriphResetCmd
    stm32f10x_usart.o(i.USART_DeInit) refers to stm32f10x_rcc.o(i.RCC_APB1PeriphResetCmd) for RCC_APB1PeriphResetCmd
    stm32f10x_usart.o(i.USART_Init) refers to stm32f10x_rcc.o(i.RCC_GetClocksFreq) for RCC_GetClocksFreq
    entry.o(.ARM.Collect$$$$00000000) refers (Special) to entry10a.o(.ARM.Collect$$$$0000000F) for __rt_final_cpp
    entry.o(.ARM.Collect$$$$00000000) refers (Special) to entry11a.o(.ARM.Collect$$$$00000011) for __rt_final_exit
    entry.o(.ARM.Collect$$$$00000000) refers (Special) to entry12b.o(.ARM.Collect$$$$0000000E) for __rt_lib_shutdown_fini
    entry.o(.ARM.Collect$$$$00000000) refers (Special) to entry7b.o(.ARM.Collect$$$$00000008) for _main_clock
    entry.o(.ARM.Collect$$$$00000000) refers (Special) to entry8b.o(.ARM.Collect$$$$0000000A) for _main_cpp_init
    entry.o(.ARM.Collect$$$$00000000) refers (Special) to entry9a.o(.ARM.Collect$$$$0000000B) for _main_init
    entry.o(.ARM.Collect$$$$00000000) refers (Special) to entry5.o(.ARM.Collect$$$$00000004) for _main_scatterload
    entry.o(.ARM.Collect$$$$00000000) refers (Special) to entry2.o(.ARM.Collect$$$$00000001) for _main_stk
    ldiv.o(.text) refers to uldiv.o(.text) for __aeabi_uldivmod
    fdiv.o(.text) refers (Special) to iusefp.o(.text) for __I$use$fp
    fdiv.o(.text) refers to fepilogue.o(.text) for _float_round
    ffltl.o(.text) refers (Special) to iusefp.o(.text) for __I$use$fp
    ffltl.o(.text) refers to fepilogue.o(.text) for _float_epilogue
    entry2.o(.ARM.Collect$$$$00000001) refers to entry2.o(.ARM.Collect$$$$00002712) for __lit__00000000
    entry2.o(.ARM.Collect$$$$00002712) refers to startup_stm32f10x_hd.o(STACK) for __initial_sp
    entry2.o(__vectab_stack_and_reset_area) refers to startup_stm32f10x_hd.o(STACK) for __initial_sp
    entry2.o(__vectab_stack_and_reset_area) refers to entry.o(.ARM.Collect$$$$00000000) for __main
    entry5.o(.ARM.Collect$$$$00000004) refers to init.o(.text) for __scatterload
    entry9a.o(.ARM.Collect$$$$0000000B) refers to emm42_main.o(i.main) for main
    entry9b.o(.ARM.Collect$$$$0000000C) refers to emm42_main.o(i.main) for main
    uldiv.o(.text) refers to llushr.o(.text) for __aeabi_llsr
    uldiv.o(.text) refers to llshl.o(.text) for __aeabi_llsl
    init.o(.text) refers to entry5.o(.ARM.Collect$$$$00000004) for __main_after_scatterload


==============================================================================

Removing Unused input sections from the image.

    Removing core_cm3.o(.emb_text), (32 bytes).
    Removing startup_stm32f10x_hd.o(HEAP), (512 bytes).
    Removing system_stm32f10x.o(i.SystemCoreClockUpdate), (164 bytes).
    Removing stm32f10x_gpio.o(i.GPIO_AFIODeInit), (20 bytes).
    Removing stm32f10x_gpio.o(i.GPIO_DeInit), (200 bytes).
    Removing stm32f10x_gpio.o(i.GPIO_ETH_MediaInterfaceConfig), (12 bytes).
    Removing stm32f10x_gpio.o(i.GPIO_EXTILineConfig), (64 bytes).
    Removing stm32f10x_gpio.o(i.GPIO_EventOutputCmd), (12 bytes).
    Removing stm32f10x_gpio.o(i.GPIO_EventOutputConfig), (32 bytes).
    Removing stm32f10x_gpio.o(i.GPIO_PinLockConfig), (18 bytes).
    Removing stm32f10x_gpio.o(i.GPIO_ReadInputData), (8 bytes).
    Removing stm32f10x_gpio.o(i.GPIO_ReadInputDataBit), (18 bytes).
    Removing stm32f10x_gpio.o(i.GPIO_ReadOutputData), (8 bytes).
    Removing stm32f10x_gpio.o(i.GPIO_ReadOutputDataBit), (18 bytes).
    Removing stm32f10x_gpio.o(i.GPIO_ResetBits), (4 bytes).
    Removing stm32f10x_gpio.o(i.GPIO_SetBits), (4 bytes).
    Removing stm32f10x_gpio.o(i.GPIO_StructInit), (16 bytes).
    Removing stm32f10x_gpio.o(i.GPIO_Write), (4 bytes).
    Removing stm32f10x_gpio.o(i.GPIO_WriteBit), (10 bytes).
    Removing stm32f10x_rcc.o(i.RCC_ADCCLKConfig), (24 bytes).
    Removing stm32f10x_rcc.o(i.RCC_AHBPeriphClockCmd), (32 bytes).
    Removing stm32f10x_rcc.o(i.RCC_APB1PeriphClockCmd), (32 bytes).
    Removing stm32f10x_rcc.o(i.RCC_APB1PeriphResetCmd), (32 bytes).
    Removing stm32f10x_rcc.o(i.RCC_APB2PeriphResetCmd), (32 bytes).
    Removing stm32f10x_rcc.o(i.RCC_AdjustHSICalibrationValue), (24 bytes).
    Removing stm32f10x_rcc.o(i.RCC_BackupResetCmd), (12 bytes).
    Removing stm32f10x_rcc.o(i.RCC_ClearFlag), (20 bytes).
    Removing stm32f10x_rcc.o(i.RCC_ClearITPendingBit), (12 bytes).
    Removing stm32f10x_rcc.o(i.RCC_ClockSecuritySystemCmd), (12 bytes).
    Removing stm32f10x_rcc.o(i.RCC_DeInit), (76 bytes).
    Removing stm32f10x_rcc.o(i.RCC_GetFlagStatus), (60 bytes).
    Removing stm32f10x_rcc.o(i.RCC_GetITStatus), (24 bytes).
    Removing stm32f10x_rcc.o(i.RCC_GetSYSCLKSource), (16 bytes).
    Removing stm32f10x_rcc.o(i.RCC_HCLKConfig), (24 bytes).
    Removing stm32f10x_rcc.o(i.RCC_HSEConfig), (76 bytes).
    Removing stm32f10x_rcc.o(i.RCC_HSICmd), (12 bytes).
    Removing stm32f10x_rcc.o(i.RCC_ITConfig), (32 bytes).
    Removing stm32f10x_rcc.o(i.RCC_LSEConfig), (52 bytes).
    Removing stm32f10x_rcc.o(i.RCC_LSICmd), (12 bytes).
    Removing stm32f10x_rcc.o(i.RCC_MCOConfig), (12 bytes).
    Removing stm32f10x_rcc.o(i.RCC_PCLK1Config), (24 bytes).
    Removing stm32f10x_rcc.o(i.RCC_PCLK2Config), (24 bytes).
    Removing stm32f10x_rcc.o(i.RCC_PLLCmd), (12 bytes).
    Removing stm32f10x_rcc.o(i.RCC_PLLConfig), (28 bytes).
    Removing stm32f10x_rcc.o(i.RCC_RTCCLKCmd), (12 bytes).
    Removing stm32f10x_rcc.o(i.RCC_RTCCLKConfig), (16 bytes).
    Removing stm32f10x_rcc.o(i.RCC_SYSCLKConfig), (24 bytes).
    Removing stm32f10x_rcc.o(i.RCC_USBCLKConfig), (12 bytes).
    Removing stm32f10x_rcc.o(i.RCC_WaitForHSEStartUp), (56 bytes).
    Removing stm32f10x_usart.o(i.USART_ClearFlag), (18 bytes).
    Removing stm32f10x_usart.o(i.USART_ClockInit), (34 bytes).
    Removing stm32f10x_usart.o(i.USART_ClockStructInit), (12 bytes).
    Removing stm32f10x_usart.o(i.USART_DMACmd), (18 bytes).
    Removing stm32f10x_usart.o(i.USART_DeInit), (156 bytes).
    Removing stm32f10x_usart.o(i.USART_GetFlagStatus), (26 bytes).
    Removing stm32f10x_usart.o(i.USART_HalfDuplexCmd), (24 bytes).
    Removing stm32f10x_usart.o(i.USART_IrDACmd), (24 bytes).
    Removing stm32f10x_usart.o(i.USART_IrDAConfig), (18 bytes).
    Removing stm32f10x_usart.o(i.USART_LINBreakDetectLengthConfig), (18 bytes).
    Removing stm32f10x_usart.o(i.USART_LINCmd), (24 bytes).
    Removing stm32f10x_usart.o(i.USART_OneBitMethodCmd), (24 bytes).
    Removing stm32f10x_usart.o(i.USART_OverSampling8Cmd), (22 bytes).
    Removing stm32f10x_usart.o(i.USART_ReceiveData), (10 bytes).
    Removing stm32f10x_usart.o(i.USART_ReceiverWakeUpCmd), (24 bytes).
    Removing stm32f10x_usart.o(i.USART_SendBreak), (10 bytes).
    Removing stm32f10x_usart.o(i.USART_SendData), (8 bytes).
    Removing stm32f10x_usart.o(i.USART_SetAddress), (18 bytes).
    Removing stm32f10x_usart.o(i.USART_SetGuardTime), (16 bytes).
    Removing stm32f10x_usart.o(i.USART_SetPrescaler), (16 bytes).
    Removing stm32f10x_usart.o(i.USART_SmartCardCmd), (24 bytes).
    Removing stm32f10x_usart.o(i.USART_SmartCardNACKCmd), (24 bytes).
    Removing stm32f10x_usart.o(i.USART_StructInit), (24 bytes).
    Removing stm32f10x_usart.o(i.USART_WakeUpConfig), (18 bytes).
    Removing misc.o(i.NVIC_SetVectorTable), (20 bytes).
    Removing misc.o(i.NVIC_SystemLPConfig), (32 bytes).
    Removing misc.o(i.SysTick_CLKSourceConfig), (40 bytes).

76 unused section(s) (total 2694 bytes) removed from the image.

==============================================================================

Image Symbol Table

    Local Symbols

    Symbol Name                              Value     Ov Type        Size  Object(Section)

    ../clib/microlib/division.c              0x00000000   Number         0  ldiv.o ABSOLUTE
    ../clib/microlib/division.c              0x00000000   Number         0  uldiv.o ABSOLUTE
    ../clib/microlib/init/entry.s            0x00000000   Number         0  entry5.o ABSOLUTE
    ../clib/microlib/init/entry.s            0x00000000   Number         0  entry7a.o ABSOLUTE
    ../clib/microlib/init/entry.s            0x00000000   Number         0  entry10a.o ABSOLUTE
    ../clib/microlib/init/entry.s            0x00000000   Number         0  entry7b.o ABSOLUTE
    ../clib/microlib/init/entry.s            0x00000000   Number         0  entry.o ABSOLUTE
    ../clib/microlib/init/entry.s            0x00000000   Number         0  entry2.o ABSOLUTE
    ../clib/microlib/init/entry.s            0x00000000   Number         0  entry8a.o ABSOLUTE
    ../clib/microlib/init/entry.s            0x00000000   Number         0  entry8b.o ABSOLUTE
    ../clib/microlib/init/entry.s            0x00000000   Number         0  entry9a.o ABSOLUTE
    ../clib/microlib/init/entry.s            0x00000000   Number         0  entry12b.o ABSOLUTE
    ../clib/microlib/init/entry.s            0x00000000   Number         0  entry12a.o ABSOLUTE
    ../clib/microlib/init/entry.s            0x00000000   Number         0  entry9b.o ABSOLUTE
    ../clib/microlib/init/entry.s            0x00000000   Number         0  entry11b.o ABSOLUTE
    ../clib/microlib/init/entry.s            0x00000000   Number         0  entry11a.o ABSOLUTE
    ../clib/microlib/init/entry.s            0x00000000   Number         0  entry10b.o ABSOLUTE
    ../clib/microlib/longlong.c              0x00000000   Number         0  llushr.o ABSOLUTE
    ../clib/microlib/longlong.c              0x00000000   Number         0  llshl.o ABSOLUTE
    ../clib/microlib/stubs.s                 0x00000000   Number         0  iusefp.o ABSOLUTE
    ../fplib/microlib/fpdiv.c                0x00000000   Number         0  fdiv.o ABSOLUTE
    ../fplib/microlib/fpepilogue.c           0x00000000   Number         0  fepilogue.o ABSOLUTE
    ../fplib/microlib/fpflt.c                0x00000000   Number         0  ffltl.o ABSOLUTE
    ..\..\..\Âö³å¿ØÖÆÀý³Ì\whileÑ­»··¢Âö³å\stm32\LIB\STM32F10x_StdPeriph_Lib_V3.5.0\src\misc.c 0x00000000   Number         0  misc.o ABSOLUTE
    ..\..\..\Âö³å¿ØÖÆÀý³Ì\whileÑ­»··¢Âö³å\stm32\LIB\STM32F10x_StdPeriph_Lib_V3.5.0\src\stm32f10x_usart.c 0x00000000   Number         0  stm32f10x_usart.o ABSOLUTE
    ..\APP\Emm42_main.c                      0x00000000   Number         0  emm42_main.o ABSOLUTE
    ..\APP\stm32f10x_it.c                    0x00000000   Number         0  stm32f10x_it.o ABSOLUTE
    ..\BSP\Emm42_board.c                     0x00000000   Number         0  emm42_board.o ABSOLUTE
    ..\BSP\Emm42_usart.c                     0x00000000   Number         0  emm42_usart.o ABSOLUTE
    ..\CMSIS\core_cm3.c                      0x00000000   Number         0  core_cm3.o ABSOLUTE
    ..\CMSIS\startup_stm32f10x_hd.s          0x00000000   Number         0  startup_stm32f10x_hd.o ABSOLUTE
    ..\CMSIS\system_stm32f10x.c              0x00000000   Number         0  system_stm32f10x.o ABSOLUTE
    ..\DRIVERS\Emm42_delay.c                 0x00000000   Number         0  emm42_delay.o ABSOLUTE
    ..\LIB\STM32F10x_StdPeriph_Lib_V3.5.0\src\stm32f10x_gpio.c 0x00000000   Number         0  stm32f10x_gpio.o ABSOLUTE
    ..\LIB\STM32F10x_StdPeriph_Lib_V3.5.0\src\stm32f10x_rcc.c 0x00000000   Number         0  stm32f10x_rcc.o ABSOLUTE
    ..\\CMSIS\\core_cm3.c                    0x00000000   Number         0  core_cm3.o ABSOLUTE
    dc.s                                     0x00000000   Number         0  dc.o ABSOLUTE
    handlers.s                               0x00000000   Number         0  handlers.o ABSOLUTE
    init.s                                   0x00000000   Number         0  init.o ABSOLUTE
    RESET                                    0x08000000   Section      304  startup_stm32f10x_hd.o(RESET)
    .ARM.Collect$$$$00000000                 0x08000130   Section        0  entry.o(.ARM.Collect$$$$00000000)
    .ARM.Collect$$$$00000001                 0x08000130   Section        4  entry2.o(.ARM.Collect$$$$00000001)
    .ARM.Collect$$$$00000004                 0x08000134   Section        4  entry5.o(.ARM.Collect$$$$00000004)
    .ARM.Collect$$$$00000008                 0x08000138   Section        0  entry7b.o(.ARM.Collect$$$$00000008)
    .ARM.Collect$$$$0000000A                 0x08000138   Section        0  entry8b.o(.ARM.Collect$$$$0000000A)
    .ARM.Collect$$$$0000000B                 0x08000138   Section        8  entry9a.o(.ARM.Collect$$$$0000000B)
    .ARM.Collect$$$$0000000E                 0x08000140   Section        4  entry12b.o(.ARM.Collect$$$$0000000E)
    .ARM.Collect$$$$0000000F                 0x08000144   Section        0  entry10a.o(.ARM.Collect$$$$0000000F)
    .ARM.Collect$$$$00000011                 0x08000144   Section        0  entry11a.o(.ARM.Collect$$$$00000011)
    .ARM.Collect$$$$00002712                 0x08000144   Section        4  entry2.o(.ARM.Collect$$$$00002712)
    __lit__00000000                          0x08000144   Data           4  entry2.o(.ARM.Collect$$$$00002712)
    .text                                    0x08000148   Section       36  startup_stm32f10x_hd.o(.text)
    .text                                    0x0800016c   Section        0  ldiv.o(.text)
    .text                                    0x080001ce   Section        0  fdiv.o(.text)
    .text                                    0x0800024a   Section        0  ffltl.o(.text)
    .text                                    0x08000276   Section        0  uldiv.o(.text)
    .text                                    0x080002d8   Section        0  iusefp.o(.text)
    .text                                    0x080002d8   Section        0  fepilogue.o(.text)
    .text                                    0x08000348   Section       36  init.o(.text)
    .text                                    0x0800036c   Section        0  llshl.o(.text)
    .text                                    0x0800038a   Section        0  llushr.o(.text)
    i.BusFault_Handler                       0x080003aa   Section        0  stm32f10x_it.o(i.BusFault_Handler)
    i.DebugMon_Handler                       0x080003ae   Section        0  stm32f10x_it.o(i.DebugMon_Handler)
    i.Emm42_board_init                       0x080003b0   Section        0  emm42_board.o(i.Emm42_board_init)
    i.Emm42_clock_init                       0x080003c0   Section        0  emm42_board.o(i.Emm42_clock_init)
    i.Emm42_delay_ms                         0x080003e0   Section        0  emm42_delay.o(i.Emm42_delay_ms)
    i.Emm42_nvic_init                        0x08000438   Section        0  emm42_board.o(i.Emm42_nvic_init)
    i.Emm42_usart_init                       0x08000460   Section        0  emm42_board.o(i.Emm42_usart_init)
    i.GPIO_Init                              0x080004e8   Section        0  stm32f10x_gpio.o(i.GPIO_Init)
    i.GPIO_PinRemapConfig                    0x08000600   Section        0  stm32f10x_gpio.o(i.GPIO_PinRemapConfig)
    i.HardFault_Handler                      0x08000690   Section        0  stm32f10x_it.o(i.HardFault_Handler)
    i.MemManage_Handler                      0x08000694   Section        0  stm32f10x_it.o(i.MemManage_Handler)
    i.NMI_Handler                            0x08000698   Section        0  stm32f10x_it.o(i.NMI_Handler)
    i.NVIC_Init                              0x0800069c   Section        0  misc.o(i.NVIC_Init)
    i.NVIC_PriorityGroupConfig               0x0800070c   Section        0  misc.o(i.NVIC_PriorityGroupConfig)
    i.PendSV_Handler                         0x08000720   Section        0  stm32f10x_it.o(i.PendSV_Handler)
    i.RCC_APB2PeriphClockCmd                 0x08000724   Section        0  stm32f10x_rcc.o(i.RCC_APB2PeriphClockCmd)
    i.RCC_GetClocksFreq                      0x08000744   Section        0  stm32f10x_rcc.o(i.RCC_GetClocksFreq)
    i.SVC_Handler                            0x08000818   Section        0  stm32f10x_it.o(i.SVC_Handler)
    i.SetSysClock                            0x0800081a   Section        0  system_stm32f10x.o(i.SetSysClock)
    SetSysClock                              0x0800081b   Thumb Code     8  system_stm32f10x.o(i.SetSysClock)
    i.SetSysClockTo72                        0x08000824   Section        0  system_stm32f10x.o(i.SetSysClockTo72)
    SetSysClockTo72                          0x08000825   Thumb Code   214  system_stm32f10x.o(i.SetSysClockTo72)
    i.SysTick_Handler                        0x08000904   Section        0  stm32f10x_it.o(i.SysTick_Handler)
    i.SystemInit                             0x08000908   Section        0  system_stm32f10x.o(i.SystemInit)
    i.USART1_IRQHandler                      0x08000968   Section        0  emm42_usart.o(i.USART1_IRQHandler)
    i.USART_ClearITPendingBit                0x080009d8   Section        0  stm32f10x_usart.o(i.USART_ClearITPendingBit)
    i.USART_Cmd                              0x080009f6   Section        0  stm32f10x_usart.o(i.USART_Cmd)
    i.USART_GetITStatus                      0x08000a0e   Section        0  stm32f10x_usart.o(i.USART_GetITStatus)
    i.USART_ITConfig                         0x08000a62   Section        0  stm32f10x_usart.o(i.USART_ITConfig)
    i.USART_Init                             0x08000aac   Section        0  stm32f10x_usart.o(i.USART_Init)
    i.UsageFault_Handler                     0x08000b84   Section        0  stm32f10x_it.o(i.UsageFault_Handler)
    i.__scatterload_copy                     0x08000b88   Section       14  handlers.o(i.__scatterload_copy)
    i.__scatterload_null                     0x08000b96   Section        2  handlers.o(i.__scatterload_null)
    i.__scatterload_zeroinit                 0x08000b98   Section       14  handlers.o(i.__scatterload_zeroinit)
    i.main                                   0x08000ba8   Section        0  emm42_main.o(i.main)
    i.usartSend                              0x08000cd0   Section        0  emm42_usart.o(i.usartSend)
    .data                                    0x20000000   Section        8  emm42_main.o(.data)
    .data                                    0x20000008   Section        3  emm42_usart.o(.data)
    .data                                    0x2000000c   Section       20  system_stm32f10x.o(.data)
    .data                                    0x20000020   Section       20  stm32f10x_rcc.o(.data)
    APBAHBPrescTable                         0x20000020   Data          16  stm32f10x_rcc.o(.data)
    ADCPrescTable                            0x20000030   Data           4  stm32f10x_rcc.o(.data)
    .bss                                     0x20000034   Section       20  emm42_usart.o(.bss)
    STACK                                    0x20000048   Section     1024  startup_stm32f10x_hd.o(STACK)

    Global Symbols

    Symbol Name                              Value     Ov Type        Size  Object(Section)

    BuildAttributes$$THM_ISAv4$P$D$K$B$S$PE$A:L22UL41UL21$X:L11$S22US41US21$IEEE1$IW$USESV6$~STKCKD$USESV7$~SHL$OTIME$ROPI$EBA8$MICROLIB$REQ8$PRES8$EABIv2 0x00000000   Number         0  anon$$obj.o ABSOLUTE
    __ARM_use_no_argv                        0x00000000   Number         0  emm42_main.o ABSOLUTE
    __arm_fini_                               - Undefined Weak Reference
    __cpp_initialize__aeabi_                  - Undefined Weak Reference
    __cxa_finalize                            - Undefined Weak Reference
    __decompress                              - Undefined Weak Reference
    _clock_init                               - Undefined Weak Reference
    _microlib_exit                            - Undefined Weak Reference
    __Vectors_Size                           0x00000130   Number         0  startup_stm32f10x_hd.o ABSOLUTE
    __Vectors                                0x08000000   Data           4  startup_stm32f10x_hd.o(RESET)
    __Vectors_End                            0x08000130   Data           0  startup_stm32f10x_hd.o(RESET)
    __main                                   0x08000131   Thumb Code     0  entry.o(.ARM.Collect$$$$00000000)
    _main_stk                                0x08000131   Thumb Code     0  entry2.o(.ARM.Collect$$$$00000001)
    _main_scatterload                        0x08000135   Thumb Code     0  entry5.o(.ARM.Collect$$$$00000004)
    __main_after_scatterload                 0x08000139   Thumb Code     0  entry5.o(.ARM.Collect$$$$00000004)
    _main_clock                              0x08000139   Thumb Code     0  entry7b.o(.ARM.Collect$$$$00000008)
    _main_cpp_init                           0x08000139   Thumb Code     0  entry8b.o(.ARM.Collect$$$$0000000A)
    _main_init                               0x08000139   Thumb Code     0  entry9a.o(.ARM.Collect$$$$0000000B)
    __rt_lib_shutdown_fini                   0x08000141   Thumb Code     0  entry12b.o(.ARM.Collect$$$$0000000E)
    __rt_final_cpp                           0x08000145   Thumb Code     0  entry10a.o(.ARM.Collect$$$$0000000F)
    __rt_final_exit                          0x08000145   Thumb Code     0  entry11a.o(.ARM.Collect$$$$00000011)
    Reset_Handler                            0x08000149   Thumb Code     8  startup_stm32f10x_hd.o(.text)
    ADC1_2_IRQHandler                        0x08000163   Thumb Code     0  startup_stm32f10x_hd.o(.text)
    ADC3_IRQHandler                          0x08000163   Thumb Code     0  startup_stm32f10x_hd.o(.text)
    CAN1_RX1_IRQHandler                      0x08000163   Thumb Code     0  startup_stm32f10x_hd.o(.text)
    CAN1_SCE_IRQHandler                      0x08000163   Thumb Code     0  startup_stm32f10x_hd.o(.text)
    DMA1_Channel1_IRQHandler                 0x08000163   Thumb Code     0  startup_stm32f10x_hd.o(.text)
    DMA1_Channel2_IRQHandler                 0x08000163   Thumb Code     0  startup_stm32f10x_hd.o(.text)
    DMA1_Channel3_IRQHandler                 0x08000163   Thumb Code     0  startup_stm32f10x_hd.o(.text)
    DMA1_Channel4_IRQHandler                 0x08000163   Thumb Code     0  startup_stm32f10x_hd.o(.text)
    DMA1_Channel5_IRQHandler                 0x08000163   Thumb Code     0  startup_stm32f10x_hd.o(.text)
    DMA1_Channel6_IRQHandler                 0x08000163   Thumb Code     0  startup_stm32f10x_hd.o(.text)
    DMA1_Channel7_IRQHandler                 0x08000163   Thumb Code     0  startup_stm32f10x_hd.o(.text)
    DMA2_Channel1_IRQHandler                 0x08000163   Thumb Code     0  startup_stm32f10x_hd.o(.text)
    DMA2_Channel2_IRQHandler                 0x08000163   Thumb Code     0  startup_stm32f10x_hd.o(.text)
    DMA2_Channel3_IRQHandler                 0x08000163   Thumb Code     0  startup_stm32f10x_hd.o(.text)
    DMA2_Channel4_5_IRQHandler               0x08000163   Thumb Code     0  startup_stm32f10x_hd.o(.text)
    EXTI0_IRQHandler                         0x08000163   Thumb Code     0  startup_stm32f10x_hd.o(.text)
    EXTI15_10_IRQHandler                     0x08000163   Thumb Code     0  startup_stm32f10x_hd.o(.text)
    EXTI1_IRQHandler                         0x08000163   Thumb Code     0  startup_stm32f10x_hd.o(.text)
    EXTI2_IRQHandler                         0x08000163   Thumb Code     0  startup_stm32f10x_hd.o(.text)
    EXTI3_IRQHandler                         0x08000163   Thumb Code     0  startup_stm32f10x_hd.o(.text)
    EXTI4_IRQHandler                         0x08000163   Thumb Code     0  startup_stm32f10x_hd.o(.text)
    EXTI9_5_IRQHandler                       0x08000163   Thumb Code     0  startup_stm32f10x_hd.o(.text)
    FLASH_IRQHandler                         0x08000163   Thumb Code     0  startup_stm32f10x_hd.o(.text)
    FSMC_IRQHandler                          0x08000163   Thumb Code     0  startup_stm32f10x_hd.o(.text)
    I2C1_ER_IRQHandler                       0x08000163   Thumb Code     0  startup_stm32f10x_hd.o(.text)
    I2C1_EV_IRQHandler                       0x08000163   Thumb Code     0  startup_stm32f10x_hd.o(.text)
    I2C2_ER_IRQHandler                       0x08000163   Thumb Code     0  startup_stm32f10x_hd.o(.text)
    I2C2_EV_IRQHandler                       0x08000163   Thumb Code     0  startup_stm32f10x_hd.o(.text)
    PVD_IRQHandler                           0x08000163   Thumb Code     0  startup_stm32f10x_hd.o(.text)
    RCC_IRQHandler                           0x08000163   Thumb Code     0  startup_stm32f10x_hd.o(.text)
    RTCAlarm_IRQHandler                      0x08000163   Thumb Code     0  startup_stm32f10x_hd.o(.text)
    RTC_IRQHandler                           0x08000163   Thumb Code     0  startup_stm32f10x_hd.o(.text)
    SDIO_IRQHandler                          0x08000163   Thumb Code     0  startup_stm32f10x_hd.o(.text)
    SPI1_IRQHandler                          0x08000163   Thumb Code     0  startup_stm32f10x_hd.o(.text)
    SPI2_IRQHandler                          0x08000163   Thumb Code     0  startup_stm32f10x_hd.o(.text)
    SPI3_IRQHandler                          0x08000163   Thumb Code     0  startup_stm32f10x_hd.o(.text)
    TAMPER_IRQHandler                        0x08000163   Thumb Code     0  startup_stm32f10x_hd.o(.text)
    TIM1_BRK_IRQHandler                      0x08000163   Thumb Code     0  startup_stm32f10x_hd.o(.text)
    TIM1_CC_IRQHandler                       0x08000163   Thumb Code     0  startup_stm32f10x_hd.o(.text)
    TIM1_TRG_COM_IRQHandler                  0x08000163   Thumb Code     0  startup_stm32f10x_hd.o(.text)
    TIM1_UP_IRQHandler                       0x08000163   Thumb Code     0  startup_stm32f10x_hd.o(.text)
    TIM2_IRQHandler                          0x08000163   Thumb Code     0  startup_stm32f10x_hd.o(.text)
    TIM3_IRQHandler                          0x08000163   Thumb Code     0  startup_stm32f10x_hd.o(.text)
    TIM4_IRQHandler                          0x08000163   Thumb Code     0  startup_stm32f10x_hd.o(.text)
    TIM5_IRQHandler                          0x08000163   Thumb Code     0  startup_stm32f10x_hd.o(.text)
    TIM6_IRQHandler                          0x08000163   Thumb Code     0  startup_stm32f10x_hd.o(.text)
    TIM7_IRQHandler                          0x08000163   Thumb Code     0  startup_stm32f10x_hd.o(.text)
    TIM8_BRK_IRQHandler                      0x08000163   Thumb Code     0  startup_stm32f10x_hd.o(.text)
    TIM8_CC_IRQHandler                       0x08000163   Thumb Code     0  startup_stm32f10x_hd.o(.text)
    TIM8_TRG_COM_IRQHandler                  0x08000163   Thumb Code     0  startup_stm32f10x_hd.o(.text)
    TIM8_UP_IRQHandler                       0x08000163   Thumb Code     0  startup_stm32f10x_hd.o(.text)
    UART4_IRQHandler                         0x08000163   Thumb Code     0  startup_stm32f10x_hd.o(.text)
    UART5_IRQHandler                         0x08000163   Thumb Code     0  startup_stm32f10x_hd.o(.text)
    USART2_IRQHandler                        0x08000163   Thumb Code     0  startup_stm32f10x_hd.o(.text)
    USART3_IRQHandler                        0x08000163   Thumb Code     0  startup_stm32f10x_hd.o(.text)
    USBWakeUp_IRQHandler                     0x08000163   Thumb Code     0  startup_stm32f10x_hd.o(.text)
    USB_HP_CAN1_TX_IRQHandler                0x08000163   Thumb Code     0  startup_stm32f10x_hd.o(.text)
    USB_LP_CAN1_RX0_IRQHandler               0x08000163   Thumb Code     0  startup_stm32f10x_hd.o(.text)
    WWDG_IRQHandler                          0x08000163   Thumb Code     0  startup_stm32f10x_hd.o(.text)
    __aeabi_ldivmod                          0x0800016d   Thumb Code    98  ldiv.o(.text)
    __aeabi_fdiv                             0x080001cf   Thumb Code   124  fdiv.o(.text)
    __aeabi_l2f                              0x0800024b   Thumb Code    44  ffltl.o(.text)
    __aeabi_uldivmod                         0x08000277   Thumb Code    98  uldiv.o(.text)
    __I$use$fp                               0x080002d9   Thumb Code     0  iusefp.o(.text)
    _float_round                             0x080002d9   Thumb Code    18  fepilogue.o(.text)
    _float_epilogue                          0x080002eb   Thumb Code    92  fepilogue.o(.text)
    __scatterload                            0x08000349   Thumb Code    28  init.o(.text)
    __scatterload_rt2                        0x08000349   Thumb Code     0  init.o(.text)
    __aeabi_llsl                             0x0800036d   Thumb Code    30  llshl.o(.text)
    _ll_shift_l                              0x0800036d   Thumb Code     0  llshl.o(.text)
    __aeabi_llsr                             0x0800038b   Thumb Code    32  llushr.o(.text)
    _ll_ushift_r                             0x0800038b   Thumb Code     0  llushr.o(.text)
    BusFault_Handler                         0x080003ab   Thumb Code     4  stm32f10x_it.o(i.BusFault_Handler)
    DebugMon_Handler                         0x080003af   Thumb Code     2  stm32f10x_it.o(i.DebugMon_Handler)
    Emm42_board_init                         0x080003b1   Thumb Code    16  emm42_board.o(i.Emm42_board_init)
    Emm42_clock_init                         0x080003c1   Thumb Code    28  emm42_board.o(i.Emm42_clock_init)
    Emm42_delay_ms                           0x080003e1   Thumb Code    84  emm42_delay.o(i.Emm42_delay_ms)
    Emm42_nvic_init                          0x08000439   Thumb Code    40  emm42_board.o(i.Emm42_nvic_init)
    Emm42_usart_init                         0x08000461   Thumb Code   128  emm42_board.o(i.Emm42_usart_init)
    GPIO_Init                                0x080004e9   Thumb Code   278  stm32f10x_gpio.o(i.GPIO_Init)
    GPIO_PinRemapConfig                      0x08000601   Thumb Code   138  stm32f10x_gpio.o(i.GPIO_PinRemapConfig)
    HardFault_Handler                        0x08000691   Thumb Code     4  stm32f10x_it.o(i.HardFault_Handler)
    MemManage_Handler                        0x08000695   Thumb Code     4  stm32f10x_it.o(i.MemManage_Handler)
    NMI_Handler                              0x08000699   Thumb Code     2  stm32f10x_it.o(i.NMI_Handler)
    NVIC_Init                                0x0800069d   Thumb Code   100  misc.o(i.NVIC_Init)
    NVIC_PriorityGroupConfig                 0x0800070d   Thumb Code    10  misc.o(i.NVIC_PriorityGroupConfig)
    PendSV_Handler                           0x08000721   Thumb Code     2  stm32f10x_it.o(i.PendSV_Handler)
    RCC_APB2PeriphClockCmd                   0x08000725   Thumb Code    26  stm32f10x_rcc.o(i.RCC_APB2PeriphClockCmd)
    RCC_GetClocksFreq                        0x08000745   Thumb Code   192  stm32f10x_rcc.o(i.RCC_GetClocksFreq)
    SVC_Handler                              0x08000819   Thumb Code     2  stm32f10x_it.o(i.SVC_Handler)
    SysTick_Handler                          0x08000905   Thumb Code     2  stm32f10x_it.o(i.SysTick_Handler)
    SystemInit                               0x08000909   Thumb Code    78  system_stm32f10x.o(i.SystemInit)
    USART1_IRQHandler                        0x08000969   Thumb Code    96  emm42_usart.o(i.USART1_IRQHandler)
    USART_ClearITPendingBit                  0x080009d9   Thumb Code    30  stm32f10x_usart.o(i.USART_ClearITPendingBit)
    USART_Cmd                                0x080009f7   Thumb Code    24  stm32f10x_usart.o(i.USART_Cmd)
    USART_GetITStatus                        0x08000a0f   Thumb Code    84  stm32f10x_usart.o(i.USART_GetITStatus)
    USART_ITConfig                           0x08000a63   Thumb Code    74  stm32f10x_usart.o(i.USART_ITConfig)
    USART_Init                               0x08000aad   Thumb Code   210  stm32f10x_usart.o(i.USART_Init)
    UsageFault_Handler                       0x08000b85   Thumb Code     4  stm32f10x_it.o(i.UsageFault_Handler)
    __scatterload_copy                       0x08000b89   Thumb Code    14  handlers.o(i.__scatterload_copy)
    __scatterload_null                       0x08000b97   Thumb Code     2  handlers.o(i.__scatterload_null)
    __scatterload_zeroinit                   0x08000b99   Thumb Code    14  handlers.o(i.__scatterload_zeroinit)
    main                                     0x08000ba9   Thumb Code   270  emm42_main.o(i.main)
    usartSend                                0x08000cd1   Thumb Code    44  emm42_usart.o(i.usartSend)
    Region$$Table$$Base                      0x08000d00   Number         0  anon$$obj.o(Region$$Table)
    Region$$Table$$Limit                     0x08000d20   Number         0  anon$$obj.o(Region$$Table)
    MotorPosition                            0x20000000   Data           4  emm42_main.o(.data)
    MotorAngle                               0x20000004   Data           4  emm42_main.o(.data)
    rxReceiveCount                           0x20000008   Data           2  emm42_usart.o(.data)
    rxFrameFlag                              0x2000000a   Data           1  emm42_usart.o(.data)
    SystemCoreClock                          0x2000000c   Data           4  system_stm32f10x.o(.data)
    AHBPrescTable                            0x20000010   Data          16  system_stm32f10x.o(.data)
    rxBuffer                                 0x20000034   Data          20  emm42_usart.o(.bss)
    __initial_sp                             0x20000448   Data           0  startup_stm32f10x_hd.o(STACK)



==============================================================================

Memory Map of the image

  Image Entry point : 0x08000131

  Load Region LR_IROM1 (Base: 0x08000000, Size: 0x00000d54, Max: 0x00010000, ABSOLUTE)

    Execution Region ER_IROM1 (Exec base: 0x08000000, Load base: 0x08000000, Size: 0x00000d20, Max: 0x00010000, ABSOLUTE)

    Exec Addr    Load Addr    Size         Type   Attr      Idx    E Section Name        Object

    0x08000000   0x08000000   0x00000130   Data   RO          191    RESET               startup_stm32f10x_hd.o
    0x08000130   0x08000130   0x00000000   Code   RO          772  * .ARM.Collect$$$$00000000  mc_w.l(entry.o)
    0x08000130   0x08000130   0x00000004   Code   RO          781    .ARM.Collect$$$$00000001  mc_w.l(entry2.o)
    0x08000134   0x08000134   0x00000004   Code   RO          784    .ARM.Collect$$$$00000004  mc_w.l(entry5.o)
    0x08000138   0x08000138   0x00000000   Code   RO          786    .ARM.Collect$$$$00000008  mc_w.l(entry7b.o)
    0x08000138   0x08000138   0x00000000   Code   RO          788    .ARM.Collect$$$$0000000A  mc_w.l(entry8b.o)
    0x08000138   0x08000138   0x00000008   Code   RO          789    .ARM.Collect$$$$0000000B  mc_w.l(entry9a.o)
    0x08000140   0x08000140   0x00000004   Code   RO          796    .ARM.Collect$$$$0000000E  mc_w.l(entry12b.o)
    0x08000144   0x08000144   0x00000000   Code   RO          791    .ARM.Collect$$$$0000000F  mc_w.l(entry10a.o)
    0x08000144   0x08000144   0x00000000   Code   RO          793    .ARM.Collect$$$$00000011  mc_w.l(entry11a.o)
    0x08000144   0x08000144   0x00000004   Code   RO          782    .ARM.Collect$$$$00002712  mc_w.l(entry2.o)
    0x08000148   0x08000148   0x00000024   Code   RO          192    .text               startup_stm32f10x_hd.o
    0x0800016c   0x0800016c   0x00000062   Code   RO          775    .text               mc_w.l(ldiv.o)
    0x080001ce   0x080001ce   0x0000007c   Code   RO          777    .text               mf_w.l(fdiv.o)
    0x0800024a   0x0800024a   0x0000002c   Code   RO          779    .text               mf_w.l(ffltl.o)
    0x08000276   0x08000276   0x00000062   Code   RO          797    .text               mc_w.l(uldiv.o)
    0x080002d8   0x080002d8   0x00000000   Code   RO          799    .text               mc_w.l(iusefp.o)
    0x080002d8   0x080002d8   0x0000006e   Code   RO          800    .text               mf_w.l(fepilogue.o)
    0x08000346   0x08000346   0x00000002   PAD
    0x08000348   0x08000348   0x00000024   Code   RO          802    .text               mc_w.l(init.o)
    0x0800036c   0x0800036c   0x0000001e   Code   RO          804    .text               mc_w.l(llshl.o)
    0x0800038a   0x0800038a   0x00000020   Code   RO          806    .text               mc_w.l(llushr.o)
    0x080003aa   0x080003aa   0x00000004   Code   RO           60    i.BusFault_Handler  stm32f10x_it.o
    0x080003ae   0x080003ae   0x00000002   Code   RO           61    i.DebugMon_Handler  stm32f10x_it.o
    0x080003b0   0x080003b0   0x00000010   Code   RO          148    i.Emm42_board_init  emm42_board.o
    0x080003c0   0x080003c0   0x00000020   Code   RO          149    i.Emm42_clock_init  emm42_board.o
    0x080003e0   0x080003e0   0x00000058   Code   RO          230    i.Emm42_delay_ms    emm42_delay.o
    0x08000438   0x08000438   0x00000028   Code   RO          150    i.Emm42_nvic_init   emm42_board.o
    0x08000460   0x08000460   0x00000088   Code   RO          151    i.Emm42_usart_init  emm42_board.o
    0x080004e8   0x080004e8   0x00000116   Code   RO          248    i.GPIO_Init         stm32f10x_gpio.o
    0x080005fe   0x080005fe   0x00000002   PAD
    0x08000600   0x08000600   0x00000090   Code   RO          250    i.GPIO_PinRemapConfig  stm32f10x_gpio.o
    0x08000690   0x08000690   0x00000004   Code   RO           62    i.HardFault_Handler  stm32f10x_it.o
    0x08000694   0x08000694   0x00000004   Code   RO           63    i.MemManage_Handler  stm32f10x_it.o
    0x08000698   0x08000698   0x00000002   Code   RO           64    i.NMI_Handler       stm32f10x_it.o
    0x0800069a   0x0800069a   0x00000002   PAD
    0x0800069c   0x0800069c   0x00000070   Code   RO          736    i.NVIC_Init         misc.o
    0x0800070c   0x0800070c   0x00000014   Code   RO          737    i.NVIC_PriorityGroupConfig  misc.o
    0x08000720   0x08000720   0x00000002   Code   RO           65    i.PendSV_Handler    stm32f10x_it.o
    0x08000722   0x08000722   0x00000002   PAD
    0x08000724   0x08000724   0x00000020   Code   RO          360    i.RCC_APB2PeriphClockCmd  stm32f10x_rcc.o
    0x08000744   0x08000744   0x000000d4   Code   RO          368    i.RCC_GetClocksFreq  stm32f10x_rcc.o
    0x08000818   0x08000818   0x00000002   Code   RO           66    i.SVC_Handler       stm32f10x_it.o
    0x0800081a   0x0800081a   0x00000008   Code   RO          196    i.SetSysClock       system_stm32f10x.o
    0x08000822   0x08000822   0x00000002   PAD
    0x08000824   0x08000824   0x000000e0   Code   RO          197    i.SetSysClockTo72   system_stm32f10x.o
    0x08000904   0x08000904   0x00000002   Code   RO           67    i.SysTick_Handler   stm32f10x_it.o
    0x08000906   0x08000906   0x00000002   PAD
    0x08000908   0x08000908   0x00000060   Code   RO          199    i.SystemInit        system_stm32f10x.o
    0x08000968   0x08000968   0x00000070   Code   RO          123    i.USART1_IRQHandler  emm42_usart.o
    0x080009d8   0x080009d8   0x0000001e   Code   RO          557    i.USART_ClearITPendingBit  stm32f10x_usart.o
    0x080009f6   0x080009f6   0x00000018   Code   RO          560    i.USART_Cmd         stm32f10x_usart.o
    0x08000a0e   0x08000a0e   0x00000054   Code   RO          564    i.USART_GetITStatus  stm32f10x_usart.o
    0x08000a62   0x08000a62   0x0000004a   Code   RO          566    i.USART_ITConfig    stm32f10x_usart.o
    0x08000aac   0x08000aac   0x000000d8   Code   RO          567    i.USART_Init        stm32f10x_usart.o
    0x08000b84   0x08000b84   0x00000004   Code   RO           68    i.UsageFault_Handler  stm32f10x_it.o
    0x08000b88   0x08000b88   0x0000000e   Code   RO          810    i.__scatterload_copy  mc_w.l(handlers.o)
    0x08000b96   0x08000b96   0x00000002   Code   RO          811    i.__scatterload_null  mc_w.l(handlers.o)
    0x08000b98   0x08000b98   0x0000000e   Code   RO          812    i.__scatterload_zeroinit  mc_w.l(handlers.o)
    0x08000ba6   0x08000ba6   0x00000002   PAD
    0x08000ba8   0x08000ba8   0x00000128   Code   RO            1    i.main              emm42_main.o
    0x08000cd0   0x08000cd0   0x00000030   Code   RO          124    i.usartSend         emm42_usart.o
    0x08000d00   0x08000d00   0x00000020   Data   RO          808    Region$$Table       anon$$obj.o


    Execution Region RW_IRAM1 (Exec base: 0x20000000, Load base: 0x08000d20, Size: 0x00000448, Max: 0x00005000, ABSOLUTE)

    Exec Addr    Load Addr    Size         Type   Attr      Idx    E Section Name        Object

    0x20000000   0x08000d20   0x00000008   Data   RW            2    .data               emm42_main.o
    0x20000008   0x08000d28   0x00000003   Data   RW          126    .data               emm42_usart.o
    0x2000000b   0x08000d2b   0x00000001   PAD
    0x2000000c   0x08000d2c   0x00000014   Data   RW          200    .data               system_stm32f10x.o
    0x20000020   0x08000d40   0x00000014   Data   RW          388    .data               stm32f10x_rcc.o
    0x20000034        -       0x00000014   Zero   RW          125    .bss                emm42_usart.o
    0x20000048        -       0x00000400   Zero   RW          189    STACK               startup_stm32f10x_hd.o


==============================================================================

Image component sizes


      Code (inc. data)   RO Data    RW Data    ZI Data      Debug   Object Name

         0          0          0          0          0         32   core_cm3.o
       224         12          0          0          0       2051   emm42_board.o
        88          4          0          0          0        549   emm42_delay.o
       296         26          0          8          0     232738   emm42_main.o
       160         20          0          3         20       1790   emm42_usart.o
       132         22          0          0          0       2115   misc.o
        36          8        304          0       1024        792   startup_stm32f10x_hd.o
       422          6          0          0          0       3066   stm32f10x_gpio.o
        26          0          0          0          0       3886   stm32f10x_it.o
       244         26          0         20          0       4157   stm32f10x_rcc.o
       428          6          0          0          0       6104   stm32f10x_usart.o
       328         28          0         20          0       2325   system_stm32f10x.o

    ----------------------------------------------------------------------
      2394        158        336         52       1044     259605   Object Totals
         0          0         32          0          0          0   (incl. Generated)
        10          0          0          1          0          0   (incl. Padding)

    ----------------------------------------------------------------------

      Code (inc. data)   RO Data    RW Data    ZI Data      Debug   Library Member Name

         0          0          0          0          0          0   entry.o
         0          0          0          0          0          0   entry10a.o
         0          0          0          0          0          0   entry11a.o
         4          0          0          0          0          0   entry12b.o
         8          4          0          0          0          0   entry2.o
         4          0          0          0          0          0   entry5.o
         0          0          0          0          0          0   entry7b.o
         0          0          0          0          0          0   entry8b.o
         8          4          0          0          0          0   entry9a.o
        30          0          0          0          0          0   handlers.o
        36          8          0          0          0         68   init.o
         0          0          0          0          0          0   iusefp.o
        98          0          0          0          0         84   ldiv.o
        30          0          0          0          0         68   llshl.o
        32          0          0          0          0         68   llushr.o
        98          0          0          0          0         92   uldiv.o
       124          0          0          0          0         88   fdiv.o
       110          0          0          0          0        168   fepilogue.o
        44          0          0          0          0         92   ffltl.o

    ----------------------------------------------------------------------
       630         16          0          0          0        728   Library Totals
         4          0          0          0          0          0   (incl. Padding)

    ----------------------------------------------------------------------

      Code (inc. data)   RO Data    RW Data    ZI Data      Debug   Library Name

       348         16          0          0          0        380   mc_w.l
       278          0          0          0          0        348   mf_w.l

    ----------------------------------------------------------------------
       630         16          0          0          0        728   Library Totals

    ----------------------------------------------------------------------

==============================================================================


      Code (inc. data)   RO Data    RW Data    ZI Data      Debug   

      3024        174        336         52       1044     258717   Grand Totals
      3024        174        336         52       1044     258717   ELF Image Totals
      3024        174        336         52          0          0   ROM Totals

==============================================================================

    Total RO  Size (Code + RO Data)                 3360 (   3.28kB)
    Total RW  Size (RW Data + ZI Data)              1096 (   1.07kB)
    Total ROM Size (Code + RO Data + RW Data)       3412 (   3.33kB)

==============================================================================

