<!doctype html public "-//w3c//dtd html 4.0 transitional//en">
<html><head>
<title>Static Call Graph - [.\Test.axf]</title></head>
<body><HR>
<H1>Static Call Graph for image .\Test.axf</H1><HR>
<BR><P>#&#060CALLGRAPH&#062# ARM Linker, 5060422: Last Updated: Mon Nov 11 09:52:23 2024
<BR><P>
<H3>Maximum Stack Usage =         36 bytes + Unknown(Functions without stacksize, Cycles, Untraceable Function Pointers)</H3><H3>
Call chain for Maximum Stack Depth:</H3>
__rt_entry_main &rArr; main &rArr; uart2_init &rArr; MY_NVIC_Init
<P>
<H3>
Functions with no stack information
</H3><UL>
 <LI><a href="#[19d]">__user_initial_stackheap</a>
</UL>
</UL>
<P>
<H3>
Mutually Recursive functions
</H3> <LI><a href="#[4]">NMI_Handler</a>&nbsp;&nbsp;&nbsp;&rArr;&nbsp;&nbsp;&nbsp;<a href="#[4]">NMI_Handler</a><BR>
 <LI><a href="#[5]">HardFault_Handler</a>&nbsp;&nbsp;&nbsp;&rArr;&nbsp;&nbsp;&nbsp;<a href="#[5]">HardFault_Handler</a><BR>
 <LI><a href="#[6]">MemManage_Handler</a>&nbsp;&nbsp;&nbsp;&rArr;&nbsp;&nbsp;&nbsp;<a href="#[6]">MemManage_Handler</a><BR>
 <LI><a href="#[7]">BusFault_Handler</a>&nbsp;&nbsp;&nbsp;&rArr;&nbsp;&nbsp;&nbsp;<a href="#[7]">BusFault_Handler</a><BR>
 <LI><a href="#[8]">UsageFault_Handler</a>&nbsp;&nbsp;&nbsp;&rArr;&nbsp;&nbsp;&nbsp;<a href="#[8]">UsageFault_Handler</a><BR>
 <LI><a href="#[9]">SVC_Handler</a>&nbsp;&nbsp;&nbsp;&rArr;&nbsp;&nbsp;&nbsp;<a href="#[9]">SVC_Handler</a><BR>
 <LI><a href="#[a]">DebugMon_Handler</a>&nbsp;&nbsp;&nbsp;&rArr;&nbsp;&nbsp;&nbsp;<a href="#[a]">DebugMon_Handler</a><BR>
 <LI><a href="#[b]">PendSV_Handler</a>&nbsp;&nbsp;&nbsp;&rArr;&nbsp;&nbsp;&nbsp;<a href="#[b]">PendSV_Handler</a><BR>
 <LI><a href="#[c]">SysTick_Handler</a>&nbsp;&nbsp;&nbsp;&rArr;&nbsp;&nbsp;&nbsp;<a href="#[c]">SysTick_Handler</a><BR>
 <LI><a href="#[1f]">ADC1_2_IRQHandler</a>&nbsp;&nbsp;&nbsp;&rArr;&nbsp;&nbsp;&nbsp;<a href="#[1f]">ADC1_2_IRQHandler</a><BR>
</UL>
<P>
<H3>
Function Pointers
</H3><UL>
 <LI><a href="#[1f]">ADC1_2_IRQHandler</a> from startup_stm32f10x_hd.o(.text) referenced from startup_stm32f10x_hd.o(RESET)
 <LI><a href="#[3c]">ADC3_IRQHandler</a> from startup_stm32f10x_hd.o(.text) referenced from startup_stm32f10x_hd.o(RESET)
 <LI><a href="#[7]">BusFault_Handler</a> from startup_stm32f10x_hd.o(.text) referenced from startup_stm32f10x_hd.o(RESET)
 <LI><a href="#[22]">CAN1_RX1_IRQHandler</a> from startup_stm32f10x_hd.o(.text) referenced from startup_stm32f10x_hd.o(RESET)
 <LI><a href="#[23]">CAN1_SCE_IRQHandler</a> from startup_stm32f10x_hd.o(.text) referenced from startup_stm32f10x_hd.o(RESET)
 <LI><a href="#[18]">DMA1_Channel1_IRQHandler</a> from startup_stm32f10x_hd.o(.text) referenced from startup_stm32f10x_hd.o(RESET)
 <LI><a href="#[19]">DMA1_Channel2_IRQHandler</a> from startup_stm32f10x_hd.o(.text) referenced from startup_stm32f10x_hd.o(RESET)
 <LI><a href="#[1a]">DMA1_Channel3_IRQHandler</a> from startup_stm32f10x_hd.o(.text) referenced from startup_stm32f10x_hd.o(RESET)
 <LI><a href="#[1b]">DMA1_Channel4_IRQHandler</a> from startup_stm32f10x_hd.o(.text) referenced from startup_stm32f10x_hd.o(RESET)
 <LI><a href="#[1c]">DMA1_Channel5_IRQHandler</a> from startup_stm32f10x_hd.o(.text) referenced from startup_stm32f10x_hd.o(RESET)
 <LI><a href="#[1d]">DMA1_Channel6_IRQHandler</a> from startup_stm32f10x_hd.o(.text) referenced from startup_stm32f10x_hd.o(RESET)
 <LI><a href="#[1e]">DMA1_Channel7_IRQHandler</a> from startup_stm32f10x_hd.o(.text) referenced from startup_stm32f10x_hd.o(RESET)
 <LI><a href="#[45]">DMA2_Channel1_IRQHandler</a> from startup_stm32f10x_hd.o(.text) referenced from startup_stm32f10x_hd.o(RESET)
 <LI><a href="#[46]">DMA2_Channel2_IRQHandler</a> from startup_stm32f10x_hd.o(.text) referenced from startup_stm32f10x_hd.o(RESET)
 <LI><a href="#[47]">DMA2_Channel3_IRQHandler</a> from startup_stm32f10x_hd.o(.text) referenced from startup_stm32f10x_hd.o(RESET)
 <LI><a href="#[48]">DMA2_Channel4_5_IRQHandler</a> from startup_stm32f10x_hd.o(.text) referenced from startup_stm32f10x_hd.o(RESET)
 <LI><a href="#[a]">DebugMon_Handler</a> from startup_stm32f10x_hd.o(.text) referenced from startup_stm32f10x_hd.o(RESET)
 <LI><a href="#[13]">EXTI0_IRQHandler</a> from startup_stm32f10x_hd.o(.text) referenced from startup_stm32f10x_hd.o(RESET)
 <LI><a href="#[35]">EXTI15_10_IRQHandler</a> from startup_stm32f10x_hd.o(.text) referenced from startup_stm32f10x_hd.o(RESET)
 <LI><a href="#[14]">EXTI1_IRQHandler</a> from startup_stm32f10x_hd.o(.text) referenced from startup_stm32f10x_hd.o(RESET)
 <LI><a href="#[15]">EXTI2_IRQHandler</a> from startup_stm32f10x_hd.o(.text) referenced from startup_stm32f10x_hd.o(RESET)
 <LI><a href="#[16]">EXTI3_IRQHandler</a> from startup_stm32f10x_hd.o(.text) referenced from startup_stm32f10x_hd.o(RESET)
 <LI><a href="#[17]">EXTI4_IRQHandler</a> from startup_stm32f10x_hd.o(.text) referenced from startup_stm32f10x_hd.o(RESET)
 <LI><a href="#[24]">EXTI9_5_IRQHandler</a> from startup_stm32f10x_hd.o(.text) referenced from startup_stm32f10x_hd.o(RESET)
 <LI><a href="#[11]">FLASH_IRQHandler</a> from startup_stm32f10x_hd.o(.text) referenced from startup_stm32f10x_hd.o(RESET)
 <LI><a href="#[3d]">FSMC_IRQHandler</a> from startup_stm32f10x_hd.o(.text) referenced from startup_stm32f10x_hd.o(RESET)
 <LI><a href="#[5]">HardFault_Handler</a> from startup_stm32f10x_hd.o(.text) referenced from startup_stm32f10x_hd.o(RESET)
 <LI><a href="#[2d]">I2C1_ER_IRQHandler</a> from startup_stm32f10x_hd.o(.text) referenced from startup_stm32f10x_hd.o(RESET)
 <LI><a href="#[2c]">I2C1_EV_IRQHandler</a> from startup_stm32f10x_hd.o(.text) referenced from startup_stm32f10x_hd.o(RESET)
 <LI><a href="#[2f]">I2C2_ER_IRQHandler</a> from startup_stm32f10x_hd.o(.text) referenced from startup_stm32f10x_hd.o(RESET)
 <LI><a href="#[2e]">I2C2_EV_IRQHandler</a> from startup_stm32f10x_hd.o(.text) referenced from startup_stm32f10x_hd.o(RESET)
 <LI><a href="#[6]">MemManage_Handler</a> from startup_stm32f10x_hd.o(.text) referenced from startup_stm32f10x_hd.o(RESET)
 <LI><a href="#[4]">NMI_Handler</a> from startup_stm32f10x_hd.o(.text) referenced from startup_stm32f10x_hd.o(RESET)
 <LI><a href="#[e]">PVD_IRQHandler</a> from startup_stm32f10x_hd.o(.text) referenced from startup_stm32f10x_hd.o(RESET)
 <LI><a href="#[b]">PendSV_Handler</a> from startup_stm32f10x_hd.o(.text) referenced from startup_stm32f10x_hd.o(RESET)
 <LI><a href="#[12]">RCC_IRQHandler</a> from startup_stm32f10x_hd.o(.text) referenced from startup_stm32f10x_hd.o(RESET)
 <LI><a href="#[36]">RTCAlarm_IRQHandler</a> from startup_stm32f10x_hd.o(.text) referenced from startup_stm32f10x_hd.o(RESET)
 <LI><a href="#[10]">RTC_IRQHandler</a> from startup_stm32f10x_hd.o(.text) referenced from startup_stm32f10x_hd.o(RESET)
 <LI><a href="#[3]">Reset_Handler</a> from startup_stm32f10x_hd.o(.text) referenced from startup_stm32f10x_hd.o(RESET)
 <LI><a href="#[3e]">SDIO_IRQHandler</a> from startup_stm32f10x_hd.o(.text) referenced from startup_stm32f10x_hd.o(RESET)
 <LI><a href="#[30]">SPI1_IRQHandler</a> from startup_stm32f10x_hd.o(.text) referenced from startup_stm32f10x_hd.o(RESET)
 <LI><a href="#[31]">SPI2_IRQHandler</a> from startup_stm32f10x_hd.o(.text) referenced from startup_stm32f10x_hd.o(RESET)
 <LI><a href="#[40]">SPI3_IRQHandler</a> from startup_stm32f10x_hd.o(.text) referenced from startup_stm32f10x_hd.o(RESET)
 <LI><a href="#[9]">SVC_Handler</a> from startup_stm32f10x_hd.o(.text) referenced from startup_stm32f10x_hd.o(RESET)
 <LI><a href="#[c]">SysTick_Handler</a> from startup_stm32f10x_hd.o(.text) referenced from startup_stm32f10x_hd.o(RESET)
 <LI><a href="#[f]">TAMPER_IRQHandler</a> from startup_stm32f10x_hd.o(.text) referenced from startup_stm32f10x_hd.o(RESET)
 <LI><a href="#[25]">TIM1_BRK_IRQHandler</a> from startup_stm32f10x_hd.o(.text) referenced from startup_stm32f10x_hd.o(RESET)
 <LI><a href="#[28]">TIM1_CC_IRQHandler</a> from startup_stm32f10x_hd.o(.text) referenced from startup_stm32f10x_hd.o(RESET)
 <LI><a href="#[27]">TIM1_TRG_COM_IRQHandler</a> from startup_stm32f10x_hd.o(.text) referenced from startup_stm32f10x_hd.o(RESET)
 <LI><a href="#[26]">TIM1_UP_IRQHandler</a> from startup_stm32f10x_hd.o(.text) referenced from startup_stm32f10x_hd.o(RESET)
 <LI><a href="#[29]">TIM2_IRQHandler</a> from time.o(.text) referenced from startup_stm32f10x_hd.o(RESET)
 <LI><a href="#[2a]">TIM3_IRQHandler</a> from time.o(.text) referenced from startup_stm32f10x_hd.o(RESET)
 <LI><a href="#[2b]">TIM4_IRQHandler</a> from startup_stm32f10x_hd.o(.text) referenced from startup_stm32f10x_hd.o(RESET)
 <LI><a href="#[3f]">TIM5_IRQHandler</a> from startup_stm32f10x_hd.o(.text) referenced from startup_stm32f10x_hd.o(RESET)
 <LI><a href="#[43]">TIM6_IRQHandler</a> from startup_stm32f10x_hd.o(.text) referenced from startup_stm32f10x_hd.o(RESET)
 <LI><a href="#[44]">TIM7_IRQHandler</a> from startup_stm32f10x_hd.o(.text) referenced from startup_stm32f10x_hd.o(RESET)
 <LI><a href="#[38]">TIM8_BRK_IRQHandler</a> from startup_stm32f10x_hd.o(.text) referenced from startup_stm32f10x_hd.o(RESET)
 <LI><a href="#[3b]">TIM8_CC_IRQHandler</a> from startup_stm32f10x_hd.o(.text) referenced from startup_stm32f10x_hd.o(RESET)
 <LI><a href="#[3a]">TIM8_TRG_COM_IRQHandler</a> from startup_stm32f10x_hd.o(.text) referenced from startup_stm32f10x_hd.o(RESET)
 <LI><a href="#[39]">TIM8_UP_IRQHandler</a> from startup_stm32f10x_hd.o(.text) referenced from startup_stm32f10x_hd.o(RESET)
 <LI><a href="#[41]">UART4_IRQHandler</a> from startup_stm32f10x_hd.o(.text) referenced from startup_stm32f10x_hd.o(RESET)
 <LI><a href="#[42]">UART5_IRQHandler</a> from startup_stm32f10x_hd.o(.text) referenced from startup_stm32f10x_hd.o(RESET)
 <LI><a href="#[32]">USART1_IRQHandler</a> from communication1.o(.text) referenced from startup_stm32f10x_hd.o(RESET)
 <LI><a href="#[33]">USART2_IRQHandler</a> from uart.o(.text) referenced from startup_stm32f10x_hd.o(RESET)
 <LI><a href="#[34]">USART3_IRQHandler</a> from communication3.o(.text) referenced from startup_stm32f10x_hd.o(RESET)
 <LI><a href="#[37]">USBWakeUp_IRQHandler</a> from startup_stm32f10x_hd.o(.text) referenced from startup_stm32f10x_hd.o(RESET)
 <LI><a href="#[20]">USB_HP_CAN1_TX_IRQHandler</a> from startup_stm32f10x_hd.o(.text) referenced from startup_stm32f10x_hd.o(RESET)
 <LI><a href="#[21]">USB_LP_CAN1_RX0_IRQHandler</a> from startup_stm32f10x_hd.o(.text) referenced from startup_stm32f10x_hd.o(RESET)
 <LI><a href="#[8]">UsageFault_Handler</a> from startup_stm32f10x_hd.o(.text) referenced from startup_stm32f10x_hd.o(RESET)
 <LI><a href="#[d]">WWDG_IRQHandler</a> from startup_stm32f10x_hd.o(.text) referenced from startup_stm32f10x_hd.o(RESET)
 <LI><a href="#[4a]">__main</a> from __main.o(!!!main) referenced from startup_stm32f10x_hd.o(.text)
</UL>
<P>
<H3>
Global Symbols
</H3>
<P><STRONG><a name="[4a]"></a>__main</STRONG> (Thumb, 8 bytes, Stack size 0 bytes, __main.o(!!!main))
<BR><BR>[Calls]<UL><LI><a href="#[4b]">&gt;&gt;</a>&nbsp;&nbsp;&nbsp;__scatterload
<LI><a href="#[4c]">&gt;&gt;</a>&nbsp;&nbsp;&nbsp;__rt_entry
</UL>

<P><STRONG><a name="[4b]"></a>__scatterload</STRONG> (Thumb, 0 bytes, Stack size unknown bytes, __scatter.o(!!!scatter))
<BR><BR>[Called By]<UL><LI><a href="#[4a]">&gt;&gt;</a>&nbsp;&nbsp;&nbsp;__main
</UL>

<P><STRONG><a name="[4d]"></a>__scatterload_rt2</STRONG> (Thumb, 44 bytes, Stack size unknown bytes, __scatter.o(!!!scatter), UNUSED)
<BR><BR>[Calls]<UL><LI><a href="#[4c]">&gt;&gt;</a>&nbsp;&nbsp;&nbsp;__rt_entry
</UL>

<P><STRONG><a name="[1ab]"></a>__scatterload_rt2_thumb_only</STRONG> (Thumb, 0 bytes, Stack size unknown bytes, __scatter.o(!!!scatter), UNUSED)

<P><STRONG><a name="[1ac]"></a>__scatterload_null</STRONG> (Thumb, 0 bytes, Stack size unknown bytes, __scatter.o(!!!scatter), UNUSED)

<P><STRONG><a name="[1ad]"></a>__decompress</STRONG> (Thumb, 58 bytes, Stack size unknown bytes, __dczerorl.o(!!dczerorl), UNUSED)

<P><STRONG><a name="[1ae]"></a>__decompress0</STRONG> (Thumb, 0 bytes, Stack size unknown bytes, __dczerorl.o(!!dczerorl), UNUSED)

<P><STRONG><a name="[1af]"></a>__scatterload_zeroinit</STRONG> (Thumb, 28 bytes, Stack size unknown bytes, __scatter_zi.o(!!handler_zi), UNUSED)

<P><STRONG><a name="[51]"></a>__rt_lib_init</STRONG> (Thumb, 0 bytes, Stack size unknown bytes, libinit.o(.ARM.Collect$$libinit$$00000000))
<BR><BR>[Called By]<UL><LI><a href="#[50]">&gt;&gt;</a>&nbsp;&nbsp;&nbsp;__rt_entry_li
</UL>

<P><STRONG><a name="[1b0]"></a>__rt_lib_init_alloca_1</STRONG> (Thumb, 0 bytes, Stack size unknown bytes, libinit2.o(.ARM.Collect$$libinit$$0000002E))

<P><STRONG><a name="[1b1]"></a>__rt_lib_init_argv_1</STRONG> (Thumb, 0 bytes, Stack size unknown bytes, libinit2.o(.ARM.Collect$$libinit$$0000002C))

<P><STRONG><a name="[1b2]"></a>__rt_lib_init_atexit_1</STRONG> (Thumb, 0 bytes, Stack size unknown bytes, libinit2.o(.ARM.Collect$$libinit$$0000001B))

<P><STRONG><a name="[1b3]"></a>__rt_lib_init_clock_1</STRONG> (Thumb, 0 bytes, Stack size unknown bytes, libinit2.o(.ARM.Collect$$libinit$$00000021))

<P><STRONG><a name="[1b4]"></a>__rt_lib_init_cpp_1</STRONG> (Thumb, 0 bytes, Stack size unknown bytes, libinit2.o(.ARM.Collect$$libinit$$00000032))

<P><STRONG><a name="[1b5]"></a>__rt_lib_init_exceptions_1</STRONG> (Thumb, 0 bytes, Stack size unknown bytes, libinit2.o(.ARM.Collect$$libinit$$00000030))

<P><STRONG><a name="[1b6]"></a>__rt_lib_init_fp_1</STRONG> (Thumb, 0 bytes, Stack size unknown bytes, libinit2.o(.ARM.Collect$$libinit$$00000002))

<P><STRONG><a name="[1b7]"></a>__rt_lib_init_fp_trap_1</STRONG> (Thumb, 0 bytes, Stack size unknown bytes, libinit2.o(.ARM.Collect$$libinit$$0000001F))

<P><STRONG><a name="[1b8]"></a>__rt_lib_init_getenv_1</STRONG> (Thumb, 0 bytes, Stack size unknown bytes, libinit2.o(.ARM.Collect$$libinit$$00000023))

<P><STRONG><a name="[1b9]"></a>__rt_lib_init_heap_1</STRONG> (Thumb, 0 bytes, Stack size unknown bytes, libinit2.o(.ARM.Collect$$libinit$$0000000A))

<P><STRONG><a name="[1ba]"></a>__rt_lib_init_lc_collate_1</STRONG> (Thumb, 0 bytes, Stack size unknown bytes, libinit2.o(.ARM.Collect$$libinit$$00000011))

<P><STRONG><a name="[1bb]"></a>__rt_lib_init_lc_ctype_1</STRONG> (Thumb, 0 bytes, Stack size unknown bytes, libinit2.o(.ARM.Collect$$libinit$$00000013))

<P><STRONG><a name="[1bc]"></a>__rt_lib_init_lc_monetary_1</STRONG> (Thumb, 0 bytes, Stack size unknown bytes, libinit2.o(.ARM.Collect$$libinit$$00000015))

<P><STRONG><a name="[1bd]"></a>__rt_lib_init_lc_numeric_1</STRONG> (Thumb, 0 bytes, Stack size unknown bytes, libinit2.o(.ARM.Collect$$libinit$$00000017))

<P><STRONG><a name="[1be]"></a>__rt_lib_init_lc_time_1</STRONG> (Thumb, 0 bytes, Stack size unknown bytes, libinit2.o(.ARM.Collect$$libinit$$00000019))

<P><STRONG><a name="[1bf]"></a>__rt_lib_init_preinit_1</STRONG> (Thumb, 0 bytes, Stack size unknown bytes, libinit2.o(.ARM.Collect$$libinit$$00000004))

<P><STRONG><a name="[1c0]"></a>__rt_lib_init_rand_1</STRONG> (Thumb, 0 bytes, Stack size unknown bytes, libinit2.o(.ARM.Collect$$libinit$$0000000E))

<P><STRONG><a name="[1c1]"></a>__rt_lib_init_return</STRONG> (Thumb, 0 bytes, Stack size unknown bytes, libinit2.o(.ARM.Collect$$libinit$$00000033))

<P><STRONG><a name="[1c2]"></a>__rt_lib_init_signal_1</STRONG> (Thumb, 0 bytes, Stack size unknown bytes, libinit2.o(.ARM.Collect$$libinit$$0000001D))

<P><STRONG><a name="[1c3]"></a>__rt_lib_init_stdio_1</STRONG> (Thumb, 0 bytes, Stack size unknown bytes, libinit2.o(.ARM.Collect$$libinit$$00000025))

<P><STRONG><a name="[1c4]"></a>__rt_lib_init_user_alloc_1</STRONG> (Thumb, 0 bytes, Stack size unknown bytes, libinit2.o(.ARM.Collect$$libinit$$0000000C))

<P><STRONG><a name="[56]"></a>__rt_lib_shutdown</STRONG> (Thumb, 0 bytes, Stack size unknown bytes, libshutdown.o(.ARM.Collect$$libshutdown$$00000000))
<BR><BR>[Called By]<UL><LI><a href="#[55]">&gt;&gt;</a>&nbsp;&nbsp;&nbsp;__rt_exit_ls
</UL>

<P><STRONG><a name="[1c5]"></a>__rt_lib_shutdown_cpp_1</STRONG> (Thumb, 0 bytes, Stack size unknown bytes, libshutdown2.o(.ARM.Collect$$libshutdown$$00000002))

<P><STRONG><a name="[1c6]"></a>__rt_lib_shutdown_fp_trap_1</STRONG> (Thumb, 0 bytes, Stack size unknown bytes, libshutdown2.o(.ARM.Collect$$libshutdown$$00000007))

<P><STRONG><a name="[1c7]"></a>__rt_lib_shutdown_heap_1</STRONG> (Thumb, 0 bytes, Stack size unknown bytes, libshutdown2.o(.ARM.Collect$$libshutdown$$0000000F))

<P><STRONG><a name="[1c8]"></a>__rt_lib_shutdown_return</STRONG> (Thumb, 0 bytes, Stack size unknown bytes, libshutdown2.o(.ARM.Collect$$libshutdown$$00000010))

<P><STRONG><a name="[1c9]"></a>__rt_lib_shutdown_signal_1</STRONG> (Thumb, 0 bytes, Stack size unknown bytes, libshutdown2.o(.ARM.Collect$$libshutdown$$0000000A))

<P><STRONG><a name="[1ca]"></a>__rt_lib_shutdown_stdio_1</STRONG> (Thumb, 0 bytes, Stack size unknown bytes, libshutdown2.o(.ARM.Collect$$libshutdown$$00000004))

<P><STRONG><a name="[1cb]"></a>__rt_lib_shutdown_user_alloc_1</STRONG> (Thumb, 0 bytes, Stack size unknown bytes, libshutdown2.o(.ARM.Collect$$libshutdown$$0000000C))

<P><STRONG><a name="[4c]"></a>__rt_entry</STRONG> (Thumb, 0 bytes, Stack size unknown bytes, __rtentry.o(.ARM.Collect$$rtentry$$00000000))
<BR><BR>[Called By]<UL><LI><a href="#[4d]">&gt;&gt;</a>&nbsp;&nbsp;&nbsp;__scatterload_rt2
<LI><a href="#[4a]">&gt;&gt;</a>&nbsp;&nbsp;&nbsp;__main
</UL>

<P><STRONG><a name="[1cc]"></a>__rt_entry_presh_1</STRONG> (Thumb, 0 bytes, Stack size unknown bytes, __rtentry2.o(.ARM.Collect$$rtentry$$00000002))

<P><STRONG><a name="[4e]"></a>__rt_entry_sh</STRONG> (Thumb, 0 bytes, Stack size unknown bytes, __rtentry4.o(.ARM.Collect$$rtentry$$00000004))
<BR><BR>[Stack]<UL><LI>Max Depth = 8 + Unknown Stack Size
<LI>Call Chain = __rt_entry_sh &rArr; __user_setup_stackheap
</UL>
<BR>[Calls]<UL><LI><a href="#[4f]">&gt;&gt;</a>&nbsp;&nbsp;&nbsp;__user_setup_stackheap
</UL>

<P><STRONG><a name="[50]"></a>__rt_entry_li</STRONG> (Thumb, 0 bytes, Stack size unknown bytes, __rtentry2.o(.ARM.Collect$$rtentry$$0000000A))
<BR><BR>[Calls]<UL><LI><a href="#[51]">&gt;&gt;</a>&nbsp;&nbsp;&nbsp;__rt_lib_init
</UL>

<P><STRONG><a name="[1cd]"></a>__rt_entry_postsh_1</STRONG> (Thumb, 0 bytes, Stack size unknown bytes, __rtentry2.o(.ARM.Collect$$rtentry$$00000009))

<P><STRONG><a name="[52]"></a>__rt_entry_main</STRONG> (Thumb, 0 bytes, Stack size unknown bytes, __rtentry2.o(.ARM.Collect$$rtentry$$0000000D))
<BR><BR>[Stack]<UL><LI>Max Depth = 36 + Unknown Stack Size
<LI>Call Chain = __rt_entry_main &rArr; main &rArr; uart2_init &rArr; MY_NVIC_Init
</UL>
<BR>[Calls]<UL><LI><a href="#[53]">&gt;&gt;</a>&nbsp;&nbsp;&nbsp;main
<LI><a href="#[54]">&gt;&gt;</a>&nbsp;&nbsp;&nbsp;exit
</UL>

<P><STRONG><a name="[1ce]"></a>__rt_entry_postli_1</STRONG> (Thumb, 0 bytes, Stack size unknown bytes, __rtentry2.o(.ARM.Collect$$rtentry$$0000000C))

<P><STRONG><a name="[19e]"></a>__rt_exit</STRONG> (Thumb, 0 bytes, Stack size unknown bytes, rtexit.o(.ARM.Collect$$rtexit$$00000000))
<BR><BR>[Called By]<UL><LI><a href="#[54]">&gt;&gt;</a>&nbsp;&nbsp;&nbsp;exit
</UL>

<P><STRONG><a name="[55]"></a>__rt_exit_ls</STRONG> (Thumb, 0 bytes, Stack size unknown bytes, rtexit2.o(.ARM.Collect$$rtexit$$00000003))
<BR><BR>[Calls]<UL><LI><a href="#[56]">&gt;&gt;</a>&nbsp;&nbsp;&nbsp;__rt_lib_shutdown
</UL>

<P><STRONG><a name="[1cf]"></a>__rt_exit_prels_1</STRONG> (Thumb, 0 bytes, Stack size unknown bytes, rtexit2.o(.ARM.Collect$$rtexit$$00000002))

<P><STRONG><a name="[57]"></a>__rt_exit_exit</STRONG> (Thumb, 0 bytes, Stack size unknown bytes, rtexit2.o(.ARM.Collect$$rtexit$$00000004))
<BR><BR>[Calls]<UL><LI><a href="#[58]">&gt;&gt;</a>&nbsp;&nbsp;&nbsp;_sys_exit
</UL>

<P><STRONG><a name="[64]"></a>WFI_SET</STRONG> (Thumb, 2 bytes, Stack size 0 bytes, sys.o(.emb_text), UNUSED)
<BR><BR>[Called By]<UL><LI><a href="#[63]">&gt;&gt;</a>&nbsp;&nbsp;&nbsp;Sys_Standby
</UL>

<P><STRONG><a name="[1d0]"></a>INTX_DISABLE</STRONG> (Thumb, 2 bytes, Stack size 0 bytes, sys.o(.emb_text), UNUSED)

<P><STRONG><a name="[1d1]"></a>INTX_ENABLE</STRONG> (Thumb, 2 bytes, Stack size 0 bytes, sys.o(.emb_text), UNUSED)

<P><STRONG><a name="[1d2]"></a>MSR_MSP</STRONG> (Thumb, 6 bytes, Stack size 0 bytes, sys.o(.emb_text), UNUSED)

<P><STRONG><a name="[3]"></a>Reset_Handler</STRONG> (Thumb, 4 bytes, Stack size 0 bytes, startup_stm32f10x_hd.o(.text))
<BR>[Address Reference Count : 1]<UL><LI> startup_stm32f10x_hd.o(RESET)
</UL>
<P><STRONG><a name="[4]"></a>NMI_Handler</STRONG> (Thumb, 2 bytes, Stack size 0 bytes, startup_stm32f10x_hd.o(.text))
<BR><BR>[Calls]<UL><LI><a href="#[4]">&gt;&gt;</a>&nbsp;&nbsp;&nbsp;NMI_Handler
</UL>
<BR>[Called By]<UL><LI><a href="#[4]">&gt;&gt;</a>&nbsp;&nbsp;&nbsp;NMI_Handler
</UL>
<BR>[Address Reference Count : 1]<UL><LI> startup_stm32f10x_hd.o(RESET)
</UL>
<P><STRONG><a name="[5]"></a>HardFault_Handler</STRONG> (Thumb, 2 bytes, Stack size 0 bytes, startup_stm32f10x_hd.o(.text))
<BR><BR>[Calls]<UL><LI><a href="#[5]">&gt;&gt;</a>&nbsp;&nbsp;&nbsp;HardFault_Handler
</UL>
<BR>[Called By]<UL><LI><a href="#[5]">&gt;&gt;</a>&nbsp;&nbsp;&nbsp;HardFault_Handler
</UL>
<BR>[Address Reference Count : 1]<UL><LI> startup_stm32f10x_hd.o(RESET)
</UL>
<P><STRONG><a name="[6]"></a>MemManage_Handler</STRONG> (Thumb, 2 bytes, Stack size 0 bytes, startup_stm32f10x_hd.o(.text))
<BR><BR>[Calls]<UL><LI><a href="#[6]">&gt;&gt;</a>&nbsp;&nbsp;&nbsp;MemManage_Handler
</UL>
<BR>[Called By]<UL><LI><a href="#[6]">&gt;&gt;</a>&nbsp;&nbsp;&nbsp;MemManage_Handler
</UL>
<BR>[Address Reference Count : 1]<UL><LI> startup_stm32f10x_hd.o(RESET)
</UL>
<P><STRONG><a name="[7]"></a>BusFault_Handler</STRONG> (Thumb, 2 bytes, Stack size 0 bytes, startup_stm32f10x_hd.o(.text))
<BR><BR>[Calls]<UL><LI><a href="#[7]">&gt;&gt;</a>&nbsp;&nbsp;&nbsp;BusFault_Handler
</UL>
<BR>[Called By]<UL><LI><a href="#[7]">&gt;&gt;</a>&nbsp;&nbsp;&nbsp;BusFault_Handler
</UL>
<BR>[Address Reference Count : 1]<UL><LI> startup_stm32f10x_hd.o(RESET)
</UL>
<P><STRONG><a name="[8]"></a>UsageFault_Handler</STRONG> (Thumb, 2 bytes, Stack size 0 bytes, startup_stm32f10x_hd.o(.text))
<BR><BR>[Calls]<UL><LI><a href="#[8]">&gt;&gt;</a>&nbsp;&nbsp;&nbsp;UsageFault_Handler
</UL>
<BR>[Called By]<UL><LI><a href="#[8]">&gt;&gt;</a>&nbsp;&nbsp;&nbsp;UsageFault_Handler
</UL>
<BR>[Address Reference Count : 1]<UL><LI> startup_stm32f10x_hd.o(RESET)
</UL>
<P><STRONG><a name="[9]"></a>SVC_Handler</STRONG> (Thumb, 2 bytes, Stack size 0 bytes, startup_stm32f10x_hd.o(.text))
<BR><BR>[Calls]<UL><LI><a href="#[9]">&gt;&gt;</a>&nbsp;&nbsp;&nbsp;SVC_Handler
</UL>
<BR>[Called By]<UL><LI><a href="#[9]">&gt;&gt;</a>&nbsp;&nbsp;&nbsp;SVC_Handler
</UL>
<BR>[Address Reference Count : 1]<UL><LI> startup_stm32f10x_hd.o(RESET)
</UL>
<P><STRONG><a name="[a]"></a>DebugMon_Handler</STRONG> (Thumb, 2 bytes, Stack size 0 bytes, startup_stm32f10x_hd.o(.text))
<BR><BR>[Calls]<UL><LI><a href="#[a]">&gt;&gt;</a>&nbsp;&nbsp;&nbsp;DebugMon_Handler
</UL>
<BR>[Called By]<UL><LI><a href="#[a]">&gt;&gt;</a>&nbsp;&nbsp;&nbsp;DebugMon_Handler
</UL>
<BR>[Address Reference Count : 1]<UL><LI> startup_stm32f10x_hd.o(RESET)
</UL>
<P><STRONG><a name="[b]"></a>PendSV_Handler</STRONG> (Thumb, 2 bytes, Stack size 0 bytes, startup_stm32f10x_hd.o(.text))
<BR><BR>[Calls]<UL><LI><a href="#[b]">&gt;&gt;</a>&nbsp;&nbsp;&nbsp;PendSV_Handler
</UL>
<BR>[Called By]<UL><LI><a href="#[b]">&gt;&gt;</a>&nbsp;&nbsp;&nbsp;PendSV_Handler
</UL>
<BR>[Address Reference Count : 1]<UL><LI> startup_stm32f10x_hd.o(RESET)
</UL>
<P><STRONG><a name="[c]"></a>SysTick_Handler</STRONG> (Thumb, 2 bytes, Stack size 0 bytes, startup_stm32f10x_hd.o(.text))
<BR><BR>[Calls]<UL><LI><a href="#[c]">&gt;&gt;</a>&nbsp;&nbsp;&nbsp;SysTick_Handler
</UL>
<BR>[Called By]<UL><LI><a href="#[c]">&gt;&gt;</a>&nbsp;&nbsp;&nbsp;SysTick_Handler
</UL>
<BR>[Address Reference Count : 1]<UL><LI> startup_stm32f10x_hd.o(RESET)
</UL>
<P><STRONG><a name="[1f]"></a>ADC1_2_IRQHandler</STRONG> (Thumb, 0 bytes, Stack size 0 bytes, startup_stm32f10x_hd.o(.text))
<BR><BR>[Calls]<UL><LI><a href="#[1f]">&gt;&gt;</a>&nbsp;&nbsp;&nbsp;ADC1_2_IRQHandler
</UL>
<BR>[Called By]<UL><LI><a href="#[1f]">&gt;&gt;</a>&nbsp;&nbsp;&nbsp;ADC1_2_IRQHandler
</UL>
<BR>[Address Reference Count : 1]<UL><LI> startup_stm32f10x_hd.o(RESET)
</UL>
<P><STRONG><a name="[3c]"></a>ADC3_IRQHandler</STRONG> (Thumb, 0 bytes, Stack size 0 bytes, startup_stm32f10x_hd.o(.text))
<BR>[Address Reference Count : 1]<UL><LI> startup_stm32f10x_hd.o(RESET)
</UL>
<P><STRONG><a name="[22]"></a>CAN1_RX1_IRQHandler</STRONG> (Thumb, 0 bytes, Stack size 0 bytes, startup_stm32f10x_hd.o(.text))
<BR>[Address Reference Count : 1]<UL><LI> startup_stm32f10x_hd.o(RESET)
</UL>
<P><STRONG><a name="[23]"></a>CAN1_SCE_IRQHandler</STRONG> (Thumb, 0 bytes, Stack size 0 bytes, startup_stm32f10x_hd.o(.text))
<BR>[Address Reference Count : 1]<UL><LI> startup_stm32f10x_hd.o(RESET)
</UL>
<P><STRONG><a name="[18]"></a>DMA1_Channel1_IRQHandler</STRONG> (Thumb, 0 bytes, Stack size 0 bytes, startup_stm32f10x_hd.o(.text))
<BR>[Address Reference Count : 1]<UL><LI> startup_stm32f10x_hd.o(RESET)
</UL>
<P><STRONG><a name="[19]"></a>DMA1_Channel2_IRQHandler</STRONG> (Thumb, 0 bytes, Stack size 0 bytes, startup_stm32f10x_hd.o(.text))
<BR>[Address Reference Count : 1]<UL><LI> startup_stm32f10x_hd.o(RESET)
</UL>
<P><STRONG><a name="[1a]"></a>DMA1_Channel3_IRQHandler</STRONG> (Thumb, 0 bytes, Stack size 0 bytes, startup_stm32f10x_hd.o(.text))
<BR>[Address Reference Count : 1]<UL><LI> startup_stm32f10x_hd.o(RESET)
</UL>
<P><STRONG><a name="[1b]"></a>DMA1_Channel4_IRQHandler</STRONG> (Thumb, 0 bytes, Stack size 0 bytes, startup_stm32f10x_hd.o(.text))
<BR>[Address Reference Count : 1]<UL><LI> startup_stm32f10x_hd.o(RESET)
</UL>
<P><STRONG><a name="[1c]"></a>DMA1_Channel5_IRQHandler</STRONG> (Thumb, 0 bytes, Stack size 0 bytes, startup_stm32f10x_hd.o(.text))
<BR>[Address Reference Count : 1]<UL><LI> startup_stm32f10x_hd.o(RESET)
</UL>
<P><STRONG><a name="[1d]"></a>DMA1_Channel6_IRQHandler</STRONG> (Thumb, 0 bytes, Stack size 0 bytes, startup_stm32f10x_hd.o(.text))
<BR>[Address Reference Count : 1]<UL><LI> startup_stm32f10x_hd.o(RESET)
</UL>
<P><STRONG><a name="[1e]"></a>DMA1_Channel7_IRQHandler</STRONG> (Thumb, 0 bytes, Stack size 0 bytes, startup_stm32f10x_hd.o(.text))
<BR>[Address Reference Count : 1]<UL><LI> startup_stm32f10x_hd.o(RESET)
</UL>
<P><STRONG><a name="[45]"></a>DMA2_Channel1_IRQHandler</STRONG> (Thumb, 0 bytes, Stack size 0 bytes, startup_stm32f10x_hd.o(.text))
<BR>[Address Reference Count : 1]<UL><LI> startup_stm32f10x_hd.o(RESET)
</UL>
<P><STRONG><a name="[46]"></a>DMA2_Channel2_IRQHandler</STRONG> (Thumb, 0 bytes, Stack size 0 bytes, startup_stm32f10x_hd.o(.text))
<BR>[Address Reference Count : 1]<UL><LI> startup_stm32f10x_hd.o(RESET)
</UL>
<P><STRONG><a name="[47]"></a>DMA2_Channel3_IRQHandler</STRONG> (Thumb, 0 bytes, Stack size 0 bytes, startup_stm32f10x_hd.o(.text))
<BR>[Address Reference Count : 1]<UL><LI> startup_stm32f10x_hd.o(RESET)
</UL>
<P><STRONG><a name="[48]"></a>DMA2_Channel4_5_IRQHandler</STRONG> (Thumb, 0 bytes, Stack size 0 bytes, startup_stm32f10x_hd.o(.text))
<BR>[Address Reference Count : 1]<UL><LI> startup_stm32f10x_hd.o(RESET)
</UL>
<P><STRONG><a name="[13]"></a>EXTI0_IRQHandler</STRONG> (Thumb, 0 bytes, Stack size 0 bytes, startup_stm32f10x_hd.o(.text))
<BR>[Address Reference Count : 1]<UL><LI> startup_stm32f10x_hd.o(RESET)
</UL>
<P><STRONG><a name="[35]"></a>EXTI15_10_IRQHandler</STRONG> (Thumb, 0 bytes, Stack size 0 bytes, startup_stm32f10x_hd.o(.text))
<BR>[Address Reference Count : 1]<UL><LI> startup_stm32f10x_hd.o(RESET)
</UL>
<P><STRONG><a name="[14]"></a>EXTI1_IRQHandler</STRONG> (Thumb, 0 bytes, Stack size 0 bytes, startup_stm32f10x_hd.o(.text))
<BR>[Address Reference Count : 1]<UL><LI> startup_stm32f10x_hd.o(RESET)
</UL>
<P><STRONG><a name="[15]"></a>EXTI2_IRQHandler</STRONG> (Thumb, 0 bytes, Stack size 0 bytes, startup_stm32f10x_hd.o(.text))
<BR>[Address Reference Count : 1]<UL><LI> startup_stm32f10x_hd.o(RESET)
</UL>
<P><STRONG><a name="[16]"></a>EXTI3_IRQHandler</STRONG> (Thumb, 0 bytes, Stack size 0 bytes, startup_stm32f10x_hd.o(.text))
<BR>[Address Reference Count : 1]<UL><LI> startup_stm32f10x_hd.o(RESET)
</UL>
<P><STRONG><a name="[17]"></a>EXTI4_IRQHandler</STRONG> (Thumb, 0 bytes, Stack size 0 bytes, startup_stm32f10x_hd.o(.text))
<BR>[Address Reference Count : 1]<UL><LI> startup_stm32f10x_hd.o(RESET)
</UL>
<P><STRONG><a name="[24]"></a>EXTI9_5_IRQHandler</STRONG> (Thumb, 0 bytes, Stack size 0 bytes, startup_stm32f10x_hd.o(.text))
<BR>[Address Reference Count : 1]<UL><LI> startup_stm32f10x_hd.o(RESET)
</UL>
<P><STRONG><a name="[11]"></a>FLASH_IRQHandler</STRONG> (Thumb, 0 bytes, Stack size 0 bytes, startup_stm32f10x_hd.o(.text))
<BR>[Address Reference Count : 1]<UL><LI> startup_stm32f10x_hd.o(RESET)
</UL>
<P><STRONG><a name="[3d]"></a>FSMC_IRQHandler</STRONG> (Thumb, 0 bytes, Stack size 0 bytes, startup_stm32f10x_hd.o(.text))
<BR>[Address Reference Count : 1]<UL><LI> startup_stm32f10x_hd.o(RESET)
</UL>
<P><STRONG><a name="[2d]"></a>I2C1_ER_IRQHandler</STRONG> (Thumb, 0 bytes, Stack size 0 bytes, startup_stm32f10x_hd.o(.text))
<BR>[Address Reference Count : 1]<UL><LI> startup_stm32f10x_hd.o(RESET)
</UL>
<P><STRONG><a name="[2c]"></a>I2C1_EV_IRQHandler</STRONG> (Thumb, 0 bytes, Stack size 0 bytes, startup_stm32f10x_hd.o(.text))
<BR>[Address Reference Count : 1]<UL><LI> startup_stm32f10x_hd.o(RESET)
</UL>
<P><STRONG><a name="[2f]"></a>I2C2_ER_IRQHandler</STRONG> (Thumb, 0 bytes, Stack size 0 bytes, startup_stm32f10x_hd.o(.text))
<BR>[Address Reference Count : 1]<UL><LI> startup_stm32f10x_hd.o(RESET)
</UL>
<P><STRONG><a name="[2e]"></a>I2C2_EV_IRQHandler</STRONG> (Thumb, 0 bytes, Stack size 0 bytes, startup_stm32f10x_hd.o(.text))
<BR>[Address Reference Count : 1]<UL><LI> startup_stm32f10x_hd.o(RESET)
</UL>
<P><STRONG><a name="[e]"></a>PVD_IRQHandler</STRONG> (Thumb, 0 bytes, Stack size 0 bytes, startup_stm32f10x_hd.o(.text))
<BR>[Address Reference Count : 1]<UL><LI> startup_stm32f10x_hd.o(RESET)
</UL>
<P><STRONG><a name="[12]"></a>RCC_IRQHandler</STRONG> (Thumb, 0 bytes, Stack size 0 bytes, startup_stm32f10x_hd.o(.text))
<BR>[Address Reference Count : 1]<UL><LI> startup_stm32f10x_hd.o(RESET)
</UL>
<P><STRONG><a name="[36]"></a>RTCAlarm_IRQHandler</STRONG> (Thumb, 0 bytes, Stack size 0 bytes, startup_stm32f10x_hd.o(.text))
<BR>[Address Reference Count : 1]<UL><LI> startup_stm32f10x_hd.o(RESET)
</UL>
<P><STRONG><a name="[10]"></a>RTC_IRQHandler</STRONG> (Thumb, 0 bytes, Stack size 0 bytes, startup_stm32f10x_hd.o(.text))
<BR>[Address Reference Count : 1]<UL><LI> startup_stm32f10x_hd.o(RESET)
</UL>
<P><STRONG><a name="[3e]"></a>SDIO_IRQHandler</STRONG> (Thumb, 0 bytes, Stack size 0 bytes, startup_stm32f10x_hd.o(.text))
<BR>[Address Reference Count : 1]<UL><LI> startup_stm32f10x_hd.o(RESET)
</UL>
<P><STRONG><a name="[30]"></a>SPI1_IRQHandler</STRONG> (Thumb, 0 bytes, Stack size 0 bytes, startup_stm32f10x_hd.o(.text))
<BR>[Address Reference Count : 1]<UL><LI> startup_stm32f10x_hd.o(RESET)
</UL>
<P><STRONG><a name="[31]"></a>SPI2_IRQHandler</STRONG> (Thumb, 0 bytes, Stack size 0 bytes, startup_stm32f10x_hd.o(.text))
<BR>[Address Reference Count : 1]<UL><LI> startup_stm32f10x_hd.o(RESET)
</UL>
<P><STRONG><a name="[40]"></a>SPI3_IRQHandler</STRONG> (Thumb, 0 bytes, Stack size 0 bytes, startup_stm32f10x_hd.o(.text))
<BR>[Address Reference Count : 1]<UL><LI> startup_stm32f10x_hd.o(RESET)
</UL>
<P><STRONG><a name="[f]"></a>TAMPER_IRQHandler</STRONG> (Thumb, 0 bytes, Stack size 0 bytes, startup_stm32f10x_hd.o(.text))
<BR>[Address Reference Count : 1]<UL><LI> startup_stm32f10x_hd.o(RESET)
</UL>
<P><STRONG><a name="[25]"></a>TIM1_BRK_IRQHandler</STRONG> (Thumb, 0 bytes, Stack size 0 bytes, startup_stm32f10x_hd.o(.text))
<BR>[Address Reference Count : 1]<UL><LI> startup_stm32f10x_hd.o(RESET)
</UL>
<P><STRONG><a name="[28]"></a>TIM1_CC_IRQHandler</STRONG> (Thumb, 0 bytes, Stack size 0 bytes, startup_stm32f10x_hd.o(.text))
<BR>[Address Reference Count : 1]<UL><LI> startup_stm32f10x_hd.o(RESET)
</UL>
<P><STRONG><a name="[27]"></a>TIM1_TRG_COM_IRQHandler</STRONG> (Thumb, 0 bytes, Stack size 0 bytes, startup_stm32f10x_hd.o(.text))
<BR>[Address Reference Count : 1]<UL><LI> startup_stm32f10x_hd.o(RESET)
</UL>
<P><STRONG><a name="[26]"></a>TIM1_UP_IRQHandler</STRONG> (Thumb, 0 bytes, Stack size 0 bytes, startup_stm32f10x_hd.o(.text))
<BR>[Address Reference Count : 1]<UL><LI> startup_stm32f10x_hd.o(RESET)
</UL>
<P><STRONG><a name="[2b]"></a>TIM4_IRQHandler</STRONG> (Thumb, 0 bytes, Stack size 0 bytes, startup_stm32f10x_hd.o(.text))
<BR>[Address Reference Count : 1]<UL><LI> startup_stm32f10x_hd.o(RESET)
</UL>
<P><STRONG><a name="[3f]"></a>TIM5_IRQHandler</STRONG> (Thumb, 0 bytes, Stack size 0 bytes, startup_stm32f10x_hd.o(.text))
<BR>[Address Reference Count : 1]<UL><LI> startup_stm32f10x_hd.o(RESET)
</UL>
<P><STRONG><a name="[43]"></a>TIM6_IRQHandler</STRONG> (Thumb, 0 bytes, Stack size 0 bytes, startup_stm32f10x_hd.o(.text))
<BR>[Address Reference Count : 1]<UL><LI> startup_stm32f10x_hd.o(RESET)
</UL>
<P><STRONG><a name="[44]"></a>TIM7_IRQHandler</STRONG> (Thumb, 0 bytes, Stack size 0 bytes, startup_stm32f10x_hd.o(.text))
<BR>[Address Reference Count : 1]<UL><LI> startup_stm32f10x_hd.o(RESET)
</UL>
<P><STRONG><a name="[38]"></a>TIM8_BRK_IRQHandler</STRONG> (Thumb, 0 bytes, Stack size 0 bytes, startup_stm32f10x_hd.o(.text))
<BR>[Address Reference Count : 1]<UL><LI> startup_stm32f10x_hd.o(RESET)
</UL>
<P><STRONG><a name="[3b]"></a>TIM8_CC_IRQHandler</STRONG> (Thumb, 0 bytes, Stack size 0 bytes, startup_stm32f10x_hd.o(.text))
<BR>[Address Reference Count : 1]<UL><LI> startup_stm32f10x_hd.o(RESET)
</UL>
<P><STRONG><a name="[3a]"></a>TIM8_TRG_COM_IRQHandler</STRONG> (Thumb, 0 bytes, Stack size 0 bytes, startup_stm32f10x_hd.o(.text))
<BR>[Address Reference Count : 1]<UL><LI> startup_stm32f10x_hd.o(RESET)
</UL>
<P><STRONG><a name="[39]"></a>TIM8_UP_IRQHandler</STRONG> (Thumb, 0 bytes, Stack size 0 bytes, startup_stm32f10x_hd.o(.text))
<BR>[Address Reference Count : 1]<UL><LI> startup_stm32f10x_hd.o(RESET)
</UL>
<P><STRONG><a name="[41]"></a>UART4_IRQHandler</STRONG> (Thumb, 0 bytes, Stack size 0 bytes, startup_stm32f10x_hd.o(.text))
<BR>[Address Reference Count : 1]<UL><LI> startup_stm32f10x_hd.o(RESET)
</UL>
<P><STRONG><a name="[42]"></a>UART5_IRQHandler</STRONG> (Thumb, 0 bytes, Stack size 0 bytes, startup_stm32f10x_hd.o(.text))
<BR>[Address Reference Count : 1]<UL><LI> startup_stm32f10x_hd.o(RESET)
</UL>
<P><STRONG><a name="[37]"></a>USBWakeUp_IRQHandler</STRONG> (Thumb, 0 bytes, Stack size 0 bytes, startup_stm32f10x_hd.o(.text))
<BR>[Address Reference Count : 1]<UL><LI> startup_stm32f10x_hd.o(RESET)
</UL>
<P><STRONG><a name="[20]"></a>USB_HP_CAN1_TX_IRQHandler</STRONG> (Thumb, 0 bytes, Stack size 0 bytes, startup_stm32f10x_hd.o(.text))
<BR>[Address Reference Count : 1]<UL><LI> startup_stm32f10x_hd.o(RESET)
</UL>
<P><STRONG><a name="[21]"></a>USB_LP_CAN1_RX0_IRQHandler</STRONG> (Thumb, 0 bytes, Stack size 0 bytes, startup_stm32f10x_hd.o(.text))
<BR>[Address Reference Count : 1]<UL><LI> startup_stm32f10x_hd.o(RESET)
</UL>
<P><STRONG><a name="[d]"></a>WWDG_IRQHandler</STRONG> (Thumb, 0 bytes, Stack size 0 bytes, startup_stm32f10x_hd.o(.text))
<BR>[Address Reference Count : 1]<UL><LI> startup_stm32f10x_hd.o(RESET)
</UL>
<P><STRONG><a name="[19d]"></a>__user_initial_stackheap</STRONG> (Thumb, 0 bytes, Stack size unknown bytes, startup_stm32f10x_hd.o(.text))
<BR><BR>[Called By]<UL><LI><a href="#[4f]">&gt;&gt;</a>&nbsp;&nbsp;&nbsp;__user_setup_stackheap
</UL>

<P><STRONG><a name="[53]"></a>main</STRONG> (Thumb, 116 bytes, Stack size 0 bytes, main.o(.text))
<BR><BR>[Stack]<UL><LI>Max Depth = 36<LI>Call Chain = main &rArr; uart2_init &rArr; MY_NVIC_Init
</UL>
<BR>[Calls]<UL><LI><a href="#[5d]">&gt;&gt;</a>&nbsp;&nbsp;&nbsp;uart2_init
<LI><a href="#[5e]">&gt;&gt;</a>&nbsp;&nbsp;&nbsp;delay_ms
<LI><a href="#[5a]">&gt;&gt;</a>&nbsp;&nbsp;&nbsp;delay_init
<LI><a href="#[5c]">&gt;&gt;</a>&nbsp;&nbsp;&nbsp;Time3En
<LI><a href="#[5b]">&gt;&gt;</a>&nbsp;&nbsp;&nbsp;TIM3_Int_Init
<LI><a href="#[59]">&gt;&gt;</a>&nbsp;&nbsp;&nbsp;Stm32_Clock_Init
</UL>
<BR>[Called By]<UL><LI><a href="#[52]">&gt;&gt;</a>&nbsp;&nbsp;&nbsp;__rt_entry_main
</UL>

<P><STRONG><a name="[5a]"></a>delay_init</STRONG> (Thumb, 38 bytes, Stack size 0 bytes, delay.o(.text))
<BR><BR>[Called By]<UL><LI><a href="#[53]">&gt;&gt;</a>&nbsp;&nbsp;&nbsp;main
</UL>

<P><STRONG><a name="[18d]"></a>delay_us</STRONG> (Thumb, 36 bytes, Stack size 0 bytes, delay.o(.text), UNUSED)
<BR><BR>[Called By]<UL><LI><a href="#[18b]">&gt;&gt;</a>&nbsp;&nbsp;&nbsp;STMFLASH_WaitDone
</UL>

<P><STRONG><a name="[5e]"></a>delay_ms</STRONG> (Thumb, 36 bytes, Stack size 0 bytes, delay.o(.text))
<BR><BR>[Called By]<UL><LI><a href="#[155]">&gt;&gt;</a>&nbsp;&nbsp;&nbsp;showSetBaudRate
<LI><a href="#[10c]">&gt;&gt;</a>&nbsp;&nbsp;&nbsp;showSetBaudRate_6
<LI><a href="#[10b]">&gt;&gt;</a>&nbsp;&nbsp;&nbsp;showSetBaudRate_5
<LI><a href="#[10a]">&gt;&gt;</a>&nbsp;&nbsp;&nbsp;showSetBaudRate_4
<LI><a href="#[109]">&gt;&gt;</a>&nbsp;&nbsp;&nbsp;showSetBaudRate_3
<LI><a href="#[108]">&gt;&gt;</a>&nbsp;&nbsp;&nbsp;showSetBaudRate_2
<LI><a href="#[107]">&gt;&gt;</a>&nbsp;&nbsp;&nbsp;showSetBaudRate_1
<LI><a href="#[53]">&gt;&gt;</a>&nbsp;&nbsp;&nbsp;main
</UL>

<P><STRONG><a name="[62]"></a>MY_NVIC_SetVectorTable</STRONG> (Thumb, 12 bytes, Stack size 0 bytes, sys.o(.text))
<BR><BR>[Called By]<UL><LI><a href="#[61]">&gt;&gt;</a>&nbsp;&nbsp;&nbsp;MYRCC_DeInit
</UL>

<P><STRONG><a name="[60]"></a>MY_NVIC_PriorityGroupConfig</STRONG> (Thumb, 28 bytes, Stack size 0 bytes, sys.o(.text))
<BR><BR>[Called By]<UL><LI><a href="#[5f]">&gt;&gt;</a>&nbsp;&nbsp;&nbsp;MY_NVIC_Init
</UL>

<P><STRONG><a name="[5f]"></a>MY_NVIC_Init</STRONG> (Thumb, 74 bytes, Stack size 20 bytes, sys.o(.text))
<BR><BR>[Stack]<UL><LI>Max Depth = 20<LI>Call Chain = MY_NVIC_Init
</UL>
<BR>[Calls]<UL><LI><a href="#[60]">&gt;&gt;</a>&nbsp;&nbsp;&nbsp;MY_NVIC_PriorityGroupConfig
</UL>
<BR>[Called By]<UL><LI><a href="#[183]">&gt;&gt;</a>&nbsp;&nbsp;&nbsp;uart5_init
<LI><a href="#[182]">&gt;&gt;</a>&nbsp;&nbsp;&nbsp;uart4_init
<LI><a href="#[fd]">&gt;&gt;</a>&nbsp;&nbsp;&nbsp;uart3_init
<LI><a href="#[67]">&gt;&gt;</a>&nbsp;&nbsp;&nbsp;uart1_init
<LI><a href="#[68]">&gt;&gt;</a>&nbsp;&nbsp;&nbsp;TIM2_Int_Init
<LI><a href="#[5d]">&gt;&gt;</a>&nbsp;&nbsp;&nbsp;uart2_init
<LI><a href="#[5b]">&gt;&gt;</a>&nbsp;&nbsp;&nbsp;TIM3_Int_Init
</UL>

<P><STRONG><a name="[1d3]"></a>Ex_NVIC_Config</STRONG> (Thumb, 84 bytes, Stack size 16 bytes, sys.o(.text), UNUSED)

<P><STRONG><a name="[61]"></a>MYRCC_DeInit</STRONG> (Thumb, 62 bytes, Stack size 0 bytes, sys.o(.text))
<BR><BR>[Calls]<UL><LI><a href="#[62]">&gt;&gt;</a>&nbsp;&nbsp;&nbsp;MY_NVIC_SetVectorTable
</UL>
<BR>[Called By]<UL><LI><a href="#[59]">&gt;&gt;</a>&nbsp;&nbsp;&nbsp;Stm32_Clock_Init
</UL>

<P><STRONG><a name="[63]"></a>Sys_Standby</STRONG> (Thumb, 52 bytes, Stack size 0 bytes, sys.o(.text), UNUSED)
<BR><BR>[Calls]<UL><LI><a href="#[64]">&gt;&gt;</a>&nbsp;&nbsp;&nbsp;WFI_SET
</UL>

<P><STRONG><a name="[1d4]"></a>Sys_Soft_Reset</STRONG> (Thumb, 12 bytes, Stack size 0 bytes, sys.o(.text), UNUSED)

<P><STRONG><a name="[65]"></a>JTAG_Set</STRONG> (Thumb, 30 bytes, Stack size 0 bytes, sys.o(.text))
<BR><BR>[Called By]<UL><LI><a href="#[59]">&gt;&gt;</a>&nbsp;&nbsp;&nbsp;Stm32_Clock_Init
</UL>

<P><STRONG><a name="[59]"></a>Stm32_Clock_Init</STRONG> (Thumb, 114 bytes, Stack size 12 bytes, sys.o(.text))
<BR><BR>[Stack]<UL><LI>Max Depth = 12<LI>Call Chain = Stm32_Clock_Init
</UL>
<BR>[Calls]<UL><LI><a href="#[65]">&gt;&gt;</a>&nbsp;&nbsp;&nbsp;JTAG_Set
<LI><a href="#[61]">&gt;&gt;</a>&nbsp;&nbsp;&nbsp;MYRCC_DeInit
</UL>
<BR>[Called By]<UL><LI><a href="#[53]">&gt;&gt;</a>&nbsp;&nbsp;&nbsp;main
</UL>

<P><STRONG><a name="[69]"></a>ModbusInit</STRONG> (Thumb, 74 bytes, Stack size 8 bytes, communication1.o(.text), UNUSED)
<BR><BR>[Called By]<UL><LI><a href="#[66]">&gt;&gt;</a>&nbsp;&nbsp;&nbsp;communication1_init
</UL>

<P><STRONG><a name="[66]"></a>communication1_init</STRONG> (Thumb, 68 bytes, Stack size 8 bytes, communication1.o(.text), UNUSED)
<BR><BR>[Calls]<UL><LI><a href="#[67]">&gt;&gt;</a>&nbsp;&nbsp;&nbsp;uart1_init
<LI><a href="#[68]">&gt;&gt;</a>&nbsp;&nbsp;&nbsp;TIM2_Int_Init
<LI><a href="#[69]">&gt;&gt;</a>&nbsp;&nbsp;&nbsp;ModbusInit
</UL>

<P><STRONG><a name="[161]"></a>ModbusReceiveOrderCheck</STRONG> (Thumb, 16 bytes, Stack size 0 bytes, communication1.o(.text), UNUSED)
<BR><BR>[Called By]<UL><LI><a href="#[160]">&gt;&gt;</a>&nbsp;&nbsp;&nbsp;showData1High
</UL>

<P><STRONG><a name="[1d5]"></a>ModbusReceiveOrderCheck3</STRONG> (Thumb, 16 bytes, Stack size 0 bytes, communication1.o(.text), UNUSED)

<P><STRONG><a name="[1d6]"></a>ModbusReceiveOrderCheck16</STRONG> (Thumb, 16 bytes, Stack size 0 bytes, communication1.o(.text), UNUSED)

<P><STRONG><a name="[6b]"></a>RS485_Send_Data</STRONG> (Thumb, 50 bytes, Stack size 16 bytes, communication1.o(.text), UNUSED)
<BR><BR>[Called By]<UL><LI><a href="#[7b]">&gt;&gt;</a>&nbsp;&nbsp;&nbsp;ModbusSendOrder1
<LI><a href="#[6a]">&gt;&gt;</a>&nbsp;&nbsp;&nbsp;ModbusSendOrder
</UL>

<P><STRONG><a name="[6a]"></a>ModbusSendOrder</STRONG> (Thumb, 26 bytes, Stack size 4 bytes, communication1.o(.text), UNUSED)
<BR><BR>[Calls]<UL><LI><a href="#[6b]">&gt;&gt;</a>&nbsp;&nbsp;&nbsp;RS485_Send_Data
</UL>
<BR>[Called By]<UL><LI><a href="#[17c]">&gt;&gt;</a>&nbsp;&nbsp;&nbsp;ShowIPAndPortChange_5
<LI><a href="#[17b]">&gt;&gt;</a>&nbsp;&nbsp;&nbsp;ShowAlarmThresholdLow
<LI><a href="#[17a]">&gt;&gt;</a>&nbsp;&nbsp;&nbsp;ShowAlarmThresholdHigh
<LI><a href="#[179]">&gt;&gt;</a>&nbsp;&nbsp;&nbsp;showSetDebugStateOFF_3
<LI><a href="#[178]">&gt;&gt;</a>&nbsp;&nbsp;&nbsp;showSetDebugStateON_3
<LI><a href="#[177]">&gt;&gt;</a>&nbsp;&nbsp;&nbsp;showSetComparisonVoltage8_1
<LI><a href="#[176]">&gt;&gt;</a>&nbsp;&nbsp;&nbsp;showSetComparisonVoltage7_1
<LI><a href="#[175]">&gt;&gt;</a>&nbsp;&nbsp;&nbsp;showSetComparisonVoltage6_1
<LI><a href="#[174]">&gt;&gt;</a>&nbsp;&nbsp;&nbsp;showSetComparisonVoltage5_1
<LI><a href="#[173]">&gt;&gt;</a>&nbsp;&nbsp;&nbsp;showSetComparisonVoltage4_1
<LI><a href="#[172]">&gt;&gt;</a>&nbsp;&nbsp;&nbsp;showSetComparisonVoltage3_1
<LI><a href="#[171]">&gt;&gt;</a>&nbsp;&nbsp;&nbsp;showSetComparisonVoltage2_1
<LI><a href="#[170]">&gt;&gt;</a>&nbsp;&nbsp;&nbsp;showSetUpdateTiming
<LI><a href="#[16f]">&gt;&gt;</a>&nbsp;&nbsp;&nbsp;showData8High
<LI><a href="#[16e]">&gt;&gt;</a>&nbsp;&nbsp;&nbsp;showData8Low
<LI><a href="#[16d]">&gt;&gt;</a>&nbsp;&nbsp;&nbsp;showData7High
<LI><a href="#[16c]">&gt;&gt;</a>&nbsp;&nbsp;&nbsp;showData7Low
<LI><a href="#[16b]">&gt;&gt;</a>&nbsp;&nbsp;&nbsp;showData6High
<LI><a href="#[16a]">&gt;&gt;</a>&nbsp;&nbsp;&nbsp;showData6Low
<LI><a href="#[169]">&gt;&gt;</a>&nbsp;&nbsp;&nbsp;showData5High
<LI><a href="#[168]">&gt;&gt;</a>&nbsp;&nbsp;&nbsp;showData5Low
<LI><a href="#[167]">&gt;&gt;</a>&nbsp;&nbsp;&nbsp;showData4High
<LI><a href="#[166]">&gt;&gt;</a>&nbsp;&nbsp;&nbsp;showData4Low
<LI><a href="#[165]">&gt;&gt;</a>&nbsp;&nbsp;&nbsp;showData3High
<LI><a href="#[164]">&gt;&gt;</a>&nbsp;&nbsp;&nbsp;showData3Low
<LI><a href="#[163]">&gt;&gt;</a>&nbsp;&nbsp;&nbsp;showData2High
<LI><a href="#[162]">&gt;&gt;</a>&nbsp;&nbsp;&nbsp;showData2Low
<LI><a href="#[160]">&gt;&gt;</a>&nbsp;&nbsp;&nbsp;showData1High
<LI><a href="#[15f]">&gt;&gt;</a>&nbsp;&nbsp;&nbsp;showData1Low
<LI><a href="#[15e]">&gt;&gt;</a>&nbsp;&nbsp;&nbsp;showSaturationState
<LI><a href="#[15d]">&gt;&gt;</a>&nbsp;&nbsp;&nbsp;showLightReading
<LI><a href="#[15c]">&gt;&gt;</a>&nbsp;&nbsp;&nbsp;showLightState
<LI><a href="#[15b]">&gt;&gt;</a>&nbsp;&nbsp;&nbsp;showAirPressureNub
<LI><a href="#[15a]">&gt;&gt;</a>&nbsp;&nbsp;&nbsp;showAirPressureState
<LI><a href="#[158]">&gt;&gt;</a>&nbsp;&nbsp;&nbsp;showSetAll
<LI><a href="#[157]">&gt;&gt;</a>&nbsp;&nbsp;&nbsp;showSetUpdateCountdown
<LI><a href="#[156]">&gt;&gt;</a>&nbsp;&nbsp;&nbsp;showReadAccumulatedTime
<LI><a href="#[155]">&gt;&gt;</a>&nbsp;&nbsp;&nbsp;showSetBaudRate
<LI><a href="#[132]">&gt;&gt;</a>&nbsp;&nbsp;&nbsp;showSetWorkTime_1
<LI><a href="#[111]">&gt;&gt;</a>&nbsp;&nbsp;&nbsp;showSetWorkTime
<LI><a href="#[133]">&gt;&gt;</a>&nbsp;&nbsp;&nbsp;showSetWorkDelay_1
<LI><a href="#[112]">&gt;&gt;</a>&nbsp;&nbsp;&nbsp;showSetWorkDelay
<LI><a href="#[12d]">&gt;&gt;</a>&nbsp;&nbsp;&nbsp;showSetPumpPwm_1
<LI><a href="#[121]">&gt;&gt;</a>&nbsp;&nbsp;&nbsp;showSetPumpPwm
<LI><a href="#[124]">&gt;&gt;</a>&nbsp;&nbsp;&nbsp;showSetPressureThreshold
<LI><a href="#[12f]">&gt;&gt;</a>&nbsp;&nbsp;&nbsp;showSetPressureLow_1
<LI><a href="#[113]">&gt;&gt;</a>&nbsp;&nbsp;&nbsp;showSetPressureLow
<LI><a href="#[130]">&gt;&gt;</a>&nbsp;&nbsp;&nbsp;showSetPressureHigh_1
<LI><a href="#[114]">&gt;&gt;</a>&nbsp;&nbsp;&nbsp;showSetPressureHigh
<LI><a href="#[126]">&gt;&gt;</a>&nbsp;&nbsp;&nbsp;showSetPort
<LI><a href="#[143]">&gt;&gt;</a>&nbsp;&nbsp;&nbsp;showSetIP_5
<LI><a href="#[127]">&gt;&gt;</a>&nbsp;&nbsp;&nbsp;showSetIPAndPort
<LI><a href="#[125]">&gt;&gt;</a>&nbsp;&nbsp;&nbsp;showSetIP
<LI><a href="#[12b]">&gt;&gt;</a>&nbsp;&nbsp;&nbsp;showSetDebugStateON_1
<LI><a href="#[122]">&gt;&gt;</a>&nbsp;&nbsp;&nbsp;showSetDebugStateON
<LI><a href="#[12c]">&gt;&gt;</a>&nbsp;&nbsp;&nbsp;showSetDebugStateOFF_1
<LI><a href="#[123]">&gt;&gt;</a>&nbsp;&nbsp;&nbsp;showSetDebugStateOFF
<LI><a href="#[120]">&gt;&gt;</a>&nbsp;&nbsp;&nbsp;showSetComparisonVoltage8
<LI><a href="#[11f]">&gt;&gt;</a>&nbsp;&nbsp;&nbsp;showSetComparisonVoltage7
<LI><a href="#[11e]">&gt;&gt;</a>&nbsp;&nbsp;&nbsp;showSetComparisonVoltage6
<LI><a href="#[11d]">&gt;&gt;</a>&nbsp;&nbsp;&nbsp;showSetComparisonVoltage5
<LI><a href="#[11c]">&gt;&gt;</a>&nbsp;&nbsp;&nbsp;showSetComparisonVoltage4
<LI><a href="#[11b]">&gt;&gt;</a>&nbsp;&nbsp;&nbsp;showSetComparisonVoltage3
<LI><a href="#[11a]">&gt;&gt;</a>&nbsp;&nbsp;&nbsp;showSetComparisonVoltage2
<LI><a href="#[134]">&gt;&gt;</a>&nbsp;&nbsp;&nbsp;showSetComparisonVoltage1_1
<LI><a href="#[119]">&gt;&gt;</a>&nbsp;&nbsp;&nbsp;showSetComparisonVoltage1
<LI><a href="#[10c]">&gt;&gt;</a>&nbsp;&nbsp;&nbsp;showSetBaudRate_6
<LI><a href="#[10b]">&gt;&gt;</a>&nbsp;&nbsp;&nbsp;showSetBaudRate_5
<LI><a href="#[10a]">&gt;&gt;</a>&nbsp;&nbsp;&nbsp;showSetBaudRate_4
<LI><a href="#[109]">&gt;&gt;</a>&nbsp;&nbsp;&nbsp;showSetBaudRate_3
<LI><a href="#[108]">&gt;&gt;</a>&nbsp;&nbsp;&nbsp;showSetBaudRate_2
<LI><a href="#[107]">&gt;&gt;</a>&nbsp;&nbsp;&nbsp;showSetBaudRate_1
<LI><a href="#[131]">&gt;&gt;</a>&nbsp;&nbsp;&nbsp;showSetAirPumpResistance_1
<LI><a href="#[135]">&gt;&gt;</a>&nbsp;&nbsp;&nbsp;showSetAddress_uart3_3
<LI><a href="#[128]">&gt;&gt;</a>&nbsp;&nbsp;&nbsp;showSetAddress_uart3_1
<LI><a href="#[106]">&gt;&gt;</a>&nbsp;&nbsp;&nbsp;showSetAddress_uart3
<LI><a href="#[110]">&gt;&gt;</a>&nbsp;&nbsp;&nbsp;showSaturationThreshold
<LI><a href="#[136]">&gt;&gt;</a>&nbsp;&nbsp;&nbsp;showOpen_uart3_3
<LI><a href="#[129]">&gt;&gt;</a>&nbsp;&nbsp;&nbsp;showOpen_uart3_1
<LI><a href="#[103]">&gt;&gt;</a>&nbsp;&nbsp;&nbsp;showOpen_uart3
<LI><a href="#[10f]">&gt;&gt;</a>&nbsp;&nbsp;&nbsp;showLightThreshold
<LI><a href="#[10e]">&gt;&gt;</a>&nbsp;&nbsp;&nbsp;showCumulativeFrequency
<LI><a href="#[12e]">&gt;&gt;</a>&nbsp;&nbsp;&nbsp;showCommunicationCheck_1
<LI><a href="#[10d]">&gt;&gt;</a>&nbsp;&nbsp;&nbsp;showCommunicationCheck
<LI><a href="#[137]">&gt;&gt;</a>&nbsp;&nbsp;&nbsp;showClose_uart3_3
<LI><a href="#[12a]">&gt;&gt;</a>&nbsp;&nbsp;&nbsp;showClose_uart3_1
<LI><a href="#[104]">&gt;&gt;</a>&nbsp;&nbsp;&nbsp;showClose_uart3
<LI><a href="#[139]">&gt;&gt;</a>&nbsp;&nbsp;&nbsp;ShowTemperatureThreshold
<LI><a href="#[14d]">&gt;&gt;</a>&nbsp;&nbsp;&nbsp;ShowSetSerialNumber_5
<LI><a href="#[13a]">&gt;&gt;</a>&nbsp;&nbsp;&nbsp;ShowSetNumberChannels
<LI><a href="#[14e]">&gt;&gt;</a>&nbsp;&nbsp;&nbsp;ShowSetModbusVersion
<LI><a href="#[13e]">&gt;&gt;</a>&nbsp;&nbsp;&nbsp;ShowSetGasCoefficient
<LI><a href="#[13d]">&gt;&gt;</a>&nbsp;&nbsp;&nbsp;ShowSetFlow
<LI><a href="#[14f]">&gt;&gt;</a>&nbsp;&nbsp;&nbsp;ShowSetDeviceVersion
<LI><a href="#[14c]">&gt;&gt;</a>&nbsp;&nbsp;&nbsp;ShowSerialNumber8_5
<LI><a href="#[14b]">&gt;&gt;</a>&nbsp;&nbsp;&nbsp;ShowSerialNumber7_5
<LI><a href="#[14a]">&gt;&gt;</a>&nbsp;&nbsp;&nbsp;ShowSerialNumber6_5
<LI><a href="#[149]">&gt;&gt;</a>&nbsp;&nbsp;&nbsp;ShowSerialNumber5_5
<LI><a href="#[148]">&gt;&gt;</a>&nbsp;&nbsp;&nbsp;ShowSerialNumber4_5
<LI><a href="#[147]">&gt;&gt;</a>&nbsp;&nbsp;&nbsp;ShowSerialNumber3_5
<LI><a href="#[146]">&gt;&gt;</a>&nbsp;&nbsp;&nbsp;ShowSerialNumber2_5
<LI><a href="#[145]">&gt;&gt;</a>&nbsp;&nbsp;&nbsp;ShowSerialNumber1_5
<LI><a href="#[13b]">&gt;&gt;</a>&nbsp;&nbsp;&nbsp;ShowSamplingInterval
<LI><a href="#[13c]">&gt;&gt;</a>&nbsp;&nbsp;&nbsp;ShowSamplingFrequency
<LI><a href="#[144]">&gt;&gt;</a>&nbsp;&nbsp;&nbsp;ShowPortData_5
<LI><a href="#[140]">&gt;&gt;</a>&nbsp;&nbsp;&nbsp;ShowPMTResistance
<LI><a href="#[13f]">&gt;&gt;</a>&nbsp;&nbsp;&nbsp;ShowPMTControlVoltage
<LI><a href="#[138]">&gt;&gt;</a>&nbsp;&nbsp;&nbsp;ShowLightFailureMeasurement
<LI><a href="#[142]">&gt;&gt;</a>&nbsp;&nbsp;&nbsp;ShowAlarmThreshold
<LI><a href="#[141]">&gt;&gt;</a>&nbsp;&nbsp;&nbsp;ShowAirPumpPWM
<LI><a href="#[7a]">&gt;&gt;</a>&nbsp;&nbsp;&nbsp;EqipmentModbusMonitor_7
<LI><a href="#[79]">&gt;&gt;</a>&nbsp;&nbsp;&nbsp;EqipmentModbusMonitor7
<LI><a href="#[78]">&gt;&gt;</a>&nbsp;&nbsp;&nbsp;EqipmentModbusMonitor_6
<LI><a href="#[76]">&gt;&gt;</a>&nbsp;&nbsp;&nbsp;EqipmentModbusMonitor6
<LI><a href="#[75]">&gt;&gt;</a>&nbsp;&nbsp;&nbsp;EqipmentModbusMonitor_5
<LI><a href="#[74]">&gt;&gt;</a>&nbsp;&nbsp;&nbsp;EqipmentModbusMonitor5
<LI><a href="#[73]">&gt;&gt;</a>&nbsp;&nbsp;&nbsp;EqipmentModbusMonitor_4
<LI><a href="#[72]">&gt;&gt;</a>&nbsp;&nbsp;&nbsp;EqipmentModbusMonitor4
<LI><a href="#[71]">&gt;&gt;</a>&nbsp;&nbsp;&nbsp;EqipmentModbusMonitor_3
<LI><a href="#[70]">&gt;&gt;</a>&nbsp;&nbsp;&nbsp;EqipmentModbusMonitor3
<LI><a href="#[6f]">&gt;&gt;</a>&nbsp;&nbsp;&nbsp;EqipmentModbusMonitor_2
<LI><a href="#[6e]">&gt;&gt;</a>&nbsp;&nbsp;&nbsp;EqipmentModbusMonitor2
<LI><a href="#[6d]">&gt;&gt;</a>&nbsp;&nbsp;&nbsp;EqipmentModbusMonitor_1
<LI><a href="#[6c]">&gt;&gt;</a>&nbsp;&nbsp;&nbsp;EqipmentModbusMonitor
</UL>

<P><STRONG><a name="[6c]"></a>EqipmentModbusMonitor</STRONG> (Thumb, 46 bytes, Stack size 0 bytes, communication1.o(.text), UNUSED)
<BR><BR>[Calls]<UL><LI><a href="#[6a]">&gt;&gt;</a>&nbsp;&nbsp;&nbsp;ModbusSendOrder
</UL>

<P><STRONG><a name="[6d]"></a>EqipmentModbusMonitor_1</STRONG> (Thumb, 36 bytes, Stack size 0 bytes, communication1.o(.text), UNUSED)
<BR><BR>[Calls]<UL><LI><a href="#[6a]">&gt;&gt;</a>&nbsp;&nbsp;&nbsp;ModbusSendOrder
</UL>
<BR>[Called By]<UL><LI><a href="#[fe]">&gt;&gt;</a>&nbsp;&nbsp;&nbsp;order_dispose_u3
</UL>

<P><STRONG><a name="[6e]"></a>EqipmentModbusMonitor2</STRONG> (Thumb, 44 bytes, Stack size 0 bytes, communication1.o(.text), UNUSED)
<BR><BR>[Calls]<UL><LI><a href="#[6a]">&gt;&gt;</a>&nbsp;&nbsp;&nbsp;ModbusSendOrder
</UL>

<P><STRONG><a name="[6f]"></a>EqipmentModbusMonitor_2</STRONG> (Thumb, 34 bytes, Stack size 0 bytes, communication1.o(.text), UNUSED)
<BR><BR>[Calls]<UL><LI><a href="#[6a]">&gt;&gt;</a>&nbsp;&nbsp;&nbsp;ModbusSendOrder
</UL>
<BR>[Called By]<UL><LI><a href="#[fe]">&gt;&gt;</a>&nbsp;&nbsp;&nbsp;order_dispose_u3
</UL>

<P><STRONG><a name="[70]"></a>EqipmentModbusMonitor3</STRONG> (Thumb, 46 bytes, Stack size 0 bytes, communication1.o(.text), UNUSED)
<BR><BR>[Calls]<UL><LI><a href="#[6a]">&gt;&gt;</a>&nbsp;&nbsp;&nbsp;ModbusSendOrder
</UL>

<P><STRONG><a name="[71]"></a>EqipmentModbusMonitor_3</STRONG> (Thumb, 36 bytes, Stack size 0 bytes, communication1.o(.text), UNUSED)
<BR><BR>[Calls]<UL><LI><a href="#[6a]">&gt;&gt;</a>&nbsp;&nbsp;&nbsp;ModbusSendOrder
</UL>
<BR>[Called By]<UL><LI><a href="#[fe]">&gt;&gt;</a>&nbsp;&nbsp;&nbsp;order_dispose_u3
</UL>

<P><STRONG><a name="[72]"></a>EqipmentModbusMonitor4</STRONG> (Thumb, 46 bytes, Stack size 0 bytes, communication1.o(.text), UNUSED)
<BR><BR>[Calls]<UL><LI><a href="#[6a]">&gt;&gt;</a>&nbsp;&nbsp;&nbsp;ModbusSendOrder
</UL>

<P><STRONG><a name="[73]"></a>EqipmentModbusMonitor_4</STRONG> (Thumb, 36 bytes, Stack size 0 bytes, communication1.o(.text), UNUSED)
<BR><BR>[Calls]<UL><LI><a href="#[6a]">&gt;&gt;</a>&nbsp;&nbsp;&nbsp;ModbusSendOrder
</UL>
<BR>[Called By]<UL><LI><a href="#[fe]">&gt;&gt;</a>&nbsp;&nbsp;&nbsp;order_dispose_u3
</UL>

<P><STRONG><a name="[74]"></a>EqipmentModbusMonitor5</STRONG> (Thumb, 46 bytes, Stack size 0 bytes, communication1.o(.text), UNUSED)
<BR><BR>[Calls]<UL><LI><a href="#[6a]">&gt;&gt;</a>&nbsp;&nbsp;&nbsp;ModbusSendOrder
</UL>

<P><STRONG><a name="[75]"></a>EqipmentModbusMonitor_5</STRONG> (Thumb, 36 bytes, Stack size 0 bytes, communication1.o(.text), UNUSED)
<BR><BR>[Calls]<UL><LI><a href="#[6a]">&gt;&gt;</a>&nbsp;&nbsp;&nbsp;ModbusSendOrder
</UL>
<BR>[Called By]<UL><LI><a href="#[fe]">&gt;&gt;</a>&nbsp;&nbsp;&nbsp;order_dispose_u3
</UL>

<P><STRONG><a name="[77]"></a>crc16</STRONG> (Thumb, 38 bytes, Stack size 16 bytes, communication1.o(.text), UNUSED)
<BR><BR>[Called By]<UL><LI><a href="#[17c]">&gt;&gt;</a>&nbsp;&nbsp;&nbsp;ShowIPAndPortChange_5
<LI><a href="#[17b]">&gt;&gt;</a>&nbsp;&nbsp;&nbsp;ShowAlarmThresholdLow
<LI><a href="#[17a]">&gt;&gt;</a>&nbsp;&nbsp;&nbsp;ShowAlarmThresholdHigh
<LI><a href="#[177]">&gt;&gt;</a>&nbsp;&nbsp;&nbsp;showSetComparisonVoltage8_1
<LI><a href="#[176]">&gt;&gt;</a>&nbsp;&nbsp;&nbsp;showSetComparisonVoltage7_1
<LI><a href="#[175]">&gt;&gt;</a>&nbsp;&nbsp;&nbsp;showSetComparisonVoltage6_1
<LI><a href="#[174]">&gt;&gt;</a>&nbsp;&nbsp;&nbsp;showSetComparisonVoltage5_1
<LI><a href="#[173]">&gt;&gt;</a>&nbsp;&nbsp;&nbsp;showSetComparisonVoltage4_1
<LI><a href="#[172]">&gt;&gt;</a>&nbsp;&nbsp;&nbsp;showSetComparisonVoltage3_1
<LI><a href="#[171]">&gt;&gt;</a>&nbsp;&nbsp;&nbsp;showSetComparisonVoltage2_1
<LI><a href="#[170]">&gt;&gt;</a>&nbsp;&nbsp;&nbsp;showSetUpdateTiming
<LI><a href="#[16f]">&gt;&gt;</a>&nbsp;&nbsp;&nbsp;showData8High
<LI><a href="#[16e]">&gt;&gt;</a>&nbsp;&nbsp;&nbsp;showData8Low
<LI><a href="#[16d]">&gt;&gt;</a>&nbsp;&nbsp;&nbsp;showData7High
<LI><a href="#[16c]">&gt;&gt;</a>&nbsp;&nbsp;&nbsp;showData7Low
<LI><a href="#[16b]">&gt;&gt;</a>&nbsp;&nbsp;&nbsp;showData6High
<LI><a href="#[16a]">&gt;&gt;</a>&nbsp;&nbsp;&nbsp;showData6Low
<LI><a href="#[169]">&gt;&gt;</a>&nbsp;&nbsp;&nbsp;showData5High
<LI><a href="#[168]">&gt;&gt;</a>&nbsp;&nbsp;&nbsp;showData5Low
<LI><a href="#[167]">&gt;&gt;</a>&nbsp;&nbsp;&nbsp;showData4High
<LI><a href="#[166]">&gt;&gt;</a>&nbsp;&nbsp;&nbsp;showData4Low
<LI><a href="#[165]">&gt;&gt;</a>&nbsp;&nbsp;&nbsp;showData3High
<LI><a href="#[164]">&gt;&gt;</a>&nbsp;&nbsp;&nbsp;showData3Low
<LI><a href="#[163]">&gt;&gt;</a>&nbsp;&nbsp;&nbsp;showData2High
<LI><a href="#[162]">&gt;&gt;</a>&nbsp;&nbsp;&nbsp;showData2Low
<LI><a href="#[160]">&gt;&gt;</a>&nbsp;&nbsp;&nbsp;showData1High
<LI><a href="#[15f]">&gt;&gt;</a>&nbsp;&nbsp;&nbsp;showData1Low
<LI><a href="#[15e]">&gt;&gt;</a>&nbsp;&nbsp;&nbsp;showSaturationState
<LI><a href="#[15d]">&gt;&gt;</a>&nbsp;&nbsp;&nbsp;showLightReading
<LI><a href="#[15c]">&gt;&gt;</a>&nbsp;&nbsp;&nbsp;showLightState
<LI><a href="#[15b]">&gt;&gt;</a>&nbsp;&nbsp;&nbsp;showAirPressureNub
<LI><a href="#[15a]">&gt;&gt;</a>&nbsp;&nbsp;&nbsp;showAirPressureState
<LI><a href="#[157]">&gt;&gt;</a>&nbsp;&nbsp;&nbsp;showSetUpdateCountdown
<LI><a href="#[156]">&gt;&gt;</a>&nbsp;&nbsp;&nbsp;showReadAccumulatedTime
<LI><a href="#[155]">&gt;&gt;</a>&nbsp;&nbsp;&nbsp;showSetBaudRate
<LI><a href="#[132]">&gt;&gt;</a>&nbsp;&nbsp;&nbsp;showSetWorkTime_1
<LI><a href="#[111]">&gt;&gt;</a>&nbsp;&nbsp;&nbsp;showSetWorkTime
<LI><a href="#[133]">&gt;&gt;</a>&nbsp;&nbsp;&nbsp;showSetWorkDelay_1
<LI><a href="#[112]">&gt;&gt;</a>&nbsp;&nbsp;&nbsp;showSetWorkDelay
<LI><a href="#[12d]">&gt;&gt;</a>&nbsp;&nbsp;&nbsp;showSetPumpPwm_1
<LI><a href="#[121]">&gt;&gt;</a>&nbsp;&nbsp;&nbsp;showSetPumpPwm
<LI><a href="#[124]">&gt;&gt;</a>&nbsp;&nbsp;&nbsp;showSetPressureThreshold
<LI><a href="#[12f]">&gt;&gt;</a>&nbsp;&nbsp;&nbsp;showSetPressureLow_1
<LI><a href="#[113]">&gt;&gt;</a>&nbsp;&nbsp;&nbsp;showSetPressureLow
<LI><a href="#[130]">&gt;&gt;</a>&nbsp;&nbsp;&nbsp;showSetPressureHigh_1
<LI><a href="#[114]">&gt;&gt;</a>&nbsp;&nbsp;&nbsp;showSetPressureHigh
<LI><a href="#[126]">&gt;&gt;</a>&nbsp;&nbsp;&nbsp;showSetPort
<LI><a href="#[143]">&gt;&gt;</a>&nbsp;&nbsp;&nbsp;showSetIP_5
<LI><a href="#[127]">&gt;&gt;</a>&nbsp;&nbsp;&nbsp;showSetIPAndPort
<LI><a href="#[125]">&gt;&gt;</a>&nbsp;&nbsp;&nbsp;showSetIP
<LI><a href="#[120]">&gt;&gt;</a>&nbsp;&nbsp;&nbsp;showSetComparisonVoltage8
<LI><a href="#[11f]">&gt;&gt;</a>&nbsp;&nbsp;&nbsp;showSetComparisonVoltage7
<LI><a href="#[11e]">&gt;&gt;</a>&nbsp;&nbsp;&nbsp;showSetComparisonVoltage6
<LI><a href="#[11d]">&gt;&gt;</a>&nbsp;&nbsp;&nbsp;showSetComparisonVoltage5
<LI><a href="#[11c]">&gt;&gt;</a>&nbsp;&nbsp;&nbsp;showSetComparisonVoltage4
<LI><a href="#[11b]">&gt;&gt;</a>&nbsp;&nbsp;&nbsp;showSetComparisonVoltage3
<LI><a href="#[11a]">&gt;&gt;</a>&nbsp;&nbsp;&nbsp;showSetComparisonVoltage2
<LI><a href="#[134]">&gt;&gt;</a>&nbsp;&nbsp;&nbsp;showSetComparisonVoltage1_1
<LI><a href="#[119]">&gt;&gt;</a>&nbsp;&nbsp;&nbsp;showSetComparisonVoltage1
<LI><a href="#[10c]">&gt;&gt;</a>&nbsp;&nbsp;&nbsp;showSetBaudRate_6
<LI><a href="#[10b]">&gt;&gt;</a>&nbsp;&nbsp;&nbsp;showSetBaudRate_5
<LI><a href="#[10a]">&gt;&gt;</a>&nbsp;&nbsp;&nbsp;showSetBaudRate_4
<LI><a href="#[109]">&gt;&gt;</a>&nbsp;&nbsp;&nbsp;showSetBaudRate_3
<LI><a href="#[108]">&gt;&gt;</a>&nbsp;&nbsp;&nbsp;showSetBaudRate_2
<LI><a href="#[107]">&gt;&gt;</a>&nbsp;&nbsp;&nbsp;showSetBaudRate_1
<LI><a href="#[131]">&gt;&gt;</a>&nbsp;&nbsp;&nbsp;showSetAirPumpResistance_1
<LI><a href="#[135]">&gt;&gt;</a>&nbsp;&nbsp;&nbsp;showSetAddress_uart3_3
<LI><a href="#[128]">&gt;&gt;</a>&nbsp;&nbsp;&nbsp;showSetAddress_uart3_1
<LI><a href="#[106]">&gt;&gt;</a>&nbsp;&nbsp;&nbsp;showSetAddress_uart3
<LI><a href="#[110]">&gt;&gt;</a>&nbsp;&nbsp;&nbsp;showSaturationThreshold
<LI><a href="#[10f]">&gt;&gt;</a>&nbsp;&nbsp;&nbsp;showLightThreshold
<LI><a href="#[10e]">&gt;&gt;</a>&nbsp;&nbsp;&nbsp;showCumulativeFrequency
<LI><a href="#[12e]">&gt;&gt;</a>&nbsp;&nbsp;&nbsp;showCommunicationCheck_1
<LI><a href="#[10d]">&gt;&gt;</a>&nbsp;&nbsp;&nbsp;showCommunicationCheck
<LI><a href="#[139]">&gt;&gt;</a>&nbsp;&nbsp;&nbsp;ShowTemperatureThreshold
<LI><a href="#[14d]">&gt;&gt;</a>&nbsp;&nbsp;&nbsp;ShowSetSerialNumber_5
<LI><a href="#[13a]">&gt;&gt;</a>&nbsp;&nbsp;&nbsp;ShowSetNumberChannels
<LI><a href="#[14e]">&gt;&gt;</a>&nbsp;&nbsp;&nbsp;ShowSetModbusVersion
<LI><a href="#[13e]">&gt;&gt;</a>&nbsp;&nbsp;&nbsp;ShowSetGasCoefficient
<LI><a href="#[13d]">&gt;&gt;</a>&nbsp;&nbsp;&nbsp;ShowSetFlow
<LI><a href="#[14f]">&gt;&gt;</a>&nbsp;&nbsp;&nbsp;ShowSetDeviceVersion
<LI><a href="#[14c]">&gt;&gt;</a>&nbsp;&nbsp;&nbsp;ShowSerialNumber8_5
<LI><a href="#[14b]">&gt;&gt;</a>&nbsp;&nbsp;&nbsp;ShowSerialNumber7_5
<LI><a href="#[14a]">&gt;&gt;</a>&nbsp;&nbsp;&nbsp;ShowSerialNumber6_5
<LI><a href="#[149]">&gt;&gt;</a>&nbsp;&nbsp;&nbsp;ShowSerialNumber5_5
<LI><a href="#[148]">&gt;&gt;</a>&nbsp;&nbsp;&nbsp;ShowSerialNumber4_5
<LI><a href="#[147]">&gt;&gt;</a>&nbsp;&nbsp;&nbsp;ShowSerialNumber3_5
<LI><a href="#[146]">&gt;&gt;</a>&nbsp;&nbsp;&nbsp;ShowSerialNumber2_5
<LI><a href="#[145]">&gt;&gt;</a>&nbsp;&nbsp;&nbsp;ShowSerialNumber1_5
<LI><a href="#[13b]">&gt;&gt;</a>&nbsp;&nbsp;&nbsp;ShowSamplingInterval
<LI><a href="#[13c]">&gt;&gt;</a>&nbsp;&nbsp;&nbsp;ShowSamplingFrequency
<LI><a href="#[144]">&gt;&gt;</a>&nbsp;&nbsp;&nbsp;ShowPortData_5
<LI><a href="#[140]">&gt;&gt;</a>&nbsp;&nbsp;&nbsp;ShowPMTResistance
<LI><a href="#[13f]">&gt;&gt;</a>&nbsp;&nbsp;&nbsp;ShowPMTControlVoltage
<LI><a href="#[138]">&gt;&gt;</a>&nbsp;&nbsp;&nbsp;ShowLightFailureMeasurement
<LI><a href="#[142]">&gt;&gt;</a>&nbsp;&nbsp;&nbsp;ShowAlarmThreshold
<LI><a href="#[141]">&gt;&gt;</a>&nbsp;&nbsp;&nbsp;ShowAirPumpPWM
<LI><a href="#[79]">&gt;&gt;</a>&nbsp;&nbsp;&nbsp;EqipmentModbusMonitor7
<LI><a href="#[78]">&gt;&gt;</a>&nbsp;&nbsp;&nbsp;EqipmentModbusMonitor_6
<LI><a href="#[76]">&gt;&gt;</a>&nbsp;&nbsp;&nbsp;EqipmentModbusMonitor6
</UL>

<P><STRONG><a name="[76]"></a>EqipmentModbusMonitor6</STRONG> (Thumb, 60 bytes, Stack size 8 bytes, communication1.o(.text), UNUSED)
<BR><BR>[Calls]<UL><LI><a href="#[77]">&gt;&gt;</a>&nbsp;&nbsp;&nbsp;crc16
<LI><a href="#[6a]">&gt;&gt;</a>&nbsp;&nbsp;&nbsp;ModbusSendOrder
</UL>

<P><STRONG><a name="[78]"></a>EqipmentModbusMonitor_6</STRONG> (Thumb, 50 bytes, Stack size 8 bytes, communication1.o(.text), UNUSED)
<BR><BR>[Calls]<UL><LI><a href="#[77]">&gt;&gt;</a>&nbsp;&nbsp;&nbsp;crc16
<LI><a href="#[6a]">&gt;&gt;</a>&nbsp;&nbsp;&nbsp;ModbusSendOrder
</UL>
<BR>[Called By]<UL><LI><a href="#[fe]">&gt;&gt;</a>&nbsp;&nbsp;&nbsp;order_dispose_u3
</UL>

<P><STRONG><a name="[79]"></a>EqipmentModbusMonitor7</STRONG> (Thumb, 60 bytes, Stack size 8 bytes, communication1.o(.text), UNUSED)
<BR><BR>[Calls]<UL><LI><a href="#[77]">&gt;&gt;</a>&nbsp;&nbsp;&nbsp;crc16
<LI><a href="#[6a]">&gt;&gt;</a>&nbsp;&nbsp;&nbsp;ModbusSendOrder
</UL>

<P><STRONG><a name="[7a]"></a>EqipmentModbusMonitor_7</STRONG> (Thumb, 36 bytes, Stack size 0 bytes, communication1.o(.text), UNUSED)
<BR><BR>[Calls]<UL><LI><a href="#[6a]">&gt;&gt;</a>&nbsp;&nbsp;&nbsp;ModbusSendOrder
</UL>
<BR>[Called By]<UL><LI><a href="#[fe]">&gt;&gt;</a>&nbsp;&nbsp;&nbsp;order_dispose_u3
</UL>

<P><STRONG><a name="[7b]"></a>ModbusSendOrder1</STRONG> (Thumb, 26 bytes, Stack size 4 bytes, communication1.o(.text), UNUSED)
<BR><BR>[Calls]<UL><LI><a href="#[6b]">&gt;&gt;</a>&nbsp;&nbsp;&nbsp;RS485_Send_Data
</UL>
<BR>[Called By]<UL><LI><a href="#[155]">&gt;&gt;</a>&nbsp;&nbsp;&nbsp;showSetBaudRate
<LI><a href="#[10c]">&gt;&gt;</a>&nbsp;&nbsp;&nbsp;showSetBaudRate_6
<LI><a href="#[10b]">&gt;&gt;</a>&nbsp;&nbsp;&nbsp;showSetBaudRate_5
<LI><a href="#[10a]">&gt;&gt;</a>&nbsp;&nbsp;&nbsp;showSetBaudRate_4
<LI><a href="#[109]">&gt;&gt;</a>&nbsp;&nbsp;&nbsp;showSetBaudRate_3
<LI><a href="#[108]">&gt;&gt;</a>&nbsp;&nbsp;&nbsp;showSetBaudRate_2
<LI><a href="#[107]">&gt;&gt;</a>&nbsp;&nbsp;&nbsp;showSetBaudRate_1
</UL>

<P><STRONG><a name="[7c]"></a>SetBaudRate</STRONG> (Thumb, 106 bytes, Stack size 0 bytes, communication1.o(.text), UNUSED)
<BR><BR>[Calls]<UL><LI><a href="#[67]">&gt;&gt;</a>&nbsp;&nbsp;&nbsp;uart1_init
</UL>
<BR>[Called By]<UL><LI><a href="#[155]">&gt;&gt;</a>&nbsp;&nbsp;&nbsp;showSetBaudRate
</UL>

<P><STRONG><a name="[7d]"></a>SetBaudRate_1</STRONG> (Thumb, 48 bytes, Stack size 0 bytes, communication1.o(.text), UNUSED)
<BR><BR>[Calls]<UL><LI><a href="#[67]">&gt;&gt;</a>&nbsp;&nbsp;&nbsp;uart1_init
</UL>
<BR>[Called By]<UL><LI><a href="#[107]">&gt;&gt;</a>&nbsp;&nbsp;&nbsp;showSetBaudRate_1
</UL>

<P><STRONG><a name="[7e]"></a>SetBaudRate_2</STRONG> (Thumb, 70 bytes, Stack size 0 bytes, communication1.o(.text), UNUSED)
<BR><BR>[Calls]<UL><LI><a href="#[67]">&gt;&gt;</a>&nbsp;&nbsp;&nbsp;uart1_init
</UL>
<BR>[Called By]<UL><LI><a href="#[108]">&gt;&gt;</a>&nbsp;&nbsp;&nbsp;showSetBaudRate_2
</UL>

<P><STRONG><a name="[7f]"></a>SetBaudRate_3</STRONG> (Thumb, 48 bytes, Stack size 0 bytes, communication1.o(.text), UNUSED)
<BR><BR>[Calls]<UL><LI><a href="#[67]">&gt;&gt;</a>&nbsp;&nbsp;&nbsp;uart1_init
</UL>
<BR>[Called By]<UL><LI><a href="#[109]">&gt;&gt;</a>&nbsp;&nbsp;&nbsp;showSetBaudRate_3
</UL>

<P><STRONG><a name="[80]"></a>SetBaudRate_4</STRONG> (Thumb, 70 bytes, Stack size 0 bytes, communication1.o(.text), UNUSED)
<BR><BR>[Calls]<UL><LI><a href="#[67]">&gt;&gt;</a>&nbsp;&nbsp;&nbsp;uart1_init
</UL>
<BR>[Called By]<UL><LI><a href="#[10a]">&gt;&gt;</a>&nbsp;&nbsp;&nbsp;showSetBaudRate_4
</UL>

<P><STRONG><a name="[81]"></a>SetBaudRate_5</STRONG> (Thumb, 70 bytes, Stack size 0 bytes, communication1.o(.text), UNUSED)
<BR><BR>[Calls]<UL><LI><a href="#[67]">&gt;&gt;</a>&nbsp;&nbsp;&nbsp;uart1_init
</UL>
<BR>[Called By]<UL><LI><a href="#[10b]">&gt;&gt;</a>&nbsp;&nbsp;&nbsp;showSetBaudRate_5
</UL>

<P><STRONG><a name="[82]"></a>SetBaudRate_6</STRONG> (Thumb, 70 bytes, Stack size 0 bytes, communication1.o(.text), UNUSED)
<BR><BR>[Calls]<UL><LI><a href="#[67]">&gt;&gt;</a>&nbsp;&nbsp;&nbsp;uart1_init
</UL>
<BR>[Called By]<UL><LI><a href="#[10c]">&gt;&gt;</a>&nbsp;&nbsp;&nbsp;showSetBaudRate_6
</UL>

<P><STRONG><a name="[186]"></a>RS485_Read</STRONG> (Thumb, 8 bytes, Stack size 0 bytes, communication1.o(.text), UNUSED)
<BR><BR>[Called By]<UL><LI><a href="#[184]">&gt;&gt;</a>&nbsp;&nbsp;&nbsp;send_uart1
</UL>

<P><STRONG><a name="[185]"></a>RS485_Send</STRONG> (Thumb, 8 bytes, Stack size 0 bytes, communication1.o(.text), UNUSED)
<BR><BR>[Called By]<UL><LI><a href="#[184]">&gt;&gt;</a>&nbsp;&nbsp;&nbsp;send_uart1
</UL>

<P><STRONG><a name="[32]"></a>USART1_IRQHandler</STRONG> (Thumb, 50 bytes, Stack size 0 bytes, communication1.o(.text))
<BR>[Address Reference Count : 1]<UL><LI> startup_stm32f10x_hd.o(RESET)
</UL>
<P><STRONG><a name="[83]"></a>ModbusFun16_1</STRONG> (Thumb, 96 bytes, Stack size 0 bytes, communication1.o(.text), UNUSED)
<BR><BR>[Calls]<UL><LI><a href="#[87]">&gt;&gt;</a>&nbsp;&nbsp;&nbsp;SetData
<LI><a href="#[86]">&gt;&gt;</a>&nbsp;&nbsp;&nbsp;Set050
<LI><a href="#[8d]">&gt;&gt;</a>&nbsp;&nbsp;&nbsp;Set042
<LI><a href="#[8c]">&gt;&gt;</a>&nbsp;&nbsp;&nbsp;Set040
<LI><a href="#[8b]">&gt;&gt;</a>&nbsp;&nbsp;&nbsp;Set038
<LI><a href="#[8a]">&gt;&gt;</a>&nbsp;&nbsp;&nbsp;Set036
<LI><a href="#[85]">&gt;&gt;</a>&nbsp;&nbsp;&nbsp;Set034
<LI><a href="#[89]">&gt;&gt;</a>&nbsp;&nbsp;&nbsp;Set032
<LI><a href="#[88]">&gt;&gt;</a>&nbsp;&nbsp;&nbsp;Set030
<LI><a href="#[84]">&gt;&gt;</a>&nbsp;&nbsp;&nbsp;Set028
</UL>
<BR>[Called By]<UL><LI><a href="#[a4]">&gt;&gt;</a>&nbsp;&nbsp;&nbsp;Modbus_Event_1
</UL>

<P><STRONG><a name="[8e]"></a>ModbusFun6_1</STRONG> (Thumb, 188 bytes, Stack size 0 bytes, communication1.o(.text), UNUSED)
<BR><BR>[Calls]<UL><LI><a href="#[a3]">&gt;&gt;</a>&nbsp;&nbsp;&nbsp;Set068_1
<LI><a href="#[a2]">&gt;&gt;</a>&nbsp;&nbsp;&nbsp;Set067_1
<LI><a href="#[a1]">&gt;&gt;</a>&nbsp;&nbsp;&nbsp;Set066_1
<LI><a href="#[a0]">&gt;&gt;</a>&nbsp;&nbsp;&nbsp;Set065_1
<LI><a href="#[9f]">&gt;&gt;</a>&nbsp;&nbsp;&nbsp;Set064_1
<LI><a href="#[9e]">&gt;&gt;</a>&nbsp;&nbsp;&nbsp;Set063_1
<LI><a href="#[9d]">&gt;&gt;</a>&nbsp;&nbsp;&nbsp;Set062_1
<LI><a href="#[9c]">&gt;&gt;</a>&nbsp;&nbsp;&nbsp;Set061_1
<LI><a href="#[9b]">&gt;&gt;</a>&nbsp;&nbsp;&nbsp;Set060_1
<LI><a href="#[9a]">&gt;&gt;</a>&nbsp;&nbsp;&nbsp;Set044_1
<LI><a href="#[90]">&gt;&gt;</a>&nbsp;&nbsp;&nbsp;Set043_1
<LI><a href="#[99]">&gt;&gt;</a>&nbsp;&nbsp;&nbsp;Set042_1
<LI><a href="#[98]">&gt;&gt;</a>&nbsp;&nbsp;&nbsp;Set041On_1
<LI><a href="#[97]">&gt;&gt;</a>&nbsp;&nbsp;&nbsp;Set041Down_1
<LI><a href="#[96]">&gt;&gt;</a>&nbsp;&nbsp;&nbsp;Set038_1
<LI><a href="#[95]">&gt;&gt;</a>&nbsp;&nbsp;&nbsp;Set037_1
<LI><a href="#[8f]">&gt;&gt;</a>&nbsp;&nbsp;&nbsp;Set036_1
<LI><a href="#[94]">&gt;&gt;</a>&nbsp;&nbsp;&nbsp;Set003On_1
<LI><a href="#[93]">&gt;&gt;</a>&nbsp;&nbsp;&nbsp;Set003Down_1
<LI><a href="#[92]">&gt;&gt;</a>&nbsp;&nbsp;&nbsp;Set002_1
<LI><a href="#[91]">&gt;&gt;</a>&nbsp;&nbsp;&nbsp;Set001_1
</UL>
<BR>[Called By]<UL><LI><a href="#[a4]">&gt;&gt;</a>&nbsp;&nbsp;&nbsp;Modbus_Event_1
</UL>

<P><STRONG><a name="[a4]"></a>Modbus_Event_1</STRONG> (Thumb, 88 bytes, Stack size 16 bytes, communication1.o(.text), UNUSED)
<BR><BR>[Calls]<UL><LI><a href="#[a5]">&gt;&gt;</a>&nbsp;&nbsp;&nbsp;showData_1
<LI><a href="#[a6]">&gt;&gt;</a>&nbsp;&nbsp;&nbsp;showData1_1
<LI><a href="#[8e]">&gt;&gt;</a>&nbsp;&nbsp;&nbsp;ModbusFun6_1
<LI><a href="#[83]">&gt;&gt;</a>&nbsp;&nbsp;&nbsp;ModbusFun16_1
</UL>

<P><STRONG><a name="[a7]"></a>ModbusFun16_2</STRONG> (Thumb, 96 bytes, Stack size 0 bytes, communication1.o(.text), UNUSED)
<BR><BR>[Calls]<UL><LI><a href="#[87]">&gt;&gt;</a>&nbsp;&nbsp;&nbsp;SetData
<LI><a href="#[86]">&gt;&gt;</a>&nbsp;&nbsp;&nbsp;Set050
<LI><a href="#[8d]">&gt;&gt;</a>&nbsp;&nbsp;&nbsp;Set042
<LI><a href="#[8c]">&gt;&gt;</a>&nbsp;&nbsp;&nbsp;Set040
<LI><a href="#[8b]">&gt;&gt;</a>&nbsp;&nbsp;&nbsp;Set038
<LI><a href="#[8a]">&gt;&gt;</a>&nbsp;&nbsp;&nbsp;Set036
<LI><a href="#[85]">&gt;&gt;</a>&nbsp;&nbsp;&nbsp;Set034
<LI><a href="#[89]">&gt;&gt;</a>&nbsp;&nbsp;&nbsp;Set032
<LI><a href="#[88]">&gt;&gt;</a>&nbsp;&nbsp;&nbsp;Set030
<LI><a href="#[84]">&gt;&gt;</a>&nbsp;&nbsp;&nbsp;Set028
</UL>
<BR>[Called By]<UL><LI><a href="#[f9]">&gt;&gt;</a>&nbsp;&nbsp;&nbsp;Modbus_Event_7
<LI><a href="#[ca]">&gt;&gt;</a>&nbsp;&nbsp;&nbsp;Modbus_Event_2
</UL>

<P><STRONG><a name="[a8]"></a>ModbusFun6_2</STRONG> (Thumb, 226 bytes, Stack size 0 bytes, communication1.o(.text), UNUSED)
<BR><BR>[Calls]<UL><LI><a href="#[c9]">&gt;&gt;</a>&nbsp;&nbsp;&nbsp;Set056
<LI><a href="#[c8]">&gt;&gt;</a>&nbsp;&nbsp;&nbsp;Set054
<LI><a href="#[c7]">&gt;&gt;</a>&nbsp;&nbsp;&nbsp;Set044
<LI><a href="#[c6]">&gt;&gt;</a>&nbsp;&nbsp;&nbsp;Set027
<LI><a href="#[c5]">&gt;&gt;</a>&nbsp;&nbsp;&nbsp;Set026
<LI><a href="#[c4]">&gt;&gt;</a>&nbsp;&nbsp;&nbsp;Set025
<LI><a href="#[c3]">&gt;&gt;</a>&nbsp;&nbsp;&nbsp;Set024
<LI><a href="#[c2]">&gt;&gt;</a>&nbsp;&nbsp;&nbsp;Set023
<LI><a href="#[c1]">&gt;&gt;</a>&nbsp;&nbsp;&nbsp;Set022
<LI><a href="#[c0]">&gt;&gt;</a>&nbsp;&nbsp;&nbsp;Set021
<LI><a href="#[bf]">&gt;&gt;</a>&nbsp;&nbsp;&nbsp;Set020
<LI><a href="#[be]">&gt;&gt;</a>&nbsp;&nbsp;&nbsp;Set019
<LI><a href="#[bd]">&gt;&gt;</a>&nbsp;&nbsp;&nbsp;Set018
<LI><a href="#[bc]">&gt;&gt;</a>&nbsp;&nbsp;&nbsp;Set017
<LI><a href="#[bb]">&gt;&gt;</a>&nbsp;&nbsp;&nbsp;Set016
<LI><a href="#[ba]">&gt;&gt;</a>&nbsp;&nbsp;&nbsp;Set015
<LI><a href="#[b9]">&gt;&gt;</a>&nbsp;&nbsp;&nbsp;Set014
<LI><a href="#[b8]">&gt;&gt;</a>&nbsp;&nbsp;&nbsp;Set013
<LI><a href="#[b7]">&gt;&gt;</a>&nbsp;&nbsp;&nbsp;Set012
<LI><a href="#[b6]">&gt;&gt;</a>&nbsp;&nbsp;&nbsp;Set011
<LI><a href="#[b5]">&gt;&gt;</a>&nbsp;&nbsp;&nbsp;Set010
<LI><a href="#[b4]">&gt;&gt;</a>&nbsp;&nbsp;&nbsp;Set009
<LI><a href="#[b3]">&gt;&gt;</a>&nbsp;&nbsp;&nbsp;Set008
<LI><a href="#[b2]">&gt;&gt;</a>&nbsp;&nbsp;&nbsp;Set007
<LI><a href="#[b1]">&gt;&gt;</a>&nbsp;&nbsp;&nbsp;Set006On
<LI><a href="#[b0]">&gt;&gt;</a>&nbsp;&nbsp;&nbsp;Set006Down
<LI><a href="#[af]">&gt;&gt;</a>&nbsp;&nbsp;&nbsp;Set005
<LI><a href="#[ae]">&gt;&gt;</a>&nbsp;&nbsp;&nbsp;Set004
<LI><a href="#[ad]">&gt;&gt;</a>&nbsp;&nbsp;&nbsp;Set003
<LI><a href="#[ac]">&gt;&gt;</a>&nbsp;&nbsp;&nbsp;Set002On
<LI><a href="#[ab]">&gt;&gt;</a>&nbsp;&nbsp;&nbsp;Set002Down
<LI><a href="#[aa]">&gt;&gt;</a>&nbsp;&nbsp;&nbsp;Set001
<LI><a href="#[a9]">&gt;&gt;</a>&nbsp;&nbsp;&nbsp;Set000
</UL>
<BR>[Called By]<UL><LI><a href="#[f9]">&gt;&gt;</a>&nbsp;&nbsp;&nbsp;Modbus_Event_7
<LI><a href="#[ca]">&gt;&gt;</a>&nbsp;&nbsp;&nbsp;Modbus_Event_2
</UL>

<P><STRONG><a name="[ca]"></a>Modbus_Event_2</STRONG> (Thumb, 88 bytes, Stack size 16 bytes, communication1.o(.text), UNUSED)
<BR><BR>[Calls]<UL><LI><a href="#[cb]">&gt;&gt;</a>&nbsp;&nbsp;&nbsp;showData_2
<LI><a href="#[cc]">&gt;&gt;</a>&nbsp;&nbsp;&nbsp;showData1_2
<LI><a href="#[a8]">&gt;&gt;</a>&nbsp;&nbsp;&nbsp;ModbusFun6_2
<LI><a href="#[a7]">&gt;&gt;</a>&nbsp;&nbsp;&nbsp;ModbusFun16_2
</UL>

<P><STRONG><a name="[cd]"></a>ModbusFun16_3</STRONG> (Thumb, 96 bytes, Stack size 0 bytes, communication1.o(.text), UNUSED)
<BR><BR>[Calls]<UL><LI><a href="#[87]">&gt;&gt;</a>&nbsp;&nbsp;&nbsp;SetData
<LI><a href="#[86]">&gt;&gt;</a>&nbsp;&nbsp;&nbsp;Set050
<LI><a href="#[8d]">&gt;&gt;</a>&nbsp;&nbsp;&nbsp;Set042
<LI><a href="#[8c]">&gt;&gt;</a>&nbsp;&nbsp;&nbsp;Set040
<LI><a href="#[8b]">&gt;&gt;</a>&nbsp;&nbsp;&nbsp;Set038
<LI><a href="#[8a]">&gt;&gt;</a>&nbsp;&nbsp;&nbsp;Set036
<LI><a href="#[85]">&gt;&gt;</a>&nbsp;&nbsp;&nbsp;Set034
<LI><a href="#[89]">&gt;&gt;</a>&nbsp;&nbsp;&nbsp;Set032
<LI><a href="#[88]">&gt;&gt;</a>&nbsp;&nbsp;&nbsp;Set030
<LI><a href="#[84]">&gt;&gt;</a>&nbsp;&nbsp;&nbsp;Set028
</UL>
<BR>[Called By]<UL><LI><a href="#[cf]">&gt;&gt;</a>&nbsp;&nbsp;&nbsp;Modbus_Event_3
</UL>

<P><STRONG><a name="[ce]"></a>ModbusFun6_3</STRONG> (Thumb, 256 bytes, Stack size 0 bytes, communication1.o(.text), UNUSED)
<BR><BR>[Calls]<UL><LI><a href="#[c9]">&gt;&gt;</a>&nbsp;&nbsp;&nbsp;Set056
<LI><a href="#[c8]">&gt;&gt;</a>&nbsp;&nbsp;&nbsp;Set054
<LI><a href="#[c7]">&gt;&gt;</a>&nbsp;&nbsp;&nbsp;Set044
<LI><a href="#[c6]">&gt;&gt;</a>&nbsp;&nbsp;&nbsp;Set027
<LI><a href="#[c5]">&gt;&gt;</a>&nbsp;&nbsp;&nbsp;Set026
<LI><a href="#[c4]">&gt;&gt;</a>&nbsp;&nbsp;&nbsp;Set025
<LI><a href="#[c3]">&gt;&gt;</a>&nbsp;&nbsp;&nbsp;Set024
<LI><a href="#[c2]">&gt;&gt;</a>&nbsp;&nbsp;&nbsp;Set023
<LI><a href="#[c1]">&gt;&gt;</a>&nbsp;&nbsp;&nbsp;Set022
<LI><a href="#[c0]">&gt;&gt;</a>&nbsp;&nbsp;&nbsp;Set021
<LI><a href="#[bf]">&gt;&gt;</a>&nbsp;&nbsp;&nbsp;Set020
<LI><a href="#[be]">&gt;&gt;</a>&nbsp;&nbsp;&nbsp;Set019
<LI><a href="#[bd]">&gt;&gt;</a>&nbsp;&nbsp;&nbsp;Set018
<LI><a href="#[bc]">&gt;&gt;</a>&nbsp;&nbsp;&nbsp;Set017
<LI><a href="#[bb]">&gt;&gt;</a>&nbsp;&nbsp;&nbsp;Set016
<LI><a href="#[ba]">&gt;&gt;</a>&nbsp;&nbsp;&nbsp;Set015
<LI><a href="#[b9]">&gt;&gt;</a>&nbsp;&nbsp;&nbsp;Set014
<LI><a href="#[b8]">&gt;&gt;</a>&nbsp;&nbsp;&nbsp;Set013
<LI><a href="#[b7]">&gt;&gt;</a>&nbsp;&nbsp;&nbsp;Set012
<LI><a href="#[b6]">&gt;&gt;</a>&nbsp;&nbsp;&nbsp;Set011
<LI><a href="#[b5]">&gt;&gt;</a>&nbsp;&nbsp;&nbsp;Set010
<LI><a href="#[b4]">&gt;&gt;</a>&nbsp;&nbsp;&nbsp;Set009
<LI><a href="#[b3]">&gt;&gt;</a>&nbsp;&nbsp;&nbsp;Set008
<LI><a href="#[b2]">&gt;&gt;</a>&nbsp;&nbsp;&nbsp;Set007
<LI><a href="#[b1]">&gt;&gt;</a>&nbsp;&nbsp;&nbsp;Set006On
<LI><a href="#[b0]">&gt;&gt;</a>&nbsp;&nbsp;&nbsp;Set006Down
<LI><a href="#[af]">&gt;&gt;</a>&nbsp;&nbsp;&nbsp;Set005
<LI><a href="#[ae]">&gt;&gt;</a>&nbsp;&nbsp;&nbsp;Set004
<LI><a href="#[ad]">&gt;&gt;</a>&nbsp;&nbsp;&nbsp;Set003
<LI><a href="#[ac]">&gt;&gt;</a>&nbsp;&nbsp;&nbsp;Set002On
<LI><a href="#[ab]">&gt;&gt;</a>&nbsp;&nbsp;&nbsp;Set002Down
<LI><a href="#[aa]">&gt;&gt;</a>&nbsp;&nbsp;&nbsp;Set001
<LI><a href="#[a9]">&gt;&gt;</a>&nbsp;&nbsp;&nbsp;Set000
</UL>
<BR>[Called By]<UL><LI><a href="#[cf]">&gt;&gt;</a>&nbsp;&nbsp;&nbsp;Modbus_Event_3
</UL>

<P><STRONG><a name="[cf]"></a>Modbus_Event_3</STRONG> (Thumb, 88 bytes, Stack size 16 bytes, communication1.o(.text), UNUSED)
<BR><BR>[Calls]<UL><LI><a href="#[d0]">&gt;&gt;</a>&nbsp;&nbsp;&nbsp;showData_3
<LI><a href="#[d1]">&gt;&gt;</a>&nbsp;&nbsp;&nbsp;showData1_3
<LI><a href="#[ce]">&gt;&gt;</a>&nbsp;&nbsp;&nbsp;ModbusFun6_3
<LI><a href="#[cd]">&gt;&gt;</a>&nbsp;&nbsp;&nbsp;ModbusFun16_3
</UL>

<P><STRONG><a name="[d2]"></a>ModbusFun6_4</STRONG> (Thumb, 208 bytes, Stack size 0 bytes, communication1.o(.text), UNUSED)
<BR><BR>[Calls]<UL><LI><a href="#[c8]">&gt;&gt;</a>&nbsp;&nbsp;&nbsp;Set054
<LI><a href="#[c7]">&gt;&gt;</a>&nbsp;&nbsp;&nbsp;Set044
<LI><a href="#[c5]">&gt;&gt;</a>&nbsp;&nbsp;&nbsp;Set026
<LI><a href="#[c4]">&gt;&gt;</a>&nbsp;&nbsp;&nbsp;Set025
<LI><a href="#[c2]">&gt;&gt;</a>&nbsp;&nbsp;&nbsp;Set023
<LI><a href="#[bf]">&gt;&gt;</a>&nbsp;&nbsp;&nbsp;Set020
<LI><a href="#[be]">&gt;&gt;</a>&nbsp;&nbsp;&nbsp;Set019
<LI><a href="#[bd]">&gt;&gt;</a>&nbsp;&nbsp;&nbsp;Set018
<LI><a href="#[bc]">&gt;&gt;</a>&nbsp;&nbsp;&nbsp;Set017
<LI><a href="#[bb]">&gt;&gt;</a>&nbsp;&nbsp;&nbsp;Set016
<LI><a href="#[ba]">&gt;&gt;</a>&nbsp;&nbsp;&nbsp;Set015
<LI><a href="#[b9]">&gt;&gt;</a>&nbsp;&nbsp;&nbsp;Set014
<LI><a href="#[b8]">&gt;&gt;</a>&nbsp;&nbsp;&nbsp;Set013
<LI><a href="#[b7]">&gt;&gt;</a>&nbsp;&nbsp;&nbsp;Set012
<LI><a href="#[b6]">&gt;&gt;</a>&nbsp;&nbsp;&nbsp;Set011
<LI><a href="#[b5]">&gt;&gt;</a>&nbsp;&nbsp;&nbsp;Set010
<LI><a href="#[b4]">&gt;&gt;</a>&nbsp;&nbsp;&nbsp;Set009
<LI><a href="#[b2]">&gt;&gt;</a>&nbsp;&nbsp;&nbsp;Set007
<LI><a href="#[b1]">&gt;&gt;</a>&nbsp;&nbsp;&nbsp;Set006On
<LI><a href="#[b0]">&gt;&gt;</a>&nbsp;&nbsp;&nbsp;Set006Down
<LI><a href="#[af]">&gt;&gt;</a>&nbsp;&nbsp;&nbsp;Set005
<LI><a href="#[ae]">&gt;&gt;</a>&nbsp;&nbsp;&nbsp;Set004
<LI><a href="#[ad]">&gt;&gt;</a>&nbsp;&nbsp;&nbsp;Set003
<LI><a href="#[ac]">&gt;&gt;</a>&nbsp;&nbsp;&nbsp;Set002On
<LI><a href="#[ab]">&gt;&gt;</a>&nbsp;&nbsp;&nbsp;Set002Down
<LI><a href="#[aa]">&gt;&gt;</a>&nbsp;&nbsp;&nbsp;Set001
<LI><a href="#[a9]">&gt;&gt;</a>&nbsp;&nbsp;&nbsp;Set000
</UL>
<BR>[Called By]<UL><LI><a href="#[d3]">&gt;&gt;</a>&nbsp;&nbsp;&nbsp;Modbus_Event_4
</UL>

<P><STRONG><a name="[d3]"></a>Modbus_Event_4</STRONG> (Thumb, 78 bytes, Stack size 16 bytes, communication1.o(.text), UNUSED)
<BR><BR>[Calls]<UL><LI><a href="#[d4]">&gt;&gt;</a>&nbsp;&nbsp;&nbsp;showData_4
<LI><a href="#[d5]">&gt;&gt;</a>&nbsp;&nbsp;&nbsp;showData1_4
<LI><a href="#[d2]">&gt;&gt;</a>&nbsp;&nbsp;&nbsp;ModbusFun6_4
</UL>

<P><STRONG><a name="[d6]"></a>ModbusFun16_5</STRONG> (Thumb, 38 bytes, Stack size 0 bytes, communication1.o(.text), UNUSED)
<BR><BR>[Calls]<UL><LI><a href="#[87]">&gt;&gt;</a>&nbsp;&nbsp;&nbsp;SetData
<LI><a href="#[d7]">&gt;&gt;</a>&nbsp;&nbsp;&nbsp;Set106
<LI><a href="#[d8]">&gt;&gt;</a>&nbsp;&nbsp;&nbsp;Set087
</UL>
<BR>[Called By]<UL><LI><a href="#[f1]">&gt;&gt;</a>&nbsp;&nbsp;&nbsp;Modbus_Event_5
</UL>

<P><STRONG><a name="[d9]"></a>ModbusFun6_5</STRONG> (Thumb, 352 bytes, Stack size 0 bytes, communication1.o(.text), UNUSED)
<BR><BR>[Calls]<UL><LI><a href="#[f0]">&gt;&gt;</a>&nbsp;&nbsp;&nbsp;Set122
<LI><a href="#[ef]">&gt;&gt;</a>&nbsp;&nbsp;&nbsp;Set121
<LI><a href="#[ee]">&gt;&gt;</a>&nbsp;&nbsp;&nbsp;Set120
<LI><a href="#[ed]">&gt;&gt;</a>&nbsp;&nbsp;&nbsp;Set119
<LI><a href="#[ec]">&gt;&gt;</a>&nbsp;&nbsp;&nbsp;Set118
<LI><a href="#[eb]">&gt;&gt;</a>&nbsp;&nbsp;&nbsp;Set117
<LI><a href="#[ea]">&gt;&gt;</a>&nbsp;&nbsp;&nbsp;Set116
<LI><a href="#[e9]">&gt;&gt;</a>&nbsp;&nbsp;&nbsp;Set115
<LI><a href="#[e8]">&gt;&gt;</a>&nbsp;&nbsp;&nbsp;Set114
<LI><a href="#[e7]">&gt;&gt;</a>&nbsp;&nbsp;&nbsp;Set113
<LI><a href="#[e6]">&gt;&gt;</a>&nbsp;&nbsp;&nbsp;Set112
<LI><a href="#[db]">&gt;&gt;</a>&nbsp;&nbsp;&nbsp;Set111
<LI><a href="#[e5]">&gt;&gt;</a>&nbsp;&nbsp;&nbsp;Set110
<LI><a href="#[e4]">&gt;&gt;</a>&nbsp;&nbsp;&nbsp;Set086
<LI><a href="#[e3]">&gt;&gt;</a>&nbsp;&nbsp;&nbsp;Set084
<LI><a href="#[e2]">&gt;&gt;</a>&nbsp;&nbsp;&nbsp;Set083
<LI><a href="#[e1]">&gt;&gt;</a>&nbsp;&nbsp;&nbsp;Set082
<LI><a href="#[e0]">&gt;&gt;</a>&nbsp;&nbsp;&nbsp;Set081
<LI><a href="#[df]">&gt;&gt;</a>&nbsp;&nbsp;&nbsp;Set077
<LI><a href="#[de]">&gt;&gt;</a>&nbsp;&nbsp;&nbsp;Set076
<LI><a href="#[dd]">&gt;&gt;</a>&nbsp;&nbsp;&nbsp;Set075
<LI><a href="#[dc]">&gt;&gt;</a>&nbsp;&nbsp;&nbsp;Set073
<LI><a href="#[da]">&gt;&gt;</a>&nbsp;&nbsp;&nbsp;Set072
<LI><a href="#[c2]">&gt;&gt;</a>&nbsp;&nbsp;&nbsp;Set023
<LI><a href="#[bf]">&gt;&gt;</a>&nbsp;&nbsp;&nbsp;Set020
<LI><a href="#[be]">&gt;&gt;</a>&nbsp;&nbsp;&nbsp;Set019
<LI><a href="#[bd]">&gt;&gt;</a>&nbsp;&nbsp;&nbsp;Set018
<LI><a href="#[bc]">&gt;&gt;</a>&nbsp;&nbsp;&nbsp;Set017
<LI><a href="#[bb]">&gt;&gt;</a>&nbsp;&nbsp;&nbsp;Set016
<LI><a href="#[ba]">&gt;&gt;</a>&nbsp;&nbsp;&nbsp;Set015
<LI><a href="#[b9]">&gt;&gt;</a>&nbsp;&nbsp;&nbsp;Set014
<LI><a href="#[b8]">&gt;&gt;</a>&nbsp;&nbsp;&nbsp;Set013
<LI><a href="#[b7]">&gt;&gt;</a>&nbsp;&nbsp;&nbsp;Set012
<LI><a href="#[b6]">&gt;&gt;</a>&nbsp;&nbsp;&nbsp;Set011
<LI><a href="#[b5]">&gt;&gt;</a>&nbsp;&nbsp;&nbsp;Set010
<LI><a href="#[b2]">&gt;&gt;</a>&nbsp;&nbsp;&nbsp;Set007
<LI><a href="#[b1]">&gt;&gt;</a>&nbsp;&nbsp;&nbsp;Set006On
<LI><a href="#[b0]">&gt;&gt;</a>&nbsp;&nbsp;&nbsp;Set006Down
<LI><a href="#[af]">&gt;&gt;</a>&nbsp;&nbsp;&nbsp;Set005
<LI><a href="#[ae]">&gt;&gt;</a>&nbsp;&nbsp;&nbsp;Set004
<LI><a href="#[ad]">&gt;&gt;</a>&nbsp;&nbsp;&nbsp;Set003
<LI><a href="#[ac]">&gt;&gt;</a>&nbsp;&nbsp;&nbsp;Set002On
<LI><a href="#[ab]">&gt;&gt;</a>&nbsp;&nbsp;&nbsp;Set002Down
<LI><a href="#[aa]">&gt;&gt;</a>&nbsp;&nbsp;&nbsp;Set001
<LI><a href="#[a9]">&gt;&gt;</a>&nbsp;&nbsp;&nbsp;Set000
</UL>
<BR>[Called By]<UL><LI><a href="#[f1]">&gt;&gt;</a>&nbsp;&nbsp;&nbsp;Modbus_Event_5
</UL>

<P><STRONG><a name="[f1]"></a>Modbus_Event_5</STRONG> (Thumb, 108 bytes, Stack size 16 bytes, communication1.o(.text), UNUSED)
<BR><BR>[Calls]<UL><LI><a href="#[f2]">&gt;&gt;</a>&nbsp;&nbsp;&nbsp;showData_5
<LI><a href="#[f3]">&gt;&gt;</a>&nbsp;&nbsp;&nbsp;showData1_5
<LI><a href="#[d9]">&gt;&gt;</a>&nbsp;&nbsp;&nbsp;ModbusFun6_5
[...]
<LI><a href="#[180]">&gt;&gt;</a>&nbsp;&nbsp;&nbsp;__aeabi_frsub
</UL>

<P><STRONG><a name="[183]"></a>uart5_init</STRONG> (Thumb, 192 bytes, Stack size 16 bytes, uart.o(.text), UNUSED)
<BR><BR>[Calls]<UL><LI><a href="#[5f]">&gt;&gt;</a>&nbsp;&nbsp;&nbsp;MY_NVIC_Init
<LI><a href="#[181]">&gt;&gt;</a>&nbsp;&nbsp;&nbsp;__ARM_scalbnf
<LI><a href="#[17d]">&gt;&gt;</a>&nbsp;&nbsp;&nbsp;__aeabi_ui2f
<LI><a href="#[17f]">&gt;&gt;</a>&nbsp;&nbsp;&nbsp;__aeabi_f2uiz
<LI><a href="#[17e]">&gt;&gt;</a>&nbsp;&nbsp;&nbsp;__aeabi_fdiv
<LI><a href="#[180]">&gt;&gt;</a>&nbsp;&nbsp;&nbsp;__aeabi_frsub
</UL>

<P><STRONG><a name="[184]"></a>send_uart1</STRONG> (Thumb, 30 bytes, Stack size 8 bytes, uart.o(.text), UNUSED)
<BR><BR>[Calls]<UL><LI><a href="#[185]">&gt;&gt;</a>&nbsp;&nbsp;&nbsp;RS485_Send
<LI><a href="#[186]">&gt;&gt;</a>&nbsp;&nbsp;&nbsp;RS485_Read
</UL>
<BR>[Called By]<UL><LI><a href="#[187]">&gt;&gt;</a>&nbsp;&nbsp;&nbsp;send_uart1_string
</UL>

<P><STRONG><a name="[187]"></a>send_uart1_string</STRONG> (Thumb, 20 bytes, Stack size 8 bytes, uart.o(.text), UNUSED)
<BR><BR>[Calls]<UL><LI><a href="#[184]">&gt;&gt;</a>&nbsp;&nbsp;&nbsp;send_uart1
</UL>

<P><STRONG><a name="[18a]"></a>send_uart2</STRONG> (Thumb, 38 bytes, Stack size 0 bytes, uart.o(.text))
<BR><BR>[Called By]<UL><LI><a href="#[33]">&gt;&gt;</a>&nbsp;&nbsp;&nbsp;USART2_IRQHandler
</UL>

<P><STRONG><a name="[150]"></a>send_uart3</STRONG> (Thumb, 24 bytes, Stack size 0 bytes, uart.o(.text), UNUSED)
<BR><BR>[Called By]<UL><LI><a href="#[152]">&gt;&gt;</a>&nbsp;&nbsp;&nbsp;send_uart3_string
<LI><a href="#[153]">&gt;&gt;</a>&nbsp;&nbsp;&nbsp;ShowChooseOrder
<LI><a href="#[101]">&gt;&gt;</a>&nbsp;&nbsp;&nbsp;ShowSysTimeOrder
<LI><a href="#[ff]">&gt;&gt;</a>&nbsp;&nbsp;&nbsp;ShowOrder
<LI><a href="#[100]">&gt;&gt;</a>&nbsp;&nbsp;&nbsp;ShowLongOrder
<LI><a href="#[102]">&gt;&gt;</a>&nbsp;&nbsp;&nbsp;GetRTCTime
</UL>

<P><STRONG><a name="[152]"></a>send_uart3_string</STRONG> (Thumb, 20 bytes, Stack size 4 bytes, uart.o(.text), UNUSED)
<BR><BR>[Calls]<UL><LI><a href="#[150]">&gt;&gt;</a>&nbsp;&nbsp;&nbsp;send_uart3
</UL>
<BR>[Called By]<UL><LI><a href="#[154]">&gt;&gt;</a>&nbsp;&nbsp;&nbsp;show_ID_uart3
<LI><a href="#[87]">&gt;&gt;</a>&nbsp;&nbsp;&nbsp;SetData
</UL>

<P><STRONG><a name="[1dd]"></a>send_uart4</STRONG> (Thumb, 50 bytes, Stack size 0 bytes, uart.o(.text), UNUSED)

<P><STRONG><a name="[1de]"></a>send_uart4_string</STRONG> (Thumb, 2 bytes, Stack size 0 bytes, uart.o(.text), UNUSED)

<P><STRONG><a name="[189]"></a>send_uart5</STRONG> (Thumb, 20 bytes, Stack size 0 bytes, uart.o(.text), UNUSED)
<BR><BR>[Called By]<UL><LI><a href="#[188]">&gt;&gt;</a>&nbsp;&nbsp;&nbsp;send_uart5_string
</UL>

<P><STRONG><a name="[188]"></a>send_uart5_string</STRONG> (Thumb, 20 bytes, Stack size 4 bytes, uart.o(.text), UNUSED)
<BR><BR>[Calls]<UL><LI><a href="#[189]">&gt;&gt;</a>&nbsp;&nbsp;&nbsp;send_uart5
</UL>

<P><STRONG><a name="[33]"></a>USART2_IRQHandler</STRONG> (Thumb, 24 bytes, Stack size 0 bytes, uart.o(.text))
<BR><BR>[Calls]<UL><LI><a href="#[18a]">&gt;&gt;</a>&nbsp;&nbsp;&nbsp;send_uart2
</UL>
<BR>[Address Reference Count : 1]<UL><LI> startup_stm32f10x_hd.o(RESET)
</UL>
<P><STRONG><a name="[29]"></a>TIM2_IRQHandler</STRONG> (Thumb, 48 bytes, Stack size 0 bytes, time.o(.text))
<BR>[Address Reference Count : 1]<UL><LI> startup_stm32f10x_hd.o(RESET)
</UL>
<P><STRONG><a name="[68]"></a>TIM2_Int_Init</STRONG> (Thumb, 60 bytes, Stack size 0 bytes, time.o(.text), UNUSED)
<BR><BR>[Calls]<UL><LI><a href="#[5f]">&gt;&gt;</a>&nbsp;&nbsp;&nbsp;MY_NVIC_Init
</UL>
<BR>[Called By]<UL><LI><a href="#[66]">&gt;&gt;</a>&nbsp;&nbsp;&nbsp;communication1_init
</UL>

<P><STRONG><a name="[2a]"></a>TIM3_IRQHandler</STRONG> (Thumb, 34 bytes, Stack size 0 bytes, time.o(.text))
<BR>[Address Reference Count : 1]<UL><LI> startup_stm32f10x_hd.o(RESET)
</UL>
<P><STRONG><a name="[5b]"></a>TIM3_Int_Init</STRONG> (Thumb, 56 bytes, Stack size 0 bytes, time.o(.text))
<BR><BR>[Stack]<UL><LI>Max Depth = 20<LI>Call Chain = TIM3_Int_Init &rArr; MY_NVIC_Init
</UL>
<BR>[Calls]<UL><LI><a href="#[5f]">&gt;&gt;</a>&nbsp;&nbsp;&nbsp;MY_NVIC_Init
</UL>
<BR>[Called By]<UL><LI><a href="#[53]">&gt;&gt;</a>&nbsp;&nbsp;&nbsp;main
</UL>

<P><STRONG><a name="[5c]"></a>Time3En</STRONG> (Thumb, 28 bytes, Stack size 0 bytes, time.o(.text))
<BR><BR>[Called By]<UL><LI><a href="#[53]">&gt;&gt;</a>&nbsp;&nbsp;&nbsp;main
</UL>

<P><STRONG><a name="[194]"></a>STMFLASH_Unlock</STRONG> (Thumb, 12 bytes, Stack size 0 bytes, stmflash.o(.text), UNUSED)
<BR><BR>[Called By]<UL><LI><a href="#[193]">&gt;&gt;</a>&nbsp;&nbsp;&nbsp;STMFLASH_Write
</UL>

<P><STRONG><a name="[195]"></a>STMFLASH_Lock</STRONG> (Thumb, 12 bytes, Stack size 0 bytes, stmflash.o(.text), UNUSED)
<BR><BR>[Called By]<UL><LI><a href="#[193]">&gt;&gt;</a>&nbsp;&nbsp;&nbsp;STMFLASH_Write
</UL>

<P><STRONG><a name="[18c]"></a>STMFLASH_GetStatus</STRONG> (Thumb, 32 bytes, Stack size 0 bytes, stmflash.o(.text), UNUSED)
<BR><BR>[Called By]<UL><LI><a href="#[18b]">&gt;&gt;</a>&nbsp;&nbsp;&nbsp;STMFLASH_WaitDone
</UL>

<P><STRONG><a name="[18b]"></a>STMFLASH_WaitDone</STRONG> (Thumb, 34 bytes, Stack size 16 bytes, stmflash.o(.text), UNUSED)
<BR><BR>[Calls]<UL><LI><a href="#[18d]">&gt;&gt;</a>&nbsp;&nbsp;&nbsp;delay_us
<LI><a href="#[18c]">&gt;&gt;</a>&nbsp;&nbsp;&nbsp;STMFLASH_GetStatus
</UL>
<BR>[Called By]<UL><LI><a href="#[18f]">&gt;&gt;</a>&nbsp;&nbsp;&nbsp;STMFLASH_WriteHalfWord
<LI><a href="#[18e]">&gt;&gt;</a>&nbsp;&nbsp;&nbsp;STMFLASH_ErasePage
</UL>

<P><STRONG><a name="[18e]"></a>STMFLASH_ErasePage</STRONG> (Thumb, 58 bytes, Stack size 16 bytes, stmflash.o(.text), UNUSED)
<BR><BR>[Calls]<UL><LI><a href="#[18b]">&gt;&gt;</a>&nbsp;&nbsp;&nbsp;STMFLASH_WaitDone
</UL>
<BR>[Called By]<UL><LI><a href="#[193]">&gt;&gt;</a>&nbsp;&nbsp;&nbsp;STMFLASH_Write
</UL>

<P><STRONG><a name="[18f]"></a>STMFLASH_WriteHalfWord</STRONG> (Thumb, 48 bytes, Stack size 16 bytes, stmflash.o(.text), UNUSED)
<BR><BR>[Calls]<UL><LI><a href="#[18b]">&gt;&gt;</a>&nbsp;&nbsp;&nbsp;STMFLASH_WaitDone
</UL>
<BR>[Called By]<UL><LI><a href="#[190]">&gt;&gt;</a>&nbsp;&nbsp;&nbsp;STMFLASH_Write_NoCheck
</UL>

<P><STRONG><a name="[192]"></a>STMFLASH_ReadHalfWord</STRONG> (Thumb, 4 bytes, Stack size 0 bytes, stmflash.o(.text), UNUSED)
<BR><BR>[Called By]<UL><LI><a href="#[191]">&gt;&gt;</a>&nbsp;&nbsp;&nbsp;STMFLASH_Read
</UL>

<P><STRONG><a name="[190]"></a>STMFLASH_Write_NoCheck</STRONG> (Thumb, 38 bytes, Stack size 24 bytes, stmflash.o(.text), UNUSED)
<BR><BR>[Calls]<UL><LI><a href="#[18f]">&gt;&gt;</a>&nbsp;&nbsp;&nbsp;STMFLASH_WriteHalfWord
</UL>
<BR>[Called By]<UL><LI><a href="#[193]">&gt;&gt;</a>&nbsp;&nbsp;&nbsp;STMFLASH_Write
</UL>

<P><STRONG><a name="[191]"></a>STMFLASH_Read</STRONG> (Thumb, 30 bytes, Stack size 8 bytes, stmflash.o(.text), UNUSED)
<BR><BR>[Calls]<UL><LI><a href="#[192]">&gt;&gt;</a>&nbsp;&nbsp;&nbsp;STMFLASH_ReadHalfWord
</UL>
<BR>[Called By]<UL><LI><a href="#[19a]">&gt;&gt;</a>&nbsp;&nbsp;&nbsp;ReadDatas
<LI><a href="#[193]">&gt;&gt;</a>&nbsp;&nbsp;&nbsp;STMFLASH_Write
</UL>

<P><STRONG><a name="[193]"></a>STMFLASH_Write</STRONG> (Thumb, 190 bytes, Stack size 40 bytes, stmflash.o(.text), UNUSED)
<BR><BR>[Calls]<UL><LI><a href="#[191]">&gt;&gt;</a>&nbsp;&nbsp;&nbsp;STMFLASH_Read
<LI><a href="#[190]">&gt;&gt;</a>&nbsp;&nbsp;&nbsp;STMFLASH_Write_NoCheck
<LI><a href="#[18e]">&gt;&gt;</a>&nbsp;&nbsp;&nbsp;STMFLASH_ErasePage
<LI><a href="#[195]">&gt;&gt;</a>&nbsp;&nbsp;&nbsp;STMFLASH_Lock
<LI><a href="#[194]">&gt;&gt;</a>&nbsp;&nbsp;&nbsp;STMFLASH_Unlock
</UL>
<BR>[Called By]<UL><LI><a href="#[198]">&gt;&gt;</a>&nbsp;&nbsp;&nbsp;WriteNum
<LI><a href="#[197]">&gt;&gt;</a>&nbsp;&nbsp;&nbsp;WriteNumber
<LI><a href="#[196]">&gt;&gt;</a>&nbsp;&nbsp;&nbsp;Test_Write
</UL>

<P><STRONG><a name="[196]"></a>Test_Write</STRONG> (Thumb, 12 bytes, Stack size 16 bytes, stmflash.o(.text), UNUSED)
<BR><BR>[Calls]<UL><LI><a href="#[193]">&gt;&gt;</a>&nbsp;&nbsp;&nbsp;STMFLASH_Write
</UL>

<P><STRONG><a name="[197]"></a>WriteNumber</STRONG> (Thumb, 530 bytes, Stack size 16 bytes, conflash.o(.text), UNUSED)
<BR><BR>[Calls]<UL><LI><a href="#[193]">&gt;&gt;</a>&nbsp;&nbsp;&nbsp;STMFLASH_Write
</UL>

<P><STRONG><a name="[198]"></a>WriteNum</STRONG> (Thumb, 22 bytes, Stack size 8 bytes, conflash.o(.text), UNUSED)
<BR><BR>[Calls]<UL><LI><a href="#[193]">&gt;&gt;</a>&nbsp;&nbsp;&nbsp;STMFLASH_Write
</UL>

<P><STRONG><a name="[199]"></a>ShowDatas</STRONG> (Thumb, 338 bytes, Stack size 8 bytes, conflash.o(.text), UNUSED)
<BR><BR>[Calls]<UL><LI><a href="#[ff]">&gt;&gt;</a>&nbsp;&nbsp;&nbsp;ShowOrder
<LI><a href="#[100]">&gt;&gt;</a>&nbsp;&nbsp;&nbsp;ShowLongOrder
</UL>
<BR>[Called By]<UL><LI><a href="#[117]">&gt;&gt;</a>&nbsp;&nbsp;&nbsp;ReadNumber
<LI><a href="#[115]">&gt;&gt;</a>&nbsp;&nbsp;&nbsp;ProPage
<LI><a href="#[116]">&gt;&gt;</a>&nbsp;&nbsp;&nbsp;NextPage
</UL>

<P><STRONG><a name="[19a]"></a>ReadDatas</STRONG> (Thumb, 666 bytes, Stack size 16 bytes, conflash.o(.text), UNUSED)
<BR><BR>[Calls]<UL><LI><a href="#[191]">&gt;&gt;</a>&nbsp;&nbsp;&nbsp;STMFLASH_Read
</UL>
<BR>[Called By]<UL><LI><a href="#[117]">&gt;&gt;</a>&nbsp;&nbsp;&nbsp;ReadNumber
<LI><a href="#[115]">&gt;&gt;</a>&nbsp;&nbsp;&nbsp;ProPage
<LI><a href="#[116]">&gt;&gt;</a>&nbsp;&nbsp;&nbsp;NextPage
</UL>

<P><STRONG><a name="[19b]"></a>ShowNoDatas</STRONG> (Thumb, 294 bytes, Stack size 16 bytes, conflash.o(.text), UNUSED)
<BR><BR>[Calls]<UL><LI><a href="#[ff]">&gt;&gt;</a>&nbsp;&nbsp;&nbsp;ShowOrder
<LI><a href="#[100]">&gt;&gt;</a>&nbsp;&nbsp;&nbsp;ShowLongOrder
</UL>
<BR>[Called By]<UL><LI><a href="#[117]">&gt;&gt;</a>&nbsp;&nbsp;&nbsp;ReadNumber
<LI><a href="#[116]">&gt;&gt;</a>&nbsp;&nbsp;&nbsp;NextPage
</UL>

<P><STRONG><a name="[117]"></a>ReadNumber</STRONG> (Thumb, 182 bytes, Stack size 24 bytes, conflash.o(.text), UNUSED)
<BR><BR>[Calls]<UL><LI><a href="#[100]">&gt;&gt;</a>&nbsp;&nbsp;&nbsp;ShowLongOrder
<LI><a href="#[19b]">&gt;&gt;</a>&nbsp;&nbsp;&nbsp;ShowNoDatas
<LI><a href="#[19a]">&gt;&gt;</a>&nbsp;&nbsp;&nbsp;ReadDatas
<LI><a href="#[199]">&gt;&gt;</a>&nbsp;&nbsp;&nbsp;ShowDatas
</UL>
<BR>[Called By]<UL><LI><a href="#[fe]">&gt;&gt;</a>&nbsp;&nbsp;&nbsp;order_dispose_u3
</UL>

<P><STRONG><a name="[116]"></a>NextPage</STRONG> (Thumb, 248 bytes, Stack size 24 bytes, conflash.o(.text), UNUSED)
<BR><BR>[Calls]<UL><LI><a href="#[100]">&gt;&gt;</a>&nbsp;&nbsp;&nbsp;ShowLongOrder
<LI><a href="#[19b]">&gt;&gt;</a>&nbsp;&nbsp;&nbsp;ShowNoDatas
<LI><a href="#[19a]">&gt;&gt;</a>&nbsp;&nbsp;&nbsp;ReadDatas
<LI><a href="#[199]">&gt;&gt;</a>&nbsp;&nbsp;&nbsp;ShowDatas
</UL>
<BR>[Called By]<UL><LI><a href="#[fe]">&gt;&gt;</a>&nbsp;&nbsp;&nbsp;order_dispose_u3
</UL>

<P><STRONG><a name="[115]"></a>ProPage</STRONG> (Thumb, 92 bytes, Stack size 16 bytes, conflash.o(.text), UNUSED)
<BR><BR>[Calls]<UL><LI><a href="#[100]">&gt;&gt;</a>&nbsp;&nbsp;&nbsp;ShowLongOrder
<LI><a href="#[19a]">&gt;&gt;</a>&nbsp;&nbsp;&nbsp;ReadDatas
<LI><a href="#[199]">&gt;&gt;</a>&nbsp;&nbsp;&nbsp;ShowDatas
</UL>
<BR>[Called By]<UL><LI><a href="#[fe]">&gt;&gt;</a>&nbsp;&nbsp;&nbsp;order_dispose_u3
</UL>

<P><STRONG><a name="[159]"></a>TimeDateChange</STRONG> (Thumb, 2228 bytes, Stack size 36 bytes, timechange.o(.text), UNUSED)
<BR><BR>[Called By]<UL><LI><a href="#[f7]">&gt;&gt;</a>&nbsp;&nbsp;&nbsp;showData_6
<LI><a href="#[cb]">&gt;&gt;</a>&nbsp;&nbsp;&nbsp;showData_2
</UL>

<P><STRONG><a name="[1df]"></a>__use_two_region_memory</STRONG> (Thumb, 2 bytes, Stack size 0 bytes, heapauxi.o(.text), UNUSED)

<P><STRONG><a name="[1e0]"></a>__rt_heap_escrow$2region</STRONG> (Thumb, 2 bytes, Stack size 0 bytes, heapauxi.o(.text), UNUSED)

<P><STRONG><a name="[1e1]"></a>__rt_heap_expand$2region</STRONG> (Thumb, 2 bytes, Stack size 0 bytes, heapauxi.o(.text), UNUSED)

<P><STRONG><a name="[4f]"></a>__user_setup_stackheap</STRONG> (Thumb, 74 bytes, Stack size 8 bytes, sys_stackheap_outer.o(.text))
<BR><BR>[Stack]<UL><LI>Max Depth = 8 + Unknown Stack Size
<LI>Call Chain = __user_setup_stackheap
</UL>
<BR>[Calls]<UL><LI><a href="#[19d]">&gt;&gt;</a>&nbsp;&nbsp;&nbsp;__user_initial_stackheap
<LI><a href="#[19c]">&gt;&gt;</a>&nbsp;&nbsp;&nbsp;__user_perproc_libspace
</UL>
<BR>[Called By]<UL><LI><a href="#[4e]">&gt;&gt;</a>&nbsp;&nbsp;&nbsp;__rt_entry_sh
</UL>

<P><STRONG><a name="[54]"></a>exit</STRONG> (Thumb, 18 bytes, Stack size 8 bytes, exit.o(.text))
<BR><BR>[Stack]<UL><LI>Max Depth = 8 + Unknown Stack Size
<LI>Call Chain = exit
</UL>
<BR>[Calls]<UL><LI><a href="#[19e]">&gt;&gt;</a>&nbsp;&nbsp;&nbsp;__rt_exit
</UL>
<BR>[Called By]<UL><LI><a href="#[52]">&gt;&gt;</a>&nbsp;&nbsp;&nbsp;__rt_entry_main
</UL>

<P><STRONG><a name="[1e2]"></a>__user_libspace</STRONG> (Thumb, 8 bytes, Stack size 0 bytes, libspace.o(.text), UNUSED)

<P><STRONG><a name="[19c]"></a>__user_perproc_libspace</STRONG> (Thumb, 0 bytes, Stack size 0 bytes, libspace.o(.text))
<BR><BR>[Called By]<UL><LI><a href="#[4f]">&gt;&gt;</a>&nbsp;&nbsp;&nbsp;__user_setup_stackheap
</UL>

<P><STRONG><a name="[1e3]"></a>__user_perthread_libspace</STRONG> (Thumb, 0 bytes, Stack size 0 bytes, libspace.o(.text), UNUSED)

<P><STRONG><a name="[58]"></a>_sys_exit</STRONG> (Thumb, 8 bytes, Stack size 0 bytes, sys_exit.o(.text))
<BR><BR>[Called By]<UL><LI><a href="#[57]">&gt;&gt;</a>&nbsp;&nbsp;&nbsp;__rt_exit_exit
</UL>

<P><STRONG><a name="[1e4]"></a>__I$use$semihosting</STRONG> (Thumb, 0 bytes, Stack size 0 bytes, use_no_semi.o(.text), UNUSED)

<P><STRONG><a name="[1e5]"></a>__use_no_semihosting_swi</STRONG> (Thumb, 2 bytes, Stack size 0 bytes, use_no_semi.o(.text), UNUSED)

<P><STRONG><a name="[1e6]"></a>__semihosting_library_function</STRONG> (Thumb, 0 bytes, Stack size unknown bytes, indicate_semi.o(.text), UNUSED)

<P><STRONG><a name="[1e7]"></a>__aeabi_fadd</STRONG> (Thumb, 0 bytes, Stack size 16 bytes, faddsub_clz.o(x$fpl$fadd), UNUSED)

<P><STRONG><a name="[19f]"></a>_fadd</STRONG> (Thumb, 196 bytes, Stack size 16 bytes, faddsub_clz.o(x$fpl$fadd), UNUSED)
<BR><BR>[Calls]<UL><LI><a href="#[1a1]">&gt;&gt;</a>&nbsp;&nbsp;&nbsp;__fpl_fretinf
<LI><a href="#[1a2]">&gt;&gt;</a>&nbsp;&nbsp;&nbsp;__fpl_fnaninf
<LI><a href="#[1a0]">&gt;&gt;</a>&nbsp;&nbsp;&nbsp;_fsub1
</UL>

<P><STRONG><a name="[1a3]"></a>__fpl_fcheck_NaN1</STRONG> (Thumb, 6 bytes, Stack size 0 bytes, fcheck1.o(x$fpl$fcheck1))
<BR><BR>[Calls]<UL><LI><a href="#[1a4]">&gt;&gt;</a>&nbsp;&nbsp;&nbsp;__fpl_return_NaN
</UL>
<BR>[Called By]<UL><LI><a href="#[181]">&gt;&gt;</a>&nbsp;&nbsp;&nbsp;__ARM_scalbnf
</UL>

<P><STRONG><a name="[17e]"></a>__aeabi_fdiv</STRONG> (Thumb, 0 bytes, Stack size 16 bytes, fdiv.o(x$fpl$fdiv))
<BR><BR>[Stack]<UL><LI>Max Depth = 16<LI>Call Chain = __aeabi_fdiv
</UL>
<BR>[Called By]<UL><LI><a href="#[183]">&gt;&gt;</a>&nbsp;&nbsp;&nbsp;uart5_init
<LI><a href="#[182]">&gt;&gt;</a>&nbsp;&nbsp;&nbsp;uart4_init
<LI><a href="#[fd]">&gt;&gt;</a>&nbsp;&nbsp;&nbsp;uart3_init
<LI><a href="#[67]">&gt;&gt;</a>&nbsp;&nbsp;&nbsp;uart1_init
<LI><a href="#[5d]">&gt;&gt;</a>&nbsp;&nbsp;&nbsp;uart2_init
</UL>

<P><STRONG><a name="[1a5]"></a>_fdiv</STRONG> (Thumb, 384 bytes, Stack size 16 bytes, fdiv.o(x$fpl$fdiv), UNUSED)
<BR><BR>[Calls]<UL><LI><a href="#[1a1]">&gt;&gt;</a>&nbsp;&nbsp;&nbsp;__fpl_fretinf
<LI><a href="#[1a2]">&gt;&gt;</a>&nbsp;&nbsp;&nbsp;__fpl_fnaninf
</UL>

<P><STRONG><a name="[17f]"></a>__aeabi_f2uiz</STRONG> (Thumb, 0 bytes, Stack size 16 bytes, ffixu.o(x$fpl$ffixu))
<BR><BR>[Stack]<UL><LI>Max Depth = 16<LI>Call Chain = __aeabi_f2uiz
</UL>
<BR>[Called By]<UL><LI><a href="#[183]">&gt;&gt;</a>&nbsp;&nbsp;&nbsp;uart5_init
<LI><a href="#[182]">&gt;&gt;</a>&nbsp;&nbsp;&nbsp;uart4_init
<LI><a href="#[fd]">&gt;&gt;</a>&nbsp;&nbsp;&nbsp;uart3_init
<LI><a href="#[67]">&gt;&gt;</a>&nbsp;&nbsp;&nbsp;uart1_init
<LI><a href="#[5d]">&gt;&gt;</a>&nbsp;&nbsp;&nbsp;uart2_init
</UL>

<P><STRONG><a name="[1a6]"></a>_ffixu</STRONG> (Thumb, 62 bytes, Stack size 16 bytes, ffixu.o(x$fpl$ffixu), UNUSED)
<BR><BR>[Calls]<UL><LI><a href="#[1a2]">&gt;&gt;</a>&nbsp;&nbsp;&nbsp;__fpl_fnaninf
</UL>

<P><STRONG><a name="[17d]"></a>__aeabi_ui2f</STRONG> (Thumb, 0 bytes, Stack size 0 bytes, fflt_clz.o(x$fpl$ffltu))
<BR><BR>[Called By]<UL><LI><a href="#[183]">&gt;&gt;</a>&nbsp;&nbsp;&nbsp;uart5_init
<LI><a href="#[182]">&gt;&gt;</a>&nbsp;&nbsp;&nbsp;uart4_init
<LI><a href="#[fd]">&gt;&gt;</a>&nbsp;&nbsp;&nbsp;uart3_init
<LI><a href="#[67]">&gt;&gt;</a>&nbsp;&nbsp;&nbsp;uart1_init
<LI><a href="#[5d]">&gt;&gt;</a>&nbsp;&nbsp;&nbsp;uart2_init
</UL>

<P><STRONG><a name="[1e8]"></a>_ffltu</STRONG> (Thumb, 38 bytes, Stack size 0 bytes, fflt_clz.o(x$fpl$ffltu), UNUSED)

<P><STRONG><a name="[1a2]"></a>__fpl_fnaninf</STRONG> (Thumb, 140 bytes, Stack size 8 bytes, fnaninf.o(x$fpl$fnaninf), UNUSED)
<BR><BR>[Called By]<UL><LI><a href="#[1a6]">&gt;&gt;</a>&nbsp;&nbsp;&nbsp;_ffixu
<LI><a href="#[1a5]">&gt;&gt;</a>&nbsp;&nbsp;&nbsp;_fdiv
<LI><a href="#[1a9]">&gt;&gt;</a>&nbsp;&nbsp;&nbsp;_fsub
<LI><a href="#[19f]">&gt;&gt;</a>&nbsp;&nbsp;&nbsp;_fadd
</UL>

<P><STRONG><a name="[1a1]"></a>__fpl_fretinf</STRONG> (Thumb, 10 bytes, Stack size 0 bytes, fretinf.o(x$fpl$fretinf), UNUSED)
<BR><BR>[Called By]<UL><LI><a href="#[1a5]">&gt;&gt;</a>&nbsp;&nbsp;&nbsp;_fdiv
<LI><a href="#[19f]">&gt;&gt;</a>&nbsp;&nbsp;&nbsp;_fadd
</UL>

<P><STRONG><a name="[180]"></a>__aeabi_frsub</STRONG> (Thumb, 0 bytes, Stack size 0 bytes, faddsub_clz.o(x$fpl$frsb))
<BR><BR>[Called By]<UL><LI><a href="#[183]">&gt;&gt;</a>&nbsp;&nbsp;&nbsp;uart5_init
<LI><a href="#[182]">&gt;&gt;</a>&nbsp;&nbsp;&nbsp;uart4_init
<LI><a href="#[fd]">&gt;&gt;</a>&nbsp;&nbsp;&nbsp;uart3_init
<LI><a href="#[67]">&gt;&gt;</a>&nbsp;&nbsp;&nbsp;uart1_init
<LI><a href="#[5d]">&gt;&gt;</a>&nbsp;&nbsp;&nbsp;uart2_init
</UL>

<P><STRONG><a name="[1a7]"></a>_frsb</STRONG> (Thumb, 20 bytes, Stack size 0 bytes, faddsub_clz.o(x$fpl$frsb), UNUSED)
<BR><BR>[Calls]<UL><LI><a href="#[1a0]">&gt;&gt;</a>&nbsp;&nbsp;&nbsp;_fsub1
<LI><a href="#[1a8]">&gt;&gt;</a>&nbsp;&nbsp;&nbsp;_fadd1
</UL>

<P><STRONG><a name="[1e9]"></a>__aeabi_fsub</STRONG> (Thumb, 0 bytes, Stack size 16 bytes, faddsub_clz.o(x$fpl$fsub), UNUSED)

<P><STRONG><a name="[1a9]"></a>_fsub</STRONG> (Thumb, 234 bytes, Stack size 16 bytes, faddsub_clz.o(x$fpl$fsub), UNUSED)
<BR><BR>[Calls]<UL><LI><a href="#[1a2]">&gt;&gt;</a>&nbsp;&nbsp;&nbsp;__fpl_fnaninf
<LI><a href="#[1a8]">&gt;&gt;</a>&nbsp;&nbsp;&nbsp;_fadd1
</UL>

<P><STRONG><a name="[1a4]"></a>__fpl_return_NaN</STRONG> (Thumb, 100 bytes, Stack size 0 bytes, retnan.o(x$fpl$retnan))
<BR><BR>[Calls]<UL><LI><a href="#[1aa]">&gt;&gt;</a>&nbsp;&nbsp;&nbsp;__fpl_cmpreturn
</UL>
<BR>[Called By]<UL><LI><a href="#[1a3]">&gt;&gt;</a>&nbsp;&nbsp;&nbsp;__fpl_fcheck_NaN1
</UL>

<P><STRONG><a name="[181]"></a>__ARM_scalbnf</STRONG> (Thumb, 76 bytes, Stack size 0 bytes, scalbnf.o(x$fpl$scalbnf))
<BR><BR>[Calls]<UL><LI><a href="#[1a3]">&gt;&gt;</a>&nbsp;&nbsp;&nbsp;__fpl_fcheck_NaN1
</UL>
<BR>[Called By]<UL><LI><a href="#[183]">&gt;&gt;</a>&nbsp;&nbsp;&nbsp;uart5_init
<LI><a href="#[182]">&gt;&gt;</a>&nbsp;&nbsp;&nbsp;uart4_init
<LI><a href="#[fd]">&gt;&gt;</a>&nbsp;&nbsp;&nbsp;uart3_init
<LI><a href="#[67]">&gt;&gt;</a>&nbsp;&nbsp;&nbsp;uart1_init
<LI><a href="#[5d]">&gt;&gt;</a>&nbsp;&nbsp;&nbsp;uart2_init
</UL>

<P><STRONG><a name="[1aa]"></a>__fpl_cmpreturn</STRONG> (Thumb, 48 bytes, Stack size 0 bytes, trapv.o(x$fpl$trapveneer))
<BR><BR>[Called By]<UL><LI><a href="#[1a4]">&gt;&gt;</a>&nbsp;&nbsp;&nbsp;__fpl_return_NaN
</UL>
<P>
<H3>
Local Symbols
</H3>
<P><STRONG><a name="[1a8]"></a>_fadd1</STRONG> (Thumb, 0 bytes, Stack size unknown bytes, faddsub_clz.o(x$fpl$fadd), UNUSED)
<BR><BR>[Called By]<UL><LI><a href="#[1a9]">&gt;&gt;</a>&nbsp;&nbsp;&nbsp;_fsub
<LI><a href="#[1a7]">&gt;&gt;</a>&nbsp;&nbsp;&nbsp;_frsb
</UL>

<P><STRONG><a name="[1a0]"></a>_fsub1</STRONG> (Thumb, 0 bytes, Stack size unknown bytes, faddsub_clz.o(x$fpl$fsub), UNUSED)
<BR><BR>[Called By]<UL><LI><a href="#[1a7]">&gt;&gt;</a>&nbsp;&nbsp;&nbsp;_frsb
<LI><a href="#[19f]">&gt;&gt;</a>&nbsp;&nbsp;&nbsp;_fadd
</UL>
<P>
<H3>
Undefined Global Symbols
</H3><HR></body></html>
