<!doctype html public "-//w3c//dtd html 4.0 transitional//en">
<html><head>
<title>Static Call Graph - [.\Objects\RKB1223_v1.axf]</title></head>
<body><HR>
<H1>Static Call Graph for image .\Objects\RKB1223_v1.axf</H1><HR>
<BR><P>#&#060CALLGRAPH&#062# ARM Linker, 5060422: Last Updated: Wed Nov 20 17:10:04 2024
<BR><P>
<H3>Maximum Stack Usage =        184 bytes + Unknown(Cycles, Untraceable Function Pointers)</H3><H3>
Call chain for Maximum Stack Depth:</H3>
main &rArr; RadioSetTxConfig &rArr; SX126xSetTxParams &rArr; SX126xSetPaConfig &rArr; SX126xWriteCommand &rArr; SX126xCheckDeviceReady &rArr; SX126xWakeup &rArr; drv_spi_read_write_byte &rArr; SCLK_L
<P>
<H3>
Mutually Recursive functions
</H3> <LI><a href="#[1c]">ADC0_1_IRQHandler</a>&nbsp;&nbsp;&nbsp;&rArr;&nbsp;&nbsp;&nbsp;<a href="#[1c]">ADC0_1_IRQHandler</a><BR>
</UL>
<P>
<H3>
Function Pointers
</H3><UL>
 <LI><a href="#[1c]">ADC0_1_IRQHandler</a> from startup_gd32f30x_hd.o(.text) referenced from startup_gd32f30x_hd.o(RESET)
 <LI><a href="#[39]">ADC2_IRQHandler</a> from startup_gd32f30x_hd.o(.text) referenced from startup_gd32f30x_hd.o(RESET)
 <LI><a href="#[4]">BusFault_Handler</a> from gd32f30x_it.o(i.BusFault_Handler) referenced from startup_gd32f30x_hd.o(RESET)
 <LI><a href="#[20]">CAN0_EWMC_IRQHandler</a> from startup_gd32f30x_hd.o(.text) referenced from startup_gd32f30x_hd.o(RESET)
 <LI><a href="#[1f]">CAN0_RX1_IRQHandler</a> from startup_gd32f30x_hd.o(.text) referenced from startup_gd32f30x_hd.o(RESET)
 <LI><a href="#[15]">DMA0_Channel0_IRQHandler</a> from startup_gd32f30x_hd.o(.text) referenced from startup_gd32f30x_hd.o(RESET)
 <LI><a href="#[16]">DMA0_Channel1_IRQHandler</a> from startup_gd32f30x_hd.o(.text) referenced from startup_gd32f30x_hd.o(RESET)
 <LI><a href="#[17]">DMA0_Channel2_IRQHandler</a> from startup_gd32f30x_hd.o(.text) referenced from startup_gd32f30x_hd.o(RESET)
 <LI><a href="#[18]">DMA0_Channel3_IRQHandler</a> from startup_gd32f30x_hd.o(.text) referenced from startup_gd32f30x_hd.o(RESET)
 <LI><a href="#[19]">DMA0_Channel4_IRQHandler</a> from startup_gd32f30x_hd.o(.text) referenced from startup_gd32f30x_hd.o(RESET)
 <LI><a href="#[1a]">DMA0_Channel5_IRQHandler</a> from startup_gd32f30x_hd.o(.text) referenced from startup_gd32f30x_hd.o(RESET)
 <LI><a href="#[1b]">DMA0_Channel6_IRQHandler</a> from startup_gd32f30x_hd.o(.text) referenced from startup_gd32f30x_hd.o(RESET)
 <LI><a href="#[42]">DMA1_Channel0_IRQHandler</a> from startup_gd32f30x_hd.o(.text) referenced from startup_gd32f30x_hd.o(RESET)
 <LI><a href="#[43]">DMA1_Channel1_IRQHandler</a> from startup_gd32f30x_hd.o(.text) referenced from startup_gd32f30x_hd.o(RESET)
 <LI><a href="#[44]">DMA1_Channel2_IRQHandler</a> from startup_gd32f30x_hd.o(.text) referenced from startup_gd32f30x_hd.o(RESET)
 <LI><a href="#[45]">DMA1_Channel3_4_IRQHandler</a> from startup_gd32f30x_hd.o(.text) referenced from startup_gd32f30x_hd.o(RESET)
 <LI><a href="#[7]">DebugMon_Handler</a> from gd32f30x_it.o(i.DebugMon_Handler) referenced from startup_gd32f30x_hd.o(RESET)
 <LI><a href="#[3a]">EXMC_IRQHandler</a> from startup_gd32f30x_hd.o(.text) referenced from startup_gd32f30x_hd.o(RESET)
 <LI><a href="#[10]">EXTI0_IRQHandler</a> from startup_gd32f30x_hd.o(.text) referenced from startup_gd32f30x_hd.o(RESET)
 <LI><a href="#[32]">EXTI10_15_IRQHandler</a> from startup_gd32f30x_hd.o(.text) referenced from startup_gd32f30x_hd.o(RESET)
 <LI><a href="#[11]">EXTI1_IRQHandler</a> from startup_gd32f30x_hd.o(.text) referenced from startup_gd32f30x_hd.o(RESET)
 <LI><a href="#[12]">EXTI2_IRQHandler</a> from startup_gd32f30x_hd.o(.text) referenced from startup_gd32f30x_hd.o(RESET)
 <LI><a href="#[13]">EXTI3_IRQHandler</a> from startup_gd32f30x_hd.o(.text) referenced from startup_gd32f30x_hd.o(RESET)
 <LI><a href="#[14]">EXTI4_IRQHandler</a> from startup_gd32f30x_hd.o(.text) referenced from startup_gd32f30x_hd.o(RESET)
 <LI><a href="#[21]">EXTI5_9_IRQHandler</a> from startup_gd32f30x_hd.o(.text) referenced from startup_gd32f30x_hd.o(RESET)
 <LI><a href="#[e]">FMC_IRQHandler</a> from startup_gd32f30x_hd.o(.text) referenced from startup_gd32f30x_hd.o(RESET)
 <LI><a href="#[2]">HardFault_Handler</a> from gd32f30x_it.o(i.HardFault_Handler) referenced from startup_gd32f30x_hd.o(RESET)
 <LI><a href="#[2a]">I2C0_ER_IRQHandler</a> from startup_gd32f30x_hd.o(.text) referenced from startup_gd32f30x_hd.o(RESET)
 <LI><a href="#[29]">I2C0_EV_IRQHandler</a> from startup_gd32f30x_hd.o(.text) referenced from startup_gd32f30x_hd.o(RESET)
 <LI><a href="#[2c]">I2C1_ER_IRQHandler</a> from startup_gd32f30x_hd.o(.text) referenced from startup_gd32f30x_hd.o(RESET)
 <LI><a href="#[2b]">I2C1_EV_IRQHandler</a> from startup_gd32f30x_hd.o(.text) referenced from startup_gd32f30x_hd.o(RESET)
 <LI><a href="#[b]">LVD_IRQHandler</a> from startup_gd32f30x_hd.o(.text) referenced from startup_gd32f30x_hd.o(RESET)
 <LI><a href="#[3]">MemManage_Handler</a> from gd32f30x_it.o(i.MemManage_Handler) referenced from startup_gd32f30x_hd.o(RESET)
 <LI><a href="#[1]">NMI_Handler</a> from gd32f30x_it.o(i.NMI_Handler) referenced from startup_gd32f30x_hd.o(RESET)
 <LI><a href="#[8]">PendSV_Handler</a> from gd32f30x_it.o(i.PendSV_Handler) referenced from startup_gd32f30x_hd.o(RESET)
 <LI><a href="#[f]">RCU_CTC_IRQHandler</a> from startup_gd32f30x_hd.o(.text) referenced from startup_gd32f30x_hd.o(RESET)
 <LI><a href="#[33]">RTC_Alarm_IRQHandler</a> from startup_gd32f30x_hd.o(.text) referenced from startup_gd32f30x_hd.o(RESET)
 <LI><a href="#[d]">RTC_IRQHandler</a> from startup_gd32f30x_hd.o(.text) referenced from startup_gd32f30x_hd.o(RESET)
 <LI><a href="#[0]">Reset_Handler</a> from startup_gd32f30x_hd.o(.text) referenced from startup_gd32f30x_hd.o(RESET)
 <LI><a href="#[3b]">SDIO_IRQHandler</a> from startup_gd32f30x_hd.o(.text) referenced from startup_gd32f30x_hd.o(RESET)
 <LI><a href="#[2d]">SPI0_IRQHandler</a> from startup_gd32f30x_hd.o(.text) referenced from startup_gd32f30x_hd.o(RESET)
 <LI><a href="#[2e]">SPI1_IRQHandler</a> from startup_gd32f30x_hd.o(.text) referenced from startup_gd32f30x_hd.o(RESET)
 <LI><a href="#[3d]">SPI2_IRQHandler</a> from startup_gd32f30x_hd.o(.text) referenced from startup_gd32f30x_hd.o(RESET)
 <LI><a href="#[6]">SVC_Handler</a> from gd32f30x_it.o(i.SVC_Handler) referenced from startup_gd32f30x_hd.o(RESET)
 <LI><a href="#[9]">SysTick_Handler</a> from gd32f30x_it.o(i.SysTick_Handler) referenced from startup_gd32f30x_hd.o(RESET)
 <LI><a href="#[47]">SystemInit</a> from system_gd32f30x.o(i.SystemInit) referenced from startup_gd32f30x_hd.o(.text)
 <LI><a href="#[c]">TAMPER_IRQHandler</a> from startup_gd32f30x_hd.o(.text) referenced from startup_gd32f30x_hd.o(RESET)
 <LI><a href="#[22]">TIMER0_BRK_IRQHandler</a> from startup_gd32f30x_hd.o(.text) referenced from startup_gd32f30x_hd.o(RESET)
 <LI><a href="#[25]">TIMER0_Channel_IRQHandler</a> from startup_gd32f30x_hd.o(.text) referenced from startup_gd32f30x_hd.o(RESET)
 <LI><a href="#[24]">TIMER0_TRG_CMT_IRQHandler</a> from startup_gd32f30x_hd.o(.text) referenced from startup_gd32f30x_hd.o(RESET)
 <LI><a href="#[23]">TIMER0_UP_IRQHandler</a> from startup_gd32f30x_hd.o(.text) referenced from startup_gd32f30x_hd.o(RESET)
 <LI><a href="#[26]">TIMER1_IRQHandler</a> from timer.o(i.TIMER1_IRQHandler) referenced from startup_gd32f30x_hd.o(RESET)
 <LI><a href="#[27]">TIMER2_IRQHandler</a> from startup_gd32f30x_hd.o(.text) referenced from startup_gd32f30x_hd.o(RESET)
 <LI><a href="#[28]">TIMER3_IRQHandler</a> from startup_gd32f30x_hd.o(.text) referenced from startup_gd32f30x_hd.o(RESET)
 <LI><a href="#[3c]">TIMER4_IRQHandler</a> from startup_gd32f30x_hd.o(.text) referenced from startup_gd32f30x_hd.o(RESET)
 <LI><a href="#[40]">TIMER5_IRQHandler</a> from timer.o(i.TIMER5_IRQHandler) referenced from startup_gd32f30x_hd.o(RESET)
 <LI><a href="#[41]">TIMER6_IRQHandler</a> from startup_gd32f30x_hd.o(.text) referenced from startup_gd32f30x_hd.o(RESET)
 <LI><a href="#[35]">TIMER7_BRK_IRQHandler</a> from startup_gd32f30x_hd.o(.text) referenced from startup_gd32f30x_hd.o(RESET)
 <LI><a href="#[38]">TIMER7_Channel_IRQHandler</a> from startup_gd32f30x_hd.o(.text) referenced from startup_gd32f30x_hd.o(RESET)
 <LI><a href="#[37]">TIMER7_TRG_CMT_IRQHandler</a> from startup_gd32f30x_hd.o(.text) referenced from startup_gd32f30x_hd.o(RESET)
 <LI><a href="#[36]">TIMER7_UP_IRQHandler</a> from startup_gd32f30x_hd.o(.text) referenced from startup_gd32f30x_hd.o(RESET)
 <LI><a href="#[3e]">UART3_IRQHandler</a> from startup_gd32f30x_hd.o(.text) referenced from startup_gd32f30x_hd.o(RESET)
 <LI><a href="#[3f]">UART4_IRQHandler</a> from startup_gd32f30x_hd.o(.text) referenced from startup_gd32f30x_hd.o(RESET)
 <LI><a href="#[2f]">USART0_IRQHandler</a> from communication1.o(i.USART0_IRQHandler) referenced from startup_gd32f30x_hd.o(RESET)
 <LI><a href="#[30]">USART1_IRQHandler</a> from startup_gd32f30x_hd.o(.text) referenced from startup_gd32f30x_hd.o(RESET)
 <LI><a href="#[31]">USART2_IRQHandler</a> from startup_gd32f30x_hd.o(.text) referenced from startup_gd32f30x_hd.o(RESET)
 <LI><a href="#[1d]">USBD_HP_CAN0_TX_IRQHandler</a> from startup_gd32f30x_hd.o(.text) referenced from startup_gd32f30x_hd.o(RESET)
 <LI><a href="#[1e]">USBD_LP_CAN0_RX0_IRQHandler</a> from startup_gd32f30x_hd.o(.text) referenced from startup_gd32f30x_hd.o(RESET)
 <LI><a href="#[34]">USBD_WKUP_IRQHandler</a> from startup_gd32f30x_hd.o(.text) referenced from startup_gd32f30x_hd.o(RESET)
 <LI><a href="#[5]">UsageFault_Handler</a> from gd32f30x_it.o(i.UsageFault_Handler) referenced from startup_gd32f30x_hd.o(RESET)
 <LI><a href="#[a]">WWDGT_IRQHandler</a> from startup_gd32f30x_hd.o(.text) referenced from startup_gd32f30x_hd.o(RESET)
 <LI><a href="#[48]">__main</a> from entry.o(.ARM.Collect$$$$00000000) referenced from startup_gd32f30x_hd.o(.text)
 <LI><a href="#[46]">main</a> from main.o(i.main) referenced from entry9a.o(.ARM.Collect$$$$0000000B)
</UL>
<P>
<H3>
Global Symbols
</H3>
<P><STRONG><a name="[48]"></a>__main</STRONG> (Thumb, 0 bytes, Stack size unknown bytes, entry.o(.ARM.Collect$$$$00000000))
<BR>[Address Reference Count : 1]<UL><LI> startup_gd32f30x_hd.o(.text)
</UL>
<P><STRONG><a name="[e5]"></a>_main_stk</STRONG> (Thumb, 0 bytes, Stack size unknown bytes, entry2.o(.ARM.Collect$$$$00000001))

<P><STRONG><a name="[49]"></a>_main_scatterload</STRONG> (Thumb, 0 bytes, Stack size unknown bytes, entry5.o(.ARM.Collect$$$$00000004))
<BR><BR>[Calls]<UL><LI><a href="#[4a]">&gt;&gt;</a>&nbsp;&nbsp;&nbsp;__scatterload
</UL>

<P><STRONG><a name="[52]"></a>__main_after_scatterload</STRONG> (Thumb, 0 bytes, Stack size unknown bytes, entry5.o(.ARM.Collect$$$$00000004))
<BR><BR>[Called By]<UL><LI><a href="#[4a]">&gt;&gt;</a>&nbsp;&nbsp;&nbsp;__scatterload
</UL>

<P><STRONG><a name="[e6]"></a>_main_clock</STRONG> (Thumb, 0 bytes, Stack size unknown bytes, entry7b.o(.ARM.Collect$$$$00000008))

<P><STRONG><a name="[e7]"></a>_main_cpp_init</STRONG> (Thumb, 0 bytes, Stack size unknown bytes, entry8b.o(.ARM.Collect$$$$0000000A))

<P><STRONG><a name="[e8]"></a>_main_init</STRONG> (Thumb, 0 bytes, Stack size unknown bytes, entry9a.o(.ARM.Collect$$$$0000000B))

<P><STRONG><a name="[e9]"></a>__rt_final_cpp</STRONG> (Thumb, 0 bytes, Stack size unknown bytes, entry10a.o(.ARM.Collect$$$$0000000D))

<P><STRONG><a name="[ea]"></a>__rt_final_exit</STRONG> (Thumb, 0 bytes, Stack size unknown bytes, entry11a.o(.ARM.Collect$$$$0000000F))

<P><STRONG><a name="[0]"></a>Reset_Handler</STRONG> (Thumb, 8 bytes, Stack size 0 bytes, startup_gd32f30x_hd.o(.text))
<BR>[Address Reference Count : 1]<UL><LI> startup_gd32f30x_hd.o(RESET)
</UL>
<P><STRONG><a name="[1c]"></a>ADC0_1_IRQHandler</STRONG> (Thumb, 0 bytes, Stack size 0 bytes, startup_gd32f30x_hd.o(.text))
<BR><BR>[Calls]<UL><LI><a href="#[1c]">&gt;&gt;</a>&nbsp;&nbsp;&nbsp;ADC0_1_IRQHandler
</UL>
<BR>[Called By]<UL><LI><a href="#[1c]">&gt;&gt;</a>&nbsp;&nbsp;&nbsp;ADC0_1_IRQHandler
</UL>
<BR>[Address Reference Count : 1]<UL><LI> startup_gd32f30x_hd.o(RESET)
</UL>
<P><STRONG><a name="[39]"></a>ADC2_IRQHandler</STRONG> (Thumb, 0 bytes, Stack size 0 bytes, startup_gd32f30x_hd.o(.text))
<BR>[Address Reference Count : 1]<UL><LI> startup_gd32f30x_hd.o(RESET)
</UL>
<P><STRONG><a name="[20]"></a>CAN0_EWMC_IRQHandler</STRONG> (Thumb, 0 bytes, Stack size 0 bytes, startup_gd32f30x_hd.o(.text))
<BR>[Address Reference Count : 1]<UL><LI> startup_gd32f30x_hd.o(RESET)
</UL>
<P><STRONG><a name="[1f]"></a>CAN0_RX1_IRQHandler</STRONG> (Thumb, 0 bytes, Stack size 0 bytes, startup_gd32f30x_hd.o(.text))
<BR>[Address Reference Count : 1]<UL><LI> startup_gd32f30x_hd.o(RESET)
</UL>
<P><STRONG><a name="[15]"></a>DMA0_Channel0_IRQHandler</STRONG> (Thumb, 0 bytes, Stack size 0 bytes, startup_gd32f30x_hd.o(.text))
<BR>[Address Reference Count : 1]<UL><LI> startup_gd32f30x_hd.o(RESET)
</UL>
<P><STRONG><a name="[16]"></a>DMA0_Channel1_IRQHandler</STRONG> (Thumb, 0 bytes, Stack size 0 bytes, startup_gd32f30x_hd.o(.text))
<BR>[Address Reference Count : 1]<UL><LI> startup_gd32f30x_hd.o(RESET)
</UL>
<P><STRONG><a name="[17]"></a>DMA0_Channel2_IRQHandler</STRONG> (Thumb, 0 bytes, Stack size 0 bytes, startup_gd32f30x_hd.o(.text))
<BR>[Address Reference Count : 1]<UL><LI> startup_gd32f30x_hd.o(RESET)
</UL>
<P><STRONG><a name="[18]"></a>DMA0_Channel3_IRQHandler</STRONG> (Thumb, 0 bytes, Stack size 0 bytes, startup_gd32f30x_hd.o(.text))
<BR>[Address Reference Count : 1]<UL><LI> startup_gd32f30x_hd.o(RESET)
</UL>
<P><STRONG><a name="[19]"></a>DMA0_Channel4_IRQHandler</STRONG> (Thumb, 0 bytes, Stack size 0 bytes, startup_gd32f30x_hd.o(.text))
<BR>[Address Reference Count : 1]<UL><LI> startup_gd32f30x_hd.o(RESET)
</UL>
<P><STRONG><a name="[1a]"></a>DMA0_Channel5_IRQHandler</STRONG> (Thumb, 0 bytes, Stack size 0 bytes, startup_gd32f30x_hd.o(.text))
<BR>[Address Reference Count : 1]<UL><LI> startup_gd32f30x_hd.o(RESET)
</UL>
<P><STRONG><a name="[1b]"></a>DMA0_Channel6_IRQHandler</STRONG> (Thumb, 0 bytes, Stack size 0 bytes, startup_gd32f30x_hd.o(.text))
<BR>[Address Reference Count : 1]<UL><LI> startup_gd32f30x_hd.o(RESET)
</UL>
<P><STRONG><a name="[42]"></a>DMA1_Channel0_IRQHandler</STRONG> (Thumb, 0 bytes, Stack size 0 bytes, startup_gd32f30x_hd.o(.text))
<BR>[Address Reference Count : 1]<UL><LI> startup_gd32f30x_hd.o(RESET)
</UL>
<P><STRONG><a name="[43]"></a>DMA1_Channel1_IRQHandler</STRONG> (Thumb, 0 bytes, Stack size 0 bytes, startup_gd32f30x_hd.o(.text))
<BR>[Address Reference Count : 1]<UL><LI> startup_gd32f30x_hd.o(RESET)
</UL>
<P><STRONG><a name="[44]"></a>DMA1_Channel2_IRQHandler</STRONG> (Thumb, 0 bytes, Stack size 0 bytes, startup_gd32f30x_hd.o(.text))
<BR>[Address Reference Count : 1]<UL><LI> startup_gd32f30x_hd.o(RESET)
</UL>
<P><STRONG><a name="[45]"></a>DMA1_Channel3_4_IRQHandler</STRONG> (Thumb, 0 bytes, Stack size 0 bytes, startup_gd32f30x_hd.o(.text))
<BR>[Address Reference Count : 1]<UL><LI> startup_gd32f30x_hd.o(RESET)
</UL>
<P><STRONG><a name="[3a]"></a>EXMC_IRQHandler</STRONG> (Thumb, 0 bytes, Stack size 0 bytes, startup_gd32f30x_hd.o(.text))
<BR>[Address Reference Count : 1]<UL><LI> startup_gd32f30x_hd.o(RESET)
</UL>
<P><STRONG><a name="[10]"></a>EXTI0_IRQHandler</STRONG> (Thumb, 0 bytes, Stack size 0 bytes, startup_gd32f30x_hd.o(.text))
<BR>[Address Reference Count : 1]<UL><LI> startup_gd32f30x_hd.o(RESET)
</UL>
<P><STRONG><a name="[32]"></a>EXTI10_15_IRQHandler</STRONG> (Thumb, 0 bytes, Stack size 0 bytes, startup_gd32f30x_hd.o(.text))
<BR>[Address Reference Count : 1]<UL><LI> startup_gd32f30x_hd.o(RESET)
</UL>
<P><STRONG><a name="[11]"></a>EXTI1_IRQHandler</STRONG> (Thumb, 0 bytes, Stack size 0 bytes, startup_gd32f30x_hd.o(.text))
<BR>[Address Reference Count : 1]<UL><LI> startup_gd32f30x_hd.o(RESET)
</UL>
<P><STRONG><a name="[12]"></a>EXTI2_IRQHandler</STRONG> (Thumb, 0 bytes, Stack size 0 bytes, startup_gd32f30x_hd.o(.text))
<BR>[Address Reference Count : 1]<UL><LI> startup_gd32f30x_hd.o(RESET)
</UL>
<P><STRONG><a name="[13]"></a>EXTI3_IRQHandler</STRONG> (Thumb, 0 bytes, Stack size 0 bytes, startup_gd32f30x_hd.o(.text))
<BR>[Address Reference Count : 1]<UL><LI> startup_gd32f30x_hd.o(RESET)
</UL>
<P><STRONG><a name="[14]"></a>EXTI4_IRQHandler</STRONG> (Thumb, 0 bytes, Stack size 0 bytes, startup_gd32f30x_hd.o(.text))
<BR>[Address Reference Count : 1]<UL><LI> startup_gd32f30x_hd.o(RESET)
</UL>
<P><STRONG><a name="[21]"></a>EXTI5_9_IRQHandler</STRONG> (Thumb, 0 bytes, Stack size 0 bytes, startup_gd32f30x_hd.o(.text))
<BR>[Address Reference Count : 1]<UL><LI> startup_gd32f30x_hd.o(RESET)
</UL>
<P><STRONG><a name="[e]"></a>FMC_IRQHandler</STRONG> (Thumb, 0 bytes, Stack size 0 bytes, startup_gd32f30x_hd.o(.text))
<BR>[Address Reference Count : 1]<UL><LI> startup_gd32f30x_hd.o(RESET)
</UL>
<P><STRONG><a name="[2a]"></a>I2C0_ER_IRQHandler</STRONG> (Thumb, 0 bytes, Stack size 0 bytes, startup_gd32f30x_hd.o(.text))
<BR>[Address Reference Count : 1]<UL><LI> startup_gd32f30x_hd.o(RESET)
</UL>
<P><STRONG><a name="[29]"></a>I2C0_EV_IRQHandler</STRONG> (Thumb, 0 bytes, Stack size 0 bytes, startup_gd32f30x_hd.o(.text))
<BR>[Address Reference Count : 1]<UL><LI> startup_gd32f30x_hd.o(RESET)
</UL>
<P><STRONG><a name="[2c]"></a>I2C1_ER_IRQHandler</STRONG> (Thumb, 0 bytes, Stack size 0 bytes, startup_gd32f30x_hd.o(.text))
<BR>[Address Reference Count : 1]<UL><LI> startup_gd32f30x_hd.o(RESET)
</UL>
<P><STRONG><a name="[2b]"></a>I2C1_EV_IRQHandler</STRONG> (Thumb, 0 bytes, Stack size 0 bytes, startup_gd32f30x_hd.o(.text))
<BR>[Address Reference Count : 1]<UL><LI> startup_gd32f30x_hd.o(RESET)
</UL>
<P><STRONG><a name="[b]"></a>LVD_IRQHandler</STRONG> (Thumb, 0 bytes, Stack size 0 bytes, startup_gd32f30x_hd.o(.text))
<BR>[Address Reference Count : 1]<UL><LI> startup_gd32f30x_hd.o(RESET)
</UL>
<P><STRONG><a name="[f]"></a>RCU_CTC_IRQHandler</STRONG> (Thumb, 0 bytes, Stack size 0 bytes, startup_gd32f30x_hd.o(.text))
<BR>[Address Reference Count : 1]<UL><LI> startup_gd32f30x_hd.o(RESET)
</UL>
<P><STRONG><a name="[33]"></a>RTC_Alarm_IRQHandler</STRONG> (Thumb, 0 bytes, Stack size 0 bytes, startup_gd32f30x_hd.o(.text))
<BR>[Address Reference Count : 1]<UL><LI> startup_gd32f30x_hd.o(RESET)
</UL>
<P><STRONG><a name="[d]"></a>RTC_IRQHandler</STRONG> (Thumb, 0 bytes, Stack size 0 bytes, startup_gd32f30x_hd.o(.text))
<BR>[Address Reference Count : 1]<UL><LI> startup_gd32f30x_hd.o(RESET)
</UL>
<P><STRONG><a name="[3b]"></a>SDIO_IRQHandler</STRONG> (Thumb, 0 bytes, Stack size 0 bytes, startup_gd32f30x_hd.o(.text))
<BR>[Address Reference Count : 1]<UL><LI> startup_gd32f30x_hd.o(RESET)
</UL>
<P><STRONG><a name="[2d]"></a>SPI0_IRQHandler</STRONG> (Thumb, 0 bytes, Stack size 0 bytes, startup_gd32f30x_hd.o(.text))
<BR>[Address Reference Count : 1]<UL><LI> startup_gd32f30x_hd.o(RESET)
</UL>
<P><STRONG><a name="[2e]"></a>SPI1_IRQHandler</STRONG> (Thumb, 0 bytes, Stack size 0 bytes, startup_gd32f30x_hd.o(.text))
<BR>[Address Reference Count : 1]<UL><LI> startup_gd32f30x_hd.o(RESET)
</UL>
<P><STRONG><a name="[3d]"></a>SPI2_IRQHandler</STRONG> (Thumb, 0 bytes, Stack size 0 bytes, startup_gd32f30x_hd.o(.text))
<BR>[Address Reference Count : 1]<UL><LI> startup_gd32f30x_hd.o(RESET)
</UL>
<P><STRONG><a name="[c]"></a>TAMPER_IRQHandler</STRONG> (Thumb, 0 bytes, Stack size 0 bytes, startup_gd32f30x_hd.o(.text))
<BR>[Address Reference Count : 1]<UL><LI> startup_gd32f30x_hd.o(RESET)
</UL>
<P><STRONG><a name="[22]"></a>TIMER0_BRK_IRQHandler</STRONG> (Thumb, 0 bytes, Stack size 0 bytes, startup_gd32f30x_hd.o(.text))
<BR>[Address Reference Count : 1]<UL><LI> startup_gd32f30x_hd.o(RESET)
</UL>
<P><STRONG><a name="[25]"></a>TIMER0_Channel_IRQHandler</STRONG> (Thumb, 0 bytes, Stack size 0 bytes, startup_gd32f30x_hd.o(.text))
<BR>[Address Reference Count : 1]<UL><LI> startup_gd32f30x_hd.o(RESET)
</UL>
<P><STRONG><a name="[24]"></a>TIMER0_TRG_CMT_IRQHandler</STRONG> (Thumb, 0 bytes, Stack size 0 bytes, startup_gd32f30x_hd.o(.text))
<BR>[Address Reference Count : 1]<UL><LI> startup_gd32f30x_hd.o(RESET)
</UL>
<P><STRONG><a name="[23]"></a>TIMER0_UP_IRQHandler</STRONG> (Thumb, 0 bytes, Stack size 0 bytes, startup_gd32f30x_hd.o(.text))
<BR>[Address Reference Count : 1]<UL><LI> startup_gd32f30x_hd.o(RESET)
</UL>
<P><STRONG><a name="[27]"></a>TIMER2_IRQHandler</STRONG> (Thumb, 0 bytes, Stack size 0 bytes, startup_gd32f30x_hd.o(.text))
<BR>[Address Reference Count : 1]<UL><LI> startup_gd32f30x_hd.o(RESET)
</UL>
<P><STRONG><a name="[28]"></a>TIMER3_IRQHandler</STRONG> (Thumb, 0 bytes, Stack size 0 bytes, startup_gd32f30x_hd.o(.text))
<BR>[Address Reference Count : 1]<UL><LI> startup_gd32f30x_hd.o(RESET)
</UL>
<P><STRONG><a name="[3c]"></a>TIMER4_IRQHandler</STRONG> (Thumb, 0 bytes, Stack size 0 bytes, startup_gd32f30x_hd.o(.text))
<BR>[Address Reference Count : 1]<UL><LI> startup_gd32f30x_hd.o(RESET)
</UL>
<P><STRONG><a name="[41]"></a>TIMER6_IRQHandler</STRONG> (Thumb, 0 bytes, Stack size 0 bytes, startup_gd32f30x_hd.o(.text))
<BR>[Address Reference Count : 1]<UL><LI> startup_gd32f30x_hd.o(RESET)
</UL>
<P><STRONG><a name="[35]"></a>TIMER7_BRK_IRQHandler</STRONG> (Thumb, 0 bytes, Stack size 0 bytes, startup_gd32f30x_hd.o(.text))
<BR>[Address Reference Count : 1]<UL><LI> startup_gd32f30x_hd.o(RESET)
</UL>
<P><STRONG><a name="[38]"></a>TIMER7_Channel_IRQHandler</STRONG> (Thumb, 0 bytes, Stack size 0 bytes, startup_gd32f30x_hd.o(.text))
<BR>[Address Reference Count : 1]<UL><LI> startup_gd32f30x_hd.o(RESET)
</UL>
<P><STRONG><a name="[37]"></a>TIMER7_TRG_CMT_IRQHandler</STRONG> (Thumb, 0 bytes, Stack size 0 bytes, startup_gd32f30x_hd.o(.text))
<BR>[Address Reference Count : 1]<UL><LI> startup_gd32f30x_hd.o(RESET)
</UL>
<P><STRONG><a name="[36]"></a>TIMER7_UP_IRQHandler</STRONG> (Thumb, 0 bytes, Stack size 0 bytes, startup_gd32f30x_hd.o(.text))
<BR>[Address Reference Count : 1]<UL><LI> startup_gd32f30x_hd.o(RESET)
</UL>
<P><STRONG><a name="[3e]"></a>UART3_IRQHandler</STRONG> (Thumb, 0 bytes, Stack size 0 bytes, startup_gd32f30x_hd.o(.text))
<BR>[Address Reference Count : 1]<UL><LI> startup_gd32f30x_hd.o(RESET)
</UL>
<P><STRONG><a name="[3f]"></a>UART4_IRQHandler</STRONG> (Thumb, 0 bytes, Stack size 0 bytes, startup_gd32f30x_hd.o(.text))
<BR>[Address Reference Count : 1]<UL><LI> startup_gd32f30x_hd.o(RESET)
</UL>
<P><STRONG><a name="[30]"></a>USART1_IRQHandler</STRONG> (Thumb, 0 bytes, Stack size 0 bytes, startup_gd32f30x_hd.o(.text))
<BR>[Address Reference Count : 1]<UL><LI> startup_gd32f30x_hd.o(RESET)
</UL>
<P><STRONG><a name="[31]"></a>USART2_IRQHandler</STRONG> (Thumb, 0 bytes, Stack size 0 bytes, startup_gd32f30x_hd.o(.text))
<BR>[Address Reference Count : 1]<UL><LI> startup_gd32f30x_hd.o(RESET)
</UL>
<P><STRONG><a name="[1d]"></a>USBD_HP_CAN0_TX_IRQHandler</STRONG> (Thumb, 0 bytes, Stack size 0 bytes, startup_gd32f30x_hd.o(.text))
<BR>[Address Reference Count : 1]<UL><LI> startup_gd32f30x_hd.o(RESET)
</UL>
<P><STRONG><a name="[1e]"></a>USBD_LP_CAN0_RX0_IRQHandler</STRONG> (Thumb, 0 bytes, Stack size 0 bytes, startup_gd32f30x_hd.o(.text))
<BR>[Address Reference Count : 1]<UL><LI> startup_gd32f30x_hd.o(RESET)
</UL>
<P><STRONG><a name="[34]"></a>USBD_WKUP_IRQHandler</STRONG> (Thumb, 0 bytes, Stack size 0 bytes, startup_gd32f30x_hd.o(.text))
<BR>[Address Reference Count : 1]<UL><LI> startup_gd32f30x_hd.o(RESET)
</UL>
<P><STRONG><a name="[a]"></a>WWDGT_IRQHandler</STRONG> (Thumb, 0 bytes, Stack size 0 bytes, startup_gd32f30x_hd.o(.text))
<BR>[Address Reference Count : 1]<UL><LI> startup_gd32f30x_hd.o(RESET)
</UL>
<P><STRONG><a name="[4b]"></a>__aeabi_ddiv</STRONG> (Thumb, 222 bytes, Stack size 32 bytes, ddiv.o(.text))
<BR><BR>[Stack]<UL><LI>Max Depth = 40<LI>Call Chain = __aeabi_ddiv &rArr; _double_round
</UL>
<BR>[Calls]<UL><LI><a href="#[4c]">&gt;&gt;</a>&nbsp;&nbsp;&nbsp;_double_round
</UL>
<BR>[Called By]<UL><LI><a href="#[7f]">&gt;&gt;</a>&nbsp;&nbsp;&nbsp;SX126xSetRfFrequency
</UL>

<P><STRONG><a name="[4d]"></a>__aeabi_ui2d</STRONG> (Thumb, 26 bytes, Stack size 16 bytes, dfltui.o(.text))
<BR><BR>[Stack]<UL><LI>Max Depth = 56<LI>Call Chain = __aeabi_ui2d &rArr; _double_epilogue &rArr; _double_round
</UL>
<BR>[Calls]<UL><LI><a href="#[4e]">&gt;&gt;</a>&nbsp;&nbsp;&nbsp;_double_epilogue
</UL>
<BR>[Called By]<UL><LI><a href="#[7f]">&gt;&gt;</a>&nbsp;&nbsp;&nbsp;SX126xSetRfFrequency
</UL>

<P><STRONG><a name="[4f]"></a>__aeabi_d2uiz</STRONG> (Thumb, 50 bytes, Stack size 8 bytes, dfixui.o(.text))
<BR><BR>[Stack]<UL><LI>Max Depth = 8<LI>Call Chain = __aeabi_d2uiz
</UL>
<BR>[Calls]<UL><LI><a href="#[50]">&gt;&gt;</a>&nbsp;&nbsp;&nbsp;__aeabi_llsr
</UL>
<BR>[Called By]<UL><LI><a href="#[7f]">&gt;&gt;</a>&nbsp;&nbsp;&nbsp;SX126xSetRfFrequency
</UL>

<P><STRONG><a name="[50]"></a>__aeabi_llsr</STRONG> (Thumb, 32 bytes, Stack size 0 bytes, llushr.o(.text))
<BR><BR>[Called By]<UL><LI><a href="#[4e]">&gt;&gt;</a>&nbsp;&nbsp;&nbsp;_double_epilogue
<LI><a href="#[4f]">&gt;&gt;</a>&nbsp;&nbsp;&nbsp;__aeabi_d2uiz
</UL>

<P><STRONG><a name="[eb]"></a>_ll_ushift_r</STRONG> (Thumb, 0 bytes, Stack size 0 bytes, llushr.o(.text), UNUSED)

<P><STRONG><a name="[ec]"></a>__I$use$fp</STRONG> (Thumb, 0 bytes, Stack size 8 bytes, iusefp.o(.text), UNUSED)

<P><STRONG><a name="[4c]"></a>_double_round</STRONG> (Thumb, 30 bytes, Stack size 8 bytes, depilogue.o(.text))
<BR><BR>[Stack]<UL><LI>Max Depth = 8<LI>Call Chain = _double_round
</UL>
<BR>[Called By]<UL><LI><a href="#[4e]">&gt;&gt;</a>&nbsp;&nbsp;&nbsp;_double_epilogue
<LI><a href="#[4b]">&gt;&gt;</a>&nbsp;&nbsp;&nbsp;__aeabi_ddiv
</UL>

<P><STRONG><a name="[4e]"></a>_double_epilogue</STRONG> (Thumb, 156 bytes, Stack size 32 bytes, depilogue.o(.text))
<BR><BR>[Stack]<UL><LI>Max Depth = 40<LI>Call Chain = _double_epilogue &rArr; _double_round
</UL>
<BR>[Calls]<UL><LI><a href="#[51]">&gt;&gt;</a>&nbsp;&nbsp;&nbsp;__aeabi_llsl
<LI><a href="#[50]">&gt;&gt;</a>&nbsp;&nbsp;&nbsp;__aeabi_llsr
<LI><a href="#[4c]">&gt;&gt;</a>&nbsp;&nbsp;&nbsp;_double_round
</UL>
<BR>[Called By]<UL><LI><a href="#[4d]">&gt;&gt;</a>&nbsp;&nbsp;&nbsp;__aeabi_ui2d
</UL>

<P><STRONG><a name="[4a]"></a>__scatterload</STRONG> (Thumb, 28 bytes, Stack size 0 bytes, init.o(.text))
<BR><BR>[Calls]<UL><LI><a href="#[52]">&gt;&gt;</a>&nbsp;&nbsp;&nbsp;__main_after_scatterload
</UL>
<BR>[Called By]<UL><LI><a href="#[49]">&gt;&gt;</a>&nbsp;&nbsp;&nbsp;_main_scatterload
</UL>

<P><STRONG><a name="[ed]"></a>__scatterload_rt2</STRONG> (Thumb, 0 bytes, Stack size 0 bytes, init.o(.text), UNUSED)

<P><STRONG><a name="[51]"></a>__aeabi_llsl</STRONG> (Thumb, 30 bytes, Stack size 0 bytes, llshl.o(.text))
<BR><BR>[Called By]<UL><LI><a href="#[4e]">&gt;&gt;</a>&nbsp;&nbsp;&nbsp;_double_epilogue
</UL>

<P><STRONG><a name="[ee]"></a>_ll_shift_l</STRONG> (Thumb, 0 bytes, Stack size 0 bytes, llshl.o(.text), UNUSED)

<P><STRONG><a name="[53]"></a>BUSY_READ</STRONG> (Thumb, 14 bytes, Stack size 8 bytes, sx126x_driver.o(i.BUSY_READ))
<BR><BR>[Stack]<UL><LI>Max Depth = 8<LI>Call Chain = BUSY_READ
</UL>
<BR>[Calls]<UL><LI><a href="#[54]">&gt;&gt;</a>&nbsp;&nbsp;&nbsp;gpio_input_bit_get
</UL>
<BR>[Called By]<UL><LI><a href="#[95]">&gt;&gt;</a>&nbsp;&nbsp;&nbsp;SX126xWaitOnBusy
</UL>

<P><STRONG><a name="[4]"></a>BusFault_Handler</STRONG> (Thumb, 4 bytes, Stack size 0 bytes, gd32f30x_it.o(i.BusFault_Handler))
<BR>[Address Reference Count : 1]<UL><LI> startup_gd32f30x_hd.o(RESET)
</UL>
<P><STRONG><a name="[7]"></a>DebugMon_Handler</STRONG> (Thumb, 2 bytes, Stack size 0 bytes, gd32f30x_it.o(i.DebugMon_Handler))
<BR>[Address Reference Count : 1]<UL><LI> startup_gd32f30x_hd.o(RESET)
</UL>
<P><STRONG><a name="[7b]"></a>Delay_nms</STRONG> (Thumb, 192 bytes, Stack size 20 bytes, delay.o(i.Delay_nms))
<BR><BR>[Stack]<UL><LI>Max Depth = 20<LI>Call Chain = Delay_nms
</UL>
<BR>[Called By]<UL><LI><a href="#[63]">&gt;&gt;</a>&nbsp;&nbsp;&nbsp;RadioSend
</UL>

<P><STRONG><a name="[2]"></a>HardFault_Handler</STRONG> (Thumb, 4 bytes, Stack size 0 bytes, gd32f30x_it.o(i.HardFault_Handler))
<BR>[Address Reference Count : 1]<UL><LI> startup_gd32f30x_hd.o(RESET)
</UL>
<P><STRONG><a name="[55]"></a>MISO_READ</STRONG> (Thumb, 12 bytes, Stack size 8 bytes, drv_spi.o(i.MISO_READ))
<BR><BR>[Stack]<UL><LI>Max Depth = 8<LI>Call Chain = MISO_READ
</UL>
<BR>[Calls]<UL><LI><a href="#[54]">&gt;&gt;</a>&nbsp;&nbsp;&nbsp;gpio_input_bit_get
</UL>
<BR>[Called By]<UL><LI><a href="#[9f]">&gt;&gt;</a>&nbsp;&nbsp;&nbsp;drv_spi_read_write_byte
</UL>

<P><STRONG><a name="[56]"></a>MOSI_H</STRONG> (Thumb, 12 bytes, Stack size 8 bytes, drv_spi.o(i.MOSI_H))
<BR><BR>[Stack]<UL><LI>Max Depth = 8<LI>Call Chain = MOSI_H
</UL>
<BR>[Calls]<UL><LI><a href="#[57]">&gt;&gt;</a>&nbsp;&nbsp;&nbsp;gpio_bit_set
</UL>
<BR>[Called By]<UL><LI><a href="#[9f]">&gt;&gt;</a>&nbsp;&nbsp;&nbsp;drv_spi_read_write_byte
</UL>

<P><STRONG><a name="[58]"></a>MOSI_L</STRONG> (Thumb, 12 bytes, Stack size 8 bytes, drv_spi.o(i.MOSI_L))
<BR><BR>[Stack]<UL><LI>Max Depth = 8<LI>Call Chain = MOSI_L
</UL>
<BR>[Calls]<UL><LI><a href="#[59]">&gt;&gt;</a>&nbsp;&nbsp;&nbsp;gpio_bit_reset
</UL>
<BR>[Called By]<UL><LI><a href="#[9f]">&gt;&gt;</a>&nbsp;&nbsp;&nbsp;drv_spi_read_write_byte
</UL>

<P><STRONG><a name="[3]"></a>MemManage_Handler</STRONG> (Thumb, 4 bytes, Stack size 0 bytes, gd32f30x_it.o(i.MemManage_Handler))
<BR>[Address Reference Count : 1]<UL><LI> startup_gd32f30x_hd.o(RESET)
</UL>
<P><STRONG><a name="[5a]"></a>ModbusFun6_1</STRONG> (Thumb, 70 bytes, Stack size 8 bytes, communication1.o(i.ModbusFun6_1))
<BR><BR>[Stack]<UL><LI>Max Depth = 84<LI>Call Chain = ModbusFun6_1 &rArr; WriteAdd &rArr; fmc_write_data_16b &rArr; fmc_halfword_program &rArr; fmc_bank1_ready_wait
</UL>
<BR>[Calls]<UL><LI><a href="#[5b]">&gt;&gt;</a>&nbsp;&nbsp;&nbsp;WriteAdd
</UL>
<BR>[Called By]<UL><LI><a href="#[5e]">&gt;&gt;</a>&nbsp;&nbsp;&nbsp;Modbus_Event_1
</UL>

<P><STRONG><a name="[b3]"></a>ModbusInit</STRONG> (Thumb, 82 bytes, Stack size 0 bytes, communication1.o(i.ModbusInit))
<BR><BR>[Called By]<UL><LI><a href="#[b2]">&gt;&gt;</a>&nbsp;&nbsp;&nbsp;communication1_init
</UL>

<P><STRONG><a name="[5c]"></a>ModbusSendOrder</STRONG> (Thumb, 26 bytes, Stack size 8 bytes, communication1.o(i.ModbusSendOrder))
<BR><BR>[Stack]<UL><LI>Max Depth = 32<LI>Call Chain = ModbusSendOrder &rArr; RS485_Send_Data &rArr; usart_flag_get
</UL>
<BR>[Calls]<UL><LI><a href="#[5d]">&gt;&gt;</a>&nbsp;&nbsp;&nbsp;RS485_Send_Data
</UL>
<BR>[Called By]<UL><LI><a href="#[5f]">&gt;&gt;</a>&nbsp;&nbsp;&nbsp;showData1_1
</UL>

<P><STRONG><a name="[5e]"></a>Modbus_Event_1</STRONG> (Thumb, 88 bytes, Stack size 8 bytes, communication1.o(i.Modbus_Event_1))
<BR><BR>[Stack]<UL><LI>Max Depth = 92<LI>Call Chain = Modbus_Event_1 &rArr; ModbusFun6_1 &rArr; WriteAdd &rArr; fmc_write_data_16b &rArr; fmc_halfword_program &rArr; fmc_bank1_ready_wait
</UL>
<BR>[Calls]<UL><LI><a href="#[5f]">&gt;&gt;</a>&nbsp;&nbsp;&nbsp;showData1_1
<LI><a href="#[5a]">&gt;&gt;</a>&nbsp;&nbsp;&nbsp;ModbusFun6_1
</UL>
<BR>[Called By]<UL><LI><a href="#[46]">&gt;&gt;</a>&nbsp;&nbsp;&nbsp;main
</UL>

<P><STRONG><a name="[1]"></a>NMI_Handler</STRONG> (Thumb, 2 bytes, Stack size 0 bytes, gd32f30x_it.o(i.NMI_Handler))
<BR>[Address Reference Count : 1]<UL><LI> startup_gd32f30x_hd.o(RESET)
</UL>
<P><STRONG><a name="[60]"></a>NRST_off</STRONG> (Thumb, 14 bytes, Stack size 8 bytes, sx126x_driver.o(i.NRST_off))
<BR><BR>[Stack]<UL><LI>Max Depth = 8<LI>Call Chain = NRST_off
</UL>
<BR>[Calls]<UL><LI><a href="#[59]">&gt;&gt;</a>&nbsp;&nbsp;&nbsp;gpio_bit_reset
</UL>
<BR>[Called By]<UL><LI><a href="#[9c]">&gt;&gt;</a>&nbsp;&nbsp;&nbsp;SX126xReset
</UL>

<P><STRONG><a name="[61]"></a>NRST_on</STRONG> (Thumb, 14 bytes, Stack size 8 bytes, sx126x_driver.o(i.NRST_on))
<BR><BR>[Stack]<UL><LI>Max Depth = 8<LI>Call Chain = NRST_on
</UL>
<BR>[Calls]<UL><LI><a href="#[57]">&gt;&gt;</a>&nbsp;&nbsp;&nbsp;gpio_bit_set
</UL>
<BR>[Called By]<UL><LI><a href="#[9c]">&gt;&gt;</a>&nbsp;&nbsp;&nbsp;SX126xReset
</UL>

<P><STRONG><a name="[62]"></a>OrderSend</STRONG> (Thumb, 112 bytes, Stack size 8 bytes, radio.o(i.OrderSend))
<BR><BR>[Stack]<UL><LI>Max Depth = 120<LI>Call Chain = OrderSend &rArr; RadioSend &rArr; SX126xSetDioIrqParams &rArr; SX126xWriteCommand &rArr; SX126xCheckDeviceReady &rArr; SX126xWakeup &rArr; drv_spi_read_write_byte &rArr; SCLK_L
</UL>
<BR>[Calls]<UL><LI><a href="#[63]">&gt;&gt;</a>&nbsp;&nbsp;&nbsp;RadioSend
</UL>
<BR>[Called By]<UL><LI><a href="#[46]">&gt;&gt;</a>&nbsp;&nbsp;&nbsp;main
</UL>

<P><STRONG><a name="[8]"></a>PendSV_Handler</STRONG> (Thumb, 2 bytes, Stack size 0 bytes, gd32f30x_it.o(i.PendSV_Handler))
<BR>[Address Reference Count : 1]<UL><LI> startup_gd32f30x_hd.o(RESET)
</UL>
<P><STRONG><a name="[64]"></a>RS485_Read</STRONG> (Thumb, 14 bytes, Stack size 8 bytes, communication1.o(i.RS485_Read))
<BR><BR>[Stack]<UL><LI>Max Depth = 8<LI>Call Chain = RS485_Read
</UL>
<BR>[Calls]<UL><LI><a href="#[59]">&gt;&gt;</a>&nbsp;&nbsp;&nbsp;gpio_bit_reset
</UL>
<BR>[Called By]<UL><LI><a href="#[5d]">&gt;&gt;</a>&nbsp;&nbsp;&nbsp;RS485_Send_Data
</UL>

<P><STRONG><a name="[65]"></a>RS485_Send</STRONG> (Thumb, 14 bytes, Stack size 8 bytes, communication1.o(i.RS485_Send))
<BR><BR>[Stack]<UL><LI>Max Depth = 8<LI>Call Chain = RS485_Send
</UL>
<BR>[Calls]<UL><LI><a href="#[57]">&gt;&gt;</a>&nbsp;&nbsp;&nbsp;gpio_bit_set
</UL>
<BR>[Called By]<UL><LI><a href="#[5d]">&gt;&gt;</a>&nbsp;&nbsp;&nbsp;RS485_Send_Data
</UL>

<P><STRONG><a name="[5d]"></a>RS485_Send_Data</STRONG> (Thumb, 66 bytes, Stack size 16 bytes, communication1.o(i.RS485_Send_Data))
<BR><BR>[Stack]<UL><LI>Max Depth = 24<LI>Call Chain = RS485_Send_Data &rArr; usart_flag_get
</UL>
<BR>[Calls]<UL><LI><a href="#[66]">&gt;&gt;</a>&nbsp;&nbsp;&nbsp;usart_flag_get
<LI><a href="#[67]">&gt;&gt;</a>&nbsp;&nbsp;&nbsp;usart_data_transmit
<LI><a href="#[65]">&gt;&gt;</a>&nbsp;&nbsp;&nbsp;RS485_Send
<LI><a href="#[64]">&gt;&gt;</a>&nbsp;&nbsp;&nbsp;RS485_Read
</UL>
<BR>[Called By]<UL><LI><a href="#[46]">&gt;&gt;</a>&nbsp;&nbsp;&nbsp;main
<LI><a href="#[5c]">&gt;&gt;</a>&nbsp;&nbsp;&nbsp;ModbusSendOrder
</UL>

<P><STRONG><a name="[68]"></a>RadioClearIrqStatus</STRONG> (Thumb, 12 bytes, Stack size 8 bytes, radio.o(i.RadioClearIrqStatus))
<BR><BR>[Stack]<UL><LI>Max Depth = 88<LI>Call Chain = RadioClearIrqStatus &rArr; SX126xClearIrqStatus &rArr; SX126xWriteCommand &rArr; SX126xCheckDeviceReady &rArr; SX126xWakeup &rArr; drv_spi_read_write_byte &rArr; SCLK_L
</UL>
<BR>[Calls]<UL><LI><a href="#[69]">&gt;&gt;</a>&nbsp;&nbsp;&nbsp;SX126xClearIrqStatus
</UL>
<BR>[Called By]<UL><LI><a href="#[46]">&gt;&gt;</a>&nbsp;&nbsp;&nbsp;main
</UL>

<P><STRONG><a name="[6a]"></a>RadioGetBuffer</STRONG> (Thumb, 20 bytes, Stack size 16 bytes, radio.o(i.RadioGetBuffer))
<BR><BR>[Stack]<UL><LI>Max Depth = 136<LI>Call Chain = RadioGetBuffer &rArr; SX126xGetPayload &rArr; SX126xGetRxBufferStatus &rArr; SX126xReadRegister &rArr; SX126xReadRegisters &rArr; SX126xCheckDeviceReady &rArr; SX126xWakeup &rArr; drv_spi_read_write_byte &rArr; SCLK_L
</UL>
<BR>[Calls]<UL><LI><a href="#[6b]">&gt;&gt;</a>&nbsp;&nbsp;&nbsp;SX126xGetPayload
</UL>
<BR>[Called By]<UL><LI><a href="#[46]">&gt;&gt;</a>&nbsp;&nbsp;&nbsp;main
</UL>

<P><STRONG><a name="[6c]"></a>RadioGetIrqStatus</STRONG> (Thumb, 8 bytes, Stack size 8 bytes, radio.o(i.RadioGetIrqStatus))
<BR><BR>[Stack]<UL><LI>Max Depth = 80<LI>Call Chain = RadioGetIrqStatus &rArr; SX126xGetIrqStatus &rArr; SX126xReadCommand &rArr; SX126xCheckDeviceReady &rArr; SX126xWakeup &rArr; drv_spi_read_write_byte &rArr; SCLK_L
</UL>
<BR>[Calls]<UL><LI><a href="#[6d]">&gt;&gt;</a>&nbsp;&nbsp;&nbsp;SX126xGetIrqStatus
</UL>
<BR>[Called By]<UL><LI><a href="#[46]">&gt;&gt;</a>&nbsp;&nbsp;&nbsp;main
</UL>

<P><STRONG><a name="[6e]"></a>RadioInit</STRONG> (Thumb, 50 bytes, Stack size 8 bytes, radio.o(i.RadioInit))
<BR><BR>[Stack]<UL><LI>Max Depth = 112<LI>Call Chain = RadioInit &rArr; SX126xSetTxParams &rArr; SX126xSetPaConfig &rArr; SX126xWriteCommand &rArr; SX126xCheckDeviceReady &rArr; SX126xWakeup &rArr; drv_spi_read_write_byte &rArr; SCLK_L
</UL>
<BR>[Calls]<UL><LI><a href="#[73]">&gt;&gt;</a>&nbsp;&nbsp;&nbsp;SX126xSetTxParams
<LI><a href="#[70]">&gt;&gt;</a>&nbsp;&nbsp;&nbsp;SX126xSetStandby
<LI><a href="#[71]">&gt;&gt;</a>&nbsp;&nbsp;&nbsp;SX126xSetRegulatorMode
<LI><a href="#[74]">&gt;&gt;</a>&nbsp;&nbsp;&nbsp;SX126xSetDioIrqParams
<LI><a href="#[72]">&gt;&gt;</a>&nbsp;&nbsp;&nbsp;SX126xSetBufferBaseAddress
<LI><a href="#[6f]">&gt;&gt;</a>&nbsp;&nbsp;&nbsp;SX126xInit
</UL>
<BR>[Called By]<UL><LI><a href="#[46]">&gt;&gt;</a>&nbsp;&nbsp;&nbsp;main
</UL>

<P><STRONG><a name="[75]"></a>RadioRx</STRONG> (Thumb, 34 bytes, Stack size 8 bytes, radio.o(i.RadioRx))
<BR><BR>[Stack]<UL><LI>Max Depth = 104<LI>Call Chain = RadioRx &rArr; SX126xSetDioIrqParams &rArr; SX126xWriteCommand &rArr; SX126xCheckDeviceReady &rArr; SX126xWakeup &rArr; drv_spi_read_write_byte &rArr; SCLK_L
</UL>
<BR>[Calls]<UL><LI><a href="#[76]">&gt;&gt;</a>&nbsp;&nbsp;&nbsp;radio_tx_off
<LI><a href="#[77]">&gt;&gt;</a>&nbsp;&nbsp;&nbsp;radio_rx_on
<LI><a href="#[78]">&gt;&gt;</a>&nbsp;&nbsp;&nbsp;SX126xSetRx
<LI><a href="#[74]">&gt;&gt;</a>&nbsp;&nbsp;&nbsp;SX126xSetDioIrqParams
</UL>
<BR>[Called By]<UL><LI><a href="#[46]">&gt;&gt;</a>&nbsp;&nbsp;&nbsp;main
</UL>

<P><STRONG><a name="[63]"></a>RadioSend</STRONG> (Thumb, 70 bytes, Stack size 16 bytes, radio.o(i.RadioSend))
<BR><BR>[Stack]<UL><LI>Max Depth = 112<LI>Call Chain = RadioSend &rArr; SX126xSetDioIrqParams &rArr; SX126xWriteCommand &rArr; SX126xCheckDeviceReady &rArr; SX126xWakeup &rArr; drv_spi_read_write_byte &rArr; SCLK_L
</UL>
<BR>[Calls]<UL><LI><a href="#[79]">&gt;&gt;</a>&nbsp;&nbsp;&nbsp;radio_tx_on
<LI><a href="#[7a]">&gt;&gt;</a>&nbsp;&nbsp;&nbsp;radio_rx_off
<LI><a href="#[7c]">&gt;&gt;</a>&nbsp;&nbsp;&nbsp;SX126xSetPacketParams
<LI><a href="#[74]">&gt;&gt;</a>&nbsp;&nbsp;&nbsp;SX126xSetDioIrqParams
<LI><a href="#[7d]">&gt;&gt;</a>&nbsp;&nbsp;&nbsp;SX126xSendPayload
<LI><a href="#[7b]">&gt;&gt;</a>&nbsp;&nbsp;&nbsp;Delay_nms
</UL>
<BR>[Called By]<UL><LI><a href="#[62]">&gt;&gt;</a>&nbsp;&nbsp;&nbsp;OrderSend
</UL>

<P><STRONG><a name="[7e]"></a>RadioSetChannel</STRONG> (Thumb, 12 bytes, Stack size 8 bytes, radio.o(i.RadioSetChannel))
<BR><BR>[Stack]<UL><LI>Max Depth = 120<LI>Call Chain = RadioSetChannel &rArr; SX126xSetRfFrequency &rArr; SX126xCalibrateImage &rArr; SX126xWriteCommand &rArr; SX126xCheckDeviceReady &rArr; SX126xWakeup &rArr; drv_spi_read_write_byte &rArr; SCLK_L
</UL>
<BR>[Calls]<UL><LI><a href="#[7f]">&gt;&gt;</a>&nbsp;&nbsp;&nbsp;SX126xSetRfFrequency
</UL>
<BR>[Called By]<UL><LI><a href="#[46]">&gt;&gt;</a>&nbsp;&nbsp;&nbsp;main
</UL>

<P><STRONG><a name="[80]"></a>RadioSetModem</STRONG> (Thumb, 52 bytes, Stack size 8 bytes, radio.o(i.RadioSetModem))
<BR><BR>[Stack]<UL><LI>Max Depth = 96<LI>Call Chain = RadioSetModem &rArr; RadioSetPublicNetwork &rArr; SX126xWriteRegister &rArr; SX126xWriteRegisters &rArr; SX126xCheckDeviceReady &rArr; SX126xWakeup &rArr; drv_spi_read_write_byte &rArr; SCLK_L
</UL>
<BR>[Calls]<UL><LI><a href="#[81]">&gt;&gt;</a>&nbsp;&nbsp;&nbsp;SX126xSetPacketType
<LI><a href="#[82]">&gt;&gt;</a>&nbsp;&nbsp;&nbsp;RadioSetPublicNetwork
</UL>
<BR>[Called By]<UL><LI><a href="#[84]">&gt;&gt;</a>&nbsp;&nbsp;&nbsp;RadioSetTxConfig
</UL>

<P><STRONG><a name="[82]"></a>RadioSetPublicNetwork</STRONG> (Thumb, 58 bytes, Stack size 8 bytes, radio.o(i.RadioSetPublicNetwork))
<BR><BR>[Stack]<UL><LI>Max Depth = 88<LI>Call Chain = RadioSetPublicNetwork &rArr; SX126xWriteRegister &rArr; SX126xWriteRegisters &rArr; SX126xCheckDeviceReady &rArr; SX126xWakeup &rArr; drv_spi_read_write_byte &rArr; SCLK_L
</UL>
<BR>[Calls]<UL><LI><a href="#[83]">&gt;&gt;</a>&nbsp;&nbsp;&nbsp;SX126xWriteRegister
<LI><a href="#[81]">&gt;&gt;</a>&nbsp;&nbsp;&nbsp;SX126xSetPacketType
</UL>
<BR>[Called By]<UL><LI><a href="#[80]">&gt;&gt;</a>&nbsp;&nbsp;&nbsp;RadioSetModem
</UL>

<P><STRONG><a name="[84]"></a>RadioSetTxConfig</STRONG> (Thumb, 162 bytes, Stack size 40 bytes, radio.o(i.RadioSetTxConfig))
<BR><BR>[Stack]<UL><LI>Max Depth = 144<LI>Call Chain = RadioSetTxConfig &rArr; SX126xSetTxParams &rArr; SX126xSetPaConfig &rArr; SX126xWriteCommand &rArr; SX126xCheckDeviceReady &rArr; SX126xWakeup &rArr; drv_spi_read_write_byte &rArr; SCLK_L
</UL>
<BR>[Calls]<UL><LI><a href="#[73]">&gt;&gt;</a>&nbsp;&nbsp;&nbsp;SX126xSetTxParams
<LI><a href="#[85]">&gt;&gt;</a>&nbsp;&nbsp;&nbsp;SX126xSetStopRxTimerOnPreambleDetect
<LI><a href="#[7c]">&gt;&gt;</a>&nbsp;&nbsp;&nbsp;SX126xSetPacketParams
<LI><a href="#[88]">&gt;&gt;</a>&nbsp;&nbsp;&nbsp;SX126xSetModulationParams
<LI><a href="#[86]">&gt;&gt;</a>&nbsp;&nbsp;&nbsp;SX126xSetLoRaSymbNumTimeout
<LI><a href="#[80]">&gt;&gt;</a>&nbsp;&nbsp;&nbsp;RadioSetModem
<LI><a href="#[87]">&gt;&gt;</a>&nbsp;&nbsp;&nbsp;RadioStandby
</UL>
<BR>[Called By]<UL><LI><a href="#[46]">&gt;&gt;</a>&nbsp;&nbsp;&nbsp;main
</UL>

<P><STRONG><a name="[87]"></a>RadioStandby</STRONG> (Thumb, 10 bytes, Stack size 8 bytes, radio.o(i.RadioStandby))
<BR><BR>[Stack]<UL><LI>Max Depth = 80<LI>Call Chain = RadioStandby &rArr; SX126xSetStandby &rArr; SX126xWriteCommand &rArr; SX126xCheckDeviceReady &rArr; SX126xWakeup &rArr; drv_spi_read_write_byte &rArr; SCLK_L
</UL>
<BR>[Calls]<UL><LI><a href="#[70]">&gt;&gt;</a>&nbsp;&nbsp;&nbsp;SX126xSetStandby
</UL>
<BR>[Called By]<UL><LI><a href="#[84]">&gt;&gt;</a>&nbsp;&nbsp;&nbsp;RadioSetTxConfig
<LI><a href="#[46]">&gt;&gt;</a>&nbsp;&nbsp;&nbsp;main
</UL>

<P><STRONG><a name="[89]"></a>SCLK_H</STRONG> (Thumb, 12 bytes, Stack size 8 bytes, drv_spi.o(i.SCLK_H))
<BR><BR>[Stack]<UL><LI>Max Depth = 8<LI>Call Chain = SCLK_H
</UL>
<BR>[Calls]<UL><LI><a href="#[57]">&gt;&gt;</a>&nbsp;&nbsp;&nbsp;gpio_bit_set
</UL>
<BR>[Called By]<UL><LI><a href="#[9f]">&gt;&gt;</a>&nbsp;&nbsp;&nbsp;drv_spi_read_write_byte
</UL>

<P><STRONG><a name="[8a]"></a>SCLK_L</STRONG> (Thumb, 12 bytes, Stack size 8 bytes, drv_spi.o(i.SCLK_L))
<BR><BR>[Stack]<UL><LI>Max Depth = 8<LI>Call Chain = SCLK_L
</UL>
<BR>[Calls]<UL><LI><a href="#[59]">&gt;&gt;</a>&nbsp;&nbsp;&nbsp;gpio_bit_reset
</UL>
<BR>[Called By]<UL><LI><a href="#[9f]">&gt;&gt;</a>&nbsp;&nbsp;&nbsp;drv_spi_read_write_byte
</UL>

<P><STRONG><a name="[8b]"></a>SPI_GPIO_Init</STRONG> (Thumb, 64 bytes, Stack size 8 bytes, drv_spi.o(i.SPI_GPIO_Init))
<BR><BR>[Stack]<UL><LI>Max Depth = 28<LI>Call Chain = SPI_GPIO_Init &rArr; gpio_init
</UL>
<BR>[Calls]<UL><LI><a href="#[8c]">&gt;&gt;</a>&nbsp;&nbsp;&nbsp;dbg_trace_pin_disable
<LI><a href="#[8d]">&gt;&gt;</a>&nbsp;&nbsp;&nbsp;rcu_periph_clock_enable
<LI><a href="#[8f]">&gt;&gt;</a>&nbsp;&nbsp;&nbsp;gpio_init
<LI><a href="#[8e]">&gt;&gt;</a>&nbsp;&nbsp;&nbsp;gpio_pin_remap_config
</UL>
<BR>[Called By]<UL><LI><a href="#[9b]">&gt;&gt;</a>&nbsp;&nbsp;&nbsp;SX126xIoInit
</UL>

<P><STRONG><a name="[6]"></a>SVC_Handler</STRONG> (Thumb, 2 bytes, Stack size 0 bytes, gd32f30x_it.o(i.SVC_Handler))
<BR>[Address Reference Count : 1]<UL><LI> startup_gd32f30x_hd.o(RESET)
</UL>
<P><STRONG><a name="[90]"></a>SX126xCalibrateImage</STRONG> (Thumb, 134 bytes, Stack size 16 bytes, sx126x_driver.o(i.SX126xCalibrateImage))
<BR><BR>[Stack]<UL><LI>Max Depth = 80<LI>Call Chain = SX126xCalibrateImage &rArr; SX126xWriteCommand &rArr; SX126xCheckDeviceReady &rArr; SX126xWakeup &rArr; drv_spi_read_write_byte &rArr; SCLK_L
</UL>
<BR>[Calls]<UL><LI><a href="#[91]">&gt;&gt;</a>&nbsp;&nbsp;&nbsp;SX126xWriteCommand
</UL>
<BR>[Called By]<UL><LI><a href="#[7f]">&gt;&gt;</a>&nbsp;&nbsp;&nbsp;SX126xSetRfFrequency
</UL>

<P><STRONG><a name="[92]"></a>SX126xCheckDeviceReady</STRONG> (Thumb, 26 bytes, Stack size 8 bytes, sx126x_driver.o(i.SX126xCheckDeviceReady))
<BR><BR>[Stack]<UL><LI>Max Depth = 40<LI>Call Chain = SX126xCheckDeviceReady &rArr; SX126xWakeup &rArr; drv_spi_read_write_byte &rArr; SCLK_L
</UL>
<BR>[Calls]<UL><LI><a href="#[93]">&gt;&gt;</a>&nbsp;&nbsp;&nbsp;SX126xGetOperatingMode
<LI><a href="#[94]">&gt;&gt;</a>&nbsp;&nbsp;&nbsp;SX126xWakeup
<LI><a href="#[95]">&gt;&gt;</a>&nbsp;&nbsp;&nbsp;SX126xWaitOnBusy
</UL>
<BR>[Called By]<UL><LI><a href="#[a8]">&gt;&gt;</a>&nbsp;&nbsp;&nbsp;SX126xWriteRegisters
<LI><a href="#[91]">&gt;&gt;</a>&nbsp;&nbsp;&nbsp;SX126xWriteCommand
<LI><a href="#[a7]">&gt;&gt;</a>&nbsp;&nbsp;&nbsp;SX126xWriteBuffer
<LI><a href="#[a1]">&gt;&gt;</a>&nbsp;&nbsp;&nbsp;SX126xReadRegisters
<LI><a href="#[96]">&gt;&gt;</a>&nbsp;&nbsp;&nbsp;SX126xReadCommand
<LI><a href="#[98]">&gt;&gt;</a>&nbsp;&nbsp;&nbsp;SX126xReadBuffer
</UL>

<P><STRONG><a name="[69]"></a>SX126xClearIrqStatus</STRONG> (Thumb, 28 bytes, Stack size 16 bytes, sx126x_driver.o(i.SX126xClearIrqStatus))
<BR><BR>[Stack]<UL><LI>Max Depth = 80<LI>Call Chain = SX126xClearIrqStatus &rArr; SX126xWriteCommand &rArr; SX126xCheckDeviceReady &rArr; SX126xWakeup &rArr; drv_spi_read_write_byte &rArr; SCLK_L
</UL>
<BR>[Calls]<UL><LI><a href="#[91]">&gt;&gt;</a>&nbsp;&nbsp;&nbsp;SX126xWriteCommand
</UL>
<BR>[Called By]<UL><LI><a href="#[68]">&gt;&gt;</a>&nbsp;&nbsp;&nbsp;RadioClearIrqStatus
</UL>

<P><STRONG><a name="[6d]"></a>SX126xGetIrqStatus</STRONG> (Thumb, 26 bytes, Stack size 8 bytes, sx126x_driver.o(i.SX126xGetIrqStatus))
<BR><BR>[Stack]<UL><LI>Max Depth = 72<LI>Call Chain = SX126xGetIrqStatus &rArr; SX126xReadCommand &rArr; SX126xCheckDeviceReady &rArr; SX126xWakeup &rArr; drv_spi_read_write_byte &rArr; SCLK_L
</UL>
<BR>[Calls]<UL><LI><a href="#[96]">&gt;&gt;</a>&nbsp;&nbsp;&nbsp;SX126xReadCommand
</UL>
<BR>[Called By]<UL><LI><a href="#[6c]">&gt;&gt;</a>&nbsp;&nbsp;&nbsp;RadioGetIrqStatus
</UL>

<P><STRONG><a name="[93]"></a>SX126xGetOperatingMode</STRONG> (Thumb, 6 bytes, Stack size 0 bytes, sx126x_driver.o(i.SX126xGetOperatingMode))
<BR><BR>[Called By]<UL><LI><a href="#[92]">&gt;&gt;</a>&nbsp;&nbsp;&nbsp;SX126xCheckDeviceReady
</UL>

<P><STRONG><a name="[99]"></a>SX126xGetPacketType</STRONG> (Thumb, 6 bytes, Stack size 0 bytes, sx126x_driver.o(i.SX126xGetPacketType))
<BR><BR>[Called By]<UL><LI><a href="#[97]">&gt;&gt;</a>&nbsp;&nbsp;&nbsp;SX126xGetRxBufferStatus
</UL>

<P><STRONG><a name="[6b]"></a>SX126xGetPayload</STRONG> (Thumb, 46 bytes, Stack size 24 bytes, sx126x_driver.o(i.SX126xGetPayload))
<BR><BR>[Stack]<UL><LI>Max Depth = 120<LI>Call Chain = SX126xGetPayload &rArr; SX126xGetRxBufferStatus &rArr; SX126xReadRegister &rArr; SX126xReadRegisters &rArr; SX126xCheckDeviceReady &rArr; SX126xWakeup &rArr; drv_spi_read_write_byte &rArr; SCLK_L
</UL>
<BR>[Calls]<UL><LI><a href="#[98]">&gt;&gt;</a>&nbsp;&nbsp;&nbsp;SX126xReadBuffer
<LI><a href="#[97]">&gt;&gt;</a>&nbsp;&nbsp;&nbsp;SX126xGetRxBufferStatus
</UL>
<BR>[Called By]<UL><LI><a href="#[6a]">&gt;&gt;</a>&nbsp;&nbsp;&nbsp;RadioGetBuffer
</UL>

<P><STRONG><a name="[97]"></a>SX126xGetRxBufferStatus</STRONG> (Thumb, 66 bytes, Stack size 16 bytes, sx126x_driver.o(i.SX126xGetRxBufferStatus))
<BR><BR>[Stack]<UL><LI>Max Depth = 96<LI>Call Chain = SX126xGetRxBufferStatus &rArr; SX126xReadRegister &rArr; SX126xReadRegisters &rArr; SX126xCheckDeviceReady &rArr; SX126xWakeup &rArr; drv_spi_read_write_byte &rArr; SCLK_L
</UL>
<BR>[Calls]<UL><LI><a href="#[9a]">&gt;&gt;</a>&nbsp;&nbsp;&nbsp;SX126xReadRegister
<LI><a href="#[96]">&gt;&gt;</a>&nbsp;&nbsp;&nbsp;SX126xReadCommand
<LI><a href="#[99]">&gt;&gt;</a>&nbsp;&nbsp;&nbsp;SX126xGetPacketType
</UL>
<BR>[Called By]<UL><LI><a href="#[6b]">&gt;&gt;</a>&nbsp;&nbsp;&nbsp;SX126xGetPayload
</UL>

<P><STRONG><a name="[6f]"></a>SX126xInit</STRONG> (Thumb, 26 bytes, Stack size 8 bytes, sx126x_driver.o(i.SX126xInit))
<BR><BR>[Stack]<UL><LI>Max Depth = 80<LI>Call Chain = SX126xInit &rArr; SX126xSetStandby &rArr; SX126xWriteCommand &rArr; SX126xCheckDeviceReady &rArr; SX126xWakeup &rArr; drv_spi_read_write_byte &rArr; SCLK_L
</UL>
<BR>[Calls]<UL><LI><a href="#[70]">&gt;&gt;</a>&nbsp;&nbsp;&nbsp;SX126xSetStandby
<LI><a href="#[94]">&gt;&gt;</a>&nbsp;&nbsp;&nbsp;SX126xWakeup
<LI><a href="#[9c]">&gt;&gt;</a>&nbsp;&nbsp;&nbsp;SX126xReset
<LI><a href="#[9d]">&gt;&gt;</a>&nbsp;&nbsp;&nbsp;SX126xIoIrqInit
<LI><a href="#[9b]">&gt;&gt;</a>&nbsp;&nbsp;&nbsp;SX126xIoInit
</UL>
<BR>[Called By]<UL><LI><a href="#[6e]">&gt;&gt;</a>&nbsp;&nbsp;&nbsp;RadioInit
</UL>

<P><STRONG><a name="[9b]"></a>SX126xIoInit</STRONG> (Thumb, 74 bytes, Stack size 8 bytes, sx126x_driver.o(i.SX126xIoInit))
<BR><BR>[Stack]<UL><LI>Max Depth = 36<LI>Call Chain = SX126xIoInit &rArr; SPI_GPIO_Init &rArr; gpio_init
</UL>
<BR>[Calls]<UL><LI><a href="#[8d]">&gt;&gt;</a>&nbsp;&nbsp;&nbsp;rcu_periph_clock_enable
<LI><a href="#[8f]">&gt;&gt;</a>&nbsp;&nbsp;&nbsp;gpio_init
<LI><a href="#[8b]">&gt;&gt;</a>&nbsp;&nbsp;&nbsp;SPI_GPIO_Init
</UL>
<BR>[Called By]<UL><LI><a href="#[6f]">&gt;&gt;</a>&nbsp;&nbsp;&nbsp;SX126xInit
</UL>

<P><STRONG><a name="[9d]"></a>SX126xIoIrqInit</STRONG> (Thumb, 2 bytes, Stack size 0 bytes, sx126x_driver.o(i.SX126xIoIrqInit))
<BR><BR>[Called By]<UL><LI><a href="#[6f]">&gt;&gt;</a>&nbsp;&nbsp;&nbsp;SX126xInit
</UL>

<P><STRONG><a name="[98]"></a>SX126xReadBuffer</STRONG> (Thumb, 68 bytes, Stack size 24 bytes, sx126x_driver.o(i.SX126xReadBuffer))
<BR><BR>[Stack]<UL><LI>Max Depth = 64<LI>Call Chain = SX126xReadBuffer &rArr; SX126xCheckDeviceReady &rArr; SX126xWakeup &rArr; drv_spi_read_write_byte &rArr; SCLK_L
</UL>
<BR>[Calls]<UL><LI><a href="#[9f]">&gt;&gt;</a>&nbsp;&nbsp;&nbsp;drv_spi_read_write_byte
<LI><a href="#[9e]">&gt;&gt;</a>&nbsp;&nbsp;&nbsp;radio_nss_low
<LI><a href="#[a0]">&gt;&gt;</a>&nbsp;&nbsp;&nbsp;radio_nss_high
<LI><a href="#[95]">&gt;&gt;</a>&nbsp;&nbsp;&nbsp;SX126xWaitOnBusy
<LI><a href="#[92]">&gt;&gt;</a>&nbsp;&nbsp;&nbsp;SX126xCheckDeviceReady
</UL>
<BR>[Called By]<UL><LI><a href="#[6b]">&gt;&gt;</a>&nbsp;&nbsp;&nbsp;SX126xGetPayload
</UL>

<P><STRONG><a name="[96]"></a>SX126xReadCommand</STRONG> (Thumb, 62 bytes, Stack size 24 bytes, sx126x_driver.o(i.SX126xReadCommand))
<BR><BR>[Stack]<UL><LI>Max Depth = 64<LI>Call Chain = SX126xReadCommand &rArr; SX126xCheckDeviceReady &rArr; SX126xWakeup &rArr; drv_spi_read_write_byte &rArr; SCLK_L
</UL>
<BR>[Calls]<UL><LI><a href="#[9f]">&gt;&gt;</a>&nbsp;&nbsp;&nbsp;drv_spi_read_write_byte
<LI><a href="#[9e]">&gt;&gt;</a>&nbsp;&nbsp;&nbsp;radio_nss_low
<LI><a href="#[a0]">&gt;&gt;</a>&nbsp;&nbsp;&nbsp;radio_nss_high
<LI><a href="#[95]">&gt;&gt;</a>&nbsp;&nbsp;&nbsp;SX126xWaitOnBusy
<LI><a href="#[92]">&gt;&gt;</a>&nbsp;&nbsp;&nbsp;SX126xCheckDeviceReady
</UL>
<BR>[Called By]<UL><LI><a href="#[6d]">&gt;&gt;</a>&nbsp;&nbsp;&nbsp;SX126xGetIrqStatus
<LI><a href="#[97]">&gt;&gt;</a>&nbsp;&nbsp;&nbsp;SX126xGetRxBufferStatus
</UL>

<P><STRONG><a name="[9a]"></a>SX126xReadRegister</STRONG> (Thumb, 20 bytes, Stack size 16 bytes, sx126x_driver.o(i.SX126xReadRegister))
<BR><BR>[Stack]<UL><LI>Max Depth = 80<LI>Call Chain = SX126xReadRegister &rArr; SX126xReadRegisters &rArr; SX126xCheckDeviceReady &rArr; SX126xWakeup &rArr; drv_spi_read_write_byte &rArr; SCLK_L
</UL>
<BR>[Calls]<UL><LI><a href="#[a1]">&gt;&gt;</a>&nbsp;&nbsp;&nbsp;SX126xReadRegisters
</UL>
<BR>[Called By]<UL><LI><a href="#[97]">&gt;&gt;</a>&nbsp;&nbsp;&nbsp;SX126xGetRxBufferStatus
</UL>

<P><STRONG><a name="[a1]"></a>SX126xReadRegisters</STRONG> (Thumb, 74 bytes, Stack size 24 bytes, sx126x_driver.o(i.SX126xReadRegisters))
<BR><BR>[Stack]<UL><LI>Max Depth = 64<LI>Call Chain = SX126xReadRegisters &rArr; SX126xCheckDeviceReady &rArr; SX126xWakeup &rArr; drv_spi_read_write_byte &rArr; SCLK_L
</UL>
<BR>[Calls]<UL><LI><a href="#[9f]">&gt;&gt;</a>&nbsp;&nbsp;&nbsp;drv_spi_read_write_byte
<LI><a href="#[9e]">&gt;&gt;</a>&nbsp;&nbsp;&nbsp;radio_nss_low
<LI><a href="#[a0]">&gt;&gt;</a>&nbsp;&nbsp;&nbsp;radio_nss_high
<LI><a href="#[95]">&gt;&gt;</a>&nbsp;&nbsp;&nbsp;SX126xWaitOnBusy
<LI><a href="#[92]">&gt;&gt;</a>&nbsp;&nbsp;&nbsp;SX126xCheckDeviceReady
</UL>
<BR>[Called By]<UL><LI><a href="#[9a]">&gt;&gt;</a>&nbsp;&nbsp;&nbsp;SX126xReadRegister
</UL>

<P><STRONG><a name="[9c]"></a>SX126xReset</STRONG> (Thumb, 30 bytes, Stack size 8 bytes, sx126x_driver.o(i.SX126xReset))
<BR><BR>[Stack]<UL><LI>Max Depth = 16<LI>Call Chain = SX126xReset &rArr; NRST_on
</UL>
<BR>[Calls]<UL><LI><a href="#[a2]">&gt;&gt;</a>&nbsp;&nbsp;&nbsp;delay_1ms
<LI><a href="#[61]">&gt;&gt;</a>&nbsp;&nbsp;&nbsp;NRST_on
<LI><a href="#[60]">&gt;&gt;</a>&nbsp;&nbsp;&nbsp;NRST_off
</UL>
<BR>[Called By]<UL><LI><a href="#[6f]">&gt;&gt;</a>&nbsp;&nbsp;&nbsp;SX126xInit
</UL>

<P><STRONG><a name="[7d]"></a>SX126xSendPayload</STRONG> (Thumb, 24 bytes, Stack size 16 bytes, sx126x_driver.o(i.SX126xSendPayload))
<BR><BR>[Stack]<UL><LI>Max Depth = 96<LI>Call Chain = SX126xSendPayload &rArr; SX126xSetTx &rArr; SX126xWriteCommand &rArr; SX126xCheckDeviceReady &rArr; SX126xWakeup &rArr; drv_spi_read_write_byte &rArr; SCLK_L
</UL>
<BR>[Calls]<UL><LI><a href="#[a4]">&gt;&gt;</a>&nbsp;&nbsp;&nbsp;SX126xSetTx
<LI><a href="#[a3]">&gt;&gt;</a>&nbsp;&nbsp;&nbsp;SX126xSetPayload
</UL>
<BR>[Called By]<UL><LI><a href="#[63]">&gt;&gt;</a>&nbsp;&nbsp;&nbsp;RadioSend
</UL>

<P><STRONG><a name="[72]"></a>SX126xSetBufferBaseAddress</STRONG> (Thumb, 26 bytes, Stack size 16 bytes, sx126x_driver.o(i.SX126xSetBufferBaseAddress))
<BR><BR>[Stack]<UL><LI>Max Depth = 80<LI>Call Chain = SX126xSetBufferBaseAddress &rArr; SX126xWriteCommand &rArr; SX126xCheckDeviceReady &rArr; SX126xWakeup &rArr; drv_spi_read_write_byte &rArr; SCLK_L
</UL>
<BR>[Calls]<UL><LI><a href="#[91]">&gt;&gt;</a>&nbsp;&nbsp;&nbsp;SX126xWriteCommand
</UL>
<BR>[Called By]<UL><LI><a href="#[6e]">&gt;&gt;</a>&nbsp;&nbsp;&nbsp;RadioInit
</UL>

<P><STRONG><a name="[74]"></a>SX126xSetDioIrqParams</STRONG> (Thumb, 46 bytes, Stack size 32 bytes, sx126x_driver.o(i.SX126xSetDioIrqParams))
<BR><BR>[Stack]<UL><LI>Max Depth = 96<LI>Call Chain = SX126xSetDioIrqParams &rArr; SX126xWriteCommand &rArr; SX126xCheckDeviceReady &rArr; SX126xWakeup &rArr; drv_spi_read_write_byte &rArr; SCLK_L
</UL>
<BR>[Calls]<UL><LI><a href="#[91]">&gt;&gt;</a>&nbsp;&nbsp;&nbsp;SX126xWriteCommand
</UL>
<BR>[Called By]<UL><LI><a href="#[63]">&gt;&gt;</a>&nbsp;&nbsp;&nbsp;RadioSend
<LI><a href="#[75]">&gt;&gt;</a>&nbsp;&nbsp;&nbsp;RadioRx
<LI><a href="#[6e]">&gt;&gt;</a>&nbsp;&nbsp;&nbsp;RadioInit
</UL>

<P><STRONG><a name="[a5]"></a>SX126xSetFs</STRONG> (Thumb, 20 bytes, Stack size 8 bytes, sx126x_driver.o(i.SX126xSetFs))
<BR><BR>[Stack]<UL><LI>Max Depth = 72<LI>Call Chain = SX126xSetFs &rArr; SX126xWriteCommand &rArr; SX126xCheckDeviceReady &rArr; SX126xWakeup &rArr; drv_spi_read_write_byte &rArr; SCLK_L
</UL>
<BR>[Calls]<UL><LI><a href="#[91]">&gt;&gt;</a>&nbsp;&nbsp;&nbsp;SX126xWriteCommand
</UL>
<BR>[Called By]<UL><LI><a href="#[46]">&gt;&gt;</a>&nbsp;&nbsp;&nbsp;main
</UL>

<P><STRONG><a name="[86]"></a>SX126xSetLoRaSymbNumTimeout</STRONG> (Thumb, 14 bytes, Stack size 8 bytes, sx126x_driver.o(i.SX126xSetLoRaSymbNumTimeout))
<BR><BR>[Stack]<UL><LI>Max Depth = 72<LI>Call Chain = SX126xSetLoRaSymbNumTimeout &rArr; SX126xWriteCommand &rArr; SX126xCheckDeviceReady &rArr; SX126xWakeup &rArr; drv_spi_read_write_byte &rArr; SCLK_L
</UL>
<BR>[Calls]<UL><LI><a href="#[91]">&gt;&gt;</a>&nbsp;&nbsp;&nbsp;SX126xWriteCommand
</UL>
<BR>[Called By]<UL><LI><a href="#[84]">&gt;&gt;</a>&nbsp;&nbsp;&nbsp;RadioSetTxConfig
</UL>

<P><STRONG><a name="[88]"></a>SX126xSetModulationParams</STRONG> (Thumb, 46 bytes, Stack size 16 bytes, sx126x_driver.o(i.SX126xSetModulationParams))
<BR><BR>[Stack]<UL><LI>Max Depth = 80<LI>Call Chain = SX126xSetModulationParams &rArr; SX126xWriteCommand &rArr; SX126xCheckDeviceReady &rArr; SX126xWakeup &rArr; drv_spi_read_write_byte &rArr; SCLK_L
</UL>
<BR>[Calls]<UL><LI><a href="#[91]">&gt;&gt;</a>&nbsp;&nbsp;&nbsp;SX126xWriteCommand
</UL>
<BR>[Called By]<UL><LI><a href="#[84]">&gt;&gt;</a>&nbsp;&nbsp;&nbsp;RadioSetTxConfig
</UL>

<P><STRONG><a name="[a6]"></a>SX126xSetPaConfig</STRONG> (Thumb, 38 bytes, Stack size 24 bytes, sx126x_driver.o(i.SX126xSetPaConfig))
<BR><BR>[Stack]<UL><LI>Max Depth = 88<LI>Call Chain = SX126xSetPaConfig &rArr; SX126xWriteCommand &rArr; SX126xCheckDeviceReady &rArr; SX126xWakeup &rArr; drv_spi_read_write_byte &rArr; SCLK_L
</UL>
<BR>[Calls]<UL><LI><a href="#[91]">&gt;&gt;</a>&nbsp;&nbsp;&nbsp;SX126xWriteCommand
</UL>
<BR>[Called By]<UL><LI><a href="#[73]">&gt;&gt;</a>&nbsp;&nbsp;&nbsp;SX126xSetTxParams
</UL>

<P><STRONG><a name="[7c]"></a>SX126xSetPacketParams</STRONG> (Thumb, 62 bytes, Stack size 24 bytes, sx126x_driver.o(i.SX126xSetPacketParams))
<BR><BR>[Stack]<UL><LI>Max Depth = 88<LI>Call Chain = SX126xSetPacketParams &rArr; SX126xWriteCommand &rArr; SX126xCheckDeviceReady &rArr; SX126xWakeup &rArr; drv_spi_read_write_byte &rArr; SCLK_L
</UL>
<BR>[Calls]<UL><LI><a href="#[91]">&gt;&gt;</a>&nbsp;&nbsp;&nbsp;SX126xWriteCommand
</UL>
<BR>[Called By]<UL><LI><a href="#[63]">&gt;&gt;</a>&nbsp;&nbsp;&nbsp;RadioSend
<LI><a href="#[84]">&gt;&gt;</a>&nbsp;&nbsp;&nbsp;RadioSetTxConfig
</UL>

<P><STRONG><a name="[81]"></a>SX126xSetPacketType</STRONG> (Thumb, 22 bytes, Stack size 8 bytes, sx126x_driver.o(i.SX126xSetPacketType))
<BR><BR>[Stack]<UL><LI>Max Depth = 72<LI>Call Chain = SX126xSetPacketType &rArr; SX126xWriteCommand &rArr; SX126xCheckDeviceReady &rArr; SX126xWakeup &rArr; drv_spi_read_write_byte &rArr; SCLK_L
</UL>
<BR>[Calls]<UL><LI><a href="#[91]">&gt;&gt;</a>&nbsp;&nbsp;&nbsp;SX126xWriteCommand
</UL>
<BR>[Called By]<UL><LI><a href="#[82]">&gt;&gt;</a>&nbsp;&nbsp;&nbsp;RadioSetPublicNetwork
<LI><a href="#[80]">&gt;&gt;</a>&nbsp;&nbsp;&nbsp;RadioSetModem
</UL>

<P><STRONG><a name="[a3]"></a>SX126xSetPayload</STRONG> (Thumb, 18 bytes, Stack size 16 bytes, sx126x_driver.o(i.SX126xSetPayload))
<BR><BR>[Stack]<UL><LI>Max Depth = 80<LI>Call Chain = SX126xSetPayload &rArr; SX126xWriteBuffer &rArr; SX126xCheckDeviceReady &rArr; SX126xWakeup &rArr; drv_spi_read_write_byte &rArr; SCLK_L
</UL>
<BR>[Calls]<UL><LI><a href="#[a7]">&gt;&gt;</a>&nbsp;&nbsp;&nbsp;SX126xWriteBuffer
</UL>
<BR>[Called By]<UL><LI><a href="#[7d]">&gt;&gt;</a>&nbsp;&nbsp;&nbsp;SX126xSendPayload
</UL>

<P><STRONG><a name="[71]"></a>SX126xSetRegulatorMode</STRONG> (Thumb, 14 bytes, Stack size 8 bytes, sx126x_driver.o(i.SX126xSetRegulatorMode))
<BR><BR>[Stack]<UL><LI>Max Depth = 72<LI>Call Chain = SX126xSetRegulatorMode &rArr; SX126xWriteCommand &rArr; SX126xCheckDeviceReady &rArr; SX126xWakeup &rArr; drv_spi_read_write_byte &rArr; SCLK_L
</UL>
<BR>[Calls]<UL><LI><a href="#[91]">&gt;&gt;</a>&nbsp;&nbsp;&nbsp;SX126xWriteCommand
</UL>
<BR>[Called By]<UL><LI><a href="#[6e]">&gt;&gt;</a>&nbsp;&nbsp;&nbsp;RadioInit
</UL>

<P><STRONG><a name="[7f]"></a>SX126xSetRfFrequency</STRONG> (Thumb, 104 bytes, Stack size 32 bytes, sx126x_driver.o(i.SX126xSetRfFrequency))
<BR><BR>[Stack]<UL><LI>Max Depth = 112<LI>Call Chain = SX126xSetRfFrequency &rArr; SX126xCalibrateImage &rArr; SX126xWriteCommand &rArr; SX126xCheckDeviceReady &rArr; SX126xWakeup &rArr; drv_spi_read_write_byte &rArr; SCLK_L
</UL>
<BR>[Calls]<UL><LI><a href="#[4d]">&gt;&gt;</a>&nbsp;&nbsp;&nbsp;__aeabi_ui2d
<LI><a href="#[4b]">&gt;&gt;</a>&nbsp;&nbsp;&nbsp;__aeabi_ddiv
<LI><a href="#[4f]">&gt;&gt;</a>&nbsp;&nbsp;&nbsp;__aeabi_d2uiz
<LI><a href="#[91]">&gt;&gt;</a>&nbsp;&nbsp;&nbsp;SX126xWriteCommand
<LI><a href="#[90]">&gt;&gt;</a>&nbsp;&nbsp;&nbsp;SX126xCalibrateImage
</UL>
<BR>[Called By]<UL><LI><a href="#[7e]">&gt;&gt;</a>&nbsp;&nbsp;&nbsp;RadioSetChannel
</UL>

<P><STRONG><a name="[78]"></a>SX126xSetRx</STRONG> (Thumb, 40 bytes, Stack size 16 bytes, sx126x_driver.o(i.SX126xSetRx))
<BR><BR>[Stack]<UL><LI>Max Depth = 80<LI>Call Chain = SX126xSetRx &rArr; SX126xWriteCommand &rArr; SX126xCheckDeviceReady &rArr; SX126xWakeup &rArr; drv_spi_read_write_byte &rArr; SCLK_L
</UL>
<BR>[Calls]<UL><LI><a href="#[91]">&gt;&gt;</a>&nbsp;&nbsp;&nbsp;SX126xWriteCommand
</UL>
<BR>[Called By]<UL><LI><a href="#[75]">&gt;&gt;</a>&nbsp;&nbsp;&nbsp;RadioRx
</UL>

<P><STRONG><a name="[70]"></a>SX126xSetStandby</STRONG> (Thumb, 34 bytes, Stack size 8 bytes, sx126x_driver.o(i.SX126xSetStandby))
<BR><BR>[Stack]<UL><LI>Max Depth = 72<LI>Call Chain = SX126xSetStandby &rArr; SX126xWriteCommand &rArr; SX126xCheckDeviceReady &rArr; SX126xWakeup &rArr; drv_spi_read_write_byte &rArr; SCLK_L
</UL>
<BR>[Calls]<UL><LI><a href="#[91]">&gt;&gt;</a>&nbsp;&nbsp;&nbsp;SX126xWriteCommand
</UL>
<BR>[Called By]<UL><LI><a href="#[6f]">&gt;&gt;</a>&nbsp;&nbsp;&nbsp;SX126xInit
<LI><a href="#[87]">&gt;&gt;</a>&nbsp;&nbsp;&nbsp;RadioStandby
<LI><a href="#[6e]">&gt;&gt;</a>&nbsp;&nbsp;&nbsp;RadioInit
</UL>

<P><STRONG><a name="[85]"></a>SX126xSetStopRxTimerOnPreambleDetect</STRONG> (Thumb, 14 bytes, Stack size 8 bytes, sx126x_driver.o(i.SX126xSetStopRxTimerOnPreambleDetect))
<BR><BR>[Stack]<UL><LI>Max Depth = 72<LI>Call Chain = SX126xSetStopRxTimerOnPreambleDetect &rArr; SX126xWriteCommand &rArr; SX126xCheckDeviceReady &rArr; SX126xWakeup &rArr; drv_spi_read_write_byte &rArr; SCLK_L
</UL>
<BR>[Calls]<UL><LI><a href="#[91]">&gt;&gt;</a>&nbsp;&nbsp;&nbsp;SX126xWriteCommand
</UL>
<BR>[Called By]<UL><LI><a href="#[84]">&gt;&gt;</a>&nbsp;&nbsp;&nbsp;RadioSetTxConfig
</UL>

<P><STRONG><a name="[a4]"></a>SX126xSetTx</STRONG> (Thumb, 40 bytes, Stack size 16 bytes, sx126x_driver.o(i.SX126xSetTx))
<BR><BR>[Stack]<UL><LI>Max Depth = 80<LI>Call Chain = SX126xSetTx &rArr; SX126xWriteCommand &rArr; SX126xCheckDeviceReady &rArr; SX126xWakeup &rArr; drv_spi_read_write_byte &rArr; SCLK_L
</UL>
<BR>[Calls]<UL><LI><a href="#[91]">&gt;&gt;</a>&nbsp;&nbsp;&nbsp;SX126xWriteCommand
</UL>
<BR>[Called By]<UL><LI><a href="#[7d]">&gt;&gt;</a>&nbsp;&nbsp;&nbsp;SX126xSendPayload
</UL>

<P><STRONG><a name="[73]"></a>SX126xSetTxParams</STRONG> (Thumb, 50 bytes, Stack size 16 bytes, sx126x_driver.o(i.SX126xSetTxParams))
<BR><BR>[Stack]<UL><LI>Max Depth = 104<LI>Call Chain = SX126xSetTxParams &rArr; SX126xSetPaConfig &rArr; SX126xWriteCommand &rArr; SX126xCheckDeviceReady &rArr; SX126xWakeup &rArr; drv_spi_read_write_byte &rArr; SCLK_L
</UL>
<BR>[Calls]<UL><LI><a href="#[83]">&gt;&gt;</a>&nbsp;&nbsp;&nbsp;SX126xWriteRegister
<LI><a href="#[91]">&gt;&gt;</a>&nbsp;&nbsp;&nbsp;SX126xWriteCommand
<LI><a href="#[a6]">&gt;&gt;</a>&nbsp;&nbsp;&nbsp;SX126xSetPaConfig
</UL>
<BR>[Called By]<UL><LI><a href="#[84]">&gt;&gt;</a>&nbsp;&nbsp;&nbsp;RadioSetTxConfig
<LI><a href="#[6e]">&gt;&gt;</a>&nbsp;&nbsp;&nbsp;RadioInit
</UL>

<P><STRONG><a name="[95]"></a>SX126xWaitOnBusy</STRONG> (Thumb, 14 bytes, Stack size 8 bytes, sx126x_driver.o(i.SX126xWaitOnBusy))
<BR><BR>[Stack]<UL><LI>Max Depth = 16<LI>Call Chain = SX126xWaitOnBusy &rArr; BUSY_READ
</UL>
<BR>[Calls]<UL><LI><a href="#[53]">&gt;&gt;</a>&nbsp;&nbsp;&nbsp;BUSY_READ
</UL>
<BR>[Called By]<UL><LI><a href="#[a8]">&gt;&gt;</a>&nbsp;&nbsp;&nbsp;SX126xWriteRegisters
<LI><a href="#[91]">&gt;&gt;</a>&nbsp;&nbsp;&nbsp;SX126xWriteCommand
<LI><a href="#[a7]">&gt;&gt;</a>&nbsp;&nbsp;&nbsp;SX126xWriteBuffer
<LI><a href="#[94]">&gt;&gt;</a>&nbsp;&nbsp;&nbsp;SX126xWakeup
<LI><a href="#[a1]">&gt;&gt;</a>&nbsp;&nbsp;&nbsp;SX126xReadRegisters
<LI><a href="#[96]">&gt;&gt;</a>&nbsp;&nbsp;&nbsp;SX126xReadCommand
<LI><a href="#[98]">&gt;&gt;</a>&nbsp;&nbsp;&nbsp;SX126xReadBuffer
<LI><a href="#[92]">&gt;&gt;</a>&nbsp;&nbsp;&nbsp;SX126xCheckDeviceReady
</UL>

<P><STRONG><a name="[94]"></a>SX126xWakeup</STRONG> (Thumb, 28 bytes, Stack size 8 bytes, sx126x_driver.o(i.SX126xWakeup))
<BR><BR>[Stack]<UL><LI>Max Depth = 32<LI>Call Chain = SX126xWakeup &rArr; drv_spi_read_write_byte &rArr; SCLK_L
</UL>
<BR>[Calls]<UL><LI><a href="#[9f]">&gt;&gt;</a>&nbsp;&nbsp;&nbsp;drv_spi_read_write_byte
<LI><a href="#[9e]">&gt;&gt;</a>&nbsp;&nbsp;&nbsp;radio_nss_low
<LI><a href="#[a0]">&gt;&gt;</a>&nbsp;&nbsp;&nbsp;radio_nss_high
<LI><a href="#[95]">&gt;&gt;</a>&nbsp;&nbsp;&nbsp;SX126xWaitOnBusy
</UL>
<BR>[Called By]<UL><LI><a href="#[6f]">&gt;&gt;</a>&nbsp;&nbsp;&nbsp;SX126xInit
<LI><a href="#[92]">&gt;&gt;</a>&nbsp;&nbsp;&nbsp;SX126xCheckDeviceReady
</UL>

<P><STRONG><a name="[a7]"></a>SX126xWriteBuffer</STRONG> (Thumb, 60 bytes, Stack size 24 bytes, sx126x_driver.o(i.SX126xWriteBuffer))
<BR><BR>[Stack]<UL><LI>Max Depth = 64<LI>Call Chain = SX126xWriteBuffer &rArr; SX126xCheckDeviceReady &rArr; SX126xWakeup &rArr; drv_spi_read_write_byte &rArr; SCLK_L
</UL>
<BR>[Calls]<UL><LI><a href="#[9f]">&gt;&gt;</a>&nbsp;&nbsp;&nbsp;drv_spi_read_write_byte
<LI><a href="#[9e]">&gt;&gt;</a>&nbsp;&nbsp;&nbsp;radio_nss_low
<LI><a href="#[a0]">&gt;&gt;</a>&nbsp;&nbsp;&nbsp;radio_nss_high
<LI><a href="#[95]">&gt;&gt;</a>&nbsp;&nbsp;&nbsp;SX126xWaitOnBusy
<LI><a href="#[92]">&gt;&gt;</a>&nbsp;&nbsp;&nbsp;SX126xCheckDeviceReady
</UL>
<BR>[Called By]<UL><LI><a href="#[a3]">&gt;&gt;</a>&nbsp;&nbsp;&nbsp;SX126xSetPayload
</UL>

<P><STRONG><a name="[91]"></a>SX126xWriteCommand</STRONG> (Thumb, 58 bytes, Stack size 24 bytes, sx126x_driver.o(i.SX126xWriteCommand))
<BR><BR>[Stack]<UL><LI>Max Depth = 64<LI>Call Chain = SX126xWriteCommand &rArr; SX126xCheckDeviceReady &rArr; SX126xWakeup &rArr; drv_spi_read_write_byte &rArr; SCLK_L
</UL>
<BR>[Calls]<UL><LI><a href="#[9f]">&gt;&gt;</a>&nbsp;&nbsp;&nbsp;drv_spi_read_write_byte
<LI><a href="#[9e]">&gt;&gt;</a>&nbsp;&nbsp;&nbsp;radio_nss_low
<LI><a href="#[a0]">&gt;&gt;</a>&nbsp;&nbsp;&nbsp;radio_nss_high
<LI><a href="#[95]">&gt;&gt;</a>&nbsp;&nbsp;&nbsp;SX126xWaitOnBusy
<LI><a href="#[92]">&gt;&gt;</a>&nbsp;&nbsp;&nbsp;SX126xCheckDeviceReady
</UL>
<BR>[Called By]<UL><LI><a href="#[73]">&gt;&gt;</a>&nbsp;&nbsp;&nbsp;SX126xSetTxParams
<LI><a href="#[a4]">&gt;&gt;</a>&nbsp;&nbsp;&nbsp;SX126xSetTx
<LI><a href="#[85]">&gt;&gt;</a>&nbsp;&nbsp;&nbsp;SX126xSetStopRxTimerOnPreambleDetect
<LI><a href="#[70]">&gt;&gt;</a>&nbsp;&nbsp;&nbsp;SX126xSetStandby
<LI><a href="#[78]">&gt;&gt;</a>&nbsp;&nbsp;&nbsp;SX126xSetRx
<LI><a href="#[7f]">&gt;&gt;</a>&nbsp;&nbsp;&nbsp;SX126xSetRfFrequency
<LI><a href="#[71]">&gt;&gt;</a>&nbsp;&nbsp;&nbsp;SX126xSetRegulatorMode
<LI><a href="#[81]">&gt;&gt;</a>&nbsp;&nbsp;&nbsp;SX126xSetPacketType
<LI><a href="#[7c]">&gt;&gt;</a>&nbsp;&nbsp;&nbsp;SX126xSetPacketParams
<LI><a href="#[88]">&gt;&gt;</a>&nbsp;&nbsp;&nbsp;SX126xSetModulationParams
<LI><a href="#[86]">&gt;&gt;</a>&nbsp;&nbsp;&nbsp;SX126xSetLoRaSymbNumTimeout
<LI><a href="#[74]">&gt;&gt;</a>&nbsp;&nbsp;&nbsp;SX126xSetDioIrqParams
<LI><a href="#[72]">&gt;&gt;</a>&nbsp;&nbsp;&nbsp;SX126xSetBufferBaseAddress
<LI><a href="#[69]">&gt;&gt;</a>&nbsp;&nbsp;&nbsp;SX126xClearIrqStatus
<LI><a href="#[a5]">&gt;&gt;</a>&nbsp;&nbsp;&nbsp;SX126xSetFs
<LI><a href="#[a6]">&gt;&gt;</a>&nbsp;&nbsp;&nbsp;SX126xSetPaConfig
<LI><a href="#[90]">&gt;&gt;</a>&nbsp;&nbsp;&nbsp;SX126xCalibrateImage
</UL>

<P><STRONG><a name="[83]"></a>SX126xWriteRegister</STRONG> (Thumb, 16 bytes, Stack size 16 bytes, sx126x_driver.o(i.SX126xWriteRegister))
<BR><BR>[Stack]<UL><LI>Max Depth = 80<LI>Call Chain = SX126xWriteRegister &rArr; SX126xWriteRegisters &rArr; SX126xCheckDeviceReady &rArr; SX126xWakeup &rArr; drv_spi_read_write_byte &rArr; SCLK_L
</UL>
<BR>[Calls]<UL><LI><a href="#[a8]">&gt;&gt;</a>&nbsp;&nbsp;&nbsp;SX126xWriteRegisters
</UL>
<BR>[Called By]<UL><LI><a href="#[73]">&gt;&gt;</a>&nbsp;&nbsp;&nbsp;SX126xSetTxParams
<LI><a href="#[82]">&gt;&gt;</a>&nbsp;&nbsp;&nbsp;RadioSetPublicNetwork
</UL>

<P><STRONG><a name="[a8]"></a>SX126xWriteRegisters</STRONG> (Thumb, 66 bytes, Stack size 24 bytes, sx126x_driver.o(i.SX126xWriteRegisters))
<BR><BR>[Stack]<UL><LI>Max Depth = 64<LI>Call Chain = SX126xWriteRegisters &rArr; SX126xCheckDeviceReady &rArr; SX126xWakeup &rArr; drv_spi_read_write_byte &rArr; SCLK_L
</UL>
<BR>[Calls]<UL><LI><a href="#[9f]">&gt;&gt;</a>&nbsp;&nbsp;&nbsp;drv_spi_read_write_byte
<LI><a href="#[9e]">&gt;&gt;</a>&nbsp;&nbsp;&nbsp;radio_nss_low
<LI><a href="#[a0]">&gt;&gt;</a>&nbsp;&nbsp;&nbsp;radio_nss_high
<LI><a href="#[95]">&gt;&gt;</a>&nbsp;&nbsp;&nbsp;SX126xWaitOnBusy
<LI><a href="#[92]">&gt;&gt;</a>&nbsp;&nbsp;&nbsp;SX126xCheckDeviceReady
</UL>
<BR>[Called By]<UL><LI><a href="#[83]">&gt;&gt;</a>&nbsp;&nbsp;&nbsp;SX126xWriteRegister
</UL>

<P><STRONG><a name="[9]"></a>SysTick_Handler</STRONG> (Thumb, 8 bytes, Stack size 8 bytes, gd32f30x_it.o(i.SysTick_Handler))
<BR><BR>[Stack]<UL><LI>Max Depth = 8<LI>Call Chain = SysTick_Handler
</UL>
<BR>[Calls]<UL><LI><a href="#[a9]">&gt;&gt;</a>&nbsp;&nbsp;&nbsp;delay_decrement
</UL>
<BR>[Address Reference Count : 1]<UL><LI> startup_gd32f30x_hd.o(RESET)
</UL>
<P><STRONG><a name="[47]"></a>SystemInit</STRONG> (Thumb, 100 bytes, Stack size 8 bytes, system_gd32f30x.o(i.SystemInit))
<BR><BR>[Stack]<UL><LI>Max Depth = 16<LI>Call Chain = SystemInit &rArr; system_clock_config
</UL>
<BR>[Calls]<UL><LI><a href="#[aa]">&gt;&gt;</a>&nbsp;&nbsp;&nbsp;system_clock_config
</UL>
<BR>[Address Reference Count : 1]<UL><LI> startup_gd32f30x_hd.o(.text)
</UL>
<P><STRONG><a name="[26]"></a>TIMER1_IRQHandler</STRONG> (Thumb, 76 bytes, Stack size 8 bytes, timer.o(i.TIMER1_IRQHandler))
<BR><BR>[Stack]<UL><LI>Max Depth = 8<LI>Call Chain = TIMER1_IRQHandler
</UL>
<BR>[Calls]<UL><LI><a href="#[ab]">&gt;&gt;</a>&nbsp;&nbsp;&nbsp;timer_flag_clear
</UL>
<BR>[Address Reference Count : 1]<UL><LI> startup_gd32f30x_hd.o(RESET)
</UL>
<P><STRONG><a name="[40]"></a>TIMER5_IRQHandler</STRONG> (Thumb, 44 bytes, Stack size 8 bytes, timer.o(i.TIMER5_IRQHandler))
<BR><BR>[Stack]<UL><LI>Max Depth = 8<LI>Call Chain = TIMER5_IRQHandler
</UL>
<BR>[Calls]<UL><LI><a href="#[ac]">&gt;&gt;</a>&nbsp;&nbsp;&nbsp;timer_interrupt_flag_get
<LI><a href="#[ad]">&gt;&gt;</a>&nbsp;&nbsp;&nbsp;timer_interrupt_flag_clear
</UL>
<BR>[Address Reference Count : 1]<UL><LI> startup_gd32f30x_hd.o(RESET)
</UL>
<P><STRONG><a name="[2f]"></a>USART0_IRQHandler</STRONG> (Thumb, 60 bytes, Stack size 8 bytes, communication1.o(i.USART0_IRQHandler))
<BR><BR>[Stack]<UL><LI>Max Depth = 24<LI>Call Chain = USART0_IRQHandler &rArr; usart_interrupt_flag_get
</UL>
<BR>[Calls]<UL><LI><a href="#[ae]">&gt;&gt;</a>&nbsp;&nbsp;&nbsp;usart_interrupt_flag_get
<LI><a href="#[af]">&gt;&gt;</a>&nbsp;&nbsp;&nbsp;usart_interrupt_flag_clear
<LI><a href="#[b0]">&gt;&gt;</a>&nbsp;&nbsp;&nbsp;usart_data_receive
</UL>
<BR>[Address Reference Count : 1]<UL><LI> startup_gd32f30x_hd.o(RESET)
</UL>
<P><STRONG><a name="[5]"></a>UsageFault_Handler</STRONG> (Thumb, 4 bytes, Stack size 0 bytes, gd32f30x_it.o(i.UsageFault_Handler))
<BR>[Address Reference Count : 1]<UL><LI> startup_gd32f30x_hd.o(RESET)
</UL>
<P><STRONG><a name="[5b]"></a>WriteAdd</STRONG> (Thumb, 32 bytes, Stack size 24 bytes, gd32f30x_fmc.o(i.WriteAdd))
<BR><BR>[Stack]<UL><LI>Max Depth = 76<LI>Call Chain = WriteAdd &rArr; fmc_write_data_16b &rArr; fmc_halfword_program &rArr; fmc_bank1_ready_wait
</UL>
<BR>[Calls]<UL><LI><a href="#[b1]">&gt;&gt;</a>&nbsp;&nbsp;&nbsp;fmc_write_data_16b
</UL>
<BR>[Called By]<UL><LI><a href="#[46]">&gt;&gt;</a>&nbsp;&nbsp;&nbsp;main
<LI><a href="#[5a]">&gt;&gt;</a>&nbsp;&nbsp;&nbsp;ModbusFun6_1
</UL>

<P><STRONG><a name="[ef]"></a>__scatterload_copy</STRONG> (Thumb, 14 bytes, Stack size unknown bytes, handlers.o(i.__scatterload_copy), UNUSED)

<P><STRONG><a name="[f0]"></a>__scatterload_null</STRONG> (Thumb, 2 bytes, Stack size unknown bytes, handlers.o(i.__scatterload_null), UNUSED)

<P><STRONG><a name="[f1]"></a>__scatterload_zeroinit</STRONG> (Thumb, 14 bytes, Stack size unknown bytes, handlers.o(i.__scatterload_zeroinit), UNUSED)

<P><STRONG><a name="[b2]"></a>communication1_init</STRONG> (Thumb, 8 bytes, Stack size 4 bytes, communication1.o(i.communication1_init))
<BR><BR>[Stack]<UL><LI>Max Depth = 4<LI>Call Chain = communication1_init
</UL>
<BR>[Calls]<UL><LI><a href="#[b3]">&gt;&gt;</a>&nbsp;&nbsp;&nbsp;ModbusInit
</UL>
<BR>[Called By]<UL><LI><a href="#[46]">&gt;&gt;</a>&nbsp;&nbsp;&nbsp;main
</UL>

<P><STRONG><a name="[d3]"></a>crc16</STRONG> (Thumb, 48 bytes, Stack size 16 bytes, communication1.o(i.crc16))
<BR><BR>[Stack]<UL><LI>Max Depth = 16<LI>Call Chain = crc16
</UL>
<BR>[Called By]<UL><LI><a href="#[5f]">&gt;&gt;</a>&nbsp;&nbsp;&nbsp;showData1_1
</UL>

<P><STRONG><a name="[bc]"></a>dac_data_set</STRONG> (Thumb, 82 bytes, Stack size 0 bytes, gd32f30x_dac.o(i.dac_data_set))
<BR><BR>[Called By]<UL><LI><a href="#[b7]">&gt;&gt;</a>&nbsp;&nbsp;&nbsp;dac_init
<LI><a href="#[46]">&gt;&gt;</a>&nbsp;&nbsp;&nbsp;main
</UL>

<P><STRONG><a name="[b4]"></a>dac_deinit</STRONG> (Thumb, 20 bytes, Stack size 8 bytes, gd32f30x_dac.o(i.dac_deinit))
<BR><BR>[Stack]<UL><LI>Max Depth = 8<LI>Call Chain = dac_deinit
</UL>
<BR>[Calls]<UL><LI><a href="#[b5]">&gt;&gt;</a>&nbsp;&nbsp;&nbsp;rcu_periph_reset_enable
<LI><a href="#[b6]">&gt;&gt;</a>&nbsp;&nbsp;&nbsp;rcu_periph_reset_disable
</UL>
<BR>[Called By]<UL><LI><a href="#[b7]">&gt;&gt;</a>&nbsp;&nbsp;&nbsp;dac_init
</UL>

<P><STRONG><a name="[bb]"></a>dac_enable</STRONG> (Thumb, 30 bytes, Stack size 0 bytes, gd32f30x_dac.o(i.dac_enable))
<BR><BR>[Called By]<UL><LI><a href="#[b7]">&gt;&gt;</a>&nbsp;&nbsp;&nbsp;dac_init
<LI><a href="#[46]">&gt;&gt;</a>&nbsp;&nbsp;&nbsp;main
</UL>

<P><STRONG><a name="[b7]"></a>dac_init</STRONG> (Thumb, 108 bytes, Stack size 8 bytes, gd32f30x_dac.o(i.dac_init))
<BR><BR>[Stack]<UL><LI>Max Depth = 28<LI>Call Chain = dac_init &rArr; gpio_init
</UL>
<BR>[Calls]<UL><LI><a href="#[8d]">&gt;&gt;</a>&nbsp;&nbsp;&nbsp;rcu_periph_clock_enable
<LI><a href="#[8f]">&gt;&gt;</a>&nbsp;&nbsp;&nbsp;gpio_init
<LI><a href="#[b9]">&gt;&gt;</a>&nbsp;&nbsp;&nbsp;dac_wave_mode_config
<LI><a href="#[b8]">&gt;&gt;</a>&nbsp;&nbsp;&nbsp;dac_trigger_disable
<LI><a href="#[ba]">&gt;&gt;</a>&nbsp;&nbsp;&nbsp;dac_output_buffer_disable
<LI><a href="#[bb]">&gt;&gt;</a>&nbsp;&nbsp;&nbsp;dac_enable
<LI><a href="#[b4]">&gt;&gt;</a>&nbsp;&nbsp;&nbsp;dac_deinit
<LI><a href="#[bc]">&gt;&gt;</a>&nbsp;&nbsp;&nbsp;dac_data_set
</UL>
<BR>[Called By]<UL><LI><a href="#[46]">&gt;&gt;</a>&nbsp;&nbsp;&nbsp;main
</UL>

<P><STRONG><a name="[ba]"></a>dac_output_buffer_disable</STRONG> (Thumb, 30 bytes, Stack size 0 bytes, gd32f30x_dac.o(i.dac_output_buffer_disable))
<BR><BR>[Called By]<UL><LI><a href="#[b7]">&gt;&gt;</a>&nbsp;&nbsp;&nbsp;dac_init
</UL>

<P><STRONG><a name="[b8]"></a>dac_trigger_disable</STRONG> (Thumb, 30 bytes, Stack size 0 bytes, gd32f30x_dac.o(i.dac_trigger_disable))
<BR><BR>[Called By]<UL><LI><a href="#[b7]">&gt;&gt;</a>&nbsp;&nbsp;&nbsp;dac_init
</UL>

<P><STRONG><a name="[b9]"></a>dac_wave_mode_config</STRONG> (Thumb, 48 bytes, Stack size 0 bytes, gd32f30x_dac.o(i.dac_wave_mode_config))
<BR><BR>[Called By]<UL><LI><a href="#[b7]">&gt;&gt;</a>&nbsp;&nbsp;&nbsp;dac_init
</UL>

<P><STRONG><a name="[8c]"></a>dbg_trace_pin_disable</STRONG> (Thumb, 14 bytes, Stack size 0 bytes, gd32f30x_dbg.o(i.dbg_trace_pin_disable))
<BR><BR>[Called By]<UL><LI><a href="#[8b]">&gt;&gt;</a>&nbsp;&nbsp;&nbsp;SPI_GPIO_Init
<LI><a href="#[46]">&gt;&gt;</a>&nbsp;&nbsp;&nbsp;main
</UL>

<P><STRONG><a name="[a2]"></a>delay_1ms</STRONG> (Thumb, 16 bytes, Stack size 0 bytes, systick.o(i.delay_1ms))
<BR><BR>[Called By]<UL><LI><a href="#[46]">&gt;&gt;</a>&nbsp;&nbsp;&nbsp;main
<LI><a href="#[9c]">&gt;&gt;</a>&nbsp;&nbsp;&nbsp;SX126xReset
</UL>

<P><STRONG><a name="[a9]"></a>delay_decrement</STRONG> (Thumb, 18 bytes, Stack size 0 bytes, systick.o(i.delay_decrement))
<BR><BR>[Called By]<UL><LI><a href="#[9]">&gt;&gt;</a>&nbsp;&nbsp;&nbsp;SysTick_Handler
</UL>

<P><STRONG><a name="[bd]"></a>delay_us</STRONG> (Thumb, 30 bytes, Stack size 0 bytes, systick.o(i.delay_us))
<BR><BR>[Called By]<UL><LI><a href="#[9f]">&gt;&gt;</a>&nbsp;&nbsp;&nbsp;drv_spi_read_write_byte
</UL>

<P><STRONG><a name="[9f]"></a>drv_spi_read_write_byte</STRONG> (Thumb, 70 bytes, Stack size 16 bytes, drv_spi.o(i.drv_spi_read_write_byte))
<BR><BR>[Stack]<UL><LI>Max Depth = 24<LI>Call Chain = drv_spi_read_write_byte &rArr; SCLK_L
</UL>
<BR>[Calls]<UL><LI><a href="#[8a]">&gt;&gt;</a>&nbsp;&nbsp;&nbsp;SCLK_L
<LI><a href="#[89]">&gt;&gt;</a>&nbsp;&nbsp;&nbsp;SCLK_H
<LI><a href="#[58]">&gt;&gt;</a>&nbsp;&nbsp;&nbsp;MOSI_L
<LI><a href="#[56]">&gt;&gt;</a>&nbsp;&nbsp;&nbsp;MOSI_H
<LI><a href="#[55]">&gt;&gt;</a>&nbsp;&nbsp;&nbsp;MISO_READ
<LI><a href="#[bd]">&gt;&gt;</a>&nbsp;&nbsp;&nbsp;delay_us
</UL>
<BR>[Called By]<UL><LI><a href="#[a8]">&gt;&gt;</a>&nbsp;&nbsp;&nbsp;SX126xWriteRegisters
<LI><a href="#[91]">&gt;&gt;</a>&nbsp;&nbsp;&nbsp;SX126xWriteCommand
<LI><a href="#[a7]">&gt;&gt;</a>&nbsp;&nbsp;&nbsp;SX126xWriteBuffer
<LI><a href="#[94]">&gt;&gt;</a>&nbsp;&nbsp;&nbsp;SX126xWakeup
<LI><a href="#[a1]">&gt;&gt;</a>&nbsp;&nbsp;&nbsp;SX126xReadRegisters
<LI><a href="#[96]">&gt;&gt;</a>&nbsp;&nbsp;&nbsp;SX126xReadCommand
<LI><a href="#[98]">&gt;&gt;</a>&nbsp;&nbsp;&nbsp;SX126xReadBuffer
</UL>

<P><STRONG><a name="[be]"></a>fmc_bank0_ready_wait</STRONG> (Thumb, 34 bytes, Stack size 4 bytes, gd32f30x_fmc.o(i.fmc_bank0_ready_wait))
<BR><BR>[Stack]<UL><LI>Max Depth = 4<LI>Call Chain = fmc_bank0_ready_wait
</UL>
<BR>[Calls]<UL><LI><a href="#[bf]">&gt;&gt;</a>&nbsp;&nbsp;&nbsp;fmc_bank0_state_get
</UL>
<BR>[Called By]<UL><LI><a href="#[c3]">&gt;&gt;</a>&nbsp;&nbsp;&nbsp;fmc_page_erase
<LI><a href="#[c2]">&gt;&gt;</a>&nbsp;&nbsp;&nbsp;fmc_halfword_program
</UL>

<P><STRONG><a name="[bf]"></a>fmc_bank0_state_get</STRONG> (Thumb, 44 bytes, Stack size 0 bytes, gd32f30x_fmc.o(i.fmc_bank0_state_get))
<BR><BR>[Called By]<UL><LI><a href="#[be]">&gt;&gt;</a>&nbsp;&nbsp;&nbsp;fmc_bank0_ready_wait
</UL>

<P><STRONG><a name="[c0]"></a>fmc_bank1_ready_wait</STRONG> (Thumb, 34 bytes, Stack size 4 bytes, gd32f30x_fmc.o(i.fmc_bank1_ready_wait))
<BR><BR>[Stack]<UL><LI>Max Depth = 4<LI>Call Chain = fmc_bank1_ready_wait
</UL>
<BR>[Calls]<UL><LI><a href="#[c1]">&gt;&gt;</a>&nbsp;&nbsp;&nbsp;fmc_bank1_state_get
</UL>
<BR>[Called By]<UL><LI><a href="#[c3]">&gt;&gt;</a>&nbsp;&nbsp;&nbsp;fmc_page_erase
<LI><a href="#[c2]">&gt;&gt;</a>&nbsp;&nbsp;&nbsp;fmc_halfword_program
</UL>

<P><STRONG><a name="[c1]"></a>fmc_bank1_state_get</STRONG> (Thumb, 44 bytes, Stack size 0 bytes, gd32f30x_fmc.o(i.fmc_bank1_state_get))
<BR><BR>[Called By]<UL><LI><a href="#[c0]">&gt;&gt;</a>&nbsp;&nbsp;&nbsp;fmc_bank1_ready_wait
</UL>

<P><STRONG><a name="[c5]"></a>fmc_flag_clear</STRONG> (Thumb, 28 bytes, Stack size 0 bytes, gd32f30x_fmc.o(i.fmc_flag_clear))
<BR><BR>[Called By]<UL><LI><a href="#[b1]">&gt;&gt;</a>&nbsp;&nbsp;&nbsp;fmc_write_data_16b
</UL>

<P><STRONG><a name="[c2]"></a>fmc_halfword_program</STRONG> (Thumb, 178 bytes, Stack size 16 bytes, gd32f30x_fmc.o(i.fmc_halfword_program))
<BR><BR>[Stack]<UL><LI>Max Depth = 20<LI>Call Chain = fmc_halfword_program &rArr; fmc_bank1_ready_wait
</UL>
<BR>[Calls]<UL><LI><a href="#[c0]">&gt;&gt;</a>&nbsp;&nbsp;&nbsp;fmc_bank1_ready_wait
<LI><a href="#[be]">&gt;&gt;</a>&nbsp;&nbsp;&nbsp;fmc_bank0_ready_wait
</UL>
<BR>[Called By]<UL><LI><a href="#[b1]">&gt;&gt;</a>&nbsp;&nbsp;&nbsp;fmc_write_data_16b
</UL>

<P><STRONG><a name="[c6]"></a>fmc_lock</STRONG> (Thumb, 34 bytes, Stack size 0 bytes, gd32f30x_fmc.o(i.fmc_lock))
<BR><BR>[Called By]<UL><LI><a href="#[b1]">&gt;&gt;</a>&nbsp;&nbsp;&nbsp;fmc_write_data_16b
</UL>

<P><STRONG><a name="[c3]"></a>fmc_page_erase</STRONG> (Thumb, 222 bytes, Stack size 12 bytes, gd32f30x_fmc.o(i.fmc_page_erase))
<BR><BR>[Stack]<UL><LI>Max Depth = 16<LI>Call Chain = fmc_page_erase &rArr; fmc_bank1_ready_wait
</UL>
<BR>[Calls]<UL><LI><a href="#[c0]">&gt;&gt;</a>&nbsp;&nbsp;&nbsp;fmc_bank1_ready_wait
<LI><a href="#[be]">&gt;&gt;</a>&nbsp;&nbsp;&nbsp;fmc_bank0_ready_wait
</UL>
<BR>[Called By]<UL><LI><a href="#[b1]">&gt;&gt;</a>&nbsp;&nbsp;&nbsp;fmc_write_data_16b
</UL>

<P><STRONG><a name="[d0]"></a>fmc_read_Address2_16b</STRONG> (Thumb, 6 bytes, Stack size 0 bytes, gd32f30x_fmc.o(i.fmc_read_Address2_16b))
<BR><BR>[Called By]<UL><LI><a href="#[46]">&gt;&gt;</a>&nbsp;&nbsp;&nbsp;main
</UL>

<P><STRONG><a name="[d1]"></a>fmc_read_ReceiveMode_16b</STRONG> (Thumb, 6 bytes, Stack size 0 bytes, gd32f30x_fmc.o(i.fmc_read_ReceiveMode_16b))
<BR><BR>[Called By]<UL><LI><a href="#[46]">&gt;&gt;</a>&nbsp;&nbsp;&nbsp;main
</UL>

<P><STRONG><a name="[cf]"></a>fmc_read_data_16b</STRONG> (Thumb, 6 bytes, Stack size 0 bytes, gd32f30x_fmc.o(i.fmc_read_data_16b))
<BR><BR>[Called By]<UL><LI><a href="#[46]">&gt;&gt;</a>&nbsp;&nbsp;&nbsp;main
</UL>

<P><STRONG><a name="[c4]"></a>fmc_unlock</STRONG> (Thumb, 52 bytes, Stack size 0 bytes, gd32f30x_fmc.o(i.fmc_unlock))
<BR><BR>[Called By]<UL><LI><a href="#[b1]">&gt;&gt;</a>&nbsp;&nbsp;&nbsp;fmc_write_data_16b
</UL>

<P><STRONG><a name="[b1]"></a>fmc_write_data_16b</STRONG> (Thumb, 260 bytes, Stack size 32 bytes, gd32f30x_fmc.o(i.fmc_write_data_16b))
<BR><BR>[Stack]<UL><LI>Max Depth = 52<LI>Call Chain = fmc_write_data_16b &rArr; fmc_halfword_program &rArr; fmc_bank1_ready_wait
</UL>
<BR>[Calls]<UL><LI><a href="#[c4]">&gt;&gt;</a>&nbsp;&nbsp;&nbsp;fmc_unlock
[...]
<LI><a href="#[8f]">&gt;&gt;</a>&nbsp;&nbsp;&nbsp;gpio_init
<LI><a href="#[c8]">&gt;&gt;</a>&nbsp;&nbsp;&nbsp;led_on
</UL>
<BR>[Called By]<UL><LI><a href="#[46]">&gt;&gt;</a>&nbsp;&nbsp;&nbsp;main
</UL>

<P><STRONG><a name="[c9]"></a>led_off</STRONG> (Thumb, 14 bytes, Stack size 8 bytes, led.o(i.led_off))
<BR><BR>[Stack]<UL><LI>Max Depth = 8<LI>Call Chain = led_off
</UL>
<BR>[Calls]<UL><LI><a href="#[59]">&gt;&gt;</a>&nbsp;&nbsp;&nbsp;gpio_bit_reset
</UL>
<BR>[Called By]<UL><LI><a href="#[46]">&gt;&gt;</a>&nbsp;&nbsp;&nbsp;main
</UL>

<P><STRONG><a name="[c8]"></a>led_on</STRONG> (Thumb, 14 bytes, Stack size 8 bytes, led.o(i.led_on))
<BR><BR>[Stack]<UL><LI>Max Depth = 8<LI>Call Chain = led_on
</UL>
<BR>[Calls]<UL><LI><a href="#[57]">&gt;&gt;</a>&nbsp;&nbsp;&nbsp;gpio_bit_set
</UL>
<BR>[Called By]<UL><LI><a href="#[c7]">&gt;&gt;</a>&nbsp;&nbsp;&nbsp;led_init
<LI><a href="#[46]">&gt;&gt;</a>&nbsp;&nbsp;&nbsp;main
</UL>

<P><STRONG><a name="[46]"></a>main</STRONG> (Thumb, 892 bytes, Stack size 40 bytes, main.o(i.main))
<BR><BR>[Stack]<UL><LI>Max Depth = 184<LI>Call Chain = main &rArr; RadioSetTxConfig &rArr; SX126xSetTxParams &rArr; SX126xSetPaConfig &rArr; SX126xWriteCommand &rArr; SX126xCheckDeviceReady &rArr; SX126xWakeup &rArr; drv_spi_read_write_byte &rArr; SCLK_L
</UL>
<BR>[Calls]<UL><LI><a href="#[8c]">&gt;&gt;</a>&nbsp;&nbsp;&nbsp;dbg_trace_pin_disable
<LI><a href="#[8d]">&gt;&gt;</a>&nbsp;&nbsp;&nbsp;rcu_periph_clock_enable
<LI><a href="#[b7]">&gt;&gt;</a>&nbsp;&nbsp;&nbsp;dac_init
<LI><a href="#[bb]">&gt;&gt;</a>&nbsp;&nbsp;&nbsp;dac_enable
<LI><a href="#[bc]">&gt;&gt;</a>&nbsp;&nbsp;&nbsp;dac_data_set
<LI><a href="#[ca]">&gt;&gt;</a>&nbsp;&nbsp;&nbsp;nvic_priority_group_set
<LI><a href="#[8e]">&gt;&gt;</a>&nbsp;&nbsp;&nbsp;gpio_pin_remap_config
<LI><a href="#[cf]">&gt;&gt;</a>&nbsp;&nbsp;&nbsp;fmc_read_data_16b
<LI><a href="#[d1]">&gt;&gt;</a>&nbsp;&nbsp;&nbsp;fmc_read_ReceiveMode_16b
<LI><a href="#[d0]">&gt;&gt;</a>&nbsp;&nbsp;&nbsp;fmc_read_Address2_16b
<LI><a href="#[5b]">&gt;&gt;</a>&nbsp;&nbsp;&nbsp;WriteAdd
<LI><a href="#[cc]">&gt;&gt;</a>&nbsp;&nbsp;&nbsp;usart0_config
<LI><a href="#[cd]">&gt;&gt;</a>&nbsp;&nbsp;&nbsp;timer5_init
<LI><a href="#[ce]">&gt;&gt;</a>&nbsp;&nbsp;&nbsp;timer1_init
<LI><a href="#[cb]">&gt;&gt;</a>&nbsp;&nbsp;&nbsp;systick_config
<LI><a href="#[c8]">&gt;&gt;</a>&nbsp;&nbsp;&nbsp;led_on
<LI><a href="#[c9]">&gt;&gt;</a>&nbsp;&nbsp;&nbsp;led_off
<LI><a href="#[c7]">&gt;&gt;</a>&nbsp;&nbsp;&nbsp;led_init
<LI><a href="#[a2]">&gt;&gt;</a>&nbsp;&nbsp;&nbsp;delay_1ms
<LI><a href="#[b2]">&gt;&gt;</a>&nbsp;&nbsp;&nbsp;communication1_init
<LI><a href="#[a5]">&gt;&gt;</a>&nbsp;&nbsp;&nbsp;SX126xSetFs
<LI><a href="#[87]">&gt;&gt;</a>&nbsp;&nbsp;&nbsp;RadioStandby
<LI><a href="#[84]">&gt;&gt;</a>&nbsp;&nbsp;&nbsp;RadioSetTxConfig
<LI><a href="#[7e]">&gt;&gt;</a>&nbsp;&nbsp;&nbsp;RadioSetChannel
<LI><a href="#[75]">&gt;&gt;</a>&nbsp;&nbsp;&nbsp;RadioRx
<LI><a href="#[6e]">&gt;&gt;</a>&nbsp;&nbsp;&nbsp;RadioInit
<LI><a href="#[6c]">&gt;&gt;</a>&nbsp;&nbsp;&nbsp;RadioGetIrqStatus
<LI><a href="#[6a]">&gt;&gt;</a>&nbsp;&nbsp;&nbsp;RadioGetBuffer
<LI><a href="#[68]">&gt;&gt;</a>&nbsp;&nbsp;&nbsp;RadioClearIrqStatus
<LI><a href="#[5d]">&gt;&gt;</a>&nbsp;&nbsp;&nbsp;RS485_Send_Data
<LI><a href="#[62]">&gt;&gt;</a>&nbsp;&nbsp;&nbsp;OrderSend
<LI><a href="#[5e]">&gt;&gt;</a>&nbsp;&nbsp;&nbsp;Modbus_Event_1
</UL>
<BR>[Address Reference Count : 1]<UL><LI> entry9a.o(.ARM.Collect$$$$0000000B)
</UL>
<P><STRONG><a name="[d2]"></a>nvic_irq_enable</STRONG> (Thumb, 186 bytes, Stack size 24 bytes, gd32f30x_misc.o(i.nvic_irq_enable))
<BR><BR>[Stack]<UL><LI>Max Depth = 24<LI>Call Chain = nvic_irq_enable
</UL>
<BR>[Calls]<UL><LI><a href="#[ca]">&gt;&gt;</a>&nbsp;&nbsp;&nbsp;nvic_priority_group_set
</UL>
<BR>[Called By]<UL><LI><a href="#[cc]">&gt;&gt;</a>&nbsp;&nbsp;&nbsp;usart0_config
<LI><a href="#[cd]">&gt;&gt;</a>&nbsp;&nbsp;&nbsp;timer5_init
<LI><a href="#[ce]">&gt;&gt;</a>&nbsp;&nbsp;&nbsp;timer1_init
</UL>

<P><STRONG><a name="[ca]"></a>nvic_priority_group_set</STRONG> (Thumb, 10 bytes, Stack size 0 bytes, gd32f30x_misc.o(i.nvic_priority_group_set))
<BR><BR>[Called By]<UL><LI><a href="#[d2]">&gt;&gt;</a>&nbsp;&nbsp;&nbsp;nvic_irq_enable
<LI><a href="#[46]">&gt;&gt;</a>&nbsp;&nbsp;&nbsp;main
</UL>

<P><STRONG><a name="[a0]"></a>radio_nss_high</STRONG> (Thumb, 14 bytes, Stack size 8 bytes, sx126x_driver.o(i.radio_nss_high))
<BR><BR>[Stack]<UL><LI>Max Depth = 8<LI>Call Chain = radio_nss_high
</UL>
<BR>[Calls]<UL><LI><a href="#[57]">&gt;&gt;</a>&nbsp;&nbsp;&nbsp;gpio_bit_set
</UL>
<BR>[Called By]<UL><LI><a href="#[a8]">&gt;&gt;</a>&nbsp;&nbsp;&nbsp;SX126xWriteRegisters
<LI><a href="#[91]">&gt;&gt;</a>&nbsp;&nbsp;&nbsp;SX126xWriteCommand
<LI><a href="#[a7]">&gt;&gt;</a>&nbsp;&nbsp;&nbsp;SX126xWriteBuffer
<LI><a href="#[94]">&gt;&gt;</a>&nbsp;&nbsp;&nbsp;SX126xWakeup
<LI><a href="#[a1]">&gt;&gt;</a>&nbsp;&nbsp;&nbsp;SX126xReadRegisters
<LI><a href="#[96]">&gt;&gt;</a>&nbsp;&nbsp;&nbsp;SX126xReadCommand
<LI><a href="#[98]">&gt;&gt;</a>&nbsp;&nbsp;&nbsp;SX126xReadBuffer
</UL>

<P><STRONG><a name="[9e]"></a>radio_nss_low</STRONG> (Thumb, 14 bytes, Stack size 8 bytes, sx126x_driver.o(i.radio_nss_low))
<BR><BR>[Stack]<UL><LI>Max Depth = 8<LI>Call Chain = radio_nss_low
</UL>
<BR>[Calls]<UL><LI><a href="#[59]">&gt;&gt;</a>&nbsp;&nbsp;&nbsp;gpio_bit_reset
</UL>
<BR>[Called By]<UL><LI><a href="#[a8]">&gt;&gt;</a>&nbsp;&nbsp;&nbsp;SX126xWriteRegisters
<LI><a href="#[91]">&gt;&gt;</a>&nbsp;&nbsp;&nbsp;SX126xWriteCommand
<LI><a href="#[a7]">&gt;&gt;</a>&nbsp;&nbsp;&nbsp;SX126xWriteBuffer
<LI><a href="#[94]">&gt;&gt;</a>&nbsp;&nbsp;&nbsp;SX126xWakeup
<LI><a href="#[a1]">&gt;&gt;</a>&nbsp;&nbsp;&nbsp;SX126xReadRegisters
<LI><a href="#[96]">&gt;&gt;</a>&nbsp;&nbsp;&nbsp;SX126xReadCommand
<LI><a href="#[98]">&gt;&gt;</a>&nbsp;&nbsp;&nbsp;SX126xReadBuffer
</UL>

<P><STRONG><a name="[7a]"></a>radio_rx_off</STRONG> (Thumb, 14 bytes, Stack size 8 bytes, sx126x_driver.o(i.radio_rx_off))
<BR><BR>[Stack]<UL><LI>Max Depth = 8<LI>Call Chain = radio_rx_off
</UL>
<BR>[Calls]<UL><LI><a href="#[59]">&gt;&gt;</a>&nbsp;&nbsp;&nbsp;gpio_bit_reset
</UL>
<BR>[Called By]<UL><LI><a href="#[63]">&gt;&gt;</a>&nbsp;&nbsp;&nbsp;RadioSend
</UL>

<P><STRONG><a name="[77]"></a>radio_rx_on</STRONG> (Thumb, 14 bytes, Stack size 8 bytes, sx126x_driver.o(i.radio_rx_on))
<BR><BR>[Stack]<UL><LI>Max Depth = 8<LI>Call Chain = radio_rx_on
</UL>
<BR>[Calls]<UL><LI><a href="#[57]">&gt;&gt;</a>&nbsp;&nbsp;&nbsp;gpio_bit_set
</UL>
<BR>[Called By]<UL><LI><a href="#[75]">&gt;&gt;</a>&nbsp;&nbsp;&nbsp;RadioRx
</UL>

<P><STRONG><a name="[76]"></a>radio_tx_off</STRONG> (Thumb, 14 bytes, Stack size 8 bytes, sx126x_driver.o(i.radio_tx_off))
<BR><BR>[Stack]<UL><LI>Max Depth = 8<LI>Call Chain = radio_tx_off
</UL>
<BR>[Calls]<UL><LI><a href="#[59]">&gt;&gt;</a>&nbsp;&nbsp;&nbsp;gpio_bit_reset
</UL>
<BR>[Called By]<UL><LI><a href="#[75]">&gt;&gt;</a>&nbsp;&nbsp;&nbsp;RadioRx
</UL>

<P><STRONG><a name="[79]"></a>radio_tx_on</STRONG> (Thumb, 14 bytes, Stack size 8 bytes, sx126x_driver.o(i.radio_tx_on))
<BR><BR>[Stack]<UL><LI>Max Depth = 8<LI>Call Chain = radio_tx_on
</UL>
<BR>[Calls]<UL><LI><a href="#[57]">&gt;&gt;</a>&nbsp;&nbsp;&nbsp;gpio_bit_set
</UL>
<BR>[Called By]<UL><LI><a href="#[63]">&gt;&gt;</a>&nbsp;&nbsp;&nbsp;RadioSend
</UL>

<P><STRONG><a name="[e4]"></a>rcu_clock_freq_get</STRONG> (Thumb, 310 bytes, Stack size 84 bytes, gd32f30x_rcu.o(i.rcu_clock_freq_get))
<BR><BR>[Stack]<UL><LI>Max Depth = 84<LI>Call Chain = rcu_clock_freq_get
</UL>
<BR>[Called By]<UL><LI><a href="#[dc]">&gt;&gt;</a>&nbsp;&nbsp;&nbsp;usart_baudrate_set
</UL>

<P><STRONG><a name="[8d]"></a>rcu_periph_clock_enable</STRONG> (Thumb, 28 bytes, Stack size 0 bytes, gd32f30x_rcu.o(i.rcu_periph_clock_enable))
<BR><BR>[Called By]<UL><LI><a href="#[b7]">&gt;&gt;</a>&nbsp;&nbsp;&nbsp;dac_init
<LI><a href="#[8b]">&gt;&gt;</a>&nbsp;&nbsp;&nbsp;SPI_GPIO_Init
<LI><a href="#[cc]">&gt;&gt;</a>&nbsp;&nbsp;&nbsp;usart0_config
<LI><a href="#[cd]">&gt;&gt;</a>&nbsp;&nbsp;&nbsp;timer5_init
<LI><a href="#[ce]">&gt;&gt;</a>&nbsp;&nbsp;&nbsp;timer1_init
<LI><a href="#[c7]">&gt;&gt;</a>&nbsp;&nbsp;&nbsp;led_init
<LI><a href="#[46]">&gt;&gt;</a>&nbsp;&nbsp;&nbsp;main
<LI><a href="#[9b]">&gt;&gt;</a>&nbsp;&nbsp;&nbsp;SX126xIoInit
</UL>

<P><STRONG><a name="[b6]"></a>rcu_periph_reset_disable</STRONG> (Thumb, 28 bytes, Stack size 0 bytes, gd32f30x_rcu.o(i.rcu_periph_reset_disable))
<BR><BR>[Called By]<UL><LI><a href="#[b4]">&gt;&gt;</a>&nbsp;&nbsp;&nbsp;dac_deinit
<LI><a href="#[db]">&gt;&gt;</a>&nbsp;&nbsp;&nbsp;usart_deinit
<LI><a href="#[d6]">&gt;&gt;</a>&nbsp;&nbsp;&nbsp;timer_deinit
</UL>

<P><STRONG><a name="[b5]"></a>rcu_periph_reset_enable</STRONG> (Thumb, 28 bytes, Stack size 0 bytes, gd32f30x_rcu.o(i.rcu_periph_reset_enable))
<BR><BR>[Called By]<UL><LI><a href="#[b4]">&gt;&gt;</a>&nbsp;&nbsp;&nbsp;dac_deinit
<LI><a href="#[db]">&gt;&gt;</a>&nbsp;&nbsp;&nbsp;usart_deinit
<LI><a href="#[d6]">&gt;&gt;</a>&nbsp;&nbsp;&nbsp;timer_deinit
</UL>

<P><STRONG><a name="[5f]"></a>showData1_1</STRONG> (Thumb, 84 bytes, Stack size 8 bytes, communication1.o(i.showData1_1))
<BR><BR>[Stack]<UL><LI>Max Depth = 40<LI>Call Chain = showData1_1 &rArr; ModbusSendOrder &rArr; RS485_Send_Data &rArr; usart_flag_get
</UL>
<BR>[Calls]<UL><LI><a href="#[d3]">&gt;&gt;</a>&nbsp;&nbsp;&nbsp;crc16
<LI><a href="#[5c]">&gt;&gt;</a>&nbsp;&nbsp;&nbsp;ModbusSendOrder
</UL>
<BR>[Called By]<UL><LI><a href="#[5e]">&gt;&gt;</a>&nbsp;&nbsp;&nbsp;Modbus_Event_1
</UL>

<P><STRONG><a name="[cb]"></a>systick_config</STRONG> (Thumb, 74 bytes, Stack size 8 bytes, systick.o(i.systick_config))
<BR><BR>[Stack]<UL><LI>Max Depth = 16<LI>Call Chain = systick_config &rArr; NVIC_SetPriority
</UL>
<BR>[Calls]<UL><LI><a href="#[d5]">&gt;&gt;</a>&nbsp;&nbsp;&nbsp;NVIC_SetPriority
</UL>
<BR>[Called By]<UL><LI><a href="#[46]">&gt;&gt;</a>&nbsp;&nbsp;&nbsp;main
</UL>

<P><STRONG><a name="[ce]"></a>timer1_init</STRONG> (Thumb, 98 bytes, Stack size 24 bytes, timer.o(i.timer1_init))
<BR><BR>[Stack]<UL><LI>Max Depth = 48<LI>Call Chain = timer1_init &rArr; nvic_irq_enable
</UL>
<BR>[Calls]<UL><LI><a href="#[8d]">&gt;&gt;</a>&nbsp;&nbsp;&nbsp;rcu_periph_clock_enable
<LI><a href="#[d2]">&gt;&gt;</a>&nbsp;&nbsp;&nbsp;nvic_irq_enable
<LI><a href="#[d8]">&gt;&gt;</a>&nbsp;&nbsp;&nbsp;timer_interrupt_enable
<LI><a href="#[d7]">&gt;&gt;</a>&nbsp;&nbsp;&nbsp;timer_init
<LI><a href="#[da]">&gt;&gt;</a>&nbsp;&nbsp;&nbsp;timer_enable
<LI><a href="#[d6]">&gt;&gt;</a>&nbsp;&nbsp;&nbsp;timer_deinit
<LI><a href="#[d9]">&gt;&gt;</a>&nbsp;&nbsp;&nbsp;timer_auto_reload_shadow_enable
</UL>
<BR>[Called By]<UL><LI><a href="#[46]">&gt;&gt;</a>&nbsp;&nbsp;&nbsp;main
</UL>

<P><STRONG><a name="[cd]"></a>timer5_init</STRONG> (Thumb, 80 bytes, Stack size 32 bytes, timer.o(i.timer5_init))
<BR><BR>[Stack]<UL><LI>Max Depth = 56<LI>Call Chain = timer5_init &rArr; nvic_irq_enable
</UL>
<BR>[Calls]<UL><LI><a href="#[8d]">&gt;&gt;</a>&nbsp;&nbsp;&nbsp;rcu_periph_clock_enable
<LI><a href="#[d2]">&gt;&gt;</a>&nbsp;&nbsp;&nbsp;nvic_irq_enable
<LI><a href="#[d8]">&gt;&gt;</a>&nbsp;&nbsp;&nbsp;timer_interrupt_enable
<LI><a href="#[d7]">&gt;&gt;</a>&nbsp;&nbsp;&nbsp;timer_init
<LI><a href="#[da]">&gt;&gt;</a>&nbsp;&nbsp;&nbsp;timer_enable
<LI><a href="#[d6]">&gt;&gt;</a>&nbsp;&nbsp;&nbsp;timer_deinit
</UL>
<BR>[Called By]<UL><LI><a href="#[46]">&gt;&gt;</a>&nbsp;&nbsp;&nbsp;main
</UL>

<P><STRONG><a name="[d9]"></a>timer_auto_reload_shadow_enable</STRONG> (Thumb, 10 bytes, Stack size 0 bytes, gd32f30x_timer.o(i.timer_auto_reload_shadow_enable))
<BR><BR>[Called By]<UL><LI><a href="#[ce]">&gt;&gt;</a>&nbsp;&nbsp;&nbsp;timer1_init
</UL>

<P><STRONG><a name="[d6]"></a>timer_deinit</STRONG> (Thumb, 210 bytes, Stack size 8 bytes, gd32f30x_timer.o(i.timer_deinit))
<BR><BR>[Stack]<UL><LI>Max Depth = 8<LI>Call Chain = timer_deinit
</UL>
<BR>[Calls]<UL><LI><a href="#[b5]">&gt;&gt;</a>&nbsp;&nbsp;&nbsp;rcu_periph_reset_enable
<LI><a href="#[b6]">&gt;&gt;</a>&nbsp;&nbsp;&nbsp;rcu_periph_reset_disable
</UL>
<BR>[Called By]<UL><LI><a href="#[cd]">&gt;&gt;</a>&nbsp;&nbsp;&nbsp;timer5_init
<LI><a href="#[ce]">&gt;&gt;</a>&nbsp;&nbsp;&nbsp;timer1_init
</UL>

<P><STRONG><a name="[da]"></a>timer_enable</STRONG> (Thumb, 10 bytes, Stack size 0 bytes, gd32f30x_timer.o(i.timer_enable))
<BR><BR>[Called By]<UL><LI><a href="#[cd]">&gt;&gt;</a>&nbsp;&nbsp;&nbsp;timer5_init
<LI><a href="#[ce]">&gt;&gt;</a>&nbsp;&nbsp;&nbsp;timer1_init
</UL>

<P><STRONG><a name="[ab]"></a>timer_flag_clear</STRONG> (Thumb, 6 bytes, Stack size 0 bytes, gd32f30x_timer.o(i.timer_flag_clear))
<BR><BR>[Called By]<UL><LI><a href="#[26]">&gt;&gt;</a>&nbsp;&nbsp;&nbsp;TIMER1_IRQHandler
</UL>

<P><STRONG><a name="[d7]"></a>timer_init</STRONG> (Thumb, 122 bytes, Stack size 0 bytes, gd32f30x_timer.o(i.timer_init))
<BR><BR>[Called By]<UL><LI><a href="#[cd]">&gt;&gt;</a>&nbsp;&nbsp;&nbsp;timer5_init
<LI><a href="#[ce]">&gt;&gt;</a>&nbsp;&nbsp;&nbsp;timer1_init
</UL>

<P><STRONG><a name="[d8]"></a>timer_interrupt_enable</STRONG> (Thumb, 8 bytes, Stack size 0 bytes, gd32f30x_timer.o(i.timer_interrupt_enable))
<BR><BR>[Called By]<UL><LI><a href="#[cd]">&gt;&gt;</a>&nbsp;&nbsp;&nbsp;timer5_init
<LI><a href="#[ce]">&gt;&gt;</a>&nbsp;&nbsp;&nbsp;timer1_init
</UL>

<P><STRONG><a name="[ad]"></a>timer_interrupt_flag_clear</STRONG> (Thumb, 6 bytes, Stack size 0 bytes, gd32f30x_timer.o(i.timer_interrupt_flag_clear))
<BR><BR>[Called By]<UL><LI><a href="#[40]">&gt;&gt;</a>&nbsp;&nbsp;&nbsp;TIMER5_IRQHandler
</UL>

<P><STRONG><a name="[ac]"></a>timer_interrupt_flag_get</STRONG> (Thumb, 24 bytes, Stack size 0 bytes, gd32f30x_timer.o(i.timer_interrupt_flag_get))
<BR><BR>[Called By]<UL><LI><a href="#[40]">&gt;&gt;</a>&nbsp;&nbsp;&nbsp;TIMER5_IRQHandler
</UL>

<P><STRONG><a name="[cc]"></a>usart0_config</STRONG> (Thumb, 152 bytes, Stack size 8 bytes, usart0.o(i.usart0_config))
<BR><BR>[Stack]<UL><LI>Max Depth = 124<LI>Call Chain = usart0_config &rArr; usart_baudrate_set &rArr; rcu_clock_freq_get
</UL>
<BR>[Calls]<UL><LI><a href="#[8d]">&gt;&gt;</a>&nbsp;&nbsp;&nbsp;rcu_periph_clock_enable
<LI><a href="#[8f]">&gt;&gt;</a>&nbsp;&nbsp;&nbsp;gpio_init
<LI><a href="#[d2]">&gt;&gt;</a>&nbsp;&nbsp;&nbsp;nvic_irq_enable
<LI><a href="#[de]">&gt;&gt;</a>&nbsp;&nbsp;&nbsp;usart_word_length_set
<LI><a href="#[e1]">&gt;&gt;</a>&nbsp;&nbsp;&nbsp;usart_transmit_config
<LI><a href="#[df]">&gt;&gt;</a>&nbsp;&nbsp;&nbsp;usart_stop_bit_set
<LI><a href="#[e0]">&gt;&gt;</a>&nbsp;&nbsp;&nbsp;usart_receive_config
<LI><a href="#[dd]">&gt;&gt;</a>&nbsp;&nbsp;&nbsp;usart_parity_config
<LI><a href="#[e2]">&gt;&gt;</a>&nbsp;&nbsp;&nbsp;usart_interrupt_enable
<LI><a href="#[e3]">&gt;&gt;</a>&nbsp;&nbsp;&nbsp;usart_enable
<LI><a href="#[db]">&gt;&gt;</a>&nbsp;&nbsp;&nbsp;usart_deinit
<LI><a href="#[dc]">&gt;&gt;</a>&nbsp;&nbsp;&nbsp;usart_baudrate_set
</UL>
<BR>[Called By]<UL><LI><a href="#[46]">&gt;&gt;</a>&nbsp;&nbsp;&nbsp;main
</UL>

<P><STRONG><a name="[dc]"></a>usart_baudrate_set</STRONG> (Thumb, 136 bytes, Stack size 32 bytes, gd32f30x_usart.o(i.usart_baudrate_set))
<BR><BR>[Stack]<UL><LI>Max Depth = 116<LI>Call Chain = usart_baudrate_set &rArr; rcu_clock_freq_get
</UL>
<BR>[Calls]<UL><LI><a href="#[e4]">&gt;&gt;</a>&nbsp;&nbsp;&nbsp;rcu_clock_freq_get
</UL>
<BR>[Called By]<UL><LI><a href="#[cc]">&gt;&gt;</a>&nbsp;&nbsp;&nbsp;usart0_config
</UL>

<P><STRONG><a name="[b0]"></a>usart_data_receive</STRONG> (Thumb, 10 bytes, Stack size 0 bytes, gd32f30x_usart.o(i.usart_data_receive))
<BR><BR>[Called By]<UL><LI><a href="#[2f]">&gt;&gt;</a>&nbsp;&nbsp;&nbsp;USART0_IRQHandler
</UL>

<P><STRONG><a name="[67]"></a>usart_data_transmit</STRONG> (Thumb, 8 bytes, Stack size 0 bytes, gd32f30x_usart.o(i.usart_data_transmit))
<BR><BR>[Called By]<UL><LI><a href="#[5d]">&gt;&gt;</a>&nbsp;&nbsp;&nbsp;RS485_Send_Data
</UL>

<P><STRONG><a name="[db]"></a>usart_deinit</STRONG> (Thumb, 136 bytes, Stack size 8 bytes, gd32f30x_usart.o(i.usart_deinit))
<BR><BR>[Stack]<UL><LI>Max Depth = 8<LI>Call Chain = usart_deinit
</UL>
<BR>[Calls]<UL><LI><a href="#[b5]">&gt;&gt;</a>&nbsp;&nbsp;&nbsp;rcu_periph_reset_enable
<LI><a href="#[b6]">&gt;&gt;</a>&nbsp;&nbsp;&nbsp;rcu_periph_reset_disable
</UL>
<BR>[Called By]<UL><LI><a href="#[cc]">&gt;&gt;</a>&nbsp;&nbsp;&nbsp;usart0_config
</UL>

<P><STRONG><a name="[e3]"></a>usart_enable</STRONG> (Thumb, 10 bytes, Stack size 0 bytes, gd32f30x_usart.o(i.usart_enable))
<BR><BR>[Called By]<UL><LI><a href="#[cc]">&gt;&gt;</a>&nbsp;&nbsp;&nbsp;usart0_config
</UL>

<P><STRONG><a name="[66]"></a>usart_flag_get</STRONG> (Thumb, 30 bytes, Stack size 8 bytes, gd32f30x_usart.o(i.usart_flag_get))
<BR><BR>[Stack]<UL><LI>Max Depth = 8<LI>Call Chain = usart_flag_get
</UL>
<BR>[Called By]<UL><LI><a href="#[5d]">&gt;&gt;</a>&nbsp;&nbsp;&nbsp;RS485_Send_Data
</UL>

<P><STRONG><a name="[e2]"></a>usart_interrupt_enable</STRONG> (Thumb, 26 bytes, Stack size 8 bytes, gd32f30x_usart.o(i.usart_interrupt_enable))
<BR><BR>[Stack]<UL><LI>Max Depth = 8<LI>Call Chain = usart_interrupt_enable
</UL>
<BR>[Called By]<UL><LI><a href="#[cc]">&gt;&gt;</a>&nbsp;&nbsp;&nbsp;usart0_config
</UL>

<P><STRONG><a name="[af]"></a>usart_interrupt_flag_clear</STRONG> (Thumb, 26 bytes, Stack size 8 bytes, gd32f30x_usart.o(i.usart_interrupt_flag_clear))
<BR><BR>[Stack]<UL><LI>Max Depth = 8<LI>Call Chain = usart_interrupt_flag_clear
</UL>
<BR>[Called By]<UL><LI><a href="#[2f]">&gt;&gt;</a>&nbsp;&nbsp;&nbsp;USART0_IRQHandler
</UL>

<P><STRONG><a name="[ae]"></a>usart_interrupt_flag_get</STRONG> (Thumb, 56 bytes, Stack size 16 bytes, gd32f30x_usart.o(i.usart_interrupt_flag_get))
<BR><BR>[Stack]<UL><LI>Max Depth = 16<LI>Call Chain = usart_interrupt_flag_get
</UL>
<BR>[Called By]<UL><LI><a href="#[2f]">&gt;&gt;</a>&nbsp;&nbsp;&nbsp;USART0_IRQHandler
</UL>

<P><STRONG><a name="[dd]"></a>usart_parity_config</STRONG> (Thumb, 16 bytes, Stack size 0 bytes, gd32f30x_usart.o(i.usart_parity_config))
<BR><BR>[Called By]<UL><LI><a href="#[cc]">&gt;&gt;</a>&nbsp;&nbsp;&nbsp;usart0_config
</UL>

<P><STRONG><a name="[e0]"></a>usart_receive_config</STRONG> (Thumb, 16 bytes, Stack size 0 bytes, gd32f30x_usart.o(i.usart_receive_config))
<BR><BR>[Called By]<UL><LI><a href="#[cc]">&gt;&gt;</a>&nbsp;&nbsp;&nbsp;usart0_config
</UL>

<P><STRONG><a name="[df]"></a>usart_stop_bit_set</STRONG> (Thumb, 16 bytes, Stack size 0 bytes, gd32f30x_usart.o(i.usart_stop_bit_set))
<BR><BR>[Called By]<UL><LI><a href="#[cc]">&gt;&gt;</a>&nbsp;&nbsp;&nbsp;usart0_config
</UL>

<P><STRONG><a name="[e1]"></a>usart_transmit_config</STRONG> (Thumb, 16 bytes, Stack size 0 bytes, gd32f30x_usart.o(i.usart_transmit_config))
<BR><BR>[Called By]<UL><LI><a href="#[cc]">&gt;&gt;</a>&nbsp;&nbsp;&nbsp;usart0_config
</UL>

<P><STRONG><a name="[de]"></a>usart_word_length_set</STRONG> (Thumb, 16 bytes, Stack size 0 bytes, gd32f30x_usart.o(i.usart_word_length_set))
<BR><BR>[Called By]<UL><LI><a href="#[cc]">&gt;&gt;</a>&nbsp;&nbsp;&nbsp;usart0_config
</UL>
<P>
<H3>
Local Symbols
</H3>
<P><STRONG><a name="[d4]"></a>system_clock_120m_hxtal</STRONG> (Thumb, 258 bytes, Stack size 0 bytes, system_gd32f30x.o(i.system_clock_120m_hxtal))
<BR><BR>[Called By]<UL><LI><a href="#[aa]">&gt;&gt;</a>&nbsp;&nbsp;&nbsp;system_clock_config
</UL>

<P><STRONG><a name="[aa]"></a>system_clock_config</STRONG> (Thumb, 8 bytes, Stack size 8 bytes, system_gd32f30x.o(i.system_clock_config))
<BR><BR>[Stack]<UL><LI>Max Depth = 8<LI>Call Chain = system_clock_config
</UL>
<BR>[Calls]<UL><LI><a href="#[d4]">&gt;&gt;</a>&nbsp;&nbsp;&nbsp;system_clock_120m_hxtal
</UL>
<BR>[Called By]<UL><LI><a href="#[47]">&gt;&gt;</a>&nbsp;&nbsp;&nbsp;SystemInit
</UL>

<P><STRONG><a name="[d5]"></a>NVIC_SetPriority</STRONG> (Thumb, 32 bytes, Stack size 8 bytes, systick.o(i.NVIC_SetPriority))
<BR><BR>[Stack]<UL><LI>Max Depth = 8<LI>Call Chain = NVIC_SetPriority
</UL>
<BR>[Called By]<UL><LI><a href="#[cb]">&gt;&gt;</a>&nbsp;&nbsp;&nbsp;systick_config
</UL>
<P>
<H3>
Undefined Global Symbols
</H3><HR></body></html>
