<html>
<body>
<pre>
<h1>µVision Build Log</h1>
<h2>Tool Versions:</h2>
IDE-Version: ¦ÌVision V5.37.0.0
Copyright (C) 2022 ARM Ltd and ARM Germany GmbH. All rights reserved.
License Information: a RD, a, LIC=1WSKC-7PY3A-8Y4VV-P25XG-GE9BV-3YH14
 
Tool Versions:
Toolchain:       MDK-ARM Professional  Version: 5.37.0.0
Toolchain Path:  C:\Keil_v5\ARM\ARMCC\Bin
C Compiler:      Armcc.exe V5.06 update 7 (build 960)
Assembler:       Armasm.exe V5.06 update 7 (build 960)
Linker/Locator:  ArmLink.exe V5.06 update 7 (build 960)
Library Manager: ArmAr.exe V5.06 update 7 (build 960)
Hex Converter:   FromElf.exe V5.06 update 7 (build 960)
CPU DLL:         SARMCM3.DLL V5.37.0.0
Dialog DLL:      DCM.DLL V1.17.5.0
Target DLL:      CMSIS_AGDI.dll V1.33.12.0
Dialog DLL:      TCM.DLL V1.56.1.0
 
<h2>Project:</h2>
F:\LDG\4G\4G_GD303_20250224\User\test.uvprojx
Project File Date:  02/23/2025

<h2>Output:</h2>
*** Using Compiler 'V5.06 update 7 (build 960)', folder: 'C:\Keil_v5\ARM\ARMCC\Bin'
Rebuild target 'Target 1'
compiling gd32f30x_can.c...
compiling gd32f30x_dac.c...
compiling gd32f30x_adc.c...
compiling gd32f30x_bkp.c...
compiling gd32f30x_dbg.c...
compiling gd32f30x_ctc.c...
compiling gd32f30x_crc.c...
compiling gd32f30x_dma.c...
compiling gd32f30x_enet.c...
compiling gd32f30x_fwdgt.c...
compiling gd32f30x_exmc.c...
compiling gd32f30x_exti.c...
compiling gd32f30x_fmc.c...
compiling gd32f30x_gpio.c...
compiling gd32f30x_misc.c...
compiling gd32f30x_i2c.c...
compiling gd32f30x_pmu.c...
compiling gd32f30x_rtc.c...
compiling gd32f30x_sdio.c...
compiling gd32f30x_spi.c...
compiling gd32f30x_rcu.c...
assembling startup_gd32f30x_hd.s...
compiling gd32f30x_wwdgt.c...
compiling gd32f30x_usart.c...
compiling gd32f30x_it.c...
compiling gd32f30x_timer.c...
compiling system_gd32f30x.c...
compiling systick.c...
compiling main.c...
main.c(154): warning:  #1035-D: single-precision operand implicitly converted to double-precision
                  radio1=(uint16_t)(ADC_val1*(-0.0786f)+2001.5);
main.c(155): warning:  #1035-D: single-precision operand implicitly converted to double-precision
                  radio2=(uint16_t)(ADC_val2*(-0.0786f)+2001.5);
main.c: 2 warnings, 0 errors
compiling Drv_spi.c...
compiling usart0.c...
compiling led.c...
compiling delay.c...
compiling utilities.c...
compiling sx126x_driver.c...
compiling radio.c...
compiling drv_pwm.c...
compiling adc.c...
compiling communication1.c...
compiling timer.c...
linking...
Program Size: Code=8752 RO-data=848 RW-data=80 ZI-data=2312  
FromELF: creating hex file...
".\Objects\RKB1223_v1.axf" - 0 Error(s), 2 Warning(s).

<h2>Software Packages used:</h2>

Package Vendor: GigaDevice
                https://gd32mcu.com/data/documents/pack/GigaDevice.GD32F30x_DFP.2.2.1.pack
                GigaDevice.GD32F30x_DFP.2.2.1
                GigaDevice GD32F30x Series Device Support and Examples

<h2>Collection of Component include folders:</h2>
  C:/Users/RD/AppData/Local/Arm/Packs/GigaDevice/GD32F30x_DFP/2.2.1/Device/Include

<h2>Collection of Component Files used:</h2>
Build Time Elapsed:  00:00:03
</pre>
</body>
</html>
