Component: ARM Compiler 5.06 update 7 (build 960) Tool: armlink [4d3601]

==============================================================================

Section Cross References

    startup_stm32f10x_md.o(STACK) refers (Special) to heapauxi.o(.text) for __use_two_region_memory
    startup_stm32f10x_md.o(HEAP) refers (Special) to heapauxi.o(.text) for __use_two_region_memory
    startup_stm32f10x_md.o(RESET) refers (Special) to heapauxi.o(.text) for __use_two_region_memory
    startup_stm32f10x_md.o(RESET) refers to startup_stm32f10x_md.o(STACK) for __initial_sp
    startup_stm32f10x_md.o(RESET) refers to startup_stm32f10x_md.o(.text) for Reset_Handler
    startup_stm32f10x_md.o(RESET) refers to time.o(.text) for TIM2_IRQHandler
    startup_stm32f10x_md.o(RESET) refers to communication1.o(.text) for USART1_IRQHandler
    startup_stm32f10x_md.o(.text) refers (Special) to heapauxi.o(.text) for __use_two_region_memory
    startup_stm32f10x_md.o(.text) refers to __main.o(!!!main) for __main
    startup_stm32f10x_md.o(.text) refers to startup_stm32f10x_md.o(HEAP) for Heap_Mem
    startup_stm32f10x_md.o(.text) refers to startup_stm32f10x_md.o(STACK) for Stack_Mem
    test.o(.text) refers to sys.o(.text) for Stm32_Clock_Init
    test.o(.text) refers to delay.o(.text) for delay_init
    test.o(.text) refers to adc.o(.text) for AdcInit
    test.o(.text) refers to communication1.o(.text) for communication1_init
    test.o(.text) refers to time.o(.text) for TIM3_Int_Init
    test.o(.text) refers to radio.o(.text) for RadioInit
    test.o(.text) refers to stmflash.o(.text) for ReadAllData
    test.o(.text) refers to sx126x_driver.o(.text) for SX126xSetFs
    test.o(.text) refers to test.o(.data) for irqRegs
    test.o(.text) refers to test.o(.bss) for g_RxBuffer
    test.o(.text) refers to equipment.o(.data) for ReceiveOrSend
    test.o(.text) refers to time.o(.data) for SendTime
    test.o(.text) refers to equipment.o(.bss) for buff
    delay.o(.text) refers to delay.o(.data) for fac_us
    sys.o(.text) refers to sys.o(.emb_text) for WFI_SET
    adc.o(.text) refers to delay.o(.text) for delay_ms
    uart.o(.text) refers to fflt_clz.o(x$fpl$ffltu) for __aeabi_ui2f
    uart.o(.text) refers to fdiv.o(x$fpl$fdiv) for __aeabi_fdiv
    uart.o(.text) refers to ffixu.o(x$fpl$ffixu) for __aeabi_f2uiz
    uart.o(.text) refers to faddsub_clz.o(x$fpl$frsb) for __aeabi_frsub
    uart.o(.text) refers to fmul.o(x$fpl$fmul) for __aeabi_fmul
    uart.o(.text) refers to sys.o(.text) for MY_NVIC_Init
    uart.o(.text) refers to communication1.o(.text) for RS485_Send
    time.o(.text) refers to sys.o(.text) for MY_NVIC_Init
    time.o(.text) refers to communication1.o(.bss) for ModbusRx
    time.o(.text) refers to time.o(.data) for SendTime
    communication1.o(.text) refers to uart.o(.text) for uart1_init
    communication1.o(.text) refers to time.o(.text) for TIM2_Int_Init
    communication1.o(.text) refers to show1.o(.text) for SetReceiveOrSend
    communication1.o(.text) refers to communication1.o(.bss) for ModbusTx
    communication1.o(.text) refers to communication1.o(.data) for ModbusEquipmentExist
    communication1.o(.text) refers to communication1.o(.constdata) for auchCRCHi
    communication1.o(.text) refers to equipment.o(.data) for ReceiveOrSend
    datachange.o(.text) refers to datachange.o(.bss) for ChangeDataString
    stmflash.o(.text) refers to delay.o(.text) for delay_us
    stmflash.o(.text) refers to stmflash.o(.bss) for STMFLASH_BUF
    stmflash.o(.text) refers to equipment.o(.data) for ReceiveOrSend
    stmflash.o(.text) refers to equipment.o(.bss) for buff
    show1.o(.text) refers to stmflash.o(.text) for WriteReceiveOrSend
    show1.o(.text) refers to equipment.o(.data) for ReceiveOrSend
    show1.o(.text) refers to equipment.o(.bss) for buff
    myspi.o(.text) refers to delay.o(.text) for delay_us
    radio.o(.text) refers to sx126x_driver.o(.text) for SX126xIoDeInit
    radio.o(.text) refers to delay.o(.text) for delay_ms
    radio.o(.text) refers to radio.o(.data) for RadioPublicNetwork
    radio.o(.text) refers to radio.o(.bss) for SX126x
    radio.o(.text) refers to radio.o(.constdata) for Bandwidths
    sx126x_driver.o(.text) refers to delay.o(.text) for delay_ms
    sx126x_driver.o(.text) refers to myspi.o(.text) for drv_spi_read_write_byte
    sx126x_driver.o(.text) refers to sx126x_driver.o(.data) for OperatingMode
    sx126x_driver.o(.text) refers to dflt_clz.o(x$fpl$dfltu) for __aeabi_ui2d
    sx126x_driver.o(.text) refers to ddiv.o(x$fpl$ddiv) for __aeabi_ddiv
    sx126x_driver.o(.text) refers to dfixu.o(x$fpl$dfixu) for __aeabi_d2uiz
    sx126x_driver.o(.text) refers to utilities.o(.text) for memset1
    __main.o(!!!main) refers to __rtentry.o(.ARM.Collect$$rtentry$$00000000) for __rt_entry
    ddiv.o(x$fpl$drdiv) refers (Special) to usenofp.o(x$fpl$usenofp) for __I$use$fp
    ddiv.o(x$fpl$drdiv) refers to ddiv.o(x$fpl$ddiv) for ddiv_entry
[...]
    __rtentry2.o(.ARM.exidx) refers to __rtentry2.o(.ARM.Collect$$rtentry$$00000001) for .ARM.Collect$$rtentry$$00000001
    __rtentry2.o(.ARM.exidx) refers to __rtentry2.o(.ARM.Collect$$rtentry$$00000008) for .ARM.Collect$$rtentry$$00000008
    __rtentry2.o(.ARM.exidx) refers to __rtentry2.o(.ARM.Collect$$rtentry$$0000000A) for .ARM.Collect$$rtentry$$0000000A
    __rtentry2.o(.ARM.exidx) refers to __rtentry2.o(.ARM.Collect$$rtentry$$0000000B) for .ARM.Collect$$rtentry$$0000000B
    __rtentry2.o(.ARM.exidx) refers to __rtentry2.o(.ARM.Collect$$rtentry$$0000000D) for .ARM.Collect$$rtentry$$0000000D
    __rtentry4.o(.ARM.Collect$$rtentry$$00000004) refers to sys_stackheap_outer.o(.text) for __user_setup_stackheap
    __rtentry4.o(.ARM.exidx) refers to __rtentry4.o(.ARM.Collect$$rtentry$$00000004) for .ARM.Collect$$rtentry$$00000004
    sys_stackheap_outer.o(.text) refers to libspace.o(.text) for __user_perproc_libspace
    sys_stackheap_outer.o(.text) refers to startup_stm32f10x_md.o(.text) for __user_initial_stackheap
    exit.o(.text) refers to rtexit.o(.ARM.Collect$$rtexit$$00000000) for __rt_exit
    libinit.o(.ARM.Collect$$libinit$$00000000) refers (Special) to libinit2.o(.ARM.Collect$$libinit$$0000002E) for __rt_lib_init_alloca_1
    libinit.o(.ARM.Collect$$libinit$$00000000) refers (Special) to libinit2.o(.ARM.Collect$$libinit$$0000002C) for __rt_lib_init_argv_1
    libinit.o(.ARM.Collect$$libinit$$00000000) refers (Special) to libinit2.o(.ARM.Collect$$libinit$$0000001B) for __rt_lib_init_atexit_1
    libinit.o(.ARM.Collect$$libinit$$00000000) refers (Special) to libinit2.o(.ARM.Collect$$libinit$$00000021) for __rt_lib_init_clock_1
    libinit.o(.ARM.Collect$$libinit$$00000000) refers (Special) to libinit2.o(.ARM.Collect$$libinit$$00000032) for __rt_lib_init_cpp_1
    libinit.o(.ARM.Collect$$libinit$$00000000) refers (Special) to libinit2.o(.ARM.Collect$$libinit$$00000030) for __rt_lib_init_exceptions_1
    libinit.o(.ARM.Collect$$libinit$$00000000) refers (Special) to libinit2.o(.ARM.Collect$$libinit$$00000002) for __rt_lib_init_fp_1
    libinit.o(.ARM.Collect$$libinit$$00000000) refers (Special) to libinit2.o(.ARM.Collect$$libinit$$0000001F) for __rt_lib_init_fp_trap_1
    libinit.o(.ARM.Collect$$libinit$$00000000) refers (Special) to libinit2.o(.ARM.Collect$$libinit$$00000023) for __rt_lib_init_getenv_1
    libinit.o(.ARM.Collect$$libinit$$00000000) refers (Special) to libinit2.o(.ARM.Collect$$libinit$$0000000A) for __rt_lib_init_heap_1
    libinit.o(.ARM.Collect$$libinit$$00000000) refers (Special) to libinit2.o(.ARM.Collect$$libinit$$00000011) for __rt_lib_init_lc_collate_1
    libinit.o(.ARM.Collect$$libinit$$00000000) refers (Special) to libinit2.o(.ARM.Collect$$libinit$$00000013) for __rt_lib_init_lc_ctype_1
    libinit.o(.ARM.Collect$$libinit$$00000000) refers (Special) to libinit2.o(.ARM.Collect$$libinit$$00000015) for __rt_lib_init_lc_monetary_1
    libinit.o(.ARM.Collect$$libinit$$00000000) refers (Special) to libinit2.o(.ARM.Collect$$libinit$$00000017) for __rt_lib_init_lc_numeric_1
    libinit.o(.ARM.Collect$$libinit$$00000000) refers (Special) to libinit2.o(.ARM.Collect$$libinit$$00000019) for __rt_lib_init_lc_time_1
    libinit.o(.ARM.Collect$$libinit$$00000000) refers (Special) to libinit2.o(.ARM.Collect$$libinit$$00000004) for __rt_lib_init_preinit_1
    libinit.o(.ARM.Collect$$libinit$$00000000) refers (Special) to libinit2.o(.ARM.Collect$$libinit$$0000000E) for __rt_lib_init_rand_1
    libinit.o(.ARM.Collect$$libinit$$00000000) refers (Special) to libinit2.o(.ARM.Collect$$libinit$$00000033) for __rt_lib_init_return
    libinit.o(.ARM.Collect$$libinit$$00000000) refers (Special) to libinit2.o(.ARM.Collect$$libinit$$0000001D) for __rt_lib_init_signal_1
    libinit.o(.ARM.Collect$$libinit$$00000000) refers (Special) to libinit2.o(.ARM.Collect$$libinit$$00000025) for __rt_lib_init_stdio_1
    libinit.o(.ARM.Collect$$libinit$$00000000) refers (Special) to libinit2.o(.ARM.Collect$$libinit$$0000000C) for __rt_lib_init_user_alloc_1
    libspace.o(.text) refers to libspace.o(.bss) for __libspace_start
    rtexit.o(.ARM.Collect$$rtexit$$00000000) refers (Special) to rtexit2.o(.ARM.Collect$$rtexit$$00000004) for __rt_exit_exit
    rtexit.o(.ARM.Collect$$rtexit$$00000000) refers (Special) to rtexit2.o(.ARM.Collect$$rtexit$$00000003) for __rt_exit_ls
    rtexit.o(.ARM.Collect$$rtexit$$00000000) refers (Special) to rtexit2.o(.ARM.Collect$$rtexit$$00000002) for __rt_exit_prels_1
    rtexit.o(.ARM.exidx) refers (Special) to rtexit2.o(.ARM.Collect$$rtexit$$00000004) for __rt_exit_exit
    rtexit.o(.ARM.exidx) refers (Special) to rtexit2.o(.ARM.Collect$$rtexit$$00000003) for __rt_exit_ls
    rtexit.o(.ARM.exidx) refers (Special) to rtexit2.o(.ARM.Collect$$rtexit$$00000002) for __rt_exit_prels_1
    rtexit.o(.ARM.exidx) refers to rtexit.o(.ARM.Collect$$rtexit$$00000000) for .ARM.Collect$$rtexit$$00000000
    libinit2.o(.ARM.Collect$$libinit$$00000010) refers to libinit2.o(.ARM.Collect$$libinit$$0000000F) for .ARM.Collect$$libinit$$0000000F
    libinit2.o(.ARM.Collect$$libinit$$00000012) refers to libinit2.o(.ARM.Collect$$libinit$$0000000F) for .ARM.Collect$$libinit$$0000000F
    libinit2.o(.ARM.Collect$$libinit$$00000014) refers to libinit2.o(.ARM.Collect$$libinit$$0000000F) for .ARM.Collect$$libinit$$0000000F
    libinit2.o(.ARM.Collect$$libinit$$00000016) refers to libinit2.o(.ARM.Collect$$libinit$$0000000F) for .ARM.Collect$$libinit$$0000000F
    libinit2.o(.ARM.Collect$$libinit$$00000018) refers to libinit2.o(.ARM.Collect$$libinit$$0000000F) for .ARM.Collect$$libinit$$0000000F
    libinit2.o(.ARM.Collect$$libinit$$00000026) refers to argv_veneer.o(.emb_text) for __ARM_argv_veneer
    libinit2.o(.ARM.Collect$$libinit$$00000027) refers to argv_veneer.o(.emb_text) for __ARM_argv_veneer
    rtexit2.o(.ARM.Collect$$rtexit$$00000003) refers to libshutdown.o(.ARM.Collect$$libshutdown$$00000000) for __rt_lib_shutdown
    rtexit2.o(.ARM.Collect$$rtexit$$00000004) refers to sys_exit.o(.text) for _sys_exit
    rtexit2.o(.ARM.exidx) refers to rtexit2.o(.ARM.Collect$$rtexit$$00000001) for .ARM.Collect$$rtexit$$00000001
    rtexit2.o(.ARM.exidx) refers to rtexit2.o(.ARM.Collect$$rtexit$$00000003) for .ARM.Collect$$rtexit$$00000003
    rtexit2.o(.ARM.exidx) refers to rtexit2.o(.ARM.Collect$$rtexit$$00000004) for .ARM.Collect$$rtexit$$00000004
    argv_veneer.o(.emb_text) refers to no_argv.o(.text) for __ARM_get_argv
    sys_exit.o(.text) refers (Special) to use_no_semi.o(.text) for __I$use$semihosting
    sys_exit.o(.text) refers (Special) to indicate_semi.o(.text) for __semihosting_library_function
    _get_argv_nomalloc.o(.text) refers (Special) to hrguard.o(.text) for __heap_region$guard
    _get_argv_nomalloc.o(.text) refers to defsig_rtmem_outer.o(.text) for __rt_SIGRTMEM
    _get_argv_nomalloc.o(.text) refers to sys_command.o(.text) for _sys_command_string
    libshutdown.o(.ARM.Collect$$libshutdown$$00000000) refers (Special) to libshutdown2.o(.ARM.Collect$$libshutdown$$00000004) for __rt_lib_shutdown_cpp_1
    libshutdown.o(.ARM.Collect$$libshutdown$$00000000) refers (Special) to libshutdown2.o(.ARM.Collect$$libshutdown$$00000002) for __rt_lib_shutdown_fini_1
    libshutdown.o(.ARM.Collect$$libshutdown$$00000000) refers (Special) to libshutdown2.o(.ARM.Collect$$libshutdown$$00000009) for __rt_lib_shutdown_fp_trap_1
    libshutdown.o(.ARM.Collect$$libshutdown$$00000000) refers (Special) to libshutdown2.o(.ARM.Collect$$libshutdown$$00000011) for __rt_lib_shutdown_heap_1
    libshutdown.o(.ARM.Collect$$libshutdown$$00000000) refers (Special) to libshutdown2.o(.ARM.Collect$$libshutdown$$00000012) for __rt_lib_shutdown_return
    libshutdown.o(.ARM.Collect$$libshutdown$$00000000) refers (Special) to libshutdown2.o(.ARM.Collect$$libshutdown$$0000000C) for __rt_lib_shutdown_signal_1
    libshutdown.o(.ARM.Collect$$libshutdown$$00000000) refers (Special) to libshutdown2.o(.ARM.Collect$$libshutdown$$00000006) for __rt_lib_shutdown_stdio_1
    libshutdown.o(.ARM.Collect$$libshutdown$$00000000) refers (Special) to libshutdown2.o(.ARM.Collect$$libshutdown$$0000000E) for __rt_lib_shutdown_user_alloc_1
    sys_command.o(.text) refers (Special) to use_no_semi.o(.text) for __I$use$semihosting
    sys_command.o(.text) refers (Special) to indicate_semi.o(.text) for __semihosting_library_function
    defsig_rtmem_outer.o(.text) refers to defsig_rtmem_inner.o(.text) for __rt_SIGRTMEM_inner
    defsig_rtmem_outer.o(.text) refers to defsig_exit.o(.text) for __sig_exit
    defsig_rtmem_formal.o(.text) refers to rt_raise.o(.text) for __rt_raise
    rt_raise.o(.text) refers to __raise.o(.text) for __raise
    rt_raise.o(.text) refers to sys_exit.o(.text) for _sys_exit
    defsig_exit.o(.text) refers to sys_exit.o(.text) for _sys_exit
    defsig_rtmem_inner.o(.text) refers to defsig_general.o(.text) for __default_signal_display
    __raise.o(.text) refers to defsig.o(CL$$defsig) for __default_signal_handler
    defsig_general.o(.text) refers to sys_wrch.o(.text) for _ttywrch
    sys_wrch.o(.text) refers (Special) to use_no_semi.o(.text) for __I$use$semihosting
    sys_wrch.o(.text) refers (Special) to indicate_semi.o(.text) for __semihosting_library_function
    defsig.o(CL$$defsig) refers to defsig_rtmem_inner.o(.text) for __rt_SIGRTMEM_inner
    defsig_abrt_inner.o(.text) refers to defsig_general.o(.text) for __default_signal_display
    defsig_fpe_inner.o(.text) refers to defsig_general.o(.text) for __default_signal_display
    defsig_rtred_inner.o(.text) refers to defsig_general.o(.text) for __default_signal_display
    defsig_stak_inner.o(.text) refers to defsig_general.o(.text) for __default_signal_display
    defsig_pvfn_inner.o(.text) refers to defsig_general.o(.text) for __default_signal_display
    defsig_cppl_inner.o(.text) refers to defsig_general.o(.text) for __default_signal_display
    defsig_segv_inner.o(.text) refers to defsig_general.o(.text) for __default_signal_display
    defsig_other.o(.text) refers to defsig_general.o(.text) for __default_signal_display


==============================================================================

Removing Unused input sections from the image.

    Removing test.o(.rev16_text), (4 bytes).
    Removing test.o(.revsh_text), (4 bytes).
    Removing test.o(.rrx_text), (6 bytes).
    Removing delay.o(.rev16_text), (4 bytes).
    Removing delay.o(.revsh_text), (4 bytes).
    Removing delay.o(.rrx_text), (6 bytes).
    Removing sys.o(.rev16_text), (4 bytes).
    Removing sys.o(.revsh_text), (4 bytes).
    Removing sys.o(.rrx_text), (6 bytes).
    Removing adc.o(.rev16_text), (4 bytes).
    Removing adc.o(.revsh_text), (4 bytes).
    Removing adc.o(.rrx_text), (6 bytes).
    Removing uart.o(.rev16_text), (4 bytes).
    Removing uart.o(.revsh_text), (4 bytes).
    Removing uart.o(.rrx_text), (6 bytes).
    Removing time.o(.rev16_text), (4 bytes).
    Removing time.o(.revsh_text), (4 bytes).
    Removing time.o(.rrx_text), (6 bytes).
    Removing communication1.o(.rev16_text), (4 bytes).
    Removing communication1.o(.revsh_text), (4 bytes).
    Removing communication1.o(.rrx_text), (6 bytes).
    Removing equipment.o(.rev16_text), (4 bytes).
    Removing equipment.o(.revsh_text), (4 bytes).
    Removing equipment.o(.rrx_text), (6 bytes).
    Removing datachange.o(.rev16_text), (4 bytes).
    Removing datachange.o(.revsh_text), (4 bytes).
    Removing datachange.o(.rrx_text), (6 bytes).
    Removing datachange.o(.text), (348 bytes).
    Removing datachange.o(.bss), (11 bytes).
    Removing stmflash.o(.rev16_text), (4 bytes).
    Removing stmflash.o(.revsh_text), (4 bytes).
    Removing stmflash.o(.rrx_text), (6 bytes).
    Removing show1.o(.rev16_text), (4 bytes).
    Removing show1.o(.revsh_text), (4 bytes).
    Removing show1.o(.rrx_text), (6 bytes).
    Removing myspi.o(.rev16_text), (4 bytes).
    Removing myspi.o(.revsh_text), (4 bytes).
    Removing myspi.o(.rrx_text), (6 bytes).
    Removing radio.o(.rev16_text), (4 bytes).
    Removing radio.o(.revsh_text), (4 bytes).
    Removing radio.o(.rrx_text), (6 bytes).
    Removing sx126x_driver.o(.rev16_text), (4 bytes).
    Removing sx126x_driver.o(.revsh_text), (4 bytes).
    Removing sx126x_driver.o(.rrx_text), (6 bytes).
    Removing utilities.o(.rev16_text), (4 bytes).
    Removing utilities.o(.revsh_text), (4 bytes).
    Removing utilities.o(.rrx_text), (6 bytes).

47 unused section(s) (total 569 bytes) removed from the image.

==============================================================================

Image Symbol Table

    Local Symbols

    Symbol Name                              Value     Ov Type        Size  Object(Section)

    ../clib/angel/boardlib.s                 0x00000000   Number         0  boardshut.o ABSOLUTE
    ../clib/angel/boardlib.s                 0x00000000   Number         0  boardinit3.o ABSOLUTE
    ../clib/angel/boardlib.s                 0x00000000   Number         0  boardinit2.o ABSOLUTE
    ../clib/angel/boardlib.s                 0x00000000   Number         0  boardinit1.o ABSOLUTE
    ../clib/angel/handlers.s                 0x00000000   Number         0  __scatter_zi.o ABSOLUTE
    ../clib/angel/handlers.s                 0x00000000   Number         0  __scatter_copy.o ABSOLUTE
    ../clib/angel/kernel.s                   0x00000000   Number         0  __rtentry4.o ABSOLUTE
    ../clib/angel/kernel.s                   0x00000000   Number         0  __rtentry2.o ABSOLUTE
    ../clib/angel/kernel.s                   0x00000000   Number         0  __rtentry.o ABSOLUTE
    ../clib/angel/kernel.s                   0x00000000   Number         0  rtexit.o ABSOLUTE
    ../clib/angel/kernel.s                   0x00000000   Number         0  rtexit2.o ABSOLUTE
    ../clib/angel/rt.s                       0x00000000   Number         0  rt_raise.o ABSOLUTE
    ../clib/angel/scatter.s                  0x00000000   Number         0  __scatter.o ABSOLUTE
    ../clib/angel/startup.s                  0x00000000   Number         0  __main.o ABSOLUTE
    ../clib/angel/sys.s                      0x00000000   Number         0  sys_stackheap_outer.o ABSOLUTE
    ../clib/angel/sys.s                      0x00000000   Number         0  use_no_semi.o ABSOLUTE
    ../clib/angel/sys.s                      0x00000000   Number         0  libspace.o ABSOLUTE
    ../clib/angel/sys.s                      0x00000000   Number         0  indicate_semi.o ABSOLUTE
    ../clib/angel/sysapp.c                   0x00000000   Number         0  sys_wrch.o ABSOLUTE
    ../clib/angel/sysapp.c                   0x00000000   Number         0  sys_exit.o ABSOLUTE
    ../clib/angel/sysapp.c                   0x00000000   Number         0  sys_command.o ABSOLUTE
    ../clib/armsys.c                         0x00000000   Number         0  argv_veneer.o ABSOLUTE
    ../clib/armsys.c                         0x00000000   Number         0  argv_veneer.o ABSOLUTE
    ../clib/armsys.c                         0x00000000   Number         0  _get_argv_nomalloc.o ABSOLUTE
    ../clib/armsys.c                         0x00000000   Number         0  no_argv.o ABSOLUTE
    ../clib/heapalloc.c                      0x00000000   Number         0  hrguard.o ABSOLUTE
    ../clib/heapaux.c                        0x00000000   Number         0  heapauxi.o ABSOLUTE
    ../clib/libinit.s                        0x00000000   Number         0  libinit.o ABSOLUTE
    ../clib/libinit.s                        0x00000000   Number         0  libshutdown.o ABSOLUTE
    ../clib/libinit.s                        0x00000000   Number         0  libshutdown2.o ABSOLUTE
    ../clib/libinit.s                        0x00000000   Number         0  libinit2.o ABSOLUTE
    ../clib/signal.c                         0x00000000   Number         0  defsig_cppl_inner.o ABSOLUTE
    ../clib/signal.c                         0x00000000   Number         0  defsig_pvfn_inner.o ABSOLUTE
    ../clib/signal.c                         0x00000000   Number         0  defsig_exit.o ABSOLUTE
    ../clib/signal.c                         0x00000000   Number         0  defsig_rtmem_inner.o ABSOLUTE
    ../clib/signal.c                         0x00000000   Number         0  defsig_general.o ABSOLUTE
    ../clib/signal.c                         0x00000000   Number         0  defsig_other.o ABSOLUTE
    ../clib/signal.c                         0x00000000   Number         0  defsig_segv_inner.o ABSOLUTE
    ../clib/signal.c                         0x00000000   Number         0  defsig_fpe_inner.o ABSOLUTE
    ../clib/signal.c                         0x00000000   Number         0  defsig_rtred_inner.o ABSOLUTE
    ../clib/signal.c                         0x00000000   Number         0  defsig_stak_inner.o ABSOLUTE
    ../clib/signal.c                         0x00000000   Number         0  defsig_rtmem_formal.o ABSOLUTE
    ../clib/signal.c                         0x00000000   Number         0  __raise.o ABSOLUTE
    ../clib/signal.c                         0x00000000   Number         0  defsig_rtmem_outer.o ABSOLUTE
    ../clib/signal.c                         0x00000000   Number         0  defsig_abrt_inner.o ABSOLUTE
    ../clib/signal.s                         0x00000000   Number         0  defsig.o ABSOLUTE
    ../clib/stdlib.c                         0x00000000   Number         0  exit.o ABSOLUTE
    ../fplib/ddiv.s                          0x00000000   Number         0  ddiv.o ABSOLUTE
    ../fplib/dfixu.s                         0x00000000   Number         0  dfixu.o ABSOLUTE
    ../fplib/dflt.s                          0x00000000   Number         0  dflt_clz.o ABSOLUTE
    ../fplib/dnaninf.s                       0x00000000   Number         0  dnaninf.o ABSOLUTE
    ../fplib/dretinf.s                       0x00000000   Number         0  dretinf.o ABSOLUTE
    ../fplib/faddsub.s                       0x00000000   Number         0  faddsub_clz.o ABSOLUTE
    ../fplib/fdiv.s                          0x00000000   Number         0  fdiv.o ABSOLUTE
    ../fplib/ffixu.s                         0x00000000   Number         0  ffixu.o ABSOLUTE
    ../fplib/fflt.s                          0x00000000   Number         0  fflt_clz.o ABSOLUTE
    ../fplib/fmul.s                          0x00000000   Number         0  fmul.o ABSOLUTE
    ../fplib/fnaninf.s                       0x00000000   Number         0  fnaninf.o ABSOLUTE
    ../fplib/fpinit.s                        0x00000000   Number         0  fpinit.o ABSOLUTE
    ../fplib/fretinf.s                       0x00000000   Number         0  fretinf.o ABSOLUTE
    ../fplib/usenofp.s                       0x00000000   Number         0  usenofp.o ABSOLUTE
    ..\HARDWARE\ADC\adc.c                    0x00000000   Number         0  adc.o ABSOLUTE
    ..\HARDWARE\COMMUNICATION\communication1.c 0x00000000   Number         0  communication1.o ABSOLUTE
    ..\HARDWARE\DataChange\DataChange.c      0x00000000   Number         0  datachange.o ABSOLUTE
    ..\HARDWARE\Equipment\equipment.c        0x00000000   Number         0  equipment.o ABSOLUTE
    ..\HARDWARE\LORA\lora.c                  0x00000000   Number         0  lora.o ABSOLUTE
    ..\HARDWARE\LORA\radio.c                 0x00000000   Number         0  radio.o ABSOLUTE
    ..\HARDWARE\LORA\sx126x_driver.c         0x00000000   Number         0  sx126x_driver.o ABSOLUTE
    ..\HARDWARE\LORA\utilities.c             0x00000000   Number         0  utilities.o ABSOLUTE
    ..\HARDWARE\MySPI\MySPI.c                0x00000000   Number         0  myspi.o ABSOLUTE
    ..\HARDWARE\SHOW\show1.c                 0x00000000   Number         0  show1.o ABSOLUTE
    ..\HARDWARE\STMFLASH\stmflash.c          0x00000000   Number         0  stmflash.o ABSOLUTE
    ..\HARDWARE\TIME\time.c                  0x00000000   Number         0  time.o ABSOLUTE
    ..\HARDWARE\UART\uart.c                  0x00000000   Number         0  uart.o ABSOLUTE
    ..\SYSTEM\delay\delay.c                  0x00000000   Number         0  delay.o ABSOLUTE
    ..\SYSTEM\sys\sys.c                      0x00000000   Number         0  sys.o ABSOLUTE
    ..\\HARDWARE\\ADC\\adc.c                 0x00000000   Number         0  adc.o ABSOLUTE
    ..\\HARDWARE\\COMMUNICATION\\communication1.c 0x00000000   Number         0  communication1.o ABSOLUTE
    ..\\HARDWARE\\DataChange\\DataChange.c   0x00000000   Number         0  datachange.o ABSOLUTE
    ..\\HARDWARE\\Equipment\\equipment.c     0x00000000   Number         0  equipment.o ABSOLUTE
    ..\\HARDWARE\\LORA\\radio.c              0x00000000   Number         0  radio.o ABSOLUTE
    ..\\HARDWARE\\LORA\\sx126x_driver.c      0x00000000   Number         0  sx126x_driver.o ABSOLUTE
    ..\\HARDWARE\\LORA\\utilities.c          0x00000000   Number         0  utilities.o ABSOLUTE
    ..\\HARDWARE\\MySPI\\MySPI.c             0x00000000   Number         0  myspi.o ABSOLUTE
    ..\\HARDWARE\\SHOW\\show1.c              0x00000000   Number         0  show1.o ABSOLUTE
    ..\\HARDWARE\\STMFLASH\\stmflash.c       0x00000000   Number         0  stmflash.o ABSOLUTE
    ..\\HARDWARE\\TIME\\time.c               0x00000000   Number         0  time.o ABSOLUTE
    ..\\HARDWARE\\UART\\uart.c               0x00000000   Number         0  uart.o ABSOLUTE
    ..\\SYSTEM\\delay\\delay.c               0x00000000   Number         0  delay.o ABSOLUTE
    ..\\SYSTEM\\sys\\sys.c                   0x00000000   Number         0  sys.o ABSOLUTE
    dc.s                                     0x00000000   Number         0  dc.o ABSOLUTE
    startup_stm32f10x_md.s                   0x00000000   Number         0  startup_stm32f10x_md.o ABSOLUTE
    test.c                                   0x00000000   Number         0  test.o ABSOLUTE
    test.c                                   0x00000000   Number         0  test.o ABSOLUTE
    RESET                                    0x08000000   Section      236  startup_stm32f10x_md.o(RESET)
    !!!main                                  0x080000ec   Section        8  __main.o(!!!main)
    !!!scatter                               0x080000f4   Section       52  __scatter.o(!!!scatter)
    !!handler_copy                           0x08000128   Section       26  __scatter_copy.o(!!handler_copy)
    !!handler_zi                             0x08000144   Section       28  __scatter_zi.o(!!handler_zi)
    .ARM.Collect$$libinit$$00000000          0x08000160   Section        2  libinit.o(.ARM.Collect$$libinit$$00000000)
    .ARM.Collect$$libinit$$00000002          0x08000162   Section        0  libinit2.o(.ARM.Collect$$libinit$$00000002)
    .ARM.Collect$$libinit$$00000004          0x08000162   Section        0  libinit2.o(.ARM.Collect$$libinit$$00000004)
    .ARM.Collect$$libinit$$0000000A          0x08000162   Section        0  libinit2.o(.ARM.Collect$$libinit$$0000000A)
    .ARM.Collect$$libinit$$0000000C          0x08000162   Section        0  libinit2.o(.ARM.Collect$$libinit$$0000000C)
    .ARM.Collect$$libinit$$0000000E          0x08000162   Section        0  libinit2.o(.ARM.Collect$$libinit$$0000000E)
    .ARM.Collect$$libinit$$00000011          0x08000162   Section        0  libinit2.o(.ARM.Collect$$libinit$$00000011)
    .ARM.Collect$$libinit$$00000013          0x08000162   Section        0  libinit2.o(.ARM.Collect$$libinit$$00000013)
    .ARM.Collect$$libinit$$00000015          0x08000162   Section        0  libinit2.o(.ARM.Collect$$libinit$$00000015)
    .ARM.Collect$$libinit$$00000017          0x08000162   Section        0  libinit2.o(.ARM.Collect$$libinit$$00000017)
    .ARM.Collect$$libinit$$00000019          0x08000162   Section        0  libinit2.o(.ARM.Collect$$libinit$$00000019)
    .ARM.Collect$$libinit$$0000001B          0x08000162   Section        0  libinit2.o(.ARM.Collect$$libinit$$0000001B)
    .ARM.Collect$$libinit$$0000001D          0x08000162   Section        0  libinit2.o(.ARM.Collect$$libinit$$0000001D)
    .ARM.Collect$$libinit$$0000001F          0x08000162   Section        0  libinit2.o(.ARM.Collect$$libinit$$0000001F)
    .ARM.Collect$$libinit$$00000021          0x08000162   Section        0  libinit2.o(.ARM.Collect$$libinit$$00000021)
    .ARM.Collect$$libinit$$00000023          0x08000162   Section        0  libinit2.o(.ARM.Collect$$libinit$$00000023)
    .ARM.Collect$$libinit$$00000025          0x08000162   Section        0  libinit2.o(.ARM.Collect$$libinit$$00000025)
    .ARM.Collect$$libinit$$0000002C          0x08000162   Section        0  libinit2.o(.ARM.Collect$$libinit$$0000002C)
    .ARM.Collect$$libinit$$0000002E          0x08000162   Section        0  libinit2.o(.ARM.Collect$$libinit$$0000002E)
    .ARM.Collect$$libinit$$00000030          0x08000162   Section        0  libinit2.o(.ARM.Collect$$libinit$$00000030)
    .ARM.Collect$$libinit$$00000032          0x08000162   Section        0  libinit2.o(.ARM.Collect$$libinit$$00000032)
    .ARM.Collect$$libinit$$00000033          0x08000162   Section        2  libinit2.o(.ARM.Collect$$libinit$$00000033)
    .ARM.Collect$$libshutdown$$00000000      0x08000164   Section        2  libshutdown.o(.ARM.Collect$$libshutdown$$00000000)
    .ARM.Collect$$libshutdown$$00000002      0x08000166   Section        0  libshutdown2.o(.ARM.Collect$$libshutdown$$00000002)
    .ARM.Collect$$libshutdown$$00000004      0x08000166   Section        0  libshutdown2.o(.ARM.Collect$$libshutdown$$00000004)
    .ARM.Collect$$libshutdown$$00000006      0x08000166   Section        0  libshutdown2.o(.ARM.Collect$$libshutdown$$00000006)
    .ARM.Collect$$libshutdown$$00000009      0x08000166   Section        0  libshutdown2.o(.ARM.Collect$$libshutdown$$00000009)
    .ARM.Collect$$libshutdown$$0000000C      0x08000166   Section        0  libshutdown2.o(.ARM.Collect$$libshutdown$$0000000C)
    .ARM.Collect$$libshutdown$$0000000E      0x08000166   Section        0  libshutdown2.o(.ARM.Collect$$libshutdown$$0000000E)
    .ARM.Collect$$libshutdown$$00000011      0x08000166   Section        0  libshutdown2.o(.ARM.Collect$$libshutdown$$00000011)
    .ARM.Collect$$libshutdown$$00000012      0x08000166   Section        2  libshutdown2.o(.ARM.Collect$$libshutdown$$00000012)
    .ARM.Collect$$rtentry$$00000000          0x08000168   Section        0  __rtentry.o(.ARM.Collect$$rtentry$$00000000)
    .ARM.Collect$$rtentry$$00000002          0x08000168   Section        0  __rtentry2.o(.ARM.Collect$$rtentry$$00000002)
    .ARM.Collect$$rtentry$$00000004          0x08000168   Section        6  __rtentry4.o(.ARM.Collect$$rtentry$$00000004)
    .ARM.Collect$$rtentry$$00000009          0x0800016e   Section        0  __rtentry2.o(.ARM.Collect$$rtentry$$00000009)
    .ARM.Collect$$rtentry$$0000000A          0x0800016e   Section        4  __rtentry2.o(.ARM.Collect$$rtentry$$0000000A)
    .ARM.Collect$$rtentry$$0000000C          0x08000172   Section        0  __rtentry2.o(.ARM.Collect$$rtentry$$0000000C)
    .ARM.Collect$$rtentry$$0000000D          0x08000172   Section        8  __rtentry2.o(.ARM.Collect$$rtentry$$0000000D)
    .ARM.Collect$$rtexit$$00000000           0x0800017a   Section        2  rtexit.o(.ARM.Collect$$rtexit$$00000000)
    .ARM.Collect$$rtexit$$00000002           0x0800017c   Section        0  rtexit2.o(.ARM.Collect$$rtexit$$00000002)
    .ARM.Collect$$rtexit$$00000003           0x0800017c   Section        4  rtexit2.o(.ARM.Collect$$rtexit$$00000003)
    .ARM.Collect$$rtexit$$00000004           0x08000180   Section        6  rtexit2.o(.ARM.Collect$$rtexit$$00000004)
    .emb_text                                0x08000188   Section       12  sys.o(.emb_text)
    .text                                    0x08000194   Section       56  startup_stm32f10x_md.o(.text)
    .text                                    0x080001cc   Section        0  test.o(.text)
    .text                                    0x08000368   Section        0  delay.o(.text)
    .text                                    0x08000418   Section        0  sys.o(.text)
    .text                                    0x080006d4   Section        0  adc.o(.text)
    .text                                    0x08000870   Section        0  uart.o(.text)
    .text                                    0x08000bfc   Section        0  time.o(.text)
    .text                                    0x08000d20   Section        0  communication1.o(.text)
    .text                                    0x08000ff4   Section        0  stmflash.o(.text)
    .text                                    0x08001504   Section        0  show1.o(.text)
    .text                                    0x08001578   Section        0  myspi.o(.text)
    .text                                    0x08001624   Section        0  radio.o(.text)
    .text                                    0x08001ab0   Section        0  sx126x_driver.o(.text)
    .text                                    0x080024a0   Section        0  utilities.o(.text)
    .text                                    0x080024f2   Section        0  heapauxi.o(.text)
    .text                                    0x080024f8   Section       74  sys_stackheap_outer.o(.text)
    .text                                    0x08002542   Section        0  exit.o(.text)
    .text                                    0x08002554   Section        8  libspace.o(.text)
    .text                                    0x0800255c   Section        0  sys_exit.o(.text)
    .text                                    0x08002568   Section        2  use_no_semi.o(.text)
    .text                                    0x0800256a   Section        0  indicate_semi.o(.text)
    x$fpl$ddiv                               0x0800256c   Section      688  ddiv.o(x$fpl$ddiv)
    ddiv_entry                               0x08002573   Thumb Code     0  ddiv.o(x$fpl$ddiv)
    x$fpl$dfixu                              0x0800281c   Section       90  dfixu.o(x$fpl$dfixu)
    x$fpl$dfltu                              0x08002876   Section       38  dflt_clz.o(x$fpl$dfltu)
    x$fpl$dnaninf                            0x0800289c   Section      156  dnaninf.o(x$fpl$dnaninf)
    x$fpl$dretinf                            0x08002938   Section       12  dretinf.o(x$fpl$dretinf)
    x$fpl$fadd                               0x08002944   Section      196  faddsub_clz.o(x$fpl$fadd)
    _fadd1                                   0x08002953   Thumb Code     0  faddsub_clz.o(x$fpl$fadd)
    x$fpl$fdiv                               0x08002a08   Section      388  fdiv.o(x$fpl$fdiv)
    _fdiv1                                   0x08002a09   Thumb Code     0  fdiv.o(x$fpl$fdiv)
    x$fpl$ffixu                              0x08002b8c   Section       62  ffixu.o(x$fpl$ffixu)
    x$fpl$ffltu                              0x08002bcc   Section       38  fflt_clz.o(x$fpl$ffltu)
    x$fpl$fmul                               0x08002bf4   Section      258  fmul.o(x$fpl$fmul)
    x$fpl$fnaninf                            0x08002cf6   Section      140  fnaninf.o(x$fpl$fnaninf)
    x$fpl$fretinf                            0x08002d82   Section       10  fretinf.o(x$fpl$fretinf)
    x$fpl$frsb                               0x08002d8c   Section       20  faddsub_clz.o(x$fpl$frsb)
    x$fpl$fsub                               0x08002da0   Section      234  faddsub_clz.o(x$fpl$fsub)
    _fsub1                                   0x08002daf   Thumb Code     0  faddsub_clz.o(x$fpl$fsub)
    .constdata                               0x08002e8a   Section      512  communication1.o(.constdata)
    x$fpl$usenofp                            0x08002e8a   Section        0  usenofp.o(x$fpl$usenofp)
    .constdata                               0x08003090   Section      200  radio.o(.constdata)
    .data                                    0x20000000   Section       13  test.o(.data)
    .data                                    0x2000000e   Section        4  delay.o(.data)
    fac_us                                   0x2000000e   Data           1  delay.o(.data)
    fac_ms                                   0x20000010   Data           2  delay.o(.data)
    .data                                    0x20000012   Section        1  time.o(.data)
    .data                                    0x20000013   Section        9  communication1.o(.data)
    .data                                    0x2000001c   Section       52  equipment.o(.data)
    .data                                    0x20000050   Section       16  radio.o(.data)
    RadioPublicNetwork                       0x20000050   Data           2  radio.o(.data)
    .data                                    0x20000060   Section        9  sx126x_driver.o(.data)
    OperatingMode                            0x20000060   Data           1  sx126x_driver.o(.data)
    PacketType                               0x20000061   Data           1  sx126x_driver.o(.data)
    ImageCalibrated                          0x20000068   Data           1  sx126x_driver.o(.data)
    .bss                                     0x2000006c   Section       10  test.o(.bss)
    .bss                                     0x20000076   Section      788  communication1.o(.bss)
    .bss                                     0x2000038a   Section       10  equipment.o(.bss)
    .bss                                     0x20000394   Section     2048  stmflash.o(.bss)
    .bss                                     0x20000b94   Section       60  radio.o(.bss)
    .bss                                     0x20000bd0   Section       96  libspace.o(.bss)
    HEAP                                     0x20000c30   Section      512  startup_stm32f10x_md.o(HEAP)
    Heap_Mem                                 0x20000c30   Data         512  startup_stm32f10x_md.o(HEAP)
    STACK                                    0x20000e30   Section     1024  startup_stm32f10x_md.o(STACK)
    Stack_Mem                                0x20000e30   Data        1024  startup_stm32f10x_md.o(STACK)
    __initial_sp                             0x20001230   Data           0  startup_stm32f10x_md.o(STACK)

    Global Symbols

    Symbol Name                              Value     Ov Type        Size  Object(Section)

    BuildAttributes$$THM_ISAv4$P$D$K$B$S$PE$A:L22UL41UL21$X:L11$S22US41US21$IEEE1$IW$USESV6$~STKCKD$USESV7$~SHL$OSPACE$ROPI$EBA8$UX$STANDARDLIB$REQ8$PRES8$EABIv2 0x00000000   Number         0  anon$$obj.o ABSOLUTE
    __ARM_use_no_argv                        0x00000000   Number         0  test.o ABSOLUTE
    __ARM_exceptions_init                     - Undefined Weak Reference
    __alloca_initialize                       - Undefined Weak Reference
    __arm_fini_                               - Undefined Weak Reference
    __arm_preinit_                            - Undefined Weak Reference
    __cpp_initialize__aeabi_                  - Undefined Weak Reference
    __cxa_finalize                            - Undefined Weak Reference
    __rt_locale                               - Undefined Weak Reference
    __sigvec_lookup                           - Undefined Weak Reference
    _atexit_init                              - Undefined Weak Reference
    _call_atexit_fns                          - Undefined Weak Reference
    _clock_init                               - Undefined Weak Reference
    _fp_trap_init                             - Undefined Weak Reference
    _fp_trap_shutdown                         - Undefined Weak Reference
    _get_lc_collate                           - Undefined Weak Reference
    _get_lc_ctype                             - Undefined Weak Reference
    _get_lc_monetary                          - Undefined Weak Reference
    _get_lc_numeric                           - Undefined Weak Reference
    _get_lc_time                              - Undefined Weak Reference
    _getenv_init                              - Undefined Weak Reference
    _handle_redirection                       - Undefined Weak Reference
    _init_alloc                               - Undefined Weak Reference
    _init_user_alloc                          - Undefined Weak Reference
    _initio                                   - Undefined Weak Reference
    _rand_init                                - Undefined Weak Reference
    _signal_finish                            - Undefined Weak Reference
    _signal_init                              - Undefined Weak Reference
    _terminate_alloc                          - Undefined Weak Reference
    _terminate_user_alloc                     - Undefined Weak Reference
    _terminateio                              - Undefined Weak Reference
    __Vectors_Size                           0x000000ec   Number         0  startup_stm32f10x_md.o ABSOLUTE
    __Vectors                                0x08000000   Data           4  startup_stm32f10x_md.o(RESET)
    __Vectors_End                            0x080000ec   Data           0  startup_stm32f10x_md.o(RESET)
    __main                                   0x080000ed   Thumb Code     8  __main.o(!!!main)
    __scatterload                            0x080000f5   Thumb Code     0  __scatter.o(!!!scatter)
    __scatterload_rt2                        0x080000f5   Thumb Code    44  __scatter.o(!!!scatter)
    __scatterload_rt2_thumb_only             0x080000f5   Thumb Code     0  __scatter.o(!!!scatter)
    __scatterload_null                       0x08000103   Thumb Code     0  __scatter.o(!!!scatter)
    __scatterload_copy                       0x08000129   Thumb Code    26  __scatter_copy.o(!!handler_copy)
    __scatterload_zeroinit                   0x08000145   Thumb Code    28  __scatter_zi.o(!!handler_zi)
    __rt_lib_init                            0x08000161   Thumb Code     0  libinit.o(.ARM.Collect$$libinit$$00000000)
    __rt_lib_init_alloca_1                   0x08000163   Thumb Code     0  libinit2.o(.ARM.Collect$$libinit$$0000002E)
    __rt_lib_init_argv_1                     0x08000163   Thumb Code     0  libinit2.o(.ARM.Collect$$libinit$$0000002C)
    __rt_lib_init_atexit_1                   0x08000163   Thumb Code     0  libinit2.o(.ARM.Collect$$libinit$$0000001B)
    __rt_lib_init_clock_1                    0x08000163   Thumb Code     0  libinit2.o(.ARM.Collect$$libinit$$00000021)
    __rt_lib_init_cpp_1                      0x08000163   Thumb Code     0  libinit2.o(.ARM.Collect$$libinit$$00000032)
    __rt_lib_init_exceptions_1               0x08000163   Thumb Code     0  libinit2.o(.ARM.Collect$$libinit$$00000030)
    __rt_lib_init_fp_1                       0x08000163   Thumb Code     0  libinit2.o(.ARM.Collect$$libinit$$00000002)
    __rt_lib_init_fp_trap_1                  0x08000163   Thumb Code     0  libinit2.o(.ARM.Collect$$libinit$$0000001F)
    __rt_lib_init_getenv_1                   0x08000163   Thumb Code     0  libinit2.o(.ARM.Collect$$libinit$$00000023)
    __rt_lib_init_heap_1                     0x08000163   Thumb Code     0  libinit2.o(.ARM.Collect$$libinit$$0000000A)
    __rt_lib_init_lc_collate_1               0x08000163   Thumb Code     0  libinit2.o(.ARM.Collect$$libinit$$00000011)
    __rt_lib_init_lc_ctype_1                 0x08000163   Thumb Code     0  libinit2.o(.ARM.Collect$$libinit$$00000013)
    __rt_lib_init_lc_monetary_1              0x08000163   Thumb Code     0  libinit2.o(.ARM.Collect$$libinit$$00000015)
    __rt_lib_init_lc_numeric_1               0x08000163   Thumb Code     0  libinit2.o(.ARM.Collect$$libinit$$00000017)
    __rt_lib_init_lc_time_1                  0x08000163   Thumb Code     0  libinit2.o(.ARM.Collect$$libinit$$00000019)
    __rt_lib_init_preinit_1                  0x08000163   Thumb Code     0  libinit2.o(.ARM.Collect$$libinit$$00000004)
    __rt_lib_init_rand_1                     0x08000163   Thumb Code     0  libinit2.o(.ARM.Collect$$libinit$$0000000E)
    __rt_lib_init_return                     0x08000163   Thumb Code     0  libinit2.o(.ARM.Collect$$libinit$$00000033)
    __rt_lib_init_signal_1                   0x08000163   Thumb Code     0  libinit2.o(.ARM.Collect$$libinit$$0000001D)
    __rt_lib_init_stdio_1                    0x08000163   Thumb Code     0  libinit2.o(.ARM.Collect$$libinit$$00000025)
    __rt_lib_init_user_alloc_1               0x08000163   Thumb Code     0  libinit2.o(.ARM.Collect$$libinit$$0000000C)
    __rt_lib_shutdown                        0x08000165   Thumb Code     0  libshutdown.o(.ARM.Collect$$libshutdown$$00000000)
    __rt_lib_shutdown_cpp_1                  0x08000167   Thumb Code     0  libshutdown2.o(.ARM.Collect$$libshutdown$$00000004)
    __rt_lib_shutdown_fini_1                 0x08000167   Thumb Code     0  libshutdown2.o(.ARM.Collect$$libshutdown$$00000002)
    __rt_lib_shutdown_fp_trap_1              0x08000167   Thumb Code     0  libshutdown2.o(.ARM.Collect$$libshutdown$$00000009)
    __rt_lib_shutdown_heap_1                 0x08000167   Thumb Code     0  libshutdown2.o(.ARM.Collect$$libshutdown$$00000011)
    __rt_lib_shutdown_return                 0x08000167   Thumb Code     0  libshutdown2.o(.ARM.Collect$$libshutdown$$00000012)
    __rt_lib_shutdown_signal_1               0x08000167   Thumb Code     0  libshutdown2.o(.ARM.Collect$$libshutdown$$0000000C)
    __rt_lib_shutdown_stdio_1                0x08000167   Thumb Code     0  libshutdown2.o(.ARM.Collect$$libshutdown$$00000006)
    __rt_lib_shutdown_user_alloc_1           0x08000167   Thumb Code     0  libshutdown2.o(.ARM.Collect$$libshutdown$$0000000E)
    __rt_entry                               0x08000169   Thumb Code     0  __rtentry.o(.ARM.Collect$$rtentry$$00000000)
    __rt_entry_presh_1                       0x08000169   Thumb Code     0  __rtentry2.o(.ARM.Collect$$rtentry$$00000002)
    __rt_entry_sh                            0x08000169   Thumb Code     0  __rtentry4.o(.ARM.Collect$$rtentry$$00000004)
    __rt_entry_li                            0x0800016f   Thumb Code     0  __rtentry2.o(.ARM.Collect$$rtentry$$0000000A)
    __rt_entry_postsh_1                      0x0800016f   Thumb Code     0  __rtentry2.o(.ARM.Collect$$rtentry$$00000009)
    __rt_entry_main                          0x08000173   Thumb Code     0  __rtentry2.o(.ARM.Collect$$rtentry$$0000000D)
    __rt_entry_postli_1                      0x08000173   Thumb Code     0  __rtentry2.o(.ARM.Collect$$rtentry$$0000000C)
    __rt_exit                                0x0800017b   Thumb Code     0  rtexit.o(.ARM.Collect$$rtexit$$00000000)
    __rt_exit_ls                             0x0800017d   Thumb Code     0  rtexit2.o(.ARM.Collect$$rtexit$$00000003)
    __rt_exit_prels_1                        0x0800017d   Thumb Code     0  rtexit2.o(.ARM.Collect$$rtexit$$00000002)
    __rt_exit_exit                           0x08000181   Thumb Code     0  rtexit2.o(.ARM.Collect$$rtexit$$00000004)
    WFI_SET                                  0x08000189   Thumb Code     2  sys.o(.emb_text)
    INTX_DISABLE                             0x0800018b   Thumb Code     2  sys.o(.emb_text)
    INTX_ENABLE                              0x0800018d   Thumb Code     2  sys.o(.emb_text)
    MSR_MSP                                  0x0800018f   Thumb Code     6  sys.o(.emb_text)
    Reset_Handler                            0x08000195   Thumb Code     4  startup_stm32f10x_md.o(.text)
    NMI_Handler                              0x08000199   Thumb Code     2  startup_stm32f10x_md.o(.text)
    HardFault_Handler                        0x0800019b   Thumb Code     2  startup_stm32f10x_md.o(.text)
    MemManage_Handler                        0x0800019d   Thumb Code     2  startup_stm32f10x_md.o(.text)
    BusFault_Handler                         0x0800019f   Thumb Code     2  startup_stm32f10x_md.o(.text)
    UsageFault_Handler                       0x080001a1   Thumb Code     2  startup_stm32f10x_md.o(.text)
    SVC_Handler                              0x080001a3   Thumb Code     2  startup_stm32f10x_md.o(.text)
    DebugMon_Handler                         0x080001a5   Thumb Code     2  startup_stm32f10x_md.o(.text)
    PendSV_Handler                           0x080001a7   Thumb Code     2  startup_stm32f10x_md.o(.text)
    SysTick_Handler                          0x080001a9   Thumb Code     2  startup_stm32f10x_md.o(.text)
    ADC1_2_IRQHandler                        0x080001ab   Thumb Code     0  startup_stm32f10x_md.o(.text)
    CAN1_RX1_IRQHandler                      0x080001ab   Thumb Code     0  startup_stm32f10x_md.o(.text)
    CAN1_SCE_IRQHandler                      0x080001ab   Thumb Code     0  startup_stm32f10x_md.o(.text)
    DMA1_Channel1_IRQHandler                 0x080001ab   Thumb Code     0  startup_stm32f10x_md.o(.text)
    DMA1_Channel2_IRQHandler                 0x080001ab   Thumb Code     0  startup_stm32f10x_md.o(.text)
    DMA1_Channel3_IRQHandler                 0x080001ab   Thumb Code     0  startup_stm32f10x_md.o(.text)
    DMA1_Channel4_IRQHandler                 0x080001ab   Thumb Code     0  startup_stm32f10x_md.o(.text)
    DMA1_Channel5_IRQHandler                 0x080001ab   Thumb Code     0  startup_stm32f10x_md.o(.text)
    DMA1_Channel6_IRQHandler                 0x080001ab   Thumb Code     0  startup_stm32f10x_md.o(.text)
    DMA1_Channel7_IRQHandler                 0x080001ab   Thumb Code     0  startup_stm32f10x_md.o(.text)
    EXTI0_IRQHandler                         0x080001ab   Thumb Code     0  startup_stm32f10x_md.o(.text)
    EXTI15_10_IRQHandler                     0x080001ab   Thumb Code     0  startup_stm32f10x_md.o(.text)
    EXTI1_IRQHandler                         0x080001ab   Thumb Code     0  startup_stm32f10x_md.o(.text)
    EXTI2_IRQHandler                         0x080001ab   Thumb Code     0  startup_stm32f10x_md.o(.text)
    EXTI3_IRQHandler                         0x080001ab   Thumb Code     0  startup_stm32f10x_md.o(.text)
    EXTI4_IRQHandler                         0x080001ab   Thumb Code     0  startup_stm32f10x_md.o(.text)
    EXTI9_5_IRQHandler                       0x080001ab   Thumb Code     0  startup_stm32f10x_md.o(.text)
    FLASH_IRQHandler                         0x080001ab   Thumb Code     0  startup_stm32f10x_md.o(.text)
    I2C1_ER_IRQHandler                       0x080001ab   Thumb Code     0  startup_stm32f10x_md.o(.text)
    I2C1_EV_IRQHandler                       0x080001ab   Thumb Code     0  startup_stm32f10x_md.o(.text)
    I2C2_ER_IRQHandler                       0x080001ab   Thumb Code     0  startup_stm32f10x_md.o(.text)
    I2C2_EV_IRQHandler                       0x080001ab   Thumb Code     0  startup_stm32f10x_md.o(.text)
    PVD_IRQHandler                           0x080001ab   Thumb Code     0  startup_stm32f10x_md.o(.text)
    RCC_IRQHandler                           0x080001ab   Thumb Code     0  startup_stm32f10x_md.o(.text)
    RTCAlarm_IRQHandler                      0x080001ab   Thumb Code     0  startup_stm32f10x_md.o(.text)
    RTC_IRQHandler                           0x080001ab   Thumb Code     0  startup_stm32f10x_md.o(.text)
    SPI1_IRQHandler                          0x080001ab   Thumb Code     0  startup_stm32f10x_md.o(.text)
    SPI2_IRQHandler                          0x080001ab   Thumb Code     0  startup_stm32f10x_md.o(.text)
    TAMPER_IRQHandler                        0x080001ab   Thumb Code     0  startup_stm32f10x_md.o(.text)
    TIM1_BRK_IRQHandler                      0x080001ab   Thumb Code     0  startup_stm32f10x_md.o(.text)
    TIM1_CC_IRQHandler                       0x080001ab   Thumb Code     0  startup_stm32f10x_md.o(.text)
    TIM1_TRG_COM_IRQHandler                  0x080001ab   Thumb Code     0  startup_stm32f10x_md.o(.text)
    TIM1_UP_IRQHandler                       0x080001ab   Thumb Code     0  startup_stm32f10x_md.o(.text)
    TIM4_IRQHandler                          0x080001ab   Thumb Code     0  startup_stm32f10x_md.o(.text)
    USART2_IRQHandler                        0x080001ab   Thumb Code     0  startup_stm32f10x_md.o(.text)
    USART3_IRQHandler                        0x080001ab   Thumb Code     0  startup_stm32f10x_md.o(.text)
    USBWakeUp_IRQHandler                     0x080001ab   Thumb Code     0  startup_stm32f10x_md.o(.text)
    USB_HP_CAN1_TX_IRQHandler                0x080001ab   Thumb Code     0  startup_stm32f10x_md.o(.text)
    USB_LP_CAN1_RX0_IRQHandler               0x080001ab   Thumb Code     0  startup_stm32f10x_md.o(.text)
    WWDG_IRQHandler                          0x080001ab   Thumb Code     0  startup_stm32f10x_md.o(.text)
    __user_initial_stackheap                 0x080001ad   Thumb Code     0  startup_stm32f10x_md.o(.text)
    main                                     0x080001cd   Thumb Code   362  test.o(.text)
    delay_init                               0x08000369   Thumb Code    56  delay.o(.text)
    delay_us                                 0x080003a1   Thumb Code    56  delay.o(.text)
    delay_ms                                 0x080003d9   Thumb Code    56  delay.o(.text)
    MY_NVIC_SetVectorTable                   0x08000419   Thumb Code    12  sys.o(.text)
    MY_NVIC_PriorityGroupConfig              0x08000425   Thumb Code    36  sys.o(.text)
    MY_NVIC_Init                             0x08000449   Thumb Code   116  sys.o(.text)
    Ex_NVIC_Config                           0x080004bd   Thumb Code   128  sys.o(.text)
    MYRCC_DeInit                             0x0800053d   Thumb Code    90  sys.o(.text)
    Sys_Standby                              0x08000597   Thumb Code    68  sys.o(.text)
    Sys_Soft_Reset                           0x080005db   Thumb Code    12  sys.o(.text)
    JTAG_Set                                 0x080005e7   Thumb Code    42  sys.o(.text)
    Stm32_Clock_Init                         0x08000611   Thumb Code   150  sys.o(.text)
    AdcInit                                  0x080006d5   Thumb Code   280  adc.o(.text)
    Get_Adc                                  0x080007ed   Thumb Code    68  adc.o(.text)
    GetAdcAverage                            0x08000831   Thumb Code    46  adc.o(.text)
    uart1_init                               0x08000871   Thumb Code   212  uart.o(.text)
    uart2_init                               0x08000945   Thumb Code   216  uart.o(.text)
    uart3_init                               0x08000a1d   Thumb Code   212  uart.o(.text)
    send_uart1                               0x08000af1   Thumb Code    36  uart.o(.text)
    send_uart1_string                        0x08000b15   Thumb Code    22  uart.o(.text)
    send_uart2                               0x08000b2b   Thumb Code    36  uart.o(.text)
    send_uart2_string                        0x08000b4f   Thumb Code    22  uart.o(.text)
    send_uart3                               0x08000b65   Thumb Code    40  uart.o(.text)
    send_uart3_string                        0x08000b8d   Thumb Code    22  uart.o(.text)
    send_uart4                               0x08000ba3   Thumb Code     2  uart.o(.text)
    send_uart4_string                        0x08000ba5   Thumb Code     2  uart.o(.text)
    send_uart5                               0x08000ba7   Thumb Code    32  uart.o(.text)
    send_uart5_string                        0x08000bc7   Thumb Code    22  uart.o(.text)
    TIM2_IRQHandler                          0x08000bfd   Thumb Code    52  time.o(.text)
    TIM2_Int_Init                            0x08000c31   Thumb Code    78  time.o(.text)
    TIM3_IRQHandler                          0x08000c7f   Thumb Code    34  time.o(.text)
    TIM3_Int_Init                            0x08000ca1   Thumb Code    74  time.o(.text)
    Time3En                                  0x08000ceb   Thumb Code    38  time.o(.text)
    ModbusInit                               0x08000d21   Thumb Code    82  communication1.o(.text)
    communication1_init                      0x08000d73   Thumb Code    62  communication1.o(.text)
    ModbusReceiveOrderCheck                  0x08000db1   Thumb Code    18  communication1.o(.text)
    ModbusReceiveOrderCheck3                 0x08000dc3   Thumb Code    18  communication1.o(.text)
    ModbusReceiveOrderCheck16                0x08000dd5   Thumb Code    18  communication1.o(.text)
    RS485_Send_Data                          0x08000de7   Thumb Code    66  communication1.o(.text)
    ModbusSendOrder                          0x08000e29   Thumb Code    30  communication1.o(.text)
    ModbusSendOrder1                         0x08000e47   Thumb Code    30  communication1.o(.text)
    RS485_Read                               0x08000e65   Thumb Code     8  communication1.o(.text)
    RS485_Send                               0x08000e6d   Thumb Code     8  communication1.o(.text)
    USART1_IRQHandler                        0x08000e75   Thumb Code    76  communication1.o(.text)
    crc16                                    0x08000ec1   Thumb Code    48  communication1.o(.text)
    ModbusFun6_1                             0x08000ef1   Thumb Code    42  communication1.o(.text)
    showData1_1                              0x08000f1b   Thumb Code    78  communication1.o(.text)
    Modbus_Event_1                           0x08000f69   Thumb Code    96  communication1.o(.text)
    STMFLASH_Unlock                          0x08000ff5   Thumb Code    12  stmflash.o(.text)
    STMFLASH_Lock                            0x08001001   Thumb Code    14  stmflash.o(.text)
    STMFLASH_GetStatus                       0x0800100f   Thumb Code    38  stmflash.o(.text)
    STMFLASH_WaitDone                        0x08001035   Thumb Code    42  stmflash.o(.text)
    STMFLASH_ErasePage                       0x0800105f   Thumb Code    72  stmflash.o(.text)
    STMFLASH_WriteHalfWord                   0x080010a7   Thumb Code    58  stmflash.o(.text)
    STMFLASH_ReadHalfWord                    0x080010e1   Thumb Code     6  stmflash.o(.text)
    STMFLASH_Write_NoCheck                   0x080010e7   Thumb Code    38  stmflash.o(.text)
    STMFLASH_Read                            0x0800110d   Thumb Code    34  stmflash.o(.text)
    STMFLASH_Write                           0x0800112f   Thumb Code   224  stmflash.o(.text)
    Test_Write                               0x0800120f   Thumb Code    16  stmflash.o(.text)
    ReadReceiveOrSend                        0x0800121f   Thumb Code    34  stmflash.o(.text)
    ReadMode                                 0x08001241   Thumb Code    24  stmflash.o(.text)
    ReadLocalGroupNumber                     0x08001259   Thumb Code    24  stmflash.o(.text)
    ReadLocalAddress                         0x08001271   Thumb Code    24  stmflash.o(.text)
    ReadTargetGroupNumber                    0x08001289   Thumb Code    24  stmflash.o(.text)
    ReadDestinationAddress                   0x080012a1   Thumb Code    24  stmflash.o(.text)
    ReadPathGroupANumber                     0x080012b9   Thumb Code    24  stmflash.o(.text)
    ReadPathAAddress                         0x080012d1   Thumb Code    24  stmflash.o(.text)
    ReadPathGroupBNumber                     0x080012e9   Thumb Code    24  stmflash.o(.text)
    ReadPathBAddress                         0x08001301   Thumb Code    24  stmflash.o(.text)
    ReadChannel                              0x08001319   Thumb Code    24  stmflash.o(.text)
    ReadArmChannel                           0x08001331   Thumb Code    24  stmflash.o(.text)
    ReadTempChannel                          0x08001349   Thumb Code    24  stmflash.o(.text)
    WriteReceiveOrSend                       0x08001361   Thumb Code    20  stmflash.o(.text)
    WriteMode                                0x08001375   Thumb Code    22  stmflash.o(.text)
    WriteLocalGroupNumber                    0x0800138b   Thumb Code    22  stmflash.o(.text)
    WriteLocalAddress                        0x080013a1   Thumb Code    22  stmflash.o(.text)
    WriteTargetGroupNumber                   0x080013b7   Thumb Code    98  stmflash.o(.text)
    WriteDestinationAddress                  0x08001419   Thumb Code    20  stmflash.o(.text)
    WritePathGroupANumber                    0x0800142d   Thumb Code    22  stmflash.o(.text)
    WritePathAAddress                        0x08001443   Thumb Code    22  stmflash.o(.text)
    WritePathGroupBNumber                    0x08001459   Thumb Code    22  stmflash.o(.text)
    WritePathBAddress                        0x0800146f   Thumb Code    22  stmflash.o(.text)
    WriteChannel                             0x08001485   Thumb Code    22  stmflash.o(.text)
    WriteArmChannel                          0x0800149b   Thumb Code    22  stmflash.o(.text)
    WriteTempChannel                         0x080014b1   Thumb Code    22  stmflash.o(.text)
    ReadAllData                              0x080014c7   Thumb Code    16  stmflash.o(.text)
    SetReceiveOrSend                         0x08001505   Thumb Code    20  show1.o(.text)
    SetMode                                  0x08001519   Thumb Code    20  show1.o(.text)
    SetLocalGroupNumber                      0x0800152d   Thumb Code    24  show1.o(.text)
    SetLocalAddress                          0x08001545   Thumb Code    14  show1.o(.text)
    SetTargetGroupNumber                     0x08001553   Thumb Code     2  show1.o(.text)
    SetDestinationAddress                    0x08001555   Thumb Code     2  show1.o(.text)
    SetPathGroupANumber                      0x08001557   Thumb Code     2  show1.o(.text)
    SetPathAAddress                          0x08001559   Thumb Code     2  show1.o(.text)
    SetPathGroupBNumber                      0x0800155b   Thumb Code     2  show1.o(.text)
    SetPathBAddress                          0x0800155d   Thumb Code     2  show1.o(.text)
    SetChannelAdd                            0x0800155f   Thumb Code     2  show1.o(.text)
    SetArmChannelAdd                         0x08001561   Thumb Code     2  show1.o(.text)
    SetTempChannelAdd                        0x08001563   Thumb Code     2  show1.o(.text)
    SPI1_Init                                0x08001579   Thumb Code    36  myspi.o(.text)
    SPI1_SetSpeed                            0x0800159d   Thumb Code     2  myspi.o(.text)
    drv_spi_read_write_byte                  0x0800159f   Thumb Code    84  myspi.o(.text)
    SPI_SendByte                             0x080015f3   Thumb Code    28  myspi.o(.text)
    RadioIoDeInit                            0x08001625   Thumb Code     8  radio.o(.text)
    RadioRecoverIoInit                       0x0800162d   Thumb Code     8  radio.o(.text)
    RadioInit                                0x08001635   Thumb Code    50  radio.o(.text)
    RadioGetStatus                           0x08001667   Thumb Code    36  radio.o(.text)
    RadioSetPublicNetwork                    0x0800168b   Thumb Code    58  radio.o(.text)
    RadioSetModem                            0x080016c5   Thumb Code    52  radio.o(.text)
    RadioSetTxPower                          0x080016f9   Thumb Code    14  radio.o(.text)
    RadioSetChannel                          0x08001707   Thumb Code    12  radio.o(.text)
    RadioIsChannelFree                       0x08001713   Thumb Code     8  radio.o(.text)
    RadioSleep                               0x0800171b   Thumb Code    32  radio.o(.text)
    RadioRandom                              0x0800173b   Thumb Code    54  radio.o(.text)
    RadioSetRxConfig                         0x08001771   Thumb Code   168  radio.o(.text)
    RadioStandby                             0x08001819   Thumb Code    10  radio.o(.text)
    RadioSetTxConfig                         0x08001823   Thumb Code   162  radio.o(.text)
    RadioTimeOnAir                           0x080018c5   Thumb Code     6  radio.o(.text)
    RadioSend                                0x080018cb   Thumb Code    68  radio.o(.text)
    RadioGetBuffer                           0x0800190f   Thumb Code    20  radio.o(.text)
    RadioRx                                  0x08001923   Thumb Code    40  radio.o(.text)
    RadioRxBoosted                           0x0800194b   Thumb Code    34  radio.o(.text)
    RadioSetRxDutyCycle                      0x0800196d   Thumb Code    16  radio.o(.text)
    RadioStartCad                            0x0800197d   Thumb Code    38  radio.o(.text)
    RadioSetCadParams                        0x080019a3   Thumb Code    36  radio.o(.text)
    RadioTx                                  0x080019c7   Thumb Code    16  radio.o(.text)
    RadioSetTxContinuousWave                 0x080019d7   Thumb Code    28  radio.o(.text)
    RadioRssi                                0x080019f3   Thumb Code     8  radio.o(.text)
    RadioSetMaxPayloadLength                 0x080019fb   Thumb Code    46  radio.o(.text)
    RadioGetIrqStatus                        0x08001a29   Thumb Code     8  radio.o(.text)
    RadioGetPacketStatus                     0x08001a31   Thumb Code    12  radio.o(.text)
    RadioGetDeviceErrors                     0x08001a3d   Thumb Code    16  radio.o(.text)
    RadioClearDeviceErrors                   0x08001a4d   Thumb Code     8  radio.o(.text)
    RadioClearIrqStatus                      0x08001a55   Thumb Code    12  radio.o(.text)
    RadioOnDioIrq                            0x08001a61   Thumb Code     8  radio.o(.text)
    RadioSetPreamble                         0x08001a69   Thumb Code    22  radio.o(.text)
    RadioTimeOnAirAndPreamble                0x08001a7f   Thumb Code     8  radio.o(.text)
    SX126xIoInit                             0x08001ab1   Thumb Code   112  sx126x_driver.o(.text)
    SX126xIoIrqInit                          0x08001b21   Thumb Code     2  sx126x_driver.o(.text)
    SX126xIoDeInit                           0x08001b23   Thumb Code    16  sx126x_driver.o(.text)
    SX126xRecoverIoInit                      0x08001b33   Thumb Code     8  sx126x_driver.o(.text)
    SX126xReset                              0x08001b3b   Thumb Code    38  sx126x_driver.o(.text)
    SX126xWaitOnBusy                         0x08001b61   Thumb Code    14  sx126x_driver.o(.text)
    SX126xWakeup                             0x08001b6f   Thumb Code    34  sx126x_driver.o(.text)
    SX126xGetOperatingMode                   0x08001b91   Thumb Code     6  sx126x_driver.o(.text)
    SX126xCheckDeviceReady                   0x08001b97   Thumb Code    26  sx126x_driver.o(.text)
    SX126xWriteCommand                       0x08001bb1   Thumb Code    64  sx126x_driver.o(.text)
    SX126xReadCommand                        0x08001bf1   Thumb Code    68  sx126x_driver.o(.text)
    SX126xWriteRegisters                     0x08001c35   Thumb Code    72  sx126x_driver.o(.text)
    SX126xWriteRegister                      0x08001c7d   Thumb Code    16  sx126x_driver.o(.text)
    SX126xReadRegisters                      0x08001c8d   Thumb Code    80  sx126x_driver.o(.text)
    SX126xReadRegister                       0x08001cdd   Thumb Code    20  sx126x_driver.o(.text)
    SX126xWriteBuffer                        0x08001cf1   Thumb Code    66  sx126x_driver.o(.text)
    SX126xReadBuffer                         0x08001d33   Thumb Code    74  sx126x_driver.o(.text)
    SX126xGetPaSelect                        0x08001d7d   Thumb Code     4  sx126x_driver.o(.text)
    SX126xSetStandby                         0x08001d81   Thumb Code    34  sx126x_driver.o(.text)
    SX126xInit                               0x08001da3   Thumb Code    26  sx126x_driver.o(.text)
    SX126xSetPayload                         0x08001dbd   Thumb Code    18  sx126x_driver.o(.text)
    SX126xGetPacketType                      0x08001dcf   Thumb Code     6  sx126x_driver.o(.text)
    SX126xGetRxBufferStatus                  0x08001dd5   Thumb Code    66  sx126x_driver.o(.text)
    SX126xGetPayload                         0x08001e17   Thumb Code    46  sx126x_driver.o(.text)
    SX126xSetTx                              0x08001e45   Thumb Code    40  sx126x_driver.o(.text)
    SX126xSendPayload                        0x08001e6d   Thumb Code    24  sx126x_driver.o(.text)
    SX126xSetSyncWord                        0x08001e85   Thumb Code    64  sx126x_driver.o(.text)
    SX126xSetCrcSeed                         0x08001ec5   Thumb Code    42  sx126x_driver.o(.text)
    SX126xSetCrcPolynomial                   0x08001eef   Thumb Code    42  sx126x_driver.o(.text)
    SX126xSetWhiteningSeed                   0x08001f19   Thumb Code    58  sx126x_driver.o(.text)
    SX126xSetRx                              0x08001f53   Thumb Code    40  sx126x_driver.o(.text)
    SX126xGetRandom                          0x08001f7b   Thumb Code    64  sx126x_driver.o(.text)
    SX126xSetSleep                           0x08001fbb   Thumb Code    32  sx126x_driver.o(.text)
    SX126xSetFs                              0x08001fdb   Thumb Code    20  sx126x_driver.o(.text)
    SX126xSetRxBoosted                       0x08001fef   Thumb Code    50  sx126x_driver.o(.text)
    SX126xSetRxDutyCycle                     0x08002021   Thumb Code    60  sx126x_driver.o(.text)
    SX126xSetCad                             0x0800205d   Thumb Code    20  sx126x_driver.o(.text)
    SX126xSetTxContinuousWave                0x08002071   Thumb Code    14  sx126x_driver.o(.text)
    SX126xSetTxInfinitePreamble              0x0800207f   Thumb Code    14  sx126x_driver.o(.text)
    SX126xSetStopRxTimerOnPreambleDetect     0x0800208d   Thumb Code    14  sx126x_driver.o(.text)
    SX126xSetLoRaSymbNumTimeout              0x0800209b   Thumb Code    14  sx126x_driver.o(.text)
    SX126xSetRegulatorMode                   0x080020a9   Thumb Code    14  sx126x_driver.o(.text)
    SX126xCalibrate                          0x080020b7   Thumb Code    14  sx126x_driver.o(.text)
    SX126xCalibrateImage                     0x080020c5   Thumb Code   134  sx126x_driver.o(.text)
    SX126xSetPaConfig                        0x0800214b   Thumb Code    38  sx126x_driver.o(.text)
    SX126xSetRxTxFallbackMode                0x08002171   Thumb Code    14  sx126x_driver.o(.text)
    SX126xSetDioIrqParams                    0x0800217f   Thumb Code    46  sx126x_driver.o(.text)
    SX126xGetIrqStatus                       0x080021ad   Thumb Code    26  sx126x_driver.o(.text)
    SX126xSetDio2AsRfSwitchCtrl              0x080021c7   Thumb Code    14  sx126x_driver.o(.text)
    SX126xSetDio3AsTcxoCtrl                  0x080021d5   Thumb Code    44  sx126x_driver.o(.text)
    SX126xSetRfFrequency                     0x08002201   Thumb Code    88  sx126x_driver.o(.text)
    SX126xSetPacketType                      0x08002259   Thumb Code    22  sx126x_driver.o(.text)
    SX126xSetTxParams                        0x0800226f   Thumb Code    50  sx126x_driver.o(.text)
    SX126xSetModulationParams                0x080022a1   Thumb Code    46  sx126x_driver.o(.text)
    SX126xSetPacketParams                    0x080022cf   Thumb Code    62  sx126x_driver.o(.text)
    SX126xSetCadParams                       0x0800230d   Thumb Code   124  sx126x_driver.o(.text)
    SX126xSetBufferBaseAddress               0x08002389   Thumb Code    26  sx126x_driver.o(.text)
    SX126xGetStatus                          0x080023a3   Thumb Code    30  sx126x_driver.o(.text)
    SX126xGetRssiInst                        0x080023c1   Thumb Code    32  sx126x_driver.o(.text)
    SX126xGetPacketStatus                    0x080023e1   Thumb Code   120  sx126x_driver.o(.text)
    SX126xGetDeviceErrors                    0x08002459   Thumb Code    20  sx126x_driver.o(.text)
    SX126xClearDeviceErrors                  0x0800246d   Thumb Code    18  sx126x_driver.o(.text)
    SX126xClearIrqStatus                     0x0800247f   Thumb Code    28  sx126x_driver.o(.text)
    memset1                                  0x080024a1   Thumb Code    20  utilities.o(.text)
    memcpy1                                  0x080024b5   Thumb Code    24  utilities.o(.text)
    strncmp1                                 0x080024cd   Thumb Code    38  utilities.o(.text)
    __use_two_region_memory                  0x080024f3   Thumb Code     2  heapauxi.o(.text)
    __rt_heap_escrow$2region                 0x080024f5   Thumb Code     2  heapauxi.o(.text)
    __rt_heap_expand$2region                 0x080024f7   Thumb Code     2  heapauxi.o(.text)
    __user_setup_stackheap                   0x080024f9   Thumb Code    74  sys_stackheap_outer.o(.text)
    exit                                     0x08002543   Thumb Code    18  exit.o(.text)
    __user_libspace                          0x08002555   Thumb Code     8  libspace.o(.text)
    __user_perproc_libspace                  0x08002555   Thumb Code     0  libspace.o(.text)
    __user_perthread_libspace                0x08002555   Thumb Code     0  libspace.o(.text)
    _sys_exit                                0x0800255d   Thumb Code     8  sys_exit.o(.text)
    __I$use$semihosting                      0x08002569   Thumb Code     0  use_no_semi.o(.text)
    __use_no_semihosting_swi                 0x08002569   Thumb Code     2  use_no_semi.o(.text)
    __semihosting_library_function           0x0800256b   Thumb Code     0  indicate_semi.o(.text)
    __aeabi_ddiv                             0x0800256d   Thumb Code     0  ddiv.o(x$fpl$ddiv)
    _ddiv                                    0x0800256d   Thumb Code   552  ddiv.o(x$fpl$ddiv)
    __aeabi_d2uiz                            0x0800281d   Thumb Code     0  dfixu.o(x$fpl$dfixu)
    _dfixu                                   0x0800281d   Thumb Code    90  dfixu.o(x$fpl$dfixu)
    __aeabi_ui2d                             0x08002877   Thumb Code     0  dflt_clz.o(x$fpl$dfltu)
    _dfltu                                   0x08002877   Thumb Code    38  dflt_clz.o(x$fpl$dfltu)
    __fpl_dnaninf                            0x0800289d   Thumb Code   156  dnaninf.o(x$fpl$dnaninf)
    __fpl_dretinf                            0x08002939   Thumb Code    12  dretinf.o(x$fpl$dretinf)
    __aeabi_fadd                             0x08002945   Thumb Code     0  faddsub_clz.o(x$fpl$fadd)
    _fadd                                    0x08002945   Thumb Code   196  faddsub_clz.o(x$fpl$fadd)
    __aeabi_fdiv                             0x08002a09   Thumb Code     0  fdiv.o(x$fpl$fdiv)
    _fdiv                                    0x08002a09   Thumb Code   384  fdiv.o(x$fpl$fdiv)
    __aeabi_f2uiz                            0x08002b8d   Thumb Code     0  ffixu.o(x$fpl$ffixu)
    _ffixu                                   0x08002b8d   Thumb Code    62  ffixu.o(x$fpl$ffixu)
    __aeabi_ui2f                             0x08002bcd   Thumb Code     0  fflt_clz.o(x$fpl$ffltu)
    _ffltu                                   0x08002bcd   Thumb Code    38  fflt_clz.o(x$fpl$ffltu)
    __aeabi_fmul                             0x08002bf5   Thumb Code     0  fmul.o(x$fpl$fmul)
    _fmul                                    0x08002bf5   Thumb Code   258  fmul.o(x$fpl$fmul)
    __fpl_fnaninf                            0x08002cf7   Thumb Code   140  fnaninf.o(x$fpl$fnaninf)
    __fpl_fretinf                            0x08002d83   Thumb Code    10  fretinf.o(x$fpl$fretinf)
    __aeabi_frsub                            0x08002d8d   Thumb Code     0  faddsub_clz.o(x$fpl$frsb)
    _frsb                                    0x08002d8d   Thumb Code    20  faddsub_clz.o(x$fpl$frsb)
    __aeabi_fsub                             0x08002da1   Thumb Code     0  faddsub_clz.o(x$fpl$fsub)
    _fsub                                    0x08002da1   Thumb Code   234  faddsub_clz.o(x$fpl$fsub)
    __I$use$fp                               0x08002e8a   Number         0  usenofp.o(x$fpl$usenofp)
    auchCRCHi                                0x08002e8a   Data         256  communication1.o(.constdata)
    auchCRCLo                                0x08002f8a   Data         256  communication1.o(.constdata)
    Bandwidths                               0x08003090   Data           3  radio.o(.constdata)
    RadioLoRaSymbTime                        0x08003098   Data         192  radio.o(.constdata)
    Region$$Table$$Base                      0x08003158   Number         0  anon$$obj.o(Region$$Table)
    Region$$Table$$Limit                     0x08003178   Number         0  anon$$obj.o(Region$$Table)
    g_RxLen                                  0x20000000   Data           1  test.o(.data)
    irqRegs                                  0x20000001   Data           1  test.o(.data)
    Send                                     0x20000002   Data           1  test.o(.data)
    Test                                     0x20000003   Data          10  test.o(.data)
    SendTime                                 0x20000012   Data           1  time.o(.data)
    UpdateNum                                0x20000013   Data           1  communication1.o(.data)
    ModbusEquipmentExist                     0x20000014   Data           8  communication1.o(.data)
    ReceiveOrSend                            0x2000001c   Data           2  equipment.o(.data)
    Mode                                     0x2000001e   Data           2  equipment.o(.data)
    LocalGroupNumber                         0x20000020   Data           2  equipment.o(.data)
    LocalAddress                             0x20000022   Data           2  equipment.o(.data)
    TargetGroupNumber                        0x20000024   Data           2  equipment.o(.data)
    DestinationAddress                       0x20000026   Data           2  equipment.o(.data)
    PathGroupANumber                         0x20000028   Data           2  equipment.o(.data)
    PathAAddress                             0x2000002a   Data           2  equipment.o(.data)
    PathGroupBNumber                         0x2000002c   Data           2  equipment.o(.data)
    PathBAddress                             0x2000002e   Data           2  equipment.o(.data)
    Channel                                  0x20000030   Data           2  equipment.o(.data)
    ArmChannel                               0x20000032   Data           2  equipment.o(.data)
    TempChannel                              0x20000034   Data           2  equipment.o(.data)
    ADC_1                                    0x20000036   Data           2  equipment.o(.data)
    ADC_2                                    0x20000038   Data           2  equipment.o(.data)
    DAC_1                                    0x2000003a   Data           2  equipment.o(.data)
    DAC_2                                    0x2000003c   Data           2  equipment.o(.data)
    TempDac_1                                0x2000003e   Data           2  equipment.o(.data)
    TempDac_2                                0x20000040   Data           2  equipment.o(.data)
    communication_done                       0x20000042   Data           1  equipment.o(.data)
    Add1                                     0x20000044   Data           2  equipment.o(.data)
    Add2                                     0x20000046   Data           2  equipment.o(.data)
    Add3                                     0x20000048   Data           2  equipment.o(.data)
    Add4                                     0x2000004a   Data           2  equipment.o(.data)
    Add5                                     0x2000004c   Data           2  equipment.o(.data)
    Add6                                     0x2000004e   Data           2  equipment.o(.data)
    RxContinuous                             0x20000052   Data           1  radio.o(.data)
    radio_irq                                0x20000053   Data           1  radio.o(.data)
    MaxPayloadLength                         0x20000054   Data           1  radio.o(.data)
    TxTimeout                                0x20000058   Data           4  radio.o(.data)
    RxTimeout                                0x2000005c   Data           4  radio.o(.data)
    FrequencyError                           0x20000064   Data           4  sx126x_driver.o(.data)
    g_RxBuffer                               0x2000006c   Data          10  test.o(.bss)
    ModbusTx                                 0x20000076   Data         260  communication1.o(.bss)
    ModbusRx                                 0x2000017a   Data         258  communication1.o(.bss)
    DataReceive                              0x2000027c   Data         250  communication1.o(.bss)
    DataReceive6                             0x20000376   Data          20  communication1.o(.bss)
    buff                                     0x2000038a   Data          10  equipment.o(.bss)
    STMFLASH_BUF                             0x20000394   Data        2048  stmflash.o(.bss)
    SX126x                                   0x20000b94   Data          60  radio.o(.bss)
    __libspace_start                         0x20000bd0   Data          96  libspace.o(.bss)
    __temporary_stack_top$libspace           0x20000c30   Data           0  libspace.o(.bss)



==============================================================================

Memory Map of the image

  Image Entry point : 0x080000ed

  Load Region LR_IROM1 (Base: 0x08000000, Size: 0x000031e4, Max: 0x00020000, ABSOLUTE)

    Execution Region ER_IROM1 (Exec base: 0x08000000, Load base: 0x08000000, Size: 0x00003178, Max: 0x00020000, ABSOLUTE)

    Exec Addr    Load Addr    Size         Type   Attr      Idx    E Section Name        Object

    0x08000000   0x08000000   0x000000ec   Data   RO            3    RESET               startup_stm32f10x_md.o
    0x080000ec   0x080000ec   0x00000008   Code   RO          495  * !!!main             c_w.l(__main.o)
    0x080000f4   0x080000f4   0x00000034   Code   RO          699    !!!scatter          c_w.l(__scatter.o)
    0x08000128   0x08000128   0x0000001a   Code   RO          701    !!handler_copy      c_w.l(__scatter_copy.o)
    0x08000142   0x08000142   0x00000002   PAD
    0x08000144   0x08000144   0x0000001c   Code   RO          703    !!handler_zi        c_w.l(__scatter_zi.o)
    0x08000160   0x08000160   0x00000002   Code   RO          567    .ARM.Collect$$libinit$$00000000  c_w.l(libinit.o)
    0x08000162   0x08000162   0x00000000   Code   RO          574    .ARM.Collect$$libinit$$00000002  c_w.l(libinit2.o)
    0x08000162   0x08000162   0x00000000   Code   RO          576    .ARM.Collect$$libinit$$00000004  c_w.l(libinit2.o)
    0x08000162   0x08000162   0x00000000   Code   RO          579    .ARM.Collect$$libinit$$0000000A  c_w.l(libinit2.o)
    0x08000162   0x08000162   0x00000000   Code   RO          581    .ARM.Collect$$libinit$$0000000C  c_w.l(libinit2.o)
    0x08000162   0x08000162   0x00000000   Code   RO          583    .ARM.Collect$$libinit$$0000000E  c_w.l(libinit2.o)
    0x08000162   0x08000162   0x00000000   Code   RO          586    .ARM.Collect$$libinit$$00000011  c_w.l(libinit2.o)
    0x08000162   0x08000162   0x00000000   Code   RO          588    .ARM.Collect$$libinit$$00000013  c_w.l(libinit2.o)
    0x08000162   0x08000162   0x00000000   Code   RO          590    .ARM.Collect$$libinit$$00000015  c_w.l(libinit2.o)
    0x08000162   0x08000162   0x00000000   Code   RO          592    .ARM.Collect$$libinit$$00000017  c_w.l(libinit2.o)
    0x08000162   0x08000162   0x00000000   Code   RO          594    .ARM.Collect$$libinit$$00000019  c_w.l(libinit2.o)
    0x08000162   0x08000162   0x00000000   Code   RO          596    .ARM.Collect$$libinit$$0000001B  c_w.l(libinit2.o)
    0x08000162   0x08000162   0x00000000   Code   RO          598    .ARM.Collect$$libinit$$0000001D  c_w.l(libinit2.o)
    0x08000162   0x08000162   0x00000000   Code   RO          600    .ARM.Collect$$libinit$$0000001F  c_w.l(libinit2.o)
    0x08000162   0x08000162   0x00000000   Code   RO          602    .ARM.Collect$$libinit$$00000021  c_w.l(libinit2.o)
    0x08000162   0x08000162   0x00000000   Code   RO          604    .ARM.Collect$$libinit$$00000023  c_w.l(libinit2.o)
    0x08000162   0x08000162   0x00000000   Code   RO          606    .ARM.Collect$$libinit$$00000025  c_w.l(libinit2.o)
    0x08000162   0x08000162   0x00000000   Code   RO          610    .ARM.Collect$$libinit$$0000002C  c_w.l(libinit2.o)
    0x08000162   0x08000162   0x00000000   Code   RO          612    .ARM.Collect$$libinit$$0000002E  c_w.l(libinit2.o)
    0x08000162   0x08000162   0x00000000   Code   RO          614    .ARM.Collect$$libinit$$00000030  c_w.l(libinit2.o)
    0x08000162   0x08000162   0x00000000   Code   RO          616    .ARM.Collect$$libinit$$00000032  c_w.l(libinit2.o)
    0x08000162   0x08000162   0x00000002   Code   RO          617    .ARM.Collect$$libinit$$00000033  c_w.l(libinit2.o)
    0x08000164   0x08000164   0x00000002   Code   RO          637    .ARM.Collect$$libshutdown$$00000000  c_w.l(libshutdown.o)
    0x08000166   0x08000166   0x00000000   Code   RO          650    .ARM.Collect$$libshutdown$$00000002  c_w.l(libshutdown2.o)
    0x08000166   0x08000166   0x00000000   Code   RO          652    .ARM.Collect$$libshutdown$$00000004  c_w.l(libshutdown2.o)
    0x08000166   0x08000166   0x00000000   Code   RO          654    .ARM.Collect$$libshutdown$$00000006  c_w.l(libshutdown2.o)
    0x08000166   0x08000166   0x00000000   Code   RO          657    .ARM.Collect$$libshutdown$$00000009  c_w.l(libshutdown2.o)
    0x08000166   0x08000166   0x00000000   Code   RO          660    .ARM.Collect$$libshutdown$$0000000C  c_w.l(libshutdown2.o)
    0x08000166   0x08000166   0x00000000   Code   RO          662    .ARM.Collect$$libshutdown$$0000000E  c_w.l(libshutdown2.o)
    0x08000166   0x08000166   0x00000000   Code   RO          665    .ARM.Collect$$libshutdown$$00000011  c_w.l(libshutdown2.o)
    0x08000166   0x08000166   0x00000002   Code   RO          666    .ARM.Collect$$libshutdown$$00000012  c_w.l(libshutdown2.o)
    0x08000168   0x08000168   0x00000000   Code   RO          533    .ARM.Collect$$rtentry$$00000000  c_w.l(__rtentry.o)
    0x08000168   0x08000168   0x00000000   Code   RO          544    .ARM.Collect$$rtentry$$00000002  c_w.l(__rtentry2.o)
    0x08000168   0x08000168   0x00000006   Code   RO          556    .ARM.Collect$$rtentry$$00000004  c_w.l(__rtentry4.o)
    0x0800016e   0x0800016e   0x00000000   Code   RO          546    .ARM.Collect$$rtentry$$00000009  c_w.l(__rtentry2.o)
    0x0800016e   0x0800016e   0x00000004   Code   RO          547    .ARM.Collect$$rtentry$$0000000A  c_w.l(__rtentry2.o)
    0x08000172   0x08000172   0x00000000   Code   RO          549    .ARM.Collect$$rtentry$$0000000C  c_w.l(__rtentry2.o)
    0x08000172   0x08000172   0x00000008   Code   RO          550    .ARM.Collect$$rtentry$$0000000D  c_w.l(__rtentry2.o)
    0x0800017a   0x0800017a   0x00000002   Code   RO          571    .ARM.Collect$$rtexit$$00000000  c_w.l(rtexit.o)
    0x0800017c   0x0800017c   0x00000000   Code   RO          619    .ARM.Collect$$rtexit$$00000002  c_w.l(rtexit2.o)
    0x0800017c   0x0800017c   0x00000004   Code   RO          620    .ARM.Collect$$rtexit$$00000003  c_w.l(rtexit2.o)
    0x08000180   0x08000180   0x00000006   Code   RO          621    .ARM.Collect$$rtexit$$00000004  c_w.l(rtexit2.o)
    0x08000186   0x08000186   0x00000002   PAD
    0x08000188   0x08000188   0x0000000c   Code   RO          128    .emb_text           sys.o
    0x08000194   0x08000194   0x00000038   Code   RO            4    .text               startup_stm32f10x_md.o
    0x080001cc   0x080001cc   0x0000019c   Code   RO           13    .text               test.o
    0x08000368   0x08000368   0x000000b0   Code   RO          102    .text               delay.o
    0x08000418   0x08000418   0x000002bc   Code   RO          129    .text               sys.o
    0x080006d4   0x080006d4   0x0000019c   Code   RO          156    .text               adc.o
    0x08000870   0x08000870   0x0000038c   Code   RO          180    .text               uart.o
    0x08000bfc   0x08000bfc   0x00000124   Code   RO          204    .text               time.o
    0x08000d20   0x08000d20   0x000002d4   Code   RO          234    .text               communication1.o
    0x08000ff4   0x08000ff4   0x00000510   Code   RO          324    .text               stmflash.o
    0x08001504   0x08001504   0x00000074   Code   RO          351    .text               show1.o
    0x08001578   0x08001578   0x000000ac   Code   RO          380    .text               myspi.o
    0x08001624   0x08001624   0x0000048c   Code   RO          407    .text               radio.o
    0x08001ab0   0x08001ab0   0x000009f0   Code   RO          440    .text               sx126x_driver.o
    0x080024a0   0x080024a0   0x00000052   Code   RO          470    .text               utilities.o
    0x080024f2   0x080024f2   0x00000006   Code   RO          493    .text               c_w.l(heapauxi.o)
    0x080024f8   0x080024f8   0x0000004a   Code   RO          558    .text               c_w.l(sys_stackheap_outer.o)
    0x08002542   0x08002542   0x00000012   Code   RO          560    .text               c_w.l(exit.o)
    0x08002554   0x08002554   0x00000008   Code   RO          568    .text               c_w.l(libspace.o)
    0x0800255c   0x0800255c   0x0000000c   Code   RO          629    .text               c_w.l(sys_exit.o)
    0x08002568   0x08002568   0x00000002   Code   RO          640    .text               c_w.l(use_no_semi.o)
    0x0800256a   0x0800256a   0x00000000   Code   RO          642    .text               c_w.l(indicate_semi.o)
    0x0800256a   0x0800256a   0x00000002   PAD
    0x0800256c   0x0800256c   0x000002b0   Code   RO          498    x$fpl$ddiv          fz_ws.l(ddiv.o)
    0x0800281c   0x0800281c   0x0000005a   Code   RO          501    x$fpl$dfixu         fz_ws.l(dfixu.o)
    0x08002876   0x08002876   0x00000026   Code   RO          505    x$fpl$dfltu         fz_ws.l(dflt_clz.o)
    0x0800289c   0x0800289c   0x0000009c   Code   RO          534    x$fpl$dnaninf       fz_ws.l(dnaninf.o)
    0x08002938   0x08002938   0x0000000c   Code   RO          536    x$fpl$dretinf       fz_ws.l(dretinf.o)
    0x08002944   0x08002944   0x000000c4   Code   RO          511    x$fpl$fadd          fz_ws.l(faddsub_clz.o)
    0x08002a08   0x08002a08   0x00000184   Code   RO          518    x$fpl$fdiv          fz_ws.l(fdiv.o)
    0x08002b8c   0x08002b8c   0x0000003e   Code   RO          521    x$fpl$ffixu         fz_ws.l(ffixu.o)
    0x08002bca   0x08002bca   0x00000002   PAD
    0x08002bcc   0x08002bcc   0x00000026   Code   RO          525    x$fpl$ffltu         fz_ws.l(fflt_clz.o)
    0x08002bf2   0x08002bf2   0x00000002   PAD
    0x08002bf4   0x08002bf4   0x00000102   Code   RO          531    x$fpl$fmul          fz_ws.l(fmul.o)
    0x08002cf6   0x08002cf6   0x0000008c   Code   RO          538    x$fpl$fnaninf       fz_ws.l(fnaninf.o)
    0x08002d82   0x08002d82   0x0000000a   Code   RO          540    x$fpl$fretinf       fz_ws.l(fretinf.o)
    0x08002d8c   0x08002d8c   0x00000014   Code   RO          512    x$fpl$frsb          fz_ws.l(faddsub_clz.o)
    0x08002da0   0x08002da0   0x000000ea   Code   RO          513    x$fpl$fsub          fz_ws.l(faddsub_clz.o)
    0x08002e8a   0x08002e8a   0x00000000   Code   RO          542    x$fpl$usenofp       fz_ws.l(usenofp.o)
    0x08002e8a   0x08002e8a   0x00000200   Data   RO          236    .constdata          communication1.o
    0x0800308a   0x0800308a   0x00000006   PAD
    0x08003090   0x08003090   0x000000c8   Data   RO          409    .constdata          radio.o
    0x08003158   0x08003158   0x00000020   Data   RO          697    Region$$Table       anon$$obj.o


    Execution Region RW_IRAM1 (Exec base: 0x20000000, Load base: 0x08003178, Size: 0x00001230, Max: 0x00005000, ABSOLUTE)

    Exec Addr    Load Addr    Size         Type   Attr      Idx    E Section Name        Object

    0x20000000   0x08003178   0x0000000d   Data   RW           15    .data               test.o
    0x2000000d   0x08003185   0x00000001   PAD
    0x2000000e   0x08003186   0x00000004   Data   RW          103    .data               delay.o
    0x20000012   0x0800318a   0x00000001   Data   RW          205    .data               time.o
    0x20000013   0x0800318b   0x00000009   Data   RW          237    .data               communication1.o
    0x2000001c   0x08003194   0x00000034   Data   RW          270    .data               equipment.o
    0x20000050   0x080031c8   0x00000010   Data   RW          410    .data               radio.o
    0x20000060   0x080031d8   0x00000009   Data   RW          441    .data               sx126x_driver.o
    0x20000069   0x080031e1   0x00000003   PAD
    0x2000006c        -       0x0000000a   Zero   RW           14    .bss                test.o
    0x20000076        -       0x00000314   Zero   RW          235    .bss                communication1.o
    0x2000038a        -       0x0000000a   Zero   RW          269    .bss                equipment.o
    0x20000394        -       0x00000800   Zero   RW          325    .bss                stmflash.o
    0x20000b94        -       0x0000003c   Zero   RW          408    .bss                radio.o
    0x20000bd0        -       0x00000060   Zero   RW          569    .bss                c_w.l(libspace.o)
    0x20000c30        -       0x00000200   Zero   RW            2    HEAP                startup_stm32f10x_md.o
    0x20000e30        -       0x00000400   Zero   RW            1    STACK               startup_stm32f10x_md.o


==============================================================================

Image component sizes


      Code (inc. data)   RO Data    RW Data    ZI Data      Debug   Object Name

       412         18          0          0          0       1128   adc.o
       724         44        512          9        788       5335   communication1.o
       176          8          0          4          0       1103   delay.o
         0          0          0         52         10       1717   equipment.o
       172         22          0          0          0       1199   myspi.o
      1164         42        200         16         60      10142   radio.o
       116         20          0          0          0       2315   show1.o
        56         22        236          0       1536        836   startup_stm32f10x_md.o
      1296        122          0          0       2048       8526   stmflash.o
      2544        106          0          9          0      15358   sx126x_driver.o
       712         46          0          0          0       2891   sys.o
       412         50          0         13         10     215086   test.o
       292         16          0          1          0       1561   time.o
       908         32          0          0          0       3620   uart.o
        82          0          0          0          0       1599   utilities.o

    ----------------------------------------------------------------------
      9066        548        986        108       4452     272416   Object Totals
         0          0         32          0          0          0   (incl. Generated)
         0          0          6          4          0          0   (incl. Padding)

    ----------------------------------------------------------------------

      Code (inc. data)   RO Data    RW Data    ZI Data      Debug   Library Member Name

         8          0          0          0          0         68   __main.o
         0          0          0          0          0          0   __rtentry.o
        12          0          0          0          0          0   __rtentry2.o
         6          0          0          0          0          0   __rtentry4.o
        52          8          0          0          0          0   __scatter.o
        26          0          0          0          0          0   __scatter_copy.o
        28          0          0          0          0          0   __scatter_zi.o
        18          0          0          0          0         80   exit.o
         6          0          0          0          0        152   heapauxi.o
         0          0          0          0          0          0   indicate_semi.o
         2          0          0          0          0          0   libinit.o
         2          0          0          0          0          0   libinit2.o
         2          0          0          0          0          0   libshutdown.o
         2          0          0          0          0          0   libshutdown2.o
         8          4          0          0         96         68   libspace.o
         2          0          0          0          0          0   rtexit.o
        10          0          0          0          0          0   rtexit2.o
        12          4          0          0          0         68   sys_exit.o
        74          0          0          0          0         80   sys_stackheap_outer.o
         2          0          0          0          0         68   use_no_semi.o
       688        140          0          0          0        208   ddiv.o
        90          4          0          0          0         92   dfixu.o
        38          0          0          0          0         68   dflt_clz.o
       156          4          0          0          0         92   dnaninf.o
        12          0          0          0          0         68   dretinf.o
       450          8          0          0          0        236   faddsub_clz.o
       388         76          0          0          0         96   fdiv.o
        62          4          0          0          0         84   ffixu.o
        38          0          0          0          0         68   fflt_clz.o
       258          4          0          0          0         84   fmul.o
       140          4          0          0          0         84   fnaninf.o
        10          0          0          0          0         68   fretinf.o
         0          0          0          0          0          0   usenofp.o

    ----------------------------------------------------------------------
      2612        260          0          0         96       1832   Library Totals
        10          0          0          0          0          0   (incl. Padding)

    ----------------------------------------------------------------------

      Code (inc. data)   RO Data    RW Data    ZI Data      Debug   Library Name

       272         16          0          0         96        584   c_w.l
      2330        244          0          0          0       1248   fz_ws.l

    ----------------------------------------------------------------------
      2612        260          0          0         96       1832   Library Totals

    ----------------------------------------------------------------------

==============================================================================


      Code (inc. data)   RO Data    RW Data    ZI Data      Debug   

     11678        808        986        108       4548     271956   Grand Totals
     11678        808        986        108       4548     271956   ELF Image Totals
     11678        808        986        108          0          0   ROM Totals

==============================================================================

    Total RO  Size (Code + RO Data)                12664 (  12.37kB)
    Total RW  Size (RW Data + ZI Data)              4656 (   4.55kB)
    Total ROM Size (Code + RO Data + RW Data)      12772 (  12.47kB)

==============================================================================

