<!doctype html public "-//w3c//dtd html 4.0 transitional//en">
<html><head>
<title>Static Call Graph - [..\OBJ\test.axf]</title></head>
<body><HR>
<H1>Static Call Graph for image ..\OBJ\test.axf</H1><HR>
<BR><P>#&#060CALLGRAPH&#062# ARM Linker, 5060960: Last Updated: Sun Nov 03 13:16:43 2024
<BR><P>
<H3>Maximum Stack Usage =        176 bytes + Unknown(Functions without stacksize, Cycles, Untraceable Function Pointers)</H3><H3>
Call chain for Maximum Stack Depth:</H3>
__rt_entry_main &rArr; main &rArr; RadioSetTxConfig &rArr; SX126xSetTxParams &rArr; SX126xSetPaConfig &rArr; SX126xWriteCommand &rArr; SX126xCheckDeviceReady &rArr; SX126xWakeup &rArr; drv_spi_read_write_byte
<P>
<H3>
Functions with no stack information
</H3><UL>
 <LI><a href="#[102]">__user_initial_stackheap</a>
</UL>
</UL>
<P>
<H3>
Mutually Recursive functions
</H3> <LI><a href="#[4]">NMI_Handler</a>&nbsp;&nbsp;&nbsp;&rArr;&nbsp;&nbsp;&nbsp;<a href="#[4]">NMI_Handler</a><BR>
 <LI><a href="#[5]">HardFault_Handler</a>&nbsp;&nbsp;&nbsp;&rArr;&nbsp;&nbsp;&nbsp;<a href="#[5]">HardFault_Handler</a><BR>
 <LI><a href="#[6]">MemManage_Handler</a>&nbsp;&nbsp;&nbsp;&rArr;&nbsp;&nbsp;&nbsp;<a href="#[6]">MemManage_Handler</a><BR>
 <LI><a href="#[7]">BusFault_Handler</a>&nbsp;&nbsp;&nbsp;&rArr;&nbsp;&nbsp;&nbsp;<a href="#[7]">BusFault_Handler</a><BR>
 <LI><a href="#[8]">UsageFault_Handler</a>&nbsp;&nbsp;&nbsp;&rArr;&nbsp;&nbsp;&nbsp;<a href="#[8]">UsageFault_Handler</a><BR>
 <LI><a href="#[9]">SVC_Handler</a>&nbsp;&nbsp;&nbsp;&rArr;&nbsp;&nbsp;&nbsp;<a href="#[9]">SVC_Handler</a><BR>
 <LI><a href="#[a]">DebugMon_Handler</a>&nbsp;&nbsp;&nbsp;&rArr;&nbsp;&nbsp;&nbsp;<a href="#[a]">DebugMon_Handler</a><BR>
 <LI><a href="#[b]">PendSV_Handler</a>&nbsp;&nbsp;&nbsp;&rArr;&nbsp;&nbsp;&nbsp;<a href="#[b]">PendSV_Handler</a><BR>
 <LI><a href="#[c]">SysTick_Handler</a>&nbsp;&nbsp;&nbsp;&rArr;&nbsp;&nbsp;&nbsp;<a href="#[c]">SysTick_Handler</a><BR>
 <LI><a href="#[1f]">ADC1_2_IRQHandler</a>&nbsp;&nbsp;&nbsp;&rArr;&nbsp;&nbsp;&nbsp;<a href="#[1f]">ADC1_2_IRQHandler</a><BR>
</UL>
<P>
<H3>
Function Pointers
</H3><UL>
 <LI><a href="#[1f]">ADC1_2_IRQHandler</a> from startup_stm32f10x_md.o(.text) referenced from startup_stm32f10x_md.o(RESET)
 <LI><a href="#[7]">BusFault_Handler</a> from startup_stm32f10x_md.o(.text) referenced from startup_stm32f10x_md.o(RESET)
 <LI><a href="#[22]">CAN1_RX1_IRQHandler</a> from startup_stm32f10x_md.o(.text) referenced from startup_stm32f10x_md.o(RESET)
 <LI><a href="#[23]">CAN1_SCE_IRQHandler</a> from startup_stm32f10x_md.o(.text) referenced from startup_stm32f10x_md.o(RESET)
 <LI><a href="#[18]">DMA1_Channel1_IRQHandler</a> from startup_stm32f10x_md.o(.text) referenced from startup_stm32f10x_md.o(RESET)
 <LI><a href="#[19]">DMA1_Channel2_IRQHandler</a> from startup_stm32f10x_md.o(.text) referenced from startup_stm32f10x_md.o(RESET)
 <LI><a href="#[1a]">DMA1_Channel3_IRQHandler</a> from startup_stm32f10x_md.o(.text) referenced from startup_stm32f10x_md.o(RESET)
 <LI><a href="#[1b]">DMA1_Channel4_IRQHandler</a> from startup_stm32f10x_md.o(.text) referenced from startup_stm32f10x_md.o(RESET)
 <LI><a href="#[1c]">DMA1_Channel5_IRQHandler</a> from startup_stm32f10x_md.o(.text) referenced from startup_stm32f10x_md.o(RESET)
 <LI><a href="#[1d]">DMA1_Channel6_IRQHandler</a> from startup_stm32f10x_md.o(.text) referenced from startup_stm32f10x_md.o(RESET)
 <LI><a href="#[1e]">DMA1_Channel7_IRQHandler</a> from startup_stm32f10x_md.o(.text) referenced from startup_stm32f10x_md.o(RESET)
 <LI><a href="#[a]">DebugMon_Handler</a> from startup_stm32f10x_md.o(.text) referenced from startup_stm32f10x_md.o(RESET)
 <LI><a href="#[13]">EXTI0_IRQHandler</a> from startup_stm32f10x_md.o(.text) referenced from startup_stm32f10x_md.o(RESET)
 <LI><a href="#[35]">EXTI15_10_IRQHandler</a> from startup_stm32f10x_md.o(.text) referenced from startup_stm32f10x_md.o(RESET)
 <LI><a href="#[14]">EXTI1_IRQHandler</a> from startup_stm32f10x_md.o(.text) referenced from startup_stm32f10x_md.o(RESET)
 <LI><a href="#[15]">EXTI2_IRQHandler</a> from startup_stm32f10x_md.o(.text) referenced from startup_stm32f10x_md.o(RESET)
 <LI><a href="#[16]">EXTI3_IRQHandler</a> from startup_stm32f10x_md.o(.text) referenced from startup_stm32f10x_md.o(RESET)
 <LI><a href="#[17]">EXTI4_IRQHandler</a> from startup_stm32f10x_md.o(.text) referenced from startup_stm32f10x_md.o(RESET)
 <LI><a href="#[24]">EXTI9_5_IRQHandler</a> from startup_stm32f10x_md.o(.text) referenced from startup_stm32f10x_md.o(RESET)
 <LI><a href="#[11]">FLASH_IRQHandler</a> from startup_stm32f10x_md.o(.text) referenced from startup_stm32f10x_md.o(RESET)
 <LI><a href="#[5]">HardFault_Handler</a> from startup_stm32f10x_md.o(.text) referenced from startup_stm32f10x_md.o(RESET)
 <LI><a href="#[2d]">I2C1_ER_IRQHandler</a> from startup_stm32f10x_md.o(.text) referenced from startup_stm32f10x_md.o(RESET)
 <LI><a href="#[2c]">I2C1_EV_IRQHandler</a> from startup_stm32f10x_md.o(.text) referenced from startup_stm32f10x_md.o(RESET)
 <LI><a href="#[2f]">I2C2_ER_IRQHandler</a> from startup_stm32f10x_md.o(.text) referenced from startup_stm32f10x_md.o(RESET)
 <LI><a href="#[2e]">I2C2_EV_IRQHandler</a> from startup_stm32f10x_md.o(.text) referenced from startup_stm32f10x_md.o(RESET)
 <LI><a href="#[6]">MemManage_Handler</a> from startup_stm32f10x_md.o(.text) referenced from startup_stm32f10x_md.o(RESET)
 <LI><a href="#[4]">NMI_Handler</a> from startup_stm32f10x_md.o(.text) referenced from startup_stm32f10x_md.o(RESET)
 <LI><a href="#[e]">PVD_IRQHandler</a> from startup_stm32f10x_md.o(.text) referenced from startup_stm32f10x_md.o(RESET)
 <LI><a href="#[b]">PendSV_Handler</a> from startup_stm32f10x_md.o(.text) referenced from startup_stm32f10x_md.o(RESET)
 <LI><a href="#[12]">RCC_IRQHandler</a> from startup_stm32f10x_md.o(.text) referenced from startup_stm32f10x_md.o(RESET)
 <LI><a href="#[36]">RTCAlarm_IRQHandler</a> from startup_stm32f10x_md.o(.text) referenced from startup_stm32f10x_md.o(RESET)
 <LI><a href="#[10]">RTC_IRQHandler</a> from startup_stm32f10x_md.o(.text) referenced from startup_stm32f10x_md.o(RESET)
 <LI><a href="#[3]">Reset_Handler</a> from startup_stm32f10x_md.o(.text) referenced from startup_stm32f10x_md.o(RESET)
 <LI><a href="#[30]">SPI1_IRQHandler</a> from startup_stm32f10x_md.o(.text) referenced from startup_stm32f10x_md.o(RESET)
 <LI><a href="#[31]">SPI2_IRQHandler</a> from startup_stm32f10x_md.o(.text) referenced from startup_stm32f10x_md.o(RESET)
 <LI><a href="#[9]">SVC_Handler</a> from startup_stm32f10x_md.o(.text) referenced from startup_stm32f10x_md.o(RESET)
 <LI><a href="#[c]">SysTick_Handler</a> from startup_stm32f10x_md.o(.text) referenced from startup_stm32f10x_md.o(RESET)
 <LI><a href="#[f]">TAMPER_IRQHandler</a> from startup_stm32f10x_md.o(.text) referenced from startup_stm32f10x_md.o(RESET)
 <LI><a href="#[25]">TIM1_BRK_IRQHandler</a> from startup_stm32f10x_md.o(.text) referenced from startup_stm32f10x_md.o(RESET)
 <LI><a href="#[28]">TIM1_CC_IRQHandler</a> from startup_stm32f10x_md.o(.text) referenced from startup_stm32f10x_md.o(RESET)
 <LI><a href="#[27]">TIM1_TRG_COM_IRQHandler</a> from startup_stm32f10x_md.o(.text) referenced from startup_stm32f10x_md.o(RESET)
 <LI><a href="#[26]">TIM1_UP_IRQHandler</a> from startup_stm32f10x_md.o(.text) referenced from startup_stm32f10x_md.o(RESET)
 <LI><a href="#[29]">TIM2_IRQHandler</a> from time.o(.text) referenced from startup_stm32f10x_md.o(RESET)
 <LI><a href="#[2a]">TIM3_IRQHandler</a> from time.o(.text) referenced from startup_stm32f10x_md.o(RESET)
 <LI><a href="#[2b]">TIM4_IRQHandler</a> from startup_stm32f10x_md.o(.text) referenced from startup_stm32f10x_md.o(RESET)
 <LI><a href="#[32]">USART1_IRQHandler</a> from communication1.o(.text) referenced from startup_stm32f10x_md.o(RESET)
 <LI><a href="#[33]">USART2_IRQHandler</a> from startup_stm32f10x_md.o(.text) referenced from startup_stm32f10x_md.o(RESET)
 <LI><a href="#[34]">USART3_IRQHandler</a> from startup_stm32f10x_md.o(.text) referenced from startup_stm32f10x_md.o(RESET)
 <LI><a href="#[37]">USBWakeUp_IRQHandler</a> from startup_stm32f10x_md.o(.text) referenced from startup_stm32f10x_md.o(RESET)
 <LI><a href="#[20]">USB_HP_CAN1_TX_IRQHandler</a> from startup_stm32f10x_md.o(.text) referenced from startup_stm32f10x_md.o(RESET)
 <LI><a href="#[21]">USB_LP_CAN1_RX0_IRQHandler</a> from startup_stm32f10x_md.o(.text) referenced from startup_stm32f10x_md.o(RESET)
 <LI><a href="#[8]">UsageFault_Handler</a> from startup_stm32f10x_md.o(.text) referenced from startup_stm32f10x_md.o(RESET)
 <LI><a href="#[d]">WWDG_IRQHandler</a> from startup_stm32f10x_md.o(.text) referenced from startup_stm32f10x_md.o(RESET)
 <LI><a href="#[39]">__main</a> from __main.o(!!!main) referenced from startup_stm32f10x_md.o(.text)
</UL>
<P>
<H3>
Global Symbols
</H3>
<P><STRONG><a name="[39]"></a>__main</STRONG> (Thumb, 8 bytes, Stack size 0 bytes, __main.o(!!!main))
<BR><BR>[Calls]<UL><LI><a href="#[3a]">&gt;&gt;</a>&nbsp;&nbsp;&nbsp;__scatterload
<LI><a href="#[3b]">&gt;&gt;</a>&nbsp;&nbsp;&nbsp;__rt_entry
</UL>

<P><STRONG><a name="[3a]"></a>__scatterload</STRONG> (Thumb, 0 bytes, Stack size unknown bytes, __scatter.o(!!!scatter))
<BR><BR>[Called By]<UL><LI><a href="#[39]">&gt;&gt;</a>&nbsp;&nbsp;&nbsp;__main
</UL>

<P><STRONG><a name="[3c]"></a>__scatterload_rt2</STRONG> (Thumb, 44 bytes, Stack size unknown bytes, __scatter.o(!!!scatter), UNUSED)
<BR><BR>[Calls]<UL><LI><a href="#[3b]">&gt;&gt;</a>&nbsp;&nbsp;&nbsp;__rt_entry
</UL>

<P><STRONG><a name="[112]"></a>__scatterload_rt2_thumb_only</STRONG> (Thumb, 0 bytes, Stack size unknown bytes, __scatter.o(!!!scatter), UNUSED)

<P><STRONG><a name="[113]"></a>__scatterload_null</STRONG> (Thumb, 0 bytes, Stack size unknown bytes, __scatter.o(!!!scatter), UNUSED)

<P><STRONG><a name="[3d]"></a>__scatterload_copy</STRONG> (Thumb, 26 bytes, Stack size unknown bytes, __scatter_copy.o(!!handler_copy), UNUSED)
<BR><BR>[Calls]<UL><LI><a href="#[3d]">&gt;&gt;</a>&nbsp;&nbsp;&nbsp;__scatterload_copy
</UL>
<BR>[Called By]<UL><LI><a href="#[3d]">&gt;&gt;</a>&nbsp;&nbsp;&nbsp;__scatterload_copy
</UL>

<P><STRONG><a name="[114]"></a>__scatterload_zeroinit</STRONG> (Thumb, 28 bytes, Stack size unknown bytes, __scatter_zi.o(!!handler_zi), UNUSED)

<P><STRONG><a name="[41]"></a>__rt_lib_init</STRONG> (Thumb, 0 bytes, Stack size unknown bytes, libinit.o(.ARM.Collect$$libinit$$00000000))
<BR><BR>[Called By]<UL><LI><a href="#[40]">&gt;&gt;</a>&nbsp;&nbsp;&nbsp;__rt_entry_li
</UL>

<P><STRONG><a name="[115]"></a>__rt_lib_init_alloca_1</STRONG> (Thumb, 0 bytes, Stack size unknown bytes, libinit2.o(.ARM.Collect$$libinit$$0000002E))

<P><STRONG><a name="[116]"></a>__rt_lib_init_argv_1</STRONG> (Thumb, 0 bytes, Stack size unknown bytes, libinit2.o(.ARM.Collect$$libinit$$0000002C))

<P><STRONG><a name="[117]"></a>__rt_lib_init_atexit_1</STRONG> (Thumb, 0 bytes, Stack size unknown bytes, libinit2.o(.ARM.Collect$$libinit$$0000001B))

<P><STRONG><a name="[118]"></a>__rt_lib_init_clock_1</STRONG> (Thumb, 0 bytes, Stack size unknown bytes, libinit2.o(.ARM.Collect$$libinit$$00000021))

<P><STRONG><a name="[119]"></a>__rt_lib_init_cpp_1</STRONG> (Thumb, 0 bytes, Stack size unknown bytes, libinit2.o(.ARM.Collect$$libinit$$00000032))

<P><STRONG><a name="[11a]"></a>__rt_lib_init_exceptions_1</STRONG> (Thumb, 0 bytes, Stack size unknown bytes, libinit2.o(.ARM.Collect$$libinit$$00000030))

<P><STRONG><a name="[11b]"></a>__rt_lib_init_fp_1</STRONG> (Thumb, 0 bytes, Stack size unknown bytes, libinit2.o(.ARM.Collect$$libinit$$00000002))

<P><STRONG><a name="[11c]"></a>__rt_lib_init_fp_trap_1</STRONG> (Thumb, 0 bytes, Stack size unknown bytes, libinit2.o(.ARM.Collect$$libinit$$0000001F))

<P><STRONG><a name="[11d]"></a>__rt_lib_init_getenv_1</STRONG> (Thumb, 0 bytes, Stack size unknown bytes, libinit2.o(.ARM.Collect$$libinit$$00000023))

<P><STRONG><a name="[11e]"></a>__rt_lib_init_heap_1</STRONG> (Thumb, 0 bytes, Stack size unknown bytes, libinit2.o(.ARM.Collect$$libinit$$0000000A))

<P><STRONG><a name="[11f]"></a>__rt_lib_init_lc_collate_1</STRONG> (Thumb, 0 bytes, Stack size unknown bytes, libinit2.o(.ARM.Collect$$libinit$$00000011))

<P><STRONG><a name="[120]"></a>__rt_lib_init_lc_ctype_1</STRONG> (Thumb, 0 bytes, Stack size unknown bytes, libinit2.o(.ARM.Collect$$libinit$$00000013))

<P><STRONG><a name="[121]"></a>__rt_lib_init_lc_monetary_1</STRONG> (Thumb, 0 bytes, Stack size unknown bytes, libinit2.o(.ARM.Collect$$libinit$$00000015))

<P><STRONG><a name="[122]"></a>__rt_lib_init_lc_numeric_1</STRONG> (Thumb, 0 bytes, Stack size unknown bytes, libinit2.o(.ARM.Collect$$libinit$$00000017))

<P><STRONG><a name="[123]"></a>__rt_lib_init_lc_time_1</STRONG> (Thumb, 0 bytes, Stack size unknown bytes, libinit2.o(.ARM.Collect$$libinit$$00000019))

<P><STRONG><a name="[124]"></a>__rt_lib_init_preinit_1</STRONG> (Thumb, 0 bytes, Stack size unknown bytes, libinit2.o(.ARM.Collect$$libinit$$00000004))

<P><STRONG><a name="[125]"></a>__rt_lib_init_rand_1</STRONG> (Thumb, 0 bytes, Stack size unknown bytes, libinit2.o(.ARM.Collect$$libinit$$0000000E))

<P><STRONG><a name="[126]"></a>__rt_lib_init_return</STRONG> (Thumb, 0 bytes, Stack size unknown bytes, libinit2.o(.ARM.Collect$$libinit$$00000033))

<P><STRONG><a name="[127]"></a>__rt_lib_init_signal_1</STRONG> (Thumb, 0 bytes, Stack size unknown bytes, libinit2.o(.ARM.Collect$$libinit$$0000001D))

<P><STRONG><a name="[128]"></a>__rt_lib_init_stdio_1</STRONG> (Thumb, 0 bytes, Stack size unknown bytes, libinit2.o(.ARM.Collect$$libinit$$00000025))

<P><STRONG><a name="[129]"></a>__rt_lib_init_user_alloc_1</STRONG> (Thumb, 0 bytes, Stack size unknown bytes, libinit2.o(.ARM.Collect$$libinit$$0000000C))

<P><STRONG><a name="[46]"></a>__rt_lib_shutdown</STRONG> (Thumb, 0 bytes, Stack size unknown bytes, libshutdown.o(.ARM.Collect$$libshutdown$$00000000))
<BR><BR>[Called By]<UL><LI><a href="#[45]">&gt;&gt;</a>&nbsp;&nbsp;&nbsp;__rt_exit_ls
</UL>

<P><STRONG><a name="[12a]"></a>__rt_lib_shutdown_cpp_1</STRONG> (Thumb, 0 bytes, Stack size unknown bytes, libshutdown2.o(.ARM.Collect$$libshutdown$$00000004))

<P><STRONG><a name="[12b]"></a>__rt_lib_shutdown_fini_1</STRONG> (Thumb, 0 bytes, Stack size unknown bytes, libshutdown2.o(.ARM.Collect$$libshutdown$$00000002))

<P><STRONG><a name="[12c]"></a>__rt_lib_shutdown_fp_trap_1</STRONG> (Thumb, 0 bytes, Stack size unknown bytes, libshutdown2.o(.ARM.Collect$$libshutdown$$00000009))

<P><STRONG><a name="[12d]"></a>__rt_lib_shutdown_heap_1</STRONG> (Thumb, 0 bytes, Stack size unknown bytes, libshutdown2.o(.ARM.Collect$$libshutdown$$00000011))

<P><STRONG><a name="[12e]"></a>__rt_lib_shutdown_return</STRONG> (Thumb, 0 bytes, Stack size unknown bytes, libshutdown2.o(.ARM.Collect$$libshutdown$$00000012))

<P><STRONG><a name="[12f]"></a>__rt_lib_shutdown_signal_1</STRONG> (Thumb, 0 bytes, Stack size unknown bytes, libshutdown2.o(.ARM.Collect$$libshutdown$$0000000C))

<P><STRONG><a name="[130]"></a>__rt_lib_shutdown_stdio_1</STRONG> (Thumb, 0 bytes, Stack size unknown bytes, libshutdown2.o(.ARM.Collect$$libshutdown$$00000006))

<P><STRONG><a name="[131]"></a>__rt_lib_shutdown_user_alloc_1</STRONG> (Thumb, 0 bytes, Stack size unknown bytes, libshutdown2.o(.ARM.Collect$$libshutdown$$0000000E))

<P><STRONG><a name="[3b]"></a>__rt_entry</STRONG> (Thumb, 0 bytes, Stack size unknown bytes, __rtentry.o(.ARM.Collect$$rtentry$$00000000))
<BR><BR>[Called By]<UL><LI><a href="#[39]">&gt;&gt;</a>&nbsp;&nbsp;&nbsp;__main
<LI><a href="#[3c]">&gt;&gt;</a>&nbsp;&nbsp;&nbsp;__scatterload_rt2
</UL>

<P><STRONG><a name="[132]"></a>__rt_entry_presh_1</STRONG> (Thumb, 0 bytes, Stack size unknown bytes, __rtentry2.o(.ARM.Collect$$rtentry$$00000002))

<P><STRONG><a name="[3e]"></a>__rt_entry_sh</STRONG> (Thumb, 0 bytes, Stack size unknown bytes, __rtentry4.o(.ARM.Collect$$rtentry$$00000004))
<BR><BR>[Stack]<UL><LI>Max Depth = 8 + Unknown Stack Size
<LI>Call Chain = __rt_entry_sh &rArr; __user_setup_stackheap
</UL>
<BR>[Calls]<UL><LI><a href="#[3f]">&gt;&gt;</a>&nbsp;&nbsp;&nbsp;__user_setup_stackheap
</UL>

<P><STRONG><a name="[40]"></a>__rt_entry_li</STRONG> (Thumb, 0 bytes, Stack size unknown bytes, __rtentry2.o(.ARM.Collect$$rtentry$$0000000A))
<BR><BR>[Calls]<UL><LI><a href="#[41]">&gt;&gt;</a>&nbsp;&nbsp;&nbsp;__rt_lib_init
</UL>

<P><STRONG><a name="[133]"></a>__rt_entry_postsh_1</STRONG> (Thumb, 0 bytes, Stack size unknown bytes, __rtentry2.o(.ARM.Collect$$rtentry$$00000009))

<P><STRONG><a name="[42]"></a>__rt_entry_main</STRONG> (Thumb, 0 bytes, Stack size unknown bytes, __rtentry2.o(.ARM.Collect$$rtentry$$0000000D))
<BR><BR>[Stack]<UL><LI>Max Depth = 176 + Unknown Stack Size
<LI>Call Chain = __rt_entry_main &rArr; main &rArr; RadioSetTxConfig &rArr; SX126xSetTxParams &rArr; SX126xSetPaConfig &rArr; SX126xWriteCommand &rArr; SX126xCheckDeviceReady &rArr; SX126xWakeup &rArr; drv_spi_read_write_byte
</UL>
<BR>[Calls]<UL><LI><a href="#[43]">&gt;&gt;</a>&nbsp;&nbsp;&nbsp;main
<LI><a href="#[44]">&gt;&gt;</a>&nbsp;&nbsp;&nbsp;exit
</UL>

<P><STRONG><a name="[134]"></a>__rt_entry_postli_1</STRONG> (Thumb, 0 bytes, Stack size unknown bytes, __rtentry2.o(.ARM.Collect$$rtentry$$0000000C))

<P><STRONG><a name="[103]"></a>__rt_exit</STRONG> (Thumb, 0 bytes, Stack size unknown bytes, rtexit.o(.ARM.Collect$$rtexit$$00000000))
<BR><BR>[Called By]<UL><LI><a href="#[44]">&gt;&gt;</a>&nbsp;&nbsp;&nbsp;exit
</UL>

<P><STRONG><a name="[45]"></a>__rt_exit_ls</STRONG> (Thumb, 0 bytes, Stack size unknown bytes, rtexit2.o(.ARM.Collect$$rtexit$$00000003))
<BR><BR>[Calls]<UL><LI><a href="#[46]">&gt;&gt;</a>&nbsp;&nbsp;&nbsp;__rt_lib_shutdown
</UL>

<P><STRONG><a name="[135]"></a>__rt_exit_prels_1</STRONG> (Thumb, 0 bytes, Stack size unknown bytes, rtexit2.o(.ARM.Collect$$rtexit$$00000002))

<P><STRONG><a name="[47]"></a>__rt_exit_exit</STRONG> (Thumb, 0 bytes, Stack size unknown bytes, rtexit2.o(.ARM.Collect$$rtexit$$00000004))
<BR><BR>[Calls]<UL><LI><a href="#[48]">&gt;&gt;</a>&nbsp;&nbsp;&nbsp;_sys_exit
</UL>

<P><STRONG><a name="[62]"></a>WFI_SET</STRONG> (Thumb, 2 bytes, Stack size 0 bytes, sys.o(.emb_text), UNUSED)
<BR><BR>[Called By]<UL><LI><a href="#[61]">&gt;&gt;</a>&nbsp;&nbsp;&nbsp;Sys_Standby
</UL>

<P><STRONG><a name="[136]"></a>INTX_DISABLE</STRONG> (Thumb, 2 bytes, Stack size 0 bytes, sys.o(.emb_text), UNUSED)

<P><STRONG><a name="[137]"></a>INTX_ENABLE</STRONG> (Thumb, 2 bytes, Stack size 0 bytes, sys.o(.emb_text), UNUSED)

<P><STRONG><a name="[138]"></a>MSR_MSP</STRONG> (Thumb, 6 bytes, Stack size 0 bytes, sys.o(.emb_text), UNUSED)

<P><STRONG><a name="[3]"></a>Reset_Handler</STRONG> (Thumb, 4 bytes, Stack size 0 bytes, startup_stm32f10x_md.o(.text))
<BR>[Address Reference Count : 1]<UL><LI> startup_stm32f10x_md.o(RESET)
</UL>
<P><STRONG><a name="[4]"></a>NMI_Handler</STRONG> (Thumb, 2 bytes, Stack size 0 bytes, startup_stm32f10x_md.o(.text))
<BR><BR>[Calls]<UL><LI><a href="#[4]">&gt;&gt;</a>&nbsp;&nbsp;&nbsp;NMI_Handler
</UL>
<BR>[Called By]<UL><LI><a href="#[4]">&gt;&gt;</a>&nbsp;&nbsp;&nbsp;NMI_Handler
</UL>
<BR>[Address Reference Count : 1]<UL><LI> startup_stm32f10x_md.o(RESET)
</UL>
<P><STRONG><a name="[5]"></a>HardFault_Handler</STRONG> (Thumb, 2 bytes, Stack size 0 bytes, startup_stm32f10x_md.o(.text))
<BR><BR>[Calls]<UL><LI><a href="#[5]">&gt;&gt;</a>&nbsp;&nbsp;&nbsp;HardFault_Handler
</UL>
<BR>[Called By]<UL><LI><a href="#[5]">&gt;&gt;</a>&nbsp;&nbsp;&nbsp;HardFault_Handler
</UL>
<BR>[Address Reference Count : 1]<UL><LI> startup_stm32f10x_md.o(RESET)
</UL>
<P><STRONG><a name="[6]"></a>MemManage_Handler</STRONG> (Thumb, 2 bytes, Stack size 0 bytes, startup_stm32f10x_md.o(.text))
<BR><BR>[Calls]<UL><LI><a href="#[6]">&gt;&gt;</a>&nbsp;&nbsp;&nbsp;MemManage_Handler
</UL>
<BR>[Called By]<UL><LI><a href="#[6]">&gt;&gt;</a>&nbsp;&nbsp;&nbsp;MemManage_Handler
</UL>
<BR>[Address Reference Count : 1]<UL><LI> startup_stm32f10x_md.o(RESET)
</UL>
<P><STRONG><a name="[7]"></a>BusFault_Handler</STRONG> (Thumb, 2 bytes, Stack size 0 bytes, startup_stm32f10x_md.o(.text))
<BR><BR>[Calls]<UL><LI><a href="#[7]">&gt;&gt;</a>&nbsp;&nbsp;&nbsp;BusFault_Handler
</UL>
<BR>[Called By]<UL><LI><a href="#[7]">&gt;&gt;</a>&nbsp;&nbsp;&nbsp;BusFault_Handler
</UL>
<BR>[Address Reference Count : 1]<UL><LI> startup_stm32f10x_md.o(RESET)
</UL>
<P><STRONG><a name="[8]"></a>UsageFault_Handler</STRONG> (Thumb, 2 bytes, Stack size 0 bytes, startup_stm32f10x_md.o(.text))
<BR><BR>[Calls]<UL><LI><a href="#[8]">&gt;&gt;</a>&nbsp;&nbsp;&nbsp;UsageFault_Handler
</UL>
<BR>[Called By]<UL><LI><a href="#[8]">&gt;&gt;</a>&nbsp;&nbsp;&nbsp;UsageFault_Handler
</UL>
<BR>[Address Reference Count : 1]<UL><LI> startup_stm32f10x_md.o(RESET)
</UL>
<P><STRONG><a name="[9]"></a>SVC_Handler</STRONG> (Thumb, 2 bytes, Stack size 0 bytes, startup_stm32f10x_md.o(.text))
<BR><BR>[Calls]<UL><LI><a href="#[9]">&gt;&gt;</a>&nbsp;&nbsp;&nbsp;SVC_Handler
</UL>
<BR>[Called By]<UL><LI><a href="#[9]">&gt;&gt;</a>&nbsp;&nbsp;&nbsp;SVC_Handler
</UL>
<BR>[Address Reference Count : 1]<UL><LI> startup_stm32f10x_md.o(RESET)
</UL>
<P><STRONG><a name="[a]"></a>DebugMon_Handler</STRONG> (Thumb, 2 bytes, Stack size 0 bytes, startup_stm32f10x_md.o(.text))
<BR><BR>[Calls]<UL><LI><a href="#[a]">&gt;&gt;</a>&nbsp;&nbsp;&nbsp;DebugMon_Handler
</UL>
<BR>[Called By]<UL><LI><a href="#[a]">&gt;&gt;</a>&nbsp;&nbsp;&nbsp;DebugMon_Handler
</UL>
<BR>[Address Reference Count : 1]<UL><LI> startup_stm32f10x_md.o(RESET)
</UL>
<P><STRONG><a name="[b]"></a>PendSV_Handler</STRONG> (Thumb, 2 bytes, Stack size 0 bytes, startup_stm32f10x_md.o(.text))
<BR><BR>[Calls]<UL><LI><a href="#[b]">&gt;&gt;</a>&nbsp;&nbsp;&nbsp;PendSV_Handler
</UL>
<BR>[Called By]<UL><LI><a href="#[b]">&gt;&gt;</a>&nbsp;&nbsp;&nbsp;PendSV_Handler
</UL>
<BR>[Address Reference Count : 1]<UL><LI> startup_stm32f10x_md.o(RESET)
</UL>
<P><STRONG><a name="[c]"></a>SysTick_Handler</STRONG> (Thumb, 2 bytes, Stack size 0 bytes, startup_stm32f10x_md.o(.text))
<BR><BR>[Calls]<UL><LI><a href="#[c]">&gt;&gt;</a>&nbsp;&nbsp;&nbsp;SysTick_Handler
</UL>
<BR>[Called By]<UL><LI><a href="#[c]">&gt;&gt;</a>&nbsp;&nbsp;&nbsp;SysTick_Handler
</UL>
<BR>[Address Reference Count : 1]<UL><LI> startup_stm32f10x_md.o(RESET)
</UL>
<P><STRONG><a name="[1f]"></a>ADC1_2_IRQHandler</STRONG> (Thumb, 0 bytes, Stack size 0 bytes, startup_stm32f10x_md.o(.text))
<BR><BR>[Calls]<UL><LI><a href="#[1f]">&gt;&gt;</a>&nbsp;&nbsp;&nbsp;ADC1_2_IRQHandler
</UL>
<BR>[Called By]<UL><LI><a href="#[1f]">&gt;&gt;</a>&nbsp;&nbsp;&nbsp;ADC1_2_IRQHandler
</UL>
<BR>[Address Reference Count : 1]<UL><LI> startup_stm32f10x_md.o(RESET)
</UL>
<P><STRONG><a name="[22]"></a>CAN1_RX1_IRQHandler</STRONG> (Thumb, 0 bytes, Stack size 0 bytes, startup_stm32f10x_md.o(.text))
<BR>[Address Reference Count : 1]<UL><LI> startup_stm32f10x_md.o(RESET)
</UL>
<P><STRONG><a name="[23]"></a>CAN1_SCE_IRQHandler</STRONG> (Thumb, 0 bytes, Stack size 0 bytes, startup_stm32f10x_md.o(.text))
<BR>[Address Reference Count : 1]<UL><LI> startup_stm32f10x_md.o(RESET)
</UL>
<P><STRONG><a name="[18]"></a>DMA1_Channel1_IRQHandler</STRONG> (Thumb, 0 bytes, Stack size 0 bytes, startup_stm32f10x_md.o(.text))
<BR>[Address Reference Count : 1]<UL><LI> startup_stm32f10x_md.o(RESET)
</UL>
<P><STRONG><a name="[19]"></a>DMA1_Channel2_IRQHandler</STRONG> (Thumb, 0 bytes, Stack size 0 bytes, startup_stm32f10x_md.o(.text))
<BR>[Address Reference Count : 1]<UL><LI> startup_stm32f10x_md.o(RESET)
</UL>
<P><STRONG><a name="[1a]"></a>DMA1_Channel3_IRQHandler</STRONG> (Thumb, 0 bytes, Stack size 0 bytes, startup_stm32f10x_md.o(.text))
<BR>[Address Reference Count : 1]<UL><LI> startup_stm32f10x_md.o(RESET)
</UL>
<P><STRONG><a name="[1b]"></a>DMA1_Channel4_IRQHandler</STRONG> (Thumb, 0 bytes, Stack size 0 bytes, startup_stm32f10x_md.o(.text))
<BR>[Address Reference Count : 1]<UL><LI> startup_stm32f10x_md.o(RESET)
</UL>
<P><STRONG><a name="[1c]"></a>DMA1_Channel5_IRQHandler</STRONG> (Thumb, 0 bytes, Stack size 0 bytes, startup_stm32f10x_md.o(.text))
<BR>[Address Reference Count : 1]<UL><LI> startup_stm32f10x_md.o(RESET)
</UL>
<P><STRONG><a name="[1d]"></a>DMA1_Channel6_IRQHandler</STRONG> (Thumb, 0 bytes, Stack size 0 bytes, startup_stm32f10x_md.o(.text))
<BR>[Address Reference Count : 1]<UL><LI> startup_stm32f10x_md.o(RESET)
</UL>
<P><STRONG><a name="[1e]"></a>DMA1_Channel7_IRQHandler</STRONG> (Thumb, 0 bytes, Stack size 0 bytes, startup_stm32f10x_md.o(.text))
<BR>[Address Reference Count : 1]<UL><LI> startup_stm32f10x_md.o(RESET)
</UL>
<P><STRONG><a name="[13]"></a>EXTI0_IRQHandler</STRONG> (Thumb, 0 bytes, Stack size 0 bytes, startup_stm32f10x_md.o(.text))
<BR>[Address Reference Count : 1]<UL><LI> startup_stm32f10x_md.o(RESET)
</UL>
<P><STRONG><a name="[35]"></a>EXTI15_10_IRQHandler</STRONG> (Thumb, 0 bytes, Stack size 0 bytes, startup_stm32f10x_md.o(.text))
<BR>[Address Reference Count : 1]<UL><LI> startup_stm32f10x_md.o(RESET)
</UL>
<P><STRONG><a name="[14]"></a>EXTI1_IRQHandler</STRONG> (Thumb, 0 bytes, Stack size 0 bytes, startup_stm32f10x_md.o(.text))
<BR>[Address Reference Count : 1]<UL><LI> startup_stm32f10x_md.o(RESET)
</UL>
<P><STRONG><a name="[15]"></a>EXTI2_IRQHandler</STRONG> (Thumb, 0 bytes, Stack size 0 bytes, startup_stm32f10x_md.o(.text))
<BR>[Address Reference Count : 1]<UL><LI> startup_stm32f10x_md.o(RESET)
</UL>
<P><STRONG><a name="[16]"></a>EXTI3_IRQHandler</STRONG> (Thumb, 0 bytes, Stack size 0 bytes, startup_stm32f10x_md.o(.text))
<BR>[Address Reference Count : 1]<UL><LI> startup_stm32f10x_md.o(RESET)
</UL>
<P><STRONG><a name="[17]"></a>EXTI4_IRQHandler</STRONG> (Thumb, 0 bytes, Stack size 0 bytes, startup_stm32f10x_md.o(.text))
<BR>[Address Reference Count : 1]<UL><LI> startup_stm32f10x_md.o(RESET)
</UL>
<P><STRONG><a name="[24]"></a>EXTI9_5_IRQHandler</STRONG> (Thumb, 0 bytes, Stack size 0 bytes, startup_stm32f10x_md.o(.text))
<BR>[Address Reference Count : 1]<UL><LI> startup_stm32f10x_md.o(RESET)
</UL>
<P><STRONG><a name="[11]"></a>FLASH_IRQHandler</STRONG> (Thumb, 0 bytes, Stack size 0 bytes, startup_stm32f10x_md.o(.text))
<BR>[Address Reference Count : 1]<UL><LI> startup_stm32f10x_md.o(RESET)
</UL>
<P><STRONG><a name="[2d]"></a>I2C1_ER_IRQHandler</STRONG> (Thumb, 0 bytes, Stack size 0 bytes, startup_stm32f10x_md.o(.text))
<BR>[Address Reference Count : 1]<UL><LI> startup_stm32f10x_md.o(RESET)
</UL>
<P><STRONG><a name="[2c]"></a>I2C1_EV_IRQHandler</STRONG> (Thumb, 0 bytes, Stack size 0 bytes, startup_stm32f10x_md.o(.text))
<BR>[Address Reference Count : 1]<UL><LI> startup_stm32f10x_md.o(RESET)
</UL>
<P><STRONG><a name="[2f]"></a>I2C2_ER_IRQHandler</STRONG> (Thumb, 0 bytes, Stack size 0 bytes, startup_stm32f10x_md.o(.text))
<BR>[Address Reference Count : 1]<UL><LI> startup_stm32f10x_md.o(RESET)
</UL>
<P><STRONG><a name="[2e]"></a>I2C2_EV_IRQHandler</STRONG> (Thumb, 0 bytes, Stack size 0 bytes, startup_stm32f10x_md.o(.text))
<BR>[Address Reference Count : 1]<UL><LI> startup_stm32f10x_md.o(RESET)
</UL>
<P><STRONG><a name="[e]"></a>PVD_IRQHandler</STRONG> (Thumb, 0 bytes, Stack size 0 bytes, startup_stm32f10x_md.o(.text))
<BR>[Address Reference Count : 1]<UL><LI> startup_stm32f10x_md.o(RESET)
</UL>
<P><STRONG><a name="[12]"></a>RCC_IRQHandler</STRONG> (Thumb, 0 bytes, Stack size 0 bytes, startup_stm32f10x_md.o(.text))
<BR>[Address Reference Count : 1]<UL><LI> startup_stm32f10x_md.o(RESET)
</UL>
<P><STRONG><a name="[36]"></a>RTCAlarm_IRQHandler</STRONG> (Thumb, 0 bytes, Stack size 0 bytes, startup_stm32f10x_md.o(.text))
<BR>[Address Reference Count : 1]<UL><LI> startup_stm32f10x_md.o(RESET)
</UL>
<P><STRONG><a name="[10]"></a>RTC_IRQHandler</STRONG> (Thumb, 0 bytes, Stack size 0 bytes, startup_stm32f10x_md.o(.text))
<BR>[Address Reference Count : 1]<UL><LI> startup_stm32f10x_md.o(RESET)
</UL>
<P><STRONG><a name="[30]"></a>SPI1_IRQHandler</STRONG> (Thumb, 0 bytes, Stack size 0 bytes, startup_stm32f10x_md.o(.text))
<BR>[Address Reference Count : 1]<UL><LI> startup_stm32f10x_md.o(RESET)
</UL>
<P><STRONG><a name="[31]"></a>SPI2_IRQHandler</STRONG> (Thumb, 0 bytes, Stack size 0 bytes, startup_stm32f10x_md.o(.text))
<BR>[Address Reference Count : 1]<UL><LI> startup_stm32f10x_md.o(RESET)
</UL>
<P><STRONG><a name="[f]"></a>TAMPER_IRQHandler</STRONG> (Thumb, 0 bytes, Stack size 0 bytes, startup_stm32f10x_md.o(.text))
<BR>[Address Reference Count : 1]<UL><LI> startup_stm32f10x_md.o(RESET)
</UL>
<P><STRONG><a name="[25]"></a>TIM1_BRK_IRQHandler</STRONG> (Thumb, 0 bytes, Stack size 0 bytes, startup_stm32f10x_md.o(.text))
<BR>[Address Reference Count : 1]<UL><LI> startup_stm32f10x_md.o(RESET)
</UL>
<P><STRONG><a name="[28]"></a>TIM1_CC_IRQHandler</STRONG> (Thumb, 0 bytes, Stack size 0 bytes, startup_stm32f10x_md.o(.text))
<BR>[Address Reference Count : 1]<UL><LI> startup_stm32f10x_md.o(RESET)
</UL>
<P><STRONG><a name="[27]"></a>TIM1_TRG_COM_IRQHandler</STRONG> (Thumb, 0 bytes, Stack size 0 bytes, startup_stm32f10x_md.o(.text))
<BR>[Address Reference Count : 1]<UL><LI> startup_stm32f10x_md.o(RESET)
</UL>
<P><STRONG><a name="[26]"></a>TIM1_UP_IRQHandler</STRONG> (Thumb, 0 bytes, Stack size 0 bytes, startup_stm32f10x_md.o(.text))
<BR>[Address Reference Count : 1]<UL><LI> startup_stm32f10x_md.o(RESET)
</UL>
<P><STRONG><a name="[2b]"></a>TIM4_IRQHandler</STRONG> (Thumb, 0 bytes, Stack size 0 bytes, startup_stm32f10x_md.o(.text))
<BR>[Address Reference Count : 1]<UL><LI> startup_stm32f10x_md.o(RESET)
</UL>
<P><STRONG><a name="[33]"></a>USART2_IRQHandler</STRONG> (Thumb, 0 bytes, Stack size 0 bytes, startup_stm32f10x_md.o(.text))
<BR>[Address Reference Count : 1]<UL><LI> startup_stm32f10x_md.o(RESET)
</UL>
<P><STRONG><a name="[34]"></a>USART3_IRQHandler</STRONG> (Thumb, 0 bytes, Stack size 0 bytes, startup_stm32f10x_md.o(.text))
<BR>[Address Reference Count : 1]<UL><LI> startup_stm32f10x_md.o(RESET)
</UL>
<P><STRONG><a name="[37]"></a>USBWakeUp_IRQHandler</STRONG> (Thumb, 0 bytes, Stack size 0 bytes, startup_stm32f10x_md.o(.text))
<BR>[Address Reference Count : 1]<UL><LI> startup_stm32f10x_md.o(RESET)
</UL>
<P><STRONG><a name="[20]"></a>USB_HP_CAN1_TX_IRQHandler</STRONG> (Thumb, 0 bytes, Stack size 0 bytes, startup_stm32f10x_md.o(.text))
<BR>[Address Reference Count : 1]<UL><LI> startup_stm32f10x_md.o(RESET)
</UL>
<P><STRONG><a name="[21]"></a>USB_LP_CAN1_RX0_IRQHandler</STRONG> (Thumb, 0 bytes, Stack size 0 bytes, startup_stm32f10x_md.o(.text))
<BR>[Address Reference Count : 1]<UL><LI> startup_stm32f10x_md.o(RESET)
</UL>
<P><STRONG><a name="[d]"></a>WWDG_IRQHandler</STRONG> (Thumb, 0 bytes, Stack size 0 bytes, startup_stm32f10x_md.o(.text))
<BR>[Address Reference Count : 1]<UL><LI> startup_stm32f10x_md.o(RESET)
</UL>
<P><STRONG><a name="[102]"></a>__user_initial_stackheap</STRONG> (Thumb, 0 bytes, Stack size unknown bytes, startup_stm32f10x_md.o(.text))
<BR><BR>[Called By]<UL><LI><a href="#[3f]">&gt;&gt;</a>&nbsp;&nbsp;&nbsp;__user_setup_stackheap
</UL>

<P><STRONG><a name="[43]"></a>main</STRONG> (Thumb, 362 bytes, Stack size 40 bytes, test.o(.text))
<BR><BR>[Stack]<UL><LI>Max Depth = 176<LI>Call Chain = main &rArr; RadioSetTxConfig &rArr; SX126xSetTxParams &rArr; SX126xSetPaConfig &rArr; SX126xWriteCommand &rArr; SX126xCheckDeviceReady &rArr; SX126xWakeup &rArr; drv_spi_read_write_byte
</UL>
<BR>[Calls]<UL><LI><a href="#[58]">&gt;&gt;</a>&nbsp;&nbsp;&nbsp;delay_ms
<LI><a href="#[4a]">&gt;&gt;</a>&nbsp;&nbsp;&nbsp;delay_init
<LI><a href="#[4c]">&gt;&gt;</a>&nbsp;&nbsp;&nbsp;communication1_init
<LI><a href="#[4e]">&gt;&gt;</a>&nbsp;&nbsp;&nbsp;Time3En
<LI><a href="#[4d]">&gt;&gt;</a>&nbsp;&nbsp;&nbsp;TIM3_Int_Init
<LI><a href="#[49]">&gt;&gt;</a>&nbsp;&nbsp;&nbsp;Stm32_Clock_Init
<LI><a href="#[5b]">&gt;&gt;</a>&nbsp;&nbsp;&nbsp;SX126xSetFs
<LI><a href="#[54]">&gt;&gt;</a>&nbsp;&nbsp;&nbsp;ReadAllData
<LI><a href="#[50]">&gt;&gt;</a>&nbsp;&nbsp;&nbsp;RadioStandby
<LI><a href="#[51]">&gt;&gt;</a>&nbsp;&nbsp;&nbsp;RadioSetTxConfig
<LI><a href="#[52]">&gt;&gt;</a>&nbsp;&nbsp;&nbsp;RadioSetChannel
<LI><a href="#[5c]">&gt;&gt;</a>&nbsp;&nbsp;&nbsp;RadioSend
<LI><a href="#[53]">&gt;&gt;</a>&nbsp;&nbsp;&nbsp;RadioRx
<LI><a href="#[4f]">&gt;&gt;</a>&nbsp;&nbsp;&nbsp;RadioInit
<LI><a href="#[55]">&gt;&gt;</a>&nbsp;&nbsp;&nbsp;RadioGetIrqStatus
<LI><a href="#[57]">&gt;&gt;</a>&nbsp;&nbsp;&nbsp;RadioGetBuffer
<LI><a href="#[56]">&gt;&gt;</a>&nbsp;&nbsp;&nbsp;RadioClearIrqStatus
<LI><a href="#[5a]">&gt;&gt;</a>&nbsp;&nbsp;&nbsp;Modbus_Event_1
<LI><a href="#[59]">&gt;&gt;</a>&nbsp;&nbsp;&nbsp;GetAdcAverage
<LI><a href="#[4b]">&gt;&gt;</a>&nbsp;&nbsp;&nbsp;AdcInit
</UL>
<BR>[Called By]<UL><LI><a href="#[42]">&gt;&gt;</a>&nbsp;&nbsp;&nbsp;__rt_entry_main
</UL>

<P><STRONG><a name="[4a]"></a>delay_init</STRONG> (Thumb, 56 bytes, Stack size 0 bytes, delay.o(.text))
<BR><BR>[Called By]<UL><LI><a href="#[43]">&gt;&gt;</a>&nbsp;&nbsp;&nbsp;main
</UL>

<P><STRONG><a name="[82]"></a>delay_us</STRONG> (Thumb, 56 bytes, Stack size 0 bytes, delay.o(.text))
<BR><BR>[Called By]<UL><LI><a href="#[aa]">&gt;&gt;</a>&nbsp;&nbsp;&nbsp;SPI_SendByte
<LI><a href="#[a9]">&gt;&gt;</a>&nbsp;&nbsp;&nbsp;drv_spi_read_write_byte
<LI><a href="#[80]">&gt;&gt;</a>&nbsp;&nbsp;&nbsp;STMFLASH_WaitDone
</UL>

<P><STRONG><a name="[58]"></a>delay_ms</STRONG> (Thumb, 56 bytes, Stack size 0 bytes, delay.o(.text))
<BR><BR>[Called By]<UL><LI><a href="#[f4]">&gt;&gt;</a>&nbsp;&nbsp;&nbsp;SX126xGetRandom
<LI><a href="#[e1]">&gt;&gt;</a>&nbsp;&nbsp;&nbsp;SX126xReset
<LI><a href="#[bf]">&gt;&gt;</a>&nbsp;&nbsp;&nbsp;RadioRandom
<LI><a href="#[bd]">&gt;&gt;</a>&nbsp;&nbsp;&nbsp;RadioSleep
<LI><a href="#[5c]">&gt;&gt;</a>&nbsp;&nbsp;&nbsp;RadioSend
<LI><a href="#[59]">&gt;&gt;</a>&nbsp;&nbsp;&nbsp;GetAdcAverage
<LI><a href="#[43]">&gt;&gt;</a>&nbsp;&nbsp;&nbsp;main
</UL>

<P><STRONG><a name="[60]"></a>MY_NVIC_SetVectorTable</STRONG> (Thumb, 12 bytes, Stack size 0 bytes, sys.o(.text))
<BR><BR>[Called By]<UL><LI><a href="#[5f]">&gt;&gt;</a>&nbsp;&nbsp;&nbsp;MYRCC_DeInit
</UL>

<P><STRONG><a name="[5e]"></a>MY_NVIC_PriorityGroupConfig</STRONG> (Thumb, 36 bytes, Stack size 0 bytes, sys.o(.text))
<BR><BR>[Called By]<UL><LI><a href="#[5d]">&gt;&gt;</a>&nbsp;&nbsp;&nbsp;MY_NVIC_Init
</UL>

<P><STRONG><a name="[5d]"></a>MY_NVIC_Init</STRONG> (Thumb, 116 bytes, Stack size 24 bytes, sys.o(.text))
<BR><BR>[Stack]<UL><LI>Max Depth = 24<LI>Call Chain = MY_NVIC_Init
</UL>
<BR>[Calls]<UL><LI><a href="#[5e]">&gt;&gt;</a>&nbsp;&nbsp;&nbsp;MY_NVIC_PriorityGroupConfig
</UL>
<BR>[Called By]<UL><LI><a href="#[77]">&gt;&gt;</a>&nbsp;&nbsp;&nbsp;TIM2_Int_Init
<LI><a href="#[6c]">&gt;&gt;</a>&nbsp;&nbsp;&nbsp;uart3_init
<LI><a href="#[6b]">&gt;&gt;</a>&nbsp;&nbsp;&nbsp;uart2_init
<LI><a href="#[65]">&gt;&gt;</a>&nbsp;&nbsp;&nbsp;uart1_init
<LI><a href="#[4d]">&gt;&gt;</a>&nbsp;&nbsp;&nbsp;TIM3_Int_Init
</UL>

<P><STRONG><a name="[139]"></a>Ex_NVIC_Config</STRONG> (Thumb, 128 bytes, Stack size 16 bytes, sys.o(.text), UNUSED)

<P><STRONG><a name="[5f]"></a>MYRCC_DeInit</STRONG> (Thumb, 90 bytes, Stack size 4 bytes, sys.o(.text))
<BR><BR>[Stack]<UL><LI>Max Depth = 4<LI>Call Chain = MYRCC_DeInit
</UL>
<BR>[Calls]<UL><LI><a href="#[60]">&gt;&gt;</a>&nbsp;&nbsp;&nbsp;MY_NVIC_SetVectorTable
</UL>
<BR>[Called By]<UL><LI><a href="#[49]">&gt;&gt;</a>&nbsp;&nbsp;&nbsp;Stm32_Clock_Init
</UL>

<P><STRONG><a name="[61]"></a>Sys_Standby</STRONG> (Thumb, 68 bytes, Stack size 8 bytes, sys.o(.text), UNUSED)
<BR><BR>[Calls]<UL><LI><a href="#[62]">&gt;&gt;</a>&nbsp;&nbsp;&nbsp;WFI_SET
</UL>

<P><STRONG><a name="[13a]"></a>Sys_Soft_Reset</STRONG> (Thumb, 12 bytes, Stack size 0 bytes, sys.o(.text), UNUSED)

<P><STRONG><a name="[63]"></a>JTAG_Set</STRONG> (Thumb, 42 bytes, Stack size 0 bytes, sys.o(.text))
<BR><BR>[Called By]<UL><LI><a href="#[49]">&gt;&gt;</a>&nbsp;&nbsp;&nbsp;Stm32_Clock_Init
</UL>

<P><STRONG><a name="[49]"></a>Stm32_Clock_Init</STRONG> (Thumb, 150 bytes, Stack size 12 bytes, sys.o(.text))
<BR><BR>[Stack]<UL><LI>Max Depth = 16<LI>Call Chain = Stm32_Clock_Init &rArr; MYRCC_DeInit
</UL>
<BR>[Calls]<UL><LI><a href="#[63]">&gt;&gt;</a>&nbsp;&nbsp;&nbsp;JTAG_Set
<LI><a href="#[5f]">&gt;&gt;</a>&nbsp;&nbsp;&nbsp;MYRCC_DeInit
</UL>
<BR>[Called By]<UL><LI><a href="#[43]">&gt;&gt;</a>&nbsp;&nbsp;&nbsp;main
</UL>

<P><STRONG><a name="[4b]"></a>AdcInit</STRONG> (Thumb, 280 bytes, Stack size 0 bytes, adc.o(.text))
<BR><BR>[Called By]<UL><LI><a href="#[43]">&gt;&gt;</a>&nbsp;&nbsp;&nbsp;main
</UL>

<P><STRONG><a name="[64]"></a>Get_Adc</STRONG> (Thumb, 68 bytes, Stack size 0 bytes, adc.o(.text))
<BR><BR>[Called By]<UL><LI><a href="#[59]">&gt;&gt;</a>&nbsp;&nbsp;&nbsp;GetAdcAverage
</UL>

<P><STRONG><a name="[59]"></a>GetAdcAverage</STRONG> (Thumb, 46 bytes, Stack size 24 bytes, adc.o(.text))
<BR><BR>[Stack]<UL><LI>Max Depth = 24<LI>Call Chain = GetAdcAverage
</UL>
<BR>[Calls]<UL><LI><a href="#[64]">&gt;&gt;</a>&nbsp;&nbsp;&nbsp;Get_Adc
<LI><a href="#[58]">&gt;&gt;</a>&nbsp;&nbsp;&nbsp;delay_ms
</UL>
<BR>[Called By]<UL><LI><a href="#[43]">&gt;&gt;</a>&nbsp;&nbsp;&nbsp;main
</UL>

<P><STRONG><a name="[65]"></a>uart1_init</STRONG> (Thumb, 212 bytes, Stack size 40 bytes, uart.o(.text))
<BR><BR>[Stack]<UL><LI>Max Depth = 64<LI>Call Chain = uart1_init &rArr; MY_NVIC_Init
</UL>
<BR>[Calls]<UL><LI><a href="#[5d]">&gt;&gt;</a>&nbsp;&nbsp;&nbsp;MY_NVIC_Init
<LI><a href="#[6a]">&gt;&gt;</a>&nbsp;&nbsp;&nbsp;__aeabi_fmul
<LI><a href="#[66]">&gt;&gt;</a>&nbsp;&nbsp;&nbsp;__aeabi_ui2f
<LI><a href="#[68]">&gt;&gt;</a>&nbsp;&nbsp;&nbsp;__aeabi_f2uiz
<LI><a href="#[67]">&gt;&gt;</a>&nbsp;&nbsp;&nbsp;__aeabi_fdiv
<LI><a href="#[69]">&gt;&gt;</a>&nbsp;&nbsp;&nbsp;__aeabi_frsub
</UL>
<BR>[Called By]<UL><LI><a href="#[4c]">&gt;&gt;</a>&nbsp;&nbsp;&nbsp;communication1_init
</UL>

<P><STRONG><a name="[6b]"></a>uart2_init</STRONG> (Thumb, 216 bytes, Stack size 40 bytes, uart.o(.text), UNUSED)
<BR><BR>[Calls]<UL><LI><a href="#[5d]">&gt;&gt;</a>&nbsp;&nbsp;&nbsp;MY_NVIC_Init
<LI><a href="#[6a]">&gt;&gt;</a>&nbsp;&nbsp;&nbsp;__aeabi_fmul
<LI><a href="#[66]">&gt;&gt;</a>&nbsp;&nbsp;&nbsp;__aeabi_ui2f
<LI><a href="#[68]">&gt;&gt;</a>&nbsp;&nbsp;&nbsp;__aeabi_f2uiz
<LI><a href="#[67]">&gt;&gt;</a>&nbsp;&nbsp;&nbsp;__aeabi_fdiv
<LI><a href="#[69]">&gt;&gt;</a>&nbsp;&nbsp;&nbsp;__aeabi_frsub
</UL>

<P><STRONG><a name="[6c]"></a>uart3_init</STRONG> (Thumb, 212 bytes, Stack size 40 bytes, uart.o(.text), UNUSED)
<BR><BR>[Calls]<UL><LI><a href="#[5d]">&gt;&gt;</a>&nbsp;&nbsp;&nbsp;MY_NVIC_Init
<LI><a href="#[6a]">&gt;&gt;</a>&nbsp;&nbsp;&nbsp;__aeabi_fmul
<LI><a href="#[66]">&gt;&gt;</a>&nbsp;&nbsp;&nbsp;__aeabi_ui2f
<LI><a href="#[68]">&gt;&gt;</a>&nbsp;&nbsp;&nbsp;__aeabi_f2uiz
<LI><a href="#[67]">&gt;&gt;</a>&nbsp;&nbsp;&nbsp;__aeabi_fdiv
<LI><a href="#[69]">&gt;&gt;</a>&nbsp;&nbsp;&nbsp;__aeabi_frsub
</UL>

<P><STRONG><a name="[6d]"></a>send_uart1</STRONG> (Thumb, 36 bytes, Stack size 8 bytes, uart.o(.text), UNUSED)
<BR><BR>[Calls]<UL><LI><a href="#[6e]">&gt;&gt;</a>&nbsp;&nbsp;&nbsp;RS485_Send
<LI><a href="#[6f]">&gt;&gt;</a>&nbsp;&nbsp;&nbsp;RS485_Read
</UL>
<BR>[Called By]<UL><LI><a href="#[70]">&gt;&gt;</a>&nbsp;&nbsp;&nbsp;send_uart1_string
</UL>

<P><STRONG><a name="[70]"></a>send_uart1_string</STRONG> (Thumb, 22 bytes, Stack size 8 bytes, uart.o(.text), UNUSED)
<BR><BR>[Calls]<UL><LI><a href="#[6d]">&gt;&gt;</a>&nbsp;&nbsp;&nbsp;send_uart1
</UL>

<P><STRONG><a name="[71]"></a>send_uart2</STRONG> (Thumb, 36 bytes, Stack size 8 bytes, uart.o(.text), UNUSED)
<BR><BR>[Calls]<UL><LI><a href="#[6e]">&gt;&gt;</a>&nbsp;&nbsp;&nbsp;RS485_Send
<LI><a href="#[6f]">&gt;&gt;</a>&nbsp;&nbsp;&nbsp;RS485_Read
</UL>
<BR>[Called By]<UL><LI><a href="#[72]">&gt;&gt;</a>&nbsp;&nbsp;&nbsp;send_uart2_string
</UL>

<P><STRONG><a name="[72]"></a>send_uart2_string</STRONG> (Thumb, 22 bytes, Stack size 8 bytes, uart.o(.text), UNUSED)
<BR><BR>[Calls]<UL><LI><a href="#[71]">&gt;&gt;</a>&nbsp;&nbsp;&nbsp;send_uart2
</UL>

<P><STRONG><a name="[74]"></a>send_uart3</STRONG> (Thumb, 40 bytes, Stack size 0 bytes, uart.o(.text), UNUSED)
<BR><BR>[Called By]<UL><LI><a href="#[73]">&gt;&gt;</a>&nbsp;&nbsp;&nbsp;send_uart3_string
</UL>

<P><STRONG><a name="[73]"></a>send_uart3_string</STRONG> (Thumb, 22 bytes, Stack size 4 bytes, uart.o(.text), UNUSED)
<BR><BR>[Calls]<UL><LI><a href="#[74]">&gt;&gt;</a>&nbsp;&nbsp;&nbsp;send_uart3
</UL>

<P><STRONG><a name="[13b]"></a>send_uart4</STRONG> (Thumb, 2 bytes, Stack size 0 bytes, uart.o(.text), UNUSED)

<P><STRONG><a name="[13c]"></a>send_uart4_string</STRONG> (Thumb, 2 bytes, Stack size 0 bytes, uart.o(.text), UNUSED)

<P><STRONG><a name="[76]"></a>send_uart5</STRONG> (Thumb, 32 bytes, Stack size 0 bytes, uart.o(.text), UNUSED)
<BR><BR>[Called By]<UL><LI><a href="#[75]">&gt;&gt;</a>&nbsp;&nbsp;&nbsp;send_uart5_string
</UL>

<P><STRONG><a name="[75]"></a>send_uart5_string</STRONG> (Thumb, 22 bytes, Stack size 4 bytes, uart.o(.text), UNUSED)
<BR><BR>[Calls]<UL><LI><a href="#[76]">&gt;&gt;</a>&nbsp;&nbsp;&nbsp;send_uart5
</UL>

<P><STRONG><a name="[29]"></a>TIM2_IRQHandler</STRONG> (Thumb, 52 bytes, Stack size 0 bytes, time.o(.text))
<BR>[Address Reference Count : 1]<UL><LI> startup_stm32f10x_md.o(RESET)
</UL>
<P><STRONG><a name="[77]"></a>TIM2_Int_Init</STRONG> (Thumb, 78 bytes, Stack size 16 bytes, time.o(.text))
<BR><BR>[Stack]<UL><LI>Max Depth = 40<LI>Call Chain = TIM2_Int_Init &rArr; MY_NVIC_Init
</UL>
<BR>[Calls]<UL><LI><a href="#[5d]">&gt;&gt;</a>&nbsp;&nbsp;&nbsp;MY_NVIC_Init
</UL>
<BR>[Called By]<UL><LI><a href="#[4c]">&gt;&gt;</a>&nbsp;&nbsp;&nbsp;communication1_init
</UL>

<P><STRONG><a name="[2a]"></a>TIM3_IRQHandler</STRONG> (Thumb, 34 bytes, Stack size 0 bytes, time.o(.text))
<BR>[Address Reference Count : 1]<UL><LI> startup_stm32f10x_md.o(RESET)
</UL>
<P><STRONG><a name="[4d]"></a>TIM3_Int_Init</STRONG> (Thumb, 74 bytes, Stack size 16 bytes, time.o(.text))
<BR><BR>[Stack]<UL><LI>Max Depth = 40<LI>Call Chain = TIM3_Int_Init &rArr; MY_NVIC_Init
</UL>
<BR>[Calls]<UL><LI><a href="#[5d]">&gt;&gt;</a>&nbsp;&nbsp;&nbsp;MY_NVIC_Init
</UL>
<BR>[Called By]<UL><LI><a href="#[43]">&gt;&gt;</a>&nbsp;&nbsp;&nbsp;main
</UL>

<P><STRONG><a name="[4e]"></a>Time3En</STRONG> (Thumb, 38 bytes, Stack size 0 bytes, time.o(.text))
<BR><BR>[Called By]<UL><LI><a href="#[43]">&gt;&gt;</a>&nbsp;&nbsp;&nbsp;main
</UL>

<P><STRONG><a name="[78]"></a>ModbusInit</STRONG> (Thumb, 82 bytes, Stack size 0 bytes, communication1.o(.text))
<BR><BR>[Called By]<UL><LI><a href="#[4c]">&gt;&gt;</a>&nbsp;&nbsp;&nbsp;communication1_init
</UL>

<P><STRONG><a name="[4c]"></a>communication1_init</STRONG> (Thumb, 62 bytes, Stack size 8 bytes, communication1.o(.text))
<BR><BR>[Stack]<UL><LI>Max Depth = 72<LI>Call Chain = communication1_init &rArr; uart1_init &rArr; MY_NVIC_Init
</UL>
<BR>[Calls]<UL><LI><a href="#[78]">&gt;&gt;</a>&nbsp;&nbsp;&nbsp;ModbusInit
<LI><a href="#[77]">&gt;&gt;</a>&nbsp;&nbsp;&nbsp;TIM2_Int_Init
<LI><a href="#[65]">&gt;&gt;</a>&nbsp;&nbsp;&nbsp;uart1_init
</UL>
<BR>[Called By]<UL><LI><a href="#[43]">&gt;&gt;</a>&nbsp;&nbsp;&nbsp;main
</UL>

<P><STRONG><a name="[13d]"></a>ModbusReceiveOrderCheck</STRONG> (Thumb, 18 bytes, Stack size 0 bytes, communication1.o(.text), UNUSED)

<P><STRONG><a name="[13e]"></a>ModbusReceiveOrderCheck3</STRONG> (Thumb, 18 bytes, Stack size 0 bytes, communication1.o(.text), UNUSED)

<P><STRONG><a name="[13f]"></a>ModbusReceiveOrderCheck16</STRONG> (Thumb, 18 bytes, Stack size 0 bytes, communication1.o(.text), UNUSED)

<P><STRONG><a name="[7a]"></a>RS485_Send_Data</STRONG> (Thumb, 66 bytes, Stack size 8 bytes, communication1.o(.text))
<BR><BR>[Stack]<UL><LI>Max Depth = 8<LI>Call Chain = RS485_Send_Data
</UL>
<BR>[Called By]<UL><LI><a href="#[7b]">&gt;&gt;</a>&nbsp;&nbsp;&nbsp;ModbusSendOrder1
<LI><a href="#[79]">&gt;&gt;</a>&nbsp;&nbsp;&nbsp;ModbusSendOrder
</UL>

<P><STRONG><a name="[79]"></a>ModbusSendOrder</STRONG> (Thumb, 30 bytes, Stack size 4 bytes, communication1.o(.text))
<BR><BR>[Stack]<UL><LI>Max Depth = 12<LI>Call Chain = ModbusSendOrder &rArr; RS485_Send_Data
</UL>
<BR>[Calls]<UL><LI><a href="#[7a]">&gt;&gt;</a>&nbsp;&nbsp;&nbsp;RS485_Send_Data
</UL>
<BR>[Called By]<UL><LI><a href="#[7e]">&gt;&gt;</a>&nbsp;&nbsp;&nbsp;showData1_1
</UL>

<P><STRONG><a name="[7b]"></a>ModbusSendOrder1</STRONG> (Thumb, 30 bytes, Stack size 4 bytes, communication1.o(.text), UNUSED)
<BR><BR>[Calls]<UL><LI><a href="#[7a]">&gt;&gt;</a>&nbsp;&nbsp;&nbsp;RS485_Send_Data
</UL>

<P><STRONG><a name="[6f]"></a>RS485_Read</STRONG> (Thumb, 8 bytes, Stack size 0 bytes, communication1.o(.text), UNUSED)
<BR><BR>[Called By]<UL><LI><a href="#[71]">&gt;&gt;</a>&nbsp;&nbsp;&nbsp;send_uart2
<LI><a href="#[6d]">&gt;&gt;</a>&nbsp;&nbsp;&nbsp;send_uart1
</UL>

<P><STRONG><a name="[6e]"></a>RS485_Send</STRONG> (Thumb, 8 bytes, Stack size 0 bytes, communication1.o(.text), UNUSED)
<BR><BR>[Called By]<UL><LI><a href="#[71]">&gt;&gt;</a>&nbsp;&nbsp;&nbsp;send_uart2
<LI><a href="#[6d]">&gt;&gt;</a>&nbsp;&nbsp;&nbsp;send_uart1
</UL>

<P><STRONG><a name="[32]"></a>USART1_IRQHandler</STRONG> (Thumb, 76 bytes, Stack size 0 bytes, communication1.o(.text))
<BR>[Address Reference Count : 1]<UL><LI> startup_stm32f10x_md.o(RESET)
</UL>
<P><STRONG><a name="[7f]"></a>crc16</STRONG> (Thumb, 48 bytes, Stack size 16 bytes, communication1.o(.text))
<BR><BR>[Stack]<UL><LI>Max Depth = 16<LI>Call Chain = crc16
</UL>
<BR>[Called By]<UL><LI><a href="#[7e]">&gt;&gt;</a>&nbsp;&nbsp;&nbsp;showData1_1
</UL>

<P><STRONG><a name="[7c]"></a>ModbusFun6_1</STRONG> (Thumb, 42 bytes, Stack size 16 bytes, communication1.o(.text))
<BR><BR>[Stack]<UL><LI>Max Depth = 128<LI>Call Chain = ModbusFun6_1 &rArr; SetReceiveOrSend &rArr; WriteReceiveOrSend &rArr; STMFLASH_Write &rArr; STMFLASH_Write_NoCheck &rArr; STMFLASH_WriteHalfWord &rArr; STMFLASH_WaitDone
</UL>
<BR>[Calls]<UL><LI><a href="#[7d]">&gt;&gt;</a>&nbsp;&nbsp;&nbsp;SetReceiveOrSend
</UL>
<BR>[Called By]<UL><LI><a href="#[5a]">&gt;&gt;</a>&nbsp;&nbsp;&nbsp;Modbus_Event_1
</UL>

<P><STRONG><a name="[7e]"></a>showData1_1</STRONG> (Thumb, 78 bytes, Stack size 8 bytes, communication1.o(.text))
<BR><BR>[Stack]<UL><LI>Max Depth = 24<LI>Call Chain = showData1_1 &rArr; crc16
</UL>
<BR>[Calls]<UL><LI><a href="#[7f]">&gt;&gt;</a>&nbsp;&nbsp;&nbsp;crc16
<LI><a href="#[79]">&gt;&gt;</a>&nbsp;&nbsp;&nbsp;ModbusSendOrder
</UL>
<BR>[Called By]<UL><LI><a href="#[5a]">&gt;&gt;</a>&nbsp;&nbsp;&nbsp;Modbus_Event_1
</UL>

<P><STRONG><a name="[5a]"></a>Modbus_Event_1</STRONG> (Thumb, 96 bytes, Stack size 8 bytes, communication1.o(.text))
<BR><BR>[Stack]<UL><LI>Max Depth = 136<LI>Call Chain = Modbus_Event_1 &rArr; ModbusFun6_1 &rArr; SetReceiveOrSend &rArr; WriteReceiveOrSend &rArr; STMFLASH_Write &rArr; STMFLASH_Write_NoCheck &rArr; STMFLASH_WriteHalfWord &rArr; STMFLASH_WaitDone
</UL>
<BR>[Calls]<UL><LI><a href="#[7e]">&gt;&gt;</a>&nbsp;&nbsp;&nbsp;showData1_1
<LI><a href="#[7c]">&gt;&gt;</a>&nbsp;&nbsp;&nbsp;ModbusFun6_1
</UL>
<BR>[Called By]<UL><LI><a href="#[43]">&gt;&gt;</a>&nbsp;&nbsp;&nbsp;main
</UL>

<P><STRONG><a name="[89]"></a>STMFLASH_Unlock</STRONG> (Thumb, 12 bytes, Stack size 0 bytes, stmflash.o(.text))
<BR><BR>[Called By]<UL><LI><a href="#[88]">&gt;&gt;</a>&nbsp;&nbsp;&nbsp;STMFLASH_Write
</UL>

<P><STRONG><a name="[8a]"></a>STMFLASH_Lock</STRONG> (Thumb, 14 bytes, Stack size 0 bytes, stmflash.o(.text))
<BR><BR>[Called By]<UL><LI><a href="#[88]">&gt;&gt;</a>&nbsp;&nbsp;&nbsp;STMFLASH_Write
</UL>

<P><STRONG><a name="[81]"></a>STMFLASH_GetStatus</STRONG> (Thumb, 38 bytes, Stack size 0 bytes, stmflash.o(.text))
<BR><BR>[Called By]<UL><LI><a href="#[80]">&gt;&gt;</a>&nbsp;&nbsp;&nbsp;STMFLASH_WaitDone
</UL>

<P><STRONG><a name="[80]"></a>STMFLASH_WaitDone</STRONG> (Thumb, 42 bytes, Stack size 16 bytes, stmflash.o(.text))
<BR><BR>[Stack]<UL><LI>Max Depth = 16<LI>Call Chain = STMFLASH_WaitDone
</UL>
<BR>[Calls]<UL><LI><a href="#[81]">&gt;&gt;</a>&nbsp;&nbsp;&nbsp;STMFLASH_GetStatus
<LI><a href="#[82]">&gt;&gt;</a>&nbsp;&nbsp;&nbsp;delay_us
</UL>
<BR>[Called By]<UL><LI><a href="#[84]">&gt;&gt;</a>&nbsp;&nbsp;&nbsp;STMFLASH_WriteHalfWord
<LI><a href="#[83]">&gt;&gt;</a>&nbsp;&nbsp;&nbsp;STMFLASH_ErasePage
</UL>

<P><STRONG><a name="[83]"></a>STMFLASH_ErasePage</STRONG> (Thumb, 72 bytes, Stack size 16 bytes, stmflash.o(.text))
<BR><BR>[Stack]<UL><LI>Max Depth = 32<LI>Call Chain = STMFLASH_ErasePage &rArr; STMFLASH_WaitDone
</UL>
<BR>[Calls]<UL><LI><a href="#[80]">&gt;&gt;</a>&nbsp;&nbsp;&nbsp;STMFLASH_WaitDone
</UL>
<BR>[Called By]<UL><LI><a href="#[88]">&gt;&gt;</a>&nbsp;&nbsp;&nbsp;STMFLASH_Write
</UL>

<P><STRONG><a name="[84]"></a>STMFLASH_WriteHalfWord</STRONG> (Thumb, 58 bytes, Stack size 16 bytes, stmflash.o(.text))
<BR><BR>[Stack]<UL><LI>Max Depth = 32<LI>Call Chain = STMFLASH_WriteHalfWord &rArr; STMFLASH_WaitDone
</UL>
<BR>[Calls]<UL><LI><a href="#[80]">&gt;&gt;</a>&nbsp;&nbsp;&nbsp;STMFLASH_WaitDone
</UL>
<BR>[Called By]<UL><LI><a href="#[85]">&gt;&gt;</a>&nbsp;&nbsp;&nbsp;STMFLASH_Write_NoCheck
</UL>

<P><STRONG><a name="[87]"></a>STMFLASH_ReadHalfWord</STRONG> (Thumb, 6 bytes, Stack size 0 bytes, stmflash.o(.text))
<BR><BR>[Called By]<UL><LI><a href="#[86]">&gt;&gt;</a>&nbsp;&nbsp;&nbsp;STMFLASH_Read
</UL>

<P><STRONG><a name="[85]"></a>STMFLASH_Write_NoCheck</STRONG> (Thumb, 38 bytes, Stack size 24 bytes, stmflash.o(.text))
<BR><BR>[Stack]<UL><LI>Max Depth = 56<LI>Call Chain = STMFLASH_Write_NoCheck &rArr; STMFLASH_WriteHalfWord &rArr; STMFLASH_WaitDone
</UL>
<BR>[Calls]<UL><LI><a href="#[84]">&gt;&gt;</a>&nbsp;&nbsp;&nbsp;STMFLASH_WriteHalfWord
</UL>
<BR>[Called By]<UL><LI><a href="#[88]">&gt;&gt;</a>&nbsp;&nbsp;&nbsp;STMFLASH_Write
</UL>

<P><STRONG><a name="[86]"></a>STMFLASH_Read</STRONG> (Thumb, 34 bytes, Stack size 12 bytes, stmflash.o(.text))
<BR><BR>[Stack]<UL><LI>Max Depth = 12<LI>Call Chain = STMFLASH_Read
</UL>
<BR>[Calls]<UL><LI><a href="#[87]">&gt;&gt;</a>&nbsp;&nbsp;&nbsp;STMFLASH_ReadHalfWord
</UL>
<BR>[Called By]<UL><LI><a href="#[98]">&gt;&gt;</a>&nbsp;&nbsp;&nbsp;ReadTempChannel
<LI><a href="#[97]">&gt;&gt;</a>&nbsp;&nbsp;&nbsp;ReadArmChannel
<LI><a href="#[96]">&gt;&gt;</a>&nbsp;&nbsp;&nbsp;ReadChannel
<LI><a href="#[95]">&gt;&gt;</a>&nbsp;&nbsp;&nbsp;ReadPathBAddress
<LI><a href="#[94]">&gt;&gt;</a>&nbsp;&nbsp;&nbsp;ReadPathGroupBNumber
<LI><a href="#[93]">&gt;&gt;</a>&nbsp;&nbsp;&nbsp;ReadPathAAddress
<LI><a href="#[92]">&gt;&gt;</a>&nbsp;&nbsp;&nbsp;ReadPathGroupANumber
<LI><a href="#[91]">&gt;&gt;</a>&nbsp;&nbsp;&nbsp;ReadDestinationAddress
<LI><a href="#[90]">&gt;&gt;</a>&nbsp;&nbsp;&nbsp;ReadTargetGroupNumber
<LI><a href="#[8f]">&gt;&gt;</a>&nbsp;&nbsp;&nbsp;ReadLocalAddress
<LI><a href="#[8e]">&gt;&gt;</a>&nbsp;&nbsp;&nbsp;ReadLocalGroupNumber
<LI><a href="#[8d]">&gt;&gt;</a>&nbsp;&nbsp;&nbsp;ReadMode
<LI><a href="#[8c]">&gt;&gt;</a>&nbsp;&nbsp;&nbsp;ReadReceiveOrSend
<LI><a href="#[88]">&gt;&gt;</a>&nbsp;&nbsp;&nbsp;STMFLASH_Write
</UL>

<P><STRONG><a name="[88]"></a>STMFLASH_Write</STRONG> (Thumb, 224 bytes, Stack size 40 bytes, stmflash.o(.text))
<BR><BR>[Stack]<UL><LI>Max Depth = 96<LI>Call Chain = STMFLASH_Write &rArr; STMFLASH_Write_NoCheck &rArr; STMFLASH_WriteHalfWord &rArr; STMFLASH_WaitDone
</UL>
<BR>[Calls]<UL><LI><a href="#[86]">&gt;&gt;</a>&nbsp;&nbsp;&nbsp;STMFLASH_Read
<LI><a href="#[85]">&gt;&gt;</a>&nbsp;&nbsp;&nbsp;STMFLASH_Write_NoCheck
<LI><a href="#[83]">&gt;&gt;</a>&nbsp;&nbsp;&nbsp;STMFLASH_ErasePage
<LI><a href="#[8a]">&gt;&gt;</a>&nbsp;&nbsp;&nbsp;STMFLASH_Lock
<LI><a href="#[89]">&gt;&gt;</a>&nbsp;&nbsp;&nbsp;STMFLASH_Unlock
</UL>
<BR>[Called By]<UL><LI><a href="#[a5]">&gt;&gt;</a>&nbsp;&nbsp;&nbsp;WriteTempChannel
<LI><a href="#[a4]">&gt;&gt;</a>&nbsp;&nbsp;&nbsp;WriteArmChannel
<LI><a href="#[a3]">&gt;&gt;</a>&nbsp;&nbsp;&nbsp;WriteChannel
<LI><a href="#[a2]">&gt;&gt;</a>&nbsp;&nbsp;&nbsp;WritePathBAddress
<LI><a href="#[a1]">&gt;&gt;</a>&nbsp;&nbsp;&nbsp;WritePathGroupBNumber
<LI><a href="#[a0]">&gt;&gt;</a>&nbsp;&nbsp;&nbsp;WritePathAAddress
<LI><a href="#[9f]">&gt;&gt;</a>&nbsp;&nbsp;&nbsp;WritePathGroupANumber
<LI><a href="#[9e]">&gt;&gt;</a>&nbsp;&nbsp;&nbsp;WriteDestinationAddress
<LI><a href="#[9d]">&gt;&gt;</a>&nbsp;&nbsp;&nbsp;WriteTargetGroupNumber
<LI><a href="#[9c]">&gt;&gt;</a>&nbsp;&nbsp;&nbsp;WriteLocalAddress
<LI><a href="#[9b]">&gt;&gt;</a>&nbsp;&nbsp;&nbsp;WriteLocalGroupNumber
<LI><a href="#[9a]">&gt;&gt;</a>&nbsp;&nbsp;&nbsp;WriteMode
<LI><a href="#[99]">&gt;&gt;</a>&nbsp;&nbsp;&nbsp;WriteReceiveOrSend
<LI><a href="#[8b]">&gt;&gt;</a>&nbsp;&nbsp;&nbsp;Test_Write
</UL>

<P><STRONG><a name="[8b]"></a>Test_Write</STRONG> (Thumb, 16 bytes, Stack size 16 bytes, stmflash.o(.text), UNUSED)
<BR><BR>[Calls]<UL><LI><a href="#[88]">&gt;&gt;</a>&nbsp;&nbsp;&nbsp;STMFLASH_Write
</UL>

<P><STRONG><a name="[8c]"></a>ReadReceiveOrSend</STRONG> (Thumb, 34 bytes, Stack size 8 bytes, stmflash.o(.text))
<BR><BR>[Stack]<UL><LI>Max Depth = 20<LI>Call Chain = ReadReceiveOrSend &rArr; STMFLASH_Read
</UL>
<BR>[Calls]<UL><LI><a href="#[86]">&gt;&gt;</a>&nbsp;&nbsp;&nbsp;STMFLASH_Read
</UL>
<BR>[Called By]<UL><LI><a href="#[54]">&gt;&gt;</a>&nbsp;&nbsp;&nbsp;ReadAllData
</UL>

<P><STRONG><a name="[8d]"></a>ReadMode</STRONG> (Thumb, 24 bytes, Stack size 8 bytes, stmflash.o(.text), UNUSED)
<BR><BR>[Calls]<UL><LI><a href="#[86]">&gt;&gt;</a>&nbsp;&nbsp;&nbsp;STMFLASH_Read
</UL>

<P><STRONG><a name="[8e]"></a>ReadLocalGroupNumber</STRONG> (Thumb, 24 bytes, Stack size 8 bytes, stmflash.o(.text), UNUSED)
<BR><BR>[Calls]<UL><LI><a href="#[86]">&gt;&gt;</a>&nbsp;&nbsp;&nbsp;STMFLASH_Read
</UL>

<P><STRONG><a name="[8f]"></a>ReadLocalAddress</STRONG> (Thumb, 24 bytes, Stack size 8 bytes, stmflash.o(.text), UNUSED)
<BR><BR>[Calls]<UL><LI><a href="#[86]">&gt;&gt;</a>&nbsp;&nbsp;&nbsp;STMFLASH_Read
</UL>

<P><STRONG><a name="[90]"></a>ReadTargetGroupNumber</STRONG> (Thumb, 24 bytes, Stack size 8 bytes, stmflash.o(.text), UNUSED)
<BR><BR>[Calls]<UL><LI><a href="#[86]">&gt;&gt;</a>&nbsp;&nbsp;&nbsp;STMFLASH_Read
</UL>

<P><STRONG><a name="[91]"></a>ReadDestinationAddress</STRONG> (Thumb, 24 bytes, Stack size 8 bytes, stmflash.o(.text), UNUSED)
<BR><BR>[Calls]<UL><LI><a href="#[86]">&gt;&gt;</a>&nbsp;&nbsp;&nbsp;STMFLASH_Read
</UL>

<P><STRONG><a name="[92]"></a>ReadPathGroupANumber</STRONG> (Thumb, 24 bytes, Stack size 8 bytes, stmflash.o(.text), UNUSED)
<BR><BR>[Calls]<UL><LI><a href="#[86]">&gt;&gt;</a>&nbsp;&nbsp;&nbsp;STMFLASH_Read
</UL>

<P><STRONG><a name="[93]"></a>ReadPathAAddress</STRONG> (Thumb, 24 bytes, Stack size 8 bytes, stmflash.o(.text), UNUSED)
<BR><BR>[Calls]<UL><LI><a href="#[86]">&gt;&gt;</a>&nbsp;&nbsp;&nbsp;STMFLASH_Read
</UL>

<P><STRONG><a name="[94]"></a>ReadPathGroupBNumber</STRONG> (Thumb, 24 bytes, Stack size 8 bytes, stmflash.o(.text), UNUSED)
<BR><BR>[Calls]<UL><LI><a href="#[86]">&gt;&gt;</a>&nbsp;&nbsp;&nbsp;STMFLASH_Read
</UL>

<P><STRONG><a name="[95]"></a>ReadPathBAddress</STRONG> (Thumb, 24 bytes, Stack size 8 bytes, stmflash.o(.text), UNUSED)
<BR><BR>[Calls]<UL><LI><a href="#[86]">&gt;&gt;</a>&nbsp;&nbsp;&nbsp;STMFLASH_Read
</UL>

<P><STRONG><a name="[96]"></a>ReadChannel</STRONG> (Thumb, 24 bytes, Stack size 8 bytes, stmflash.o(.text), UNUSED)
<BR><BR>[Calls]<UL><LI><a href="#[86]">&gt;&gt;</a>&nbsp;&nbsp;&nbsp;STMFLASH_Read
</UL>

<P><STRONG><a name="[97]"></a>ReadArmChannel</STRONG> (Thumb, 24 bytes, Stack size 8 bytes, stmflash.o(.text), UNUSED)
<BR><BR>[Calls]<UL><LI><a href="#[86]">&gt;&gt;</a>&nbsp;&nbsp;&nbsp;STMFLASH_Read
</UL>

<P><STRONG><a name="[98]"></a>ReadTempChannel</STRONG> (Thumb, 24 bytes, Stack size 8 bytes, stmflash.o(.text), UNUSED)
<BR><BR>[Calls]<UL><LI><a href="#[86]">&gt;&gt;</a>&nbsp;&nbsp;&nbsp;STMFLASH_Read
</UL>

<P><STRONG><a name="[99]"></a>WriteReceiveOrSend</STRONG> (Thumb, 20 bytes, Stack size 8 bytes, stmflash.o(.text))
<BR><BR>[Stack]<UL><LI>Max Depth = 104<LI>Call Chain = WriteReceiveOrSend &rArr; STMFLASH_Write &rArr; STMFLASH_Write_NoCheck &rArr; STMFLASH_WriteHalfWord &rArr; STMFLASH_WaitDone
</UL>
<BR>[Calls]<UL><LI><a href="#[88]">&gt;&gt;</a>&nbsp;&nbsp;&nbsp;STMFLASH_Write
</UL>
<BR>[Called By]<UL><LI><a href="#[7d]">&gt;&gt;</a>&nbsp;&nbsp;&nbsp;SetReceiveOrSend
</UL>

<P><STRONG><a name="[9a]"></a>WriteMode</STRONG> (Thumb, 22 bytes, Stack size 8 bytes, stmflash.o(.text), UNUSED)
<BR><BR>[Calls]<UL><LI><a href="#[88]">&gt;&gt;</a>&nbsp;&nbsp;&nbsp;STMFLASH_Write
</UL>
<BR>[Called By]<UL><LI><a href="#[a6]">&gt;&gt;</a>&nbsp;&nbsp;&nbsp;SetMode
</UL>

<P><STRONG><a name="[9b]"></a>WriteLocalGroupNumber</STRONG> (Thumb, 22 bytes, Stack size 8 bytes, stmflash.o(.text), UNUSED)
<BR><BR>[Calls]<UL><LI><a href="#[88]">&gt;&gt;</a>&nbsp;&nbsp;&nbsp;STMFLASH_Write
</UL>
<BR>[Called By]<UL><LI><a href="#[a7]">&gt;&gt;</a>&nbsp;&nbsp;&nbsp;SetLocalGroupNumber
</UL>

<P><STRONG><a name="[9c]"></a>WriteLocalAddress</STRONG> (Thumb, 22 bytes, Stack size 8 bytes, stmflash.o(.text), UNUSED)
<BR><BR>[Calls]<UL><LI><a href="#[88]">&gt;&gt;</a>&nbsp;&nbsp;&nbsp;STMFLASH_Write
</UL>
<BR>[Called By]<UL><LI><a href="#[a8]">&gt;&gt;</a>&nbsp;&nbsp;&nbsp;SetLocalAddress
</UL>

<P><STRONG><a name="[9d]"></a>WriteTargetGroupNumber</STRONG> (Thumb, 98 bytes, Stack size 8 bytes, stmflash.o(.text), UNUSED)
<BR><BR>[Calls]<UL><LI><a href="#[88]">&gt;&gt;</a>&nbsp;&nbsp;&nbsp;STMFLASH_Write
</UL>

<P><STRONG><a name="[9e]"></a>WriteDestinationAddress</STRONG> (Thumb, 20 bytes, Stack size 8 bytes, stmflash.o(.text), UNUSED)
<BR><BR>[Calls]<UL><LI><a href="#[88]">&gt;&gt;</a>&nbsp;&nbsp;&nbsp;STMFLASH_Write
</UL>

<P><STRONG><a name="[9f]"></a>WritePathGroupANumber</STRONG> (Thumb, 22 bytes, Stack size 8 bytes, stmflash.o(.text), UNUSED)
<BR><BR>[Calls]<UL><LI><a href="#[88]">&gt;&gt;</a>&nbsp;&nbsp;&nbsp;STMFLASH_Write
</UL>

<P><STRONG><a name="[a0]"></a>WritePathAAddress</STRONG> (Thumb, 22 bytes, Stack size 8 bytes, stmflash.o(.text), UNUSED)
<BR><BR>[Calls]<UL><LI><a href="#[88]">&gt;&gt;</a>&nbsp;&nbsp;&nbsp;STMFLASH_Write
</UL>

<P><STRONG><a name="[a1]"></a>WritePathGroupBNumber</STRONG> (Thumb, 22 bytes, Stack size 8 bytes, stmflash.o(.text), UNUSED)
<BR><BR>[Calls]<UL><LI><a href="#[88]">&gt;&gt;</a>&nbsp;&nbsp;&nbsp;STMFLASH_Write
</UL>

<P><STRONG><a name="[a2]"></a>WritePathBAddress</STRONG> (Thumb, 22 bytes, Stack size 8 bytes, stmflash.o(.text), UNUSED)
<BR><BR>[Calls]<UL><LI><a href="#[88]">&gt;&gt;</a>&nbsp;&nbsp;&nbsp;STMFLASH_Write
</UL>

<P><STRONG><a name="[a3]"></a>WriteChannel</STRONG> (Thumb, 22 bytes, Stack size 8 bytes, stmflash.o(.text), UNUSED)
<BR><BR>[Calls]<UL><LI><a href="#[88]">&gt;&gt;</a>&nbsp;&nbsp;&nbsp;STMFLASH_Write
</UL>

<P><STRONG><a name="[a4]"></a>WriteArmChannel</STRONG> (Thumb, 22 bytes, Stack size 8 bytes, stmflash.o(.text), UNUSED)
<BR><BR>[Calls]<UL><LI><a href="#[88]">&gt;&gt;</a>&nbsp;&nbsp;&nbsp;STMFLASH_Write
</UL>

<P><STRONG><a name="[a5]"></a>WriteTempChannel</STRONG> (Thumb, 22 bytes, Stack size 8 bytes, stmflash.o(.text), UNUSED)
<BR><BR>[Calls]<UL><LI><a href="#[88]">&gt;&gt;</a>&nbsp;&nbsp;&nbsp;STMFLASH_Write
</UL>

<P><STRONG><a name="[54]"></a>ReadAllData</STRONG> (Thumb, 16 bytes, Stack size 4 bytes, stmflash.o(.text))
<BR><BR>[Stack]<UL><LI>Max Depth = 24<LI>Call Chain = ReadAllData &rArr; ReadReceiveOrSend &rArr; STMFLASH_Read
</UL>
<BR>[Calls]<UL><LI><a href="#[8c]">&gt;&gt;</a>&nbsp;&nbsp;&nbsp;ReadReceiveOrSend
</UL>
<BR>[Called By]<UL><LI><a href="#[43]">&gt;&gt;</a>&nbsp;&nbsp;&nbsp;main
</UL>

<P><STRONG><a name="[7d]"></a>SetReceiveOrSend</STRONG> (Thumb, 20 bytes, Stack size 8 bytes, show1.o(.text))
<BR><BR>[Stack]<UL><LI>Max Depth = 112<LI>Call Chain = SetReceiveOrSend &rArr; WriteReceiveOrSend &rArr; STMFLASH_Write &rArr; STMFLASH_Write_NoCheck &rArr; STMFLASH_WriteHalfWord &rArr; STMFLASH_WaitDone
</UL>
<BR>[Calls]<UL><LI><a href="#[99]">&gt;&gt;</a>&nbsp;&nbsp;&nbsp;WriteReceiveOrSend
</UL>
<BR>[Called By]<UL><LI><a href="#[7c]">&gt;&gt;</a>&nbsp;&nbsp;&nbsp;ModbusFun6_1
</UL>

<P><STRONG><a name="[a6]"></a>SetMode</STRONG> (Thumb, 20 bytes, Stack size 8 bytes, show1.o(.text), UNUSED)
<BR><BR>[Calls]<UL><LI><a href="#[9a]">&gt;&gt;</a>&nbsp;&nbsp;&nbsp;WriteMode
</UL>

<P><STRONG><a name="[a7]"></a>SetLocalGroupNumber</STRONG> (Thumb, 24 bytes, Stack size 8 bytes, show1.o(.text), UNUSED)
<BR><BR>[Calls]<UL><LI><a href="#[9b]">&gt;&gt;</a>&nbsp;&nbsp;&nbsp;WriteLocalGroupNumber
</UL>

<P><STRONG><a name="[a8]"></a>SetLocalAddress</STRONG> (Thumb, 14 bytes, Stack size 8 bytes, show1.o(.text), UNUSED)
<BR><BR>[Calls]<UL><LI><a href="#[9c]">&gt;&gt;</a>&nbsp;&nbsp;&nbsp;WriteLocalAddress
</UL>

<P><STRONG><a name="[140]"></a>SetTargetGroupNumber</STRONG> (Thumb, 2 bytes, Stack size 0 bytes, show1.o(.text), UNUSED)

<P><STRONG><a name="[141]"></a>SetDestinationAddress</STRONG> (Thumb, 2 bytes, Stack size 0 bytes, show1.o(.text), UNUSED)

<P><STRONG><a name="[142]"></a>SetPathGroupANumber</STRONG> (Thumb, 2 bytes, Stack size 0 bytes, show1.o(.text), UNUSED)

<P><STRONG><a name="[143]"></a>SetPathAAddress</STRONG> (Thumb, 2 bytes, Stack size 0 bytes, show1.o(.text), UNUSED)

<P><STRONG><a name="[144]"></a>SetPathGroupBNumber</STRONG> (Thumb, 2 bytes, Stack size 0 bytes, show1.o(.text), UNUSED)

<P><STRONG><a name="[145]"></a>SetPathBAddress</STRONG> (Thumb, 2 bytes, Stack size 0 bytes, show1.o(.text), UNUSED)

<P><STRONG><a name="[146]"></a>SetChannelAdd</STRONG> (Thumb, 2 bytes, Stack size 0 bytes, show1.o(.text), UNUSED)

<P><STRONG><a name="[147]"></a>SetArmChannelAdd</STRONG> (Thumb, 2 bytes, Stack size 0 bytes, show1.o(.text), UNUSED)

<P><STRONG><a name="[148]"></a>SetTempChannelAdd</STRONG> (Thumb, 2 bytes, Stack size 0 bytes, show1.o(.text), UNUSED)

<P><STRONG><a name="[149]"></a>SPI1_Init</STRONG> (Thumb, 36 bytes, Stack size 0 bytes, myspi.o(.text), UNUSED)

<P><STRONG><a name="[14a]"></a>SPI1_SetSpeed</STRONG> (Thumb, 2 bytes, Stack size 0 bytes, myspi.o(.text), UNUSED)

<P><STRONG><a name="[a9]"></a>drv_spi_read_write_byte</STRONG> (Thumb, 84 bytes, Stack size 16 bytes, myspi.o(.text))
<BR><BR>[Stack]<UL><LI>Max Depth = 16<LI>Call Chain = drv_spi_read_write_byte
</UL>
<BR>[Calls]<UL><LI><a href="#[82]">&gt;&gt;</a>&nbsp;&nbsp;&nbsp;delay_us
</UL>
<BR>[Called By]<UL><LI><a href="#[eb]">&gt;&gt;</a>&nbsp;&nbsp;&nbsp;SX126xReadBuffer
<LI><a href="#[ea]">&gt;&gt;</a>&nbsp;&nbsp;&nbsp;SX126xWriteBuffer
<LI><a href="#[e8]">&gt;&gt;</a>&nbsp;&nbsp;&nbsp;SX126xReadRegisters
<LI><a href="#[e7]">&gt;&gt;</a>&nbsp;&nbsp;&nbsp;SX126xWriteRegisters
<LI><a href="#[e6]">&gt;&gt;</a>&nbsp;&nbsp;&nbsp;SX126xReadCommand
<LI><a href="#[e5]">&gt;&gt;</a>&nbsp;&nbsp;&nbsp;SX126xWriteCommand
<LI><a href="#[e2]">&gt;&gt;</a>&nbsp;&nbsp;&nbsp;SX126xWakeup
</UL>

<P><STRONG><a name="[aa]"></a>SPI_SendByte</STRONG> (Thumb, 28 bytes, Stack size 16 bytes, myspi.o(.text), UNUSED)
<BR><BR>[Calls]<UL><LI><a href="#[82]">&gt;&gt;</a>&nbsp;&nbsp;&nbsp;delay_us
</UL>

<P><STRONG><a name="[ab]"></a>RadioIoDeInit</STRONG> (Thumb, 8 bytes, Stack size 8 bytes, radio.o(.text), UNUSED)
<BR><BR>[Calls]<UL><LI><a href="#[ac]">&gt;&gt;</a>&nbsp;&nbsp;&nbsp;SX126xIoDeInit
</UL>

<P><STRONG><a name="[ad]"></a>RadioRecoverIoInit</STRONG> (Thumb, 8 bytes, Stack size 8 bytes, radio.o(.text), UNUSED)
<BR><BR>[Calls]<UL><LI><a href="#[ae]">&gt;&gt;</a>&nbsp;&nbsp;&nbsp;SX126xRecoverIoInit
</UL>

<P><STRONG><a name="[4f]"></a>RadioInit</STRONG> (Thumb, 50 bytes, Stack size 8 bytes, radio.o(.text))
<BR><BR>[Stack]<UL><LI>Max Depth = 104<LI>Call Chain = RadioInit &rArr; SX126xSetTxParams &rArr; SX126xSetPaConfig &rArr; SX126xWriteCommand &rArr; SX126xCheckDeviceReady &rArr; SX126xWakeup &rArr; drv_spi_read_write_byte
</UL>
<BR>[Calls]<UL><LI><a href="#[b3]">&gt;&gt;</a>&nbsp;&nbsp;&nbsp;SX126xSetTxParams
<LI><a href="#[b0]">&gt;&gt;</a>&nbsp;&nbsp;&nbsp;SX126xSetStandby
<LI><a href="#[b1]">&gt;&gt;</a>&nbsp;&nbsp;&nbsp;SX126xSetRegulatorMode
<LI><a href="#[b4]">&gt;&gt;</a>&nbsp;&nbsp;&nbsp;SX126xSetDioIrqParams
<LI><a href="#[b2]">&gt;&gt;</a>&nbsp;&nbsp;&nbsp;SX126xSetBufferBaseAddress
<LI><a href="#[af]">&gt;&gt;</a>&nbsp;&nbsp;&nbsp;SX126xInit
</UL>
<BR>[Called By]<UL><LI><a href="#[43]">&gt;&gt;</a>&nbsp;&nbsp;&nbsp;main
</UL>

<P><STRONG><a name="[b5]"></a>RadioGetStatus</STRONG> (Thumb, 36 bytes, Stack size 8 bytes, radio.o(.text), UNUSED)
<BR><BR>[Calls]<UL><LI><a href="#[b6]">&gt;&gt;</a>&nbsp;&nbsp;&nbsp;SX126xGetOperatingMode
</UL>

<P><STRONG><a name="[b7]"></a>RadioSetPublicNetwork</STRONG> (Thumb, 58 bytes, Stack size 8 bytes, radio.o(.text))
<BR><BR>[Stack]<UL><LI>Max Depth = 80<LI>Call Chain = RadioSetPublicNetwork &rArr; SX126xWriteRegister &rArr; SX126xWriteRegisters &rArr; SX126xCheckDeviceReady &rArr; SX126xWakeup &rArr; drv_spi_read_write_byte
</UL>
<BR>[Calls]<UL><LI><a href="#[b9]">&gt;&gt;</a>&nbsp;&nbsp;&nbsp;SX126xWriteRegister
<LI><a href="#[b8]">&gt;&gt;</a>&nbsp;&nbsp;&nbsp;SX126xSetPacketType
</UL>
<BR>[Called By]<UL><LI><a href="#[ba]">&gt;&gt;</a>&nbsp;&nbsp;&nbsp;RadioSetModem
</UL>

<P><STRONG><a name="[ba]"></a>RadioSetModem</STRONG> (Thumb, 52 bytes, Stack size 8 bytes, radio.o(.text))
<BR><BR>[Stack]<UL><LI>Max Depth = 88<LI>Call Chain = RadioSetModem &rArr; RadioSetPublicNetwork &rArr; SX126xWriteRegister &rArr; SX126xWriteRegisters &rArr; SX126xCheckDeviceReady &rArr; SX126xWakeup &rArr; drv_spi_read_write_byte
</UL>
<BR>[Calls]<UL><LI><a href="#[b8]">&gt;&gt;</a>&nbsp;&nbsp;&nbsp;SX126xSetPacketType
<LI><a href="#[b7]">&gt;&gt;</a>&nbsp;&nbsp;&nbsp;RadioSetPublicNetwork
</UL>
<BR>[Called By]<UL><LI><a href="#[c2]">&gt;&gt;</a>&nbsp;&nbsp;&nbsp;RadioSetRxConfig
<LI><a href="#[51]">&gt;&gt;</a>&nbsp;&nbsp;&nbsp;RadioSetTxConfig
</UL>

<P><STRONG><a name="[bb]"></a>RadioSetTxPower</STRONG> (Thumb, 14 bytes, Stack size 8 bytes, radio.o(.text), UNUSED)
<BR><BR>[Calls]<UL><LI><a href="#[b3]">&gt;&gt;</a>&nbsp;&nbsp;&nbsp;SX126xSetTxParams
</UL>

<P><STRONG><a name="[52]"></a>RadioSetChannel</STRONG> (Thumb, 12 bytes, Stack size 8 bytes, radio.o(.text))
<BR><BR>[Stack]<UL><LI>Max Depth = 112<LI>Call Chain = RadioSetChannel &rArr; SX126xSetRfFrequency &rArr; SX126xCalibrateImage &rArr; SX126xWriteCommand &rArr; SX126xCheckDeviceReady &rArr; SX126xWakeup &rArr; drv_spi_read_write_byte
</UL>
<BR>[Calls]<UL><LI><a href="#[bc]">&gt;&gt;</a>&nbsp;&nbsp;&nbsp;SX126xSetRfFrequency
</UL>
<BR>[Called By]<UL><LI><a href="#[43]">&gt;&gt;</a>&nbsp;&nbsp;&nbsp;main
</UL>

<P><STRONG><a name="[14b]"></a>RadioIsChannelFree</STRONG> (Thumb, 8 bytes, Stack size 12 bytes, radio.o(.text), UNUSED)

<P><STRONG><a name="[bd]"></a>RadioSleep</STRONG> (Thumb, 32 bytes, Stack size 8 bytes, radio.o(.text), UNUSED)
<BR><BR>[Calls]<UL><LI><a href="#[be]">&gt;&gt;</a>&nbsp;&nbsp;&nbsp;SX126xSetSleep
<LI><a href="#[58]">&gt;&gt;</a>&nbsp;&nbsp;&nbsp;delay_ms
</UL>
<BR>[Called By]<UL><LI><a href="#[bf]">&gt;&gt;</a>&nbsp;&nbsp;&nbsp;RadioRandom
</UL>

<P><STRONG><a name="[bf]"></a>RadioRandom</STRONG> (Thumb, 54 bytes, Stack size 16 bytes, radio.o(.text), UNUSED)
<BR><BR>[Calls]<UL><LI><a href="#[c0]">&gt;&gt;</a>&nbsp;&nbsp;&nbsp;SX126xSetRx
<LI><a href="#[b8]">&gt;&gt;</a>&nbsp;&nbsp;&nbsp;SX126xSetPacketType
<LI><a href="#[c1]">&gt;&gt;</a>&nbsp;&nbsp;&nbsp;SX126xGetRssiInst
<LI><a href="#[bd]">&gt;&gt;</a>&nbsp;&nbsp;&nbsp;RadioSleep
<LI><a href="#[58]">&gt;&gt;</a>&nbsp;&nbsp;&nbsp;delay_ms
</UL>

<P><STRONG><a name="[c2]"></a>RadioSetRxConfig</STRONG> (Thumb, 168 bytes, Stack size 40 bytes, radio.o(.text), UNUSED)
<BR><BR>[Calls]<UL><LI><a href="#[c3]">&gt;&gt;</a>&nbsp;&nbsp;&nbsp;SX126xSetStopRxTimerOnPreambleDetect
<LI><a href="#[c6]">&gt;&gt;</a>&nbsp;&nbsp;&nbsp;SX126xSetPacketParams
<LI><a href="#[c5]">&gt;&gt;</a>&nbsp;&nbsp;&nbsp;SX126xSetModulationParams
<LI><a href="#[c4]">&gt;&gt;</a>&nbsp;&nbsp;&nbsp;SX126xSetLoRaSymbNumTimeout
<LI><a href="#[ba]">&gt;&gt;</a>&nbsp;&nbsp;&nbsp;RadioSetModem
</UL>

<P><STRONG><a name="[50]"></a>RadioStandby</STRONG> (Thumb, 10 bytes, Stack size 8 bytes, radio.o(.text))
<BR><BR>[Stack]<UL><LI>Max Depth = 72<LI>Call Chain = RadioStandby &rArr; SX126xSetStandby &rArr; SX126xWriteCommand &rArr; SX126xCheckDeviceReady &rArr; SX126xWakeup &rArr; drv_spi_read_write_byte
</UL>
<BR>[Calls]<UL><LI><a href="#[b0]">&gt;&gt;</a>&nbsp;&nbsp;&nbsp;SX126xSetStandby
</UL>
<BR>[Called By]<UL><LI><a href="#[51]">&gt;&gt;</a>&nbsp;&nbsp;&nbsp;RadioSetTxConfig
<LI><a href="#[43]">&gt;&gt;</a>&nbsp;&nbsp;&nbsp;main
</UL>

<P><STRONG><a name="[51]"></a>RadioSetTxConfig</STRONG> (Thumb, 162 bytes, Stack size 40 bytes, radio.o(.text))
<BR><BR>[Stack]<UL><LI>Max Depth = 136<LI>Call Chain = RadioSetTxConfig &rArr; SX126xSetTxParams &rArr; SX126xSetPaConfig &rArr; SX126xWriteCommand &rArr; SX126xCheckDeviceReady &rArr; SX126xWakeup &rArr; drv_spi_read_write_byte
</UL>
<BR>[Calls]<UL><LI><a href="#[b3]">&gt;&gt;</a>&nbsp;&nbsp;&nbsp;SX126xSetTxParams
<LI><a href="#[c3]">&gt;&gt;</a>&nbsp;&nbsp;&nbsp;SX126xSetStopRxTimerOnPreambleDetect
<LI><a href="#[c6]">&gt;&gt;</a>&nbsp;&nbsp;&nbsp;SX126xSetPacketParams
<LI><a href="#[c5]">&gt;&gt;</a>&nbsp;&nbsp;&nbsp;SX126xSetModulationParams
<LI><a href="#[c4]">&gt;&gt;</a>&nbsp;&nbsp;&nbsp;SX126xSetLoRaSymbNumTimeout
<LI><a href="#[ba]">&gt;&gt;</a>&nbsp;&nbsp;&nbsp;RadioSetModem
<LI><a href="#[50]">&gt;&gt;</a>&nbsp;&nbsp;&nbsp;RadioStandby
</UL>
<BR>[Called By]<UL><LI><a href="#[43]">&gt;&gt;</a>&nbsp;&nbsp;&nbsp;main
</UL>

<P><STRONG><a name="[14c]"></a>RadioTimeOnAir</STRONG> (Thumb, 6 bytes, Stack size 0 bytes, radio.o(.text), UNUSED)

<P><STRONG><a name="[5c]"></a>RadioSend</STRONG> (Thumb, 68 bytes, Stack size 16 bytes, radio.o(.text))
<BR><BR>[Stack]<UL><LI>Max Depth = 104<LI>Call Chain = RadioSend &rArr; SX126xSetDioIrqParams &rArr; SX126xWriteCommand &rArr; SX126xCheckDeviceReady &rArr; SX126xWakeup &rArr; drv_spi_read_write_byte
</UL>
<BR>[Calls]<UL><LI><a href="#[c6]">&gt;&gt;</a>&nbsp;&nbsp;&nbsp;SX126xSetPacketParams
<LI><a href="#[b4]">&gt;&gt;</a>&nbsp;&nbsp;&nbsp;SX126xSetDioIrqParams
<LI><a href="#[c7]">&gt;&gt;</a>&nbsp;&nbsp;&nbsp;SX126xSendPayload
<LI><a href="#[58]">&gt;&gt;</a>&nbsp;&nbsp;&nbsp;delay_ms
</UL>
<BR>[Called By]<UL><LI><a href="#[43]">&gt;&gt;</a>&nbsp;&nbsp;&nbsp;main
</UL>

<P><STRONG><a name="[57]"></a>RadioGetBuffer</STRONG> (Thumb, 20 bytes, Stack size 16 bytes, radio.o(.text))
<BR><BR>[Stack]<UL><LI>Max Depth = 128<LI>Call Chain = RadioGetBuffer &rArr; SX126xGetPayload &rArr; SX126xGetRxBufferStatus &rArr; SX126xReadRegister &rArr; SX126xReadRegisters &rArr; SX126xCheckDeviceReady &rArr; SX126xWakeup &rArr; drv_spi_read_write_byte
</UL>
<BR>[Calls]<UL><LI><a href="#[c8]">&gt;&gt;</a>&nbsp;&nbsp;&nbsp;SX126xGetPayload
</UL>
<BR>[Called By]<UL><LI><a href="#[43]">&gt;&gt;</a>&nbsp;&nbsp;&nbsp;main
</UL>

<P><STRONG><a name="[53]"></a>RadioRx</STRONG> (Thumb, 40 bytes, Stack size 8 bytes, radio.o(.text))
<BR><BR>[Stack]<UL><LI>Max Depth = 96<LI>Call Chain = RadioRx &rArr; SX126xSetDioIrqParams &rArr; SX126xWriteCommand &rArr; SX126xCheckDeviceReady &rArr; SX126xWakeup &rArr; drv_spi_read_write_byte
</UL>
<BR>[Calls]<UL><LI><a href="#[c0]">&gt;&gt;</a>&nbsp;&nbsp;&nbsp;SX126xSetRx
<LI><a href="#[b4]">&gt;&gt;</a>&nbsp;&nbsp;&nbsp;SX126xSetDioIrqParams
</UL>
<BR>[Called By]<UL><LI><a href="#[43]">&gt;&gt;</a>&nbsp;&nbsp;&nbsp;main
</UL>

<P><STRONG><a name="[c9]"></a>RadioRxBoosted</STRONG> (Thumb, 34 bytes, Stack size 8 bytes, radio.o(.text), UNUSED)
<BR><BR>[Calls]<UL><LI><a href="#[ca]">&gt;&gt;</a>&nbsp;&nbsp;&nbsp;SX126xSetRxBoosted
</UL>

<P><STRONG><a name="[cb]"></a>RadioSetRxDutyCycle</STRONG> (Thumb, 16 bytes, Stack size 16 bytes, radio.o(.text), UNUSED)
<BR><BR>[Calls]<UL><LI><a href="#[cc]">&gt;&gt;</a>&nbsp;&nbsp;&nbsp;SX126xSetRxDutyCycle
</UL>

<P><STRONG><a name="[cd]"></a>RadioStartCad</STRONG> (Thumb, 38 bytes, Stack size 8 bytes, radio.o(.text), UNUSED)
<BR><BR>[Calls]<UL><LI><a href="#[b4]">&gt;&gt;</a>&nbsp;&nbsp;&nbsp;SX126xSetDioIrqParams
<LI><a href="#[ce]">&gt;&gt;</a>&nbsp;&nbsp;&nbsp;SX126xSetCad
</UL>

<P><STRONG><a name="[cf]"></a>RadioSetCadParams</STRONG> (Thumb, 36 bytes, Stack size 32 bytes, radio.o(.text), UNUSED)
<BR><BR>[Calls]<UL><LI><a href="#[d0]">&gt;&gt;</a>&nbsp;&nbsp;&nbsp;SX126xSetCadParams
</UL>

<P><STRONG><a name="[d1]"></a>RadioTx</STRONG> (Thumb, 16 bytes, Stack size 8 bytes, radio.o(.text), UNUSED)
<BR><BR>[Calls]<UL><LI><a href="#[d2]">&gt;&gt;</a>&nbsp;&nbsp;&nbsp;SX126xSetTx
</UL>

<P><STRONG><a name="[d3]"></a>RadioSetTxContinuousWave</STRONG> (Thumb, 28 bytes, Stack size 16 bytes, radio.o(.text), UNUSED)
<BR><BR>[Calls]<UL><LI><a href="#[b3]">&gt;&gt;</a>&nbsp;&nbsp;&nbsp;SX126xSetTxParams
<LI><a href="#[d4]">&gt;&gt;</a>&nbsp;&nbsp;&nbsp;SX126xSetTxContinuousWave
<LI><a href="#[bc]">&gt;&gt;</a>&nbsp;&nbsp;&nbsp;SX126xSetRfFrequency
</UL>

<P><STRONG><a name="[d5]"></a>RadioRssi</STRONG> (Thumb, 8 bytes, Stack size 8 bytes, radio.o(.text), UNUSED)
<BR><BR>[Calls]<UL><LI><a href="#[c1]">&gt;&gt;</a>&nbsp;&nbsp;&nbsp;SX126xGetRssiInst
</UL>

<P><STRONG><a name="[d6]"></a>RadioSetMaxPayloadLength</STRONG> (Thumb, 46 bytes, Stack size 16 bytes, radio.o(.text), UNUSED)
<BR><BR>[Calls]<UL><LI><a href="#[c6]">&gt;&gt;</a>&nbsp;&nbsp;&nbsp;SX126xSetPacketParams
</UL>

<P><STRONG><a name="[55]"></a>RadioGetIrqStatus</STRONG> (Thumb, 8 bytes, Stack size 8 bytes, radio.o(.text))
<BR><BR>[Stack]<UL><LI>Max Depth = 72<LI>Call Chain = RadioGetIrqStatus &rArr; SX126xGetIrqStatus &rArr; SX126xReadCommand &rArr; SX126xCheckDeviceReady &rArr; SX126xWakeup &rArr; drv_spi_read_write_byte
</UL>
<BR>[Calls]<UL><LI><a href="#[d7]">&gt;&gt;</a>&nbsp;&nbsp;&nbsp;SX126xGetIrqStatus
</UL>
<BR>[Called By]<UL><LI><a href="#[43]">&gt;&gt;</a>&nbsp;&nbsp;&nbsp;main
</UL>

<P><STRONG><a name="[d8]"></a>RadioGetPacketStatus</STRONG> (Thumb, 12 bytes, Stack size 8 bytes, radio.o(.text), UNUSED)
<BR><BR>[Calls]<UL><LI><a href="#[d9]">&gt;&gt;</a>&nbsp;&nbsp;&nbsp;SX126xGetPacketStatus
</UL>

<P><STRONG><a name="[da]"></a>RadioGetDeviceErrors</STRONG> (Thumb, 16 bytes, Stack size 8 bytes, radio.o(.text), UNUSED)
<BR><BR>[Calls]<UL><LI><a href="#[db]">&gt;&gt;</a>&nbsp;&nbsp;&nbsp;SX126xGetDeviceErrors
</UL>

<P><STRONG><a name="[dc]"></a>RadioClearDeviceErrors</STRONG> (Thumb, 8 bytes, Stack size 8 bytes, radio.o(.text), UNUSED)
<BR><BR>[Calls]<UL><LI><a href="#[dd]">&gt;&gt;</a>&nbsp;&nbsp;&nbsp;SX126xClearDeviceErrors
</UL>

<P><STRONG><a name="[56]"></a>RadioClearIrqStatus</STRONG> (Thumb, 12 bytes, Stack size 8 bytes, radio.o(.text))
<BR><BR>[Stack]<UL><LI>Max Depth = 80<LI>Call Chain = RadioClearIrqStatus &rArr; SX126xClearIrqStatus &rArr; SX126xWriteCommand &rArr; SX126xCheckDeviceReady &rArr; SX126xWakeup &rArr; drv_spi_read_write_byte
</UL>
<BR>[Calls]<UL><LI><a href="#[de]">&gt;&gt;</a>&nbsp;&nbsp;&nbsp;SX126xClearIrqStatus
</UL>
<BR>[Called By]<UL><LI><a href="#[43]">&gt;&gt;</a>&nbsp;&nbsp;&nbsp;main
</UL>

<P><STRONG><a name="[14d]"></a>RadioOnDioIrq</STRONG> (Thumb, 8 bytes, Stack size 0 bytes, radio.o(.text), UNUSED)

<P><STRONG><a name="[df]"></a>RadioSetPreamble</STRONG> (Thumb, 22 bytes, Stack size 8 bytes, radio.o(.text), UNUSED)
<BR><BR>[Calls]<UL><LI><a href="#[b0]">&gt;&gt;</a>&nbsp;&nbsp;&nbsp;SX126xSetStandby
<LI><a href="#[c6]">&gt;&gt;</a>&nbsp;&nbsp;&nbsp;SX126xSetPacketParams
</UL>

<P><STRONG><a name="[14e]"></a>RadioTimeOnAirAndPreamble</STRONG> (Thumb, 8 bytes, Stack size 8 bytes, radio.o(.text), UNUSED)

<P><STRONG><a name="[ec]"></a>SX126xIoInit</STRONG> (Thumb, 112 bytes, Stack size 0 bytes, sx126x_driver.o(.text))
<BR><BR>[Called By]<UL><LI><a href="#[af]">&gt;&gt;</a>&nbsp;&nbsp;&nbsp;SX126xInit
</UL>

<P><STRONG><a name="[e0]"></a>SX126xIoIrqInit</STRONG> (Thumb, 2 bytes, Stack size 0 bytes, sx126x_driver.o(.text))
<BR><BR>[Called By]<UL><LI><a href="#[ae]">&gt;&gt;</a>&nbsp;&nbsp;&nbsp;SX126xRecoverIoInit
<LI><a href="#[af]">&gt;&gt;</a>&nbsp;&nbsp;&nbsp;SX126xInit
</UL>

<P><STRONG><a name="[ac]"></a>SX126xIoDeInit</STRONG> (Thumb, 16 bytes, Stack size 0 bytes, sx126x_driver.o(.text), UNUSED)
<BR><BR>[Called By]<UL><LI><a href="#[ab]">&gt;&gt;</a>&nbsp;&nbsp;&nbsp;RadioIoDeInit
</UL>

<P><STRONG><a name="[ae]"></a>SX126xRecoverIoInit</STRONG> (Thumb, 8 bytes, Stack size 4 bytes, sx126x_driver.o(.text), UNUSED)
<BR><BR>[Calls]<UL><LI><a href="#[e0]">&gt;&gt;</a>&nbsp;&nbsp;&nbsp;SX126xIoIrqInit
</UL>
<BR>[Called By]<UL><LI><a href="#[ad]">&gt;&gt;</a>&nbsp;&nbsp;&nbsp;RadioRecoverIoInit
</UL>

<P><STRONG><a name="[e1]"></a>SX126xReset</STRONG> (Thumb, 38 bytes, Stack size 8 bytes, sx126x_driver.o(.text))
<BR><BR>[Stack]<UL><LI>Max Depth = 8<LI>Call Chain = SX126xReset
</UL>
<BR>[Calls]<UL><LI><a href="#[58]">&gt;&gt;</a>&nbsp;&nbsp;&nbsp;delay_ms
</UL>
<BR>[Called By]<UL><LI><a href="#[af]">&gt;&gt;</a>&nbsp;&nbsp;&nbsp;SX126xInit
</UL>

<P><STRONG><a name="[e3]"></a>SX126xWaitOnBusy</STRONG> (Thumb, 14 bytes, Stack size 0 bytes, sx126x_driver.o(.text))
<BR><BR>[Called By]<UL><LI><a href="#[eb]">&gt;&gt;</a>&nbsp;&nbsp;&nbsp;SX126xReadBuffer
<LI><a href="#[ea]">&gt;&gt;</a>&nbsp;&nbsp;&nbsp;SX126xWriteBuffer
<LI><a href="#[e8]">&gt;&gt;</a>&nbsp;&nbsp;&nbsp;SX126xReadRegisters
<LI><a href="#[e7]">&gt;&gt;</a>&nbsp;&nbsp;&nbsp;SX126xWriteRegisters
<LI><a href="#[e6]">&gt;&gt;</a>&nbsp;&nbsp;&nbsp;SX126xReadCommand
<LI><a href="#[e5]">&gt;&gt;</a>&nbsp;&nbsp;&nbsp;SX126xWriteCommand
<LI><a href="#[e4]">&gt;&gt;</a>&nbsp;&nbsp;&nbsp;SX126xCheckDeviceReady
<LI><a href="#[e2]">&gt;&gt;</a>&nbsp;&nbsp;&nbsp;SX126xWakeup
</UL>

<P><STRONG><a name="[e2]"></a>SX126xWakeup</STRONG> (Thumb, 34 bytes, Stack size 8 bytes, sx126x_driver.o(.text))
<BR><BR>[Stack]<UL><LI>Max Depth = 24<LI>Call Chain = SX126xWakeup &rArr; drv_spi_read_write_byte
</UL>
<BR>[Calls]<UL><LI><a href="#[e3]">&gt;&gt;</a>&nbsp;&nbsp;&nbsp;SX126xWaitOnBusy
<LI><a href="#[a9]">&gt;&gt;</a>&nbsp;&nbsp;&nbsp;drv_spi_read_write_byte
</UL>
<BR>[Called By]<UL><LI><a href="#[e4]">&gt;&gt;</a>&nbsp;&nbsp;&nbsp;SX126xCheckDeviceReady
<LI><a href="#[af]">&gt;&gt;</a>&nbsp;&nbsp;&nbsp;SX126xInit
</UL>

<P><STRONG><a name="[b6]"></a>SX126xGetOperatingMode</STRONG> (Thumb, 6 bytes, Stack size 0 bytes, sx126x_driver.o(.text))
<BR><BR>[Called By]<UL><LI><a href="#[e4]">&gt;&gt;</a>&nbsp;&nbsp;&nbsp;SX126xCheckDeviceReady
<LI><a href="#[b5]">&gt;&gt;</a>&nbsp;&nbsp;&nbsp;RadioGetStatus
</UL>

<P><STRONG><a name="[e4]"></a>SX126xCheckDeviceReady</STRONG> (Thumb, 26 bytes, Stack size 8 bytes, sx126x_driver.o(.text))
<BR><BR>[Stack]<UL><LI>Max Depth = 32<LI>Call Chain = SX126xCheckDeviceReady &rArr; SX126xWakeup &rArr; drv_spi_read_write_byte
</UL>
<BR>[Calls]<UL><LI><a href="#[e2]">&gt;&gt;</a>&nbsp;&nbsp;&nbsp;SX126xWakeup
<LI><a href="#[e3]">&gt;&gt;</a>&nbsp;&nbsp;&nbsp;SX126xWaitOnBusy
<LI><a href="#[b6]">&gt;&gt;</a>&nbsp;&nbsp;&nbsp;SX126xGetOperatingMode
</UL>
<BR>[Called By]<UL><LI><a href="#[eb]">&gt;&gt;</a>&nbsp;&nbsp;&nbsp;SX126xReadBuffer
<LI><a href="#[ea]">&gt;&gt;</a>&nbsp;&nbsp;&nbsp;SX126xWriteBuffer
<LI><a href="#[e8]">&gt;&gt;</a>&nbsp;&nbsp;&nbsp;SX126xReadRegisters
<LI><a href="#[e7]">&gt;&gt;</a>&nbsp;&nbsp;&nbsp;SX126xWriteRegisters
<LI><a href="#[e6]">&gt;&gt;</a>&nbsp;&nbsp;&nbsp;SX126xReadCommand
<LI><a href="#[e5]">&gt;&gt;</a>&nbsp;&nbsp;&nbsp;SX126xWriteCommand
</UL>

<P><STRONG><a name="[e5]"></a>SX126xWriteCommand</STRONG> (Thumb, 64 bytes, Stack size 24 bytes, sx126x_driver.o(.text))
<BR><BR>[Stack]<UL><LI>Max Depth = 56<LI>Call Chain = SX126xWriteCommand &rArr; SX126xCheckDeviceReady &rArr; SX126xWakeup &rArr; drv_spi_read_write_byte
</UL>
<BR>[Calls]<UL><LI><a href="#[e4]">&gt;&gt;</a>&nbsp;&nbsp;&nbsp;SX126xCheckDeviceReady
<LI><a href="#[e3]">&gt;&gt;</a>&nbsp;&nbsp;&nbsp;SX126xWaitOnBusy
<LI><a href="#[a9]">&gt;&gt;</a>&nbsp;&nbsp;&nbsp;drv_spi_read_write_byte
</UL>
<BR>[Called By]<UL><LI><a href="#[fb]">&gt;&gt;</a>&nbsp;&nbsp;&nbsp;SX126xSetDio3AsTcxoCtrl
<LI><a href="#[fa]">&gt;&gt;</a>&nbsp;&nbsp;&nbsp;SX126xSetDio2AsRfSwitchCtrl
<LI><a href="#[f9]">&gt;&gt;</a>&nbsp;&nbsp;&nbsp;SX126xSetRxTxFallbackMode
<LI><a href="#[f8]">&gt;&gt;</a>&nbsp;&nbsp;&nbsp;SX126xSetPaConfig
<LI><a href="#[f7]">&gt;&gt;</a>&nbsp;&nbsp;&nbsp;SX126xCalibrateImage
<LI><a href="#[f6]">&gt;&gt;</a>&nbsp;&nbsp;&nbsp;SX126xCalibrate
<LI><a href="#[f5]">&gt;&gt;</a>&nbsp;&nbsp;&nbsp;SX126xSetTxInfinitePreamble
<LI><a href="#[b3]">&gt;&gt;</a>&nbsp;&nbsp;&nbsp;SX126xSetTxParams
<LI><a href="#[d4]">&gt;&gt;</a>&nbsp;&nbsp;&nbsp;SX126xSetTxContinuousWave
<LI><a href="#[d2]">&gt;&gt;</a>&nbsp;&nbsp;&nbsp;SX126xSetTx
<LI><a href="#[c3]">&gt;&gt;</a>&nbsp;&nbsp;&nbsp;SX126xSetStopRxTimerOnPreambleDetect
[...]
<BR><BR>[Stack]<UL><LI>Max Depth = 64<LI>Call Chain = SX126xSetRegulatorMode &rArr; SX126xWriteCommand &rArr; SX126xCheckDeviceReady &rArr; SX126xWakeup &rArr; drv_spi_read_write_byte
</UL>
<BR>[Calls]<UL><LI><a href="#[e5]">&gt;&gt;</a>&nbsp;&nbsp;&nbsp;SX126xWriteCommand
</UL>
<BR>[Called By]<UL><LI><a href="#[4f]">&gt;&gt;</a>&nbsp;&nbsp;&nbsp;RadioInit
</UL>

<P><STRONG><a name="[f6]"></a>SX126xCalibrate</STRONG> (Thumb, 14 bytes, Stack size 8 bytes, sx126x_driver.o(.text), UNUSED)
<BR><BR>[Calls]<UL><LI><a href="#[e5]">&gt;&gt;</a>&nbsp;&nbsp;&nbsp;SX126xWriteCommand
</UL>

<P><STRONG><a name="[f7]"></a>SX126xCalibrateImage</STRONG> (Thumb, 134 bytes, Stack size 16 bytes, sx126x_driver.o(.text))
<BR><BR>[Stack]<UL><LI>Max Depth = 72<LI>Call Chain = SX126xCalibrateImage &rArr; SX126xWriteCommand &rArr; SX126xCheckDeviceReady &rArr; SX126xWakeup &rArr; drv_spi_read_write_byte
</UL>
<BR>[Calls]<UL><LI><a href="#[e5]">&gt;&gt;</a>&nbsp;&nbsp;&nbsp;SX126xWriteCommand
</UL>
<BR>[Called By]<UL><LI><a href="#[bc]">&gt;&gt;</a>&nbsp;&nbsp;&nbsp;SX126xSetRfFrequency
</UL>

<P><STRONG><a name="[f8]"></a>SX126xSetPaConfig</STRONG> (Thumb, 38 bytes, Stack size 24 bytes, sx126x_driver.o(.text))
<BR><BR>[Stack]<UL><LI>Max Depth = 80<LI>Call Chain = SX126xSetPaConfig &rArr; SX126xWriteCommand &rArr; SX126xCheckDeviceReady &rArr; SX126xWakeup &rArr; drv_spi_read_write_byte
</UL>
<BR>[Calls]<UL><LI><a href="#[e5]">&gt;&gt;</a>&nbsp;&nbsp;&nbsp;SX126xWriteCommand
</UL>
<BR>[Called By]<UL><LI><a href="#[b3]">&gt;&gt;</a>&nbsp;&nbsp;&nbsp;SX126xSetTxParams
</UL>

<P><STRONG><a name="[f9]"></a>SX126xSetRxTxFallbackMode</STRONG> (Thumb, 14 bytes, Stack size 8 bytes, sx126x_driver.o(.text), UNUSED)
<BR><BR>[Calls]<UL><LI><a href="#[e5]">&gt;&gt;</a>&nbsp;&nbsp;&nbsp;SX126xWriteCommand
</UL>

<P><STRONG><a name="[b4]"></a>SX126xSetDioIrqParams</STRONG> (Thumb, 46 bytes, Stack size 32 bytes, sx126x_driver.o(.text))
<BR><BR>[Stack]<UL><LI>Max Depth = 88<LI>Call Chain = SX126xSetDioIrqParams &rArr; SX126xWriteCommand &rArr; SX126xCheckDeviceReady &rArr; SX126xWakeup &rArr; drv_spi_read_write_byte
</UL>
<BR>[Calls]<UL><LI><a href="#[e5]">&gt;&gt;</a>&nbsp;&nbsp;&nbsp;SX126xWriteCommand
</UL>
<BR>[Called By]<UL><LI><a href="#[cd]">&gt;&gt;</a>&nbsp;&nbsp;&nbsp;RadioStartCad
<LI><a href="#[5c]">&gt;&gt;</a>&nbsp;&nbsp;&nbsp;RadioSend
<LI><a href="#[53]">&gt;&gt;</a>&nbsp;&nbsp;&nbsp;RadioRx
<LI><a href="#[4f]">&gt;&gt;</a>&nbsp;&nbsp;&nbsp;RadioInit
</UL>

<P><STRONG><a name="[d7]"></a>SX126xGetIrqStatus</STRONG> (Thumb, 26 bytes, Stack size 8 bytes, sx126x_driver.o(.text))
<BR><BR>[Stack]<UL><LI>Max Depth = 64<LI>Call Chain = SX126xGetIrqStatus &rArr; SX126xReadCommand &rArr; SX126xCheckDeviceReady &rArr; SX126xWakeup &rArr; drv_spi_read_write_byte
</UL>
<BR>[Calls]<UL><LI><a href="#[e6]">&gt;&gt;</a>&nbsp;&nbsp;&nbsp;SX126xReadCommand
</UL>
<BR>[Called By]<UL><LI><a href="#[55]">&gt;&gt;</a>&nbsp;&nbsp;&nbsp;RadioGetIrqStatus
</UL>

<P><STRONG><a name="[fa]"></a>SX126xSetDio2AsRfSwitchCtrl</STRONG> (Thumb, 14 bytes, Stack size 8 bytes, sx126x_driver.o(.text), UNUSED)
<BR><BR>[Calls]<UL><LI><a href="#[e5]">&gt;&gt;</a>&nbsp;&nbsp;&nbsp;SX126xWriteCommand
</UL>

<P><STRONG><a name="[fb]"></a>SX126xSetDio3AsTcxoCtrl</STRONG> (Thumb, 44 bytes, Stack size 16 bytes, sx126x_driver.o(.text), UNUSED)
<BR><BR>[Calls]<UL><LI><a href="#[e5]">&gt;&gt;</a>&nbsp;&nbsp;&nbsp;SX126xWriteCommand
</UL>

<P><STRONG><a name="[bc]"></a>SX126xSetRfFrequency</STRONG> (Thumb, 88 bytes, Stack size 32 bytes, sx126x_driver.o(.text))
<BR><BR>[Stack]<UL><LI>Max Depth = 104<LI>Call Chain = SX126xSetRfFrequency &rArr; SX126xCalibrateImage &rArr; SX126xWriteCommand &rArr; SX126xCheckDeviceReady &rArr; SX126xWakeup &rArr; drv_spi_read_write_byte
</UL>
<BR>[Calls]<UL><LI><a href="#[fc]">&gt;&gt;</a>&nbsp;&nbsp;&nbsp;__aeabi_ui2d
<LI><a href="#[fe]">&gt;&gt;</a>&nbsp;&nbsp;&nbsp;__aeabi_d2uiz
<LI><a href="#[fd]">&gt;&gt;</a>&nbsp;&nbsp;&nbsp;__aeabi_ddiv
<LI><a href="#[f7]">&gt;&gt;</a>&nbsp;&nbsp;&nbsp;SX126xCalibrateImage
<LI><a href="#[e5]">&gt;&gt;</a>&nbsp;&nbsp;&nbsp;SX126xWriteCommand
</UL>
<BR>[Called By]<UL><LI><a href="#[d3]">&gt;&gt;</a>&nbsp;&nbsp;&nbsp;RadioSetTxContinuousWave
<LI><a href="#[52]">&gt;&gt;</a>&nbsp;&nbsp;&nbsp;RadioSetChannel
</UL>

<P><STRONG><a name="[b8]"></a>SX126xSetPacketType</STRONG> (Thumb, 22 bytes, Stack size 8 bytes, sx126x_driver.o(.text))
<BR><BR>[Stack]<UL><LI>Max Depth = 64<LI>Call Chain = SX126xSetPacketType &rArr; SX126xWriteCommand &rArr; SX126xCheckDeviceReady &rArr; SX126xWakeup &rArr; drv_spi_read_write_byte
</UL>
<BR>[Calls]<UL><LI><a href="#[e5]">&gt;&gt;</a>&nbsp;&nbsp;&nbsp;SX126xWriteCommand
</UL>
<BR>[Called By]<UL><LI><a href="#[bf]">&gt;&gt;</a>&nbsp;&nbsp;&nbsp;RadioRandom
<LI><a href="#[ba]">&gt;&gt;</a>&nbsp;&nbsp;&nbsp;RadioSetModem
<LI><a href="#[b7]">&gt;&gt;</a>&nbsp;&nbsp;&nbsp;RadioSetPublicNetwork
</UL>

<P><STRONG><a name="[b3]"></a>SX126xSetTxParams</STRONG> (Thumb, 50 bytes, Stack size 16 bytes, sx126x_driver.o(.text))
<BR><BR>[Stack]<UL><LI>Max Depth = 96<LI>Call Chain = SX126xSetTxParams &rArr; SX126xSetPaConfig &rArr; SX126xWriteCommand &rArr; SX126xCheckDeviceReady &rArr; SX126xWakeup &rArr; drv_spi_read_write_byte
</UL>
<BR>[Calls]<UL><LI><a href="#[f8]">&gt;&gt;</a>&nbsp;&nbsp;&nbsp;SX126xSetPaConfig
<LI><a href="#[e5]">&gt;&gt;</a>&nbsp;&nbsp;&nbsp;SX126xWriteCommand
<LI><a href="#[b9]">&gt;&gt;</a>&nbsp;&nbsp;&nbsp;SX126xWriteRegister
</UL>
<BR>[Called By]<UL><LI><a href="#[d3]">&gt;&gt;</a>&nbsp;&nbsp;&nbsp;RadioSetTxContinuousWave
<LI><a href="#[bb]">&gt;&gt;</a>&nbsp;&nbsp;&nbsp;RadioSetTxPower
<LI><a href="#[51]">&gt;&gt;</a>&nbsp;&nbsp;&nbsp;RadioSetTxConfig
<LI><a href="#[4f]">&gt;&gt;</a>&nbsp;&nbsp;&nbsp;RadioInit
</UL>

<P><STRONG><a name="[c5]"></a>SX126xSetModulationParams</STRONG> (Thumb, 46 bytes, Stack size 16 bytes, sx126x_driver.o(.text))
<BR><BR>[Stack]<UL><LI>Max Depth = 72<LI>Call Chain = SX126xSetModulationParams &rArr; SX126xWriteCommand &rArr; SX126xCheckDeviceReady &rArr; SX126xWakeup &rArr; drv_spi_read_write_byte
</UL>
<BR>[Calls]<UL><LI><a href="#[e5]">&gt;&gt;</a>&nbsp;&nbsp;&nbsp;SX126xWriteCommand
</UL>
<BR>[Called By]<UL><LI><a href="#[c2]">&gt;&gt;</a>&nbsp;&nbsp;&nbsp;RadioSetRxConfig
<LI><a href="#[51]">&gt;&gt;</a>&nbsp;&nbsp;&nbsp;RadioSetTxConfig
</UL>

<P><STRONG><a name="[c6]"></a>SX126xSetPacketParams</STRONG> (Thumb, 62 bytes, Stack size 24 bytes, sx126x_driver.o(.text))
<BR><BR>[Stack]<UL><LI>Max Depth = 80<LI>Call Chain = SX126xSetPacketParams &rArr; SX126xWriteCommand &rArr; SX126xCheckDeviceReady &rArr; SX126xWakeup &rArr; drv_spi_read_write_byte
</UL>
<BR>[Calls]<UL><LI><a href="#[e5]">&gt;&gt;</a>&nbsp;&nbsp;&nbsp;SX126xWriteCommand
</UL>
<BR>[Called By]<UL><LI><a href="#[df]">&gt;&gt;</a>&nbsp;&nbsp;&nbsp;RadioSetPreamble
<LI><a href="#[d6]">&gt;&gt;</a>&nbsp;&nbsp;&nbsp;RadioSetMaxPayloadLength
<LI><a href="#[c2]">&gt;&gt;</a>&nbsp;&nbsp;&nbsp;RadioSetRxConfig
<LI><a href="#[51]">&gt;&gt;</a>&nbsp;&nbsp;&nbsp;RadioSetTxConfig
<LI><a href="#[5c]">&gt;&gt;</a>&nbsp;&nbsp;&nbsp;RadioSend
</UL>

<P><STRONG><a name="[d0]"></a>SX126xSetCadParams</STRONG> (Thumb, 124 bytes, Stack size 32 bytes, sx126x_driver.o(.text), UNUSED)
<BR><BR>[Calls]<UL><LI><a href="#[e5]">&gt;&gt;</a>&nbsp;&nbsp;&nbsp;SX126xWriteCommand
</UL>
<BR>[Called By]<UL><LI><a href="#[cf]">&gt;&gt;</a>&nbsp;&nbsp;&nbsp;RadioSetCadParams
</UL>

<P><STRONG><a name="[b2]"></a>SX126xSetBufferBaseAddress</STRONG> (Thumb, 26 bytes, Stack size 16 bytes, sx126x_driver.o(.text))
<BR><BR>[Stack]<UL><LI>Max Depth = 72<LI>Call Chain = SX126xSetBufferBaseAddress &rArr; SX126xWriteCommand &rArr; SX126xCheckDeviceReady &rArr; SX126xWakeup &rArr; drv_spi_read_write_byte
</UL>
<BR>[Calls]<UL><LI><a href="#[e5]">&gt;&gt;</a>&nbsp;&nbsp;&nbsp;SX126xWriteCommand
</UL>
<BR>[Called By]<UL><LI><a href="#[4f]">&gt;&gt;</a>&nbsp;&nbsp;&nbsp;RadioInit
</UL>

<P><STRONG><a name="[ff]"></a>SX126xGetStatus</STRONG> (Thumb, 30 bytes, Stack size 16 bytes, sx126x_driver.o(.text), UNUSED)
<BR><BR>[Calls]<UL><LI><a href="#[e6]">&gt;&gt;</a>&nbsp;&nbsp;&nbsp;SX126xReadCommand
</UL>

<P><STRONG><a name="[c1]"></a>SX126xGetRssiInst</STRONG> (Thumb, 32 bytes, Stack size 16 bytes, sx126x_driver.o(.text), UNUSED)
<BR><BR>[Calls]<UL><LI><a href="#[e6]">&gt;&gt;</a>&nbsp;&nbsp;&nbsp;SX126xReadCommand
</UL>
<BR>[Called By]<UL><LI><a href="#[d5]">&gt;&gt;</a>&nbsp;&nbsp;&nbsp;RadioRssi
<LI><a href="#[bf]">&gt;&gt;</a>&nbsp;&nbsp;&nbsp;RadioRandom
</UL>

<P><STRONG><a name="[d9]"></a>SX126xGetPacketStatus</STRONG> (Thumb, 120 bytes, Stack size 16 bytes, sx126x_driver.o(.text), UNUSED)
<BR><BR>[Calls]<UL><LI><a href="#[100]">&gt;&gt;</a>&nbsp;&nbsp;&nbsp;memset1
<LI><a href="#[ef]">&gt;&gt;</a>&nbsp;&nbsp;&nbsp;SX126xGetPacketType
<LI><a href="#[e6]">&gt;&gt;</a>&nbsp;&nbsp;&nbsp;SX126xReadCommand
</UL>
<BR>[Called By]<UL><LI><a href="#[d8]">&gt;&gt;</a>&nbsp;&nbsp;&nbsp;RadioGetPacketStatus
</UL>

<P><STRONG><a name="[db]"></a>SX126xGetDeviceErrors</STRONG> (Thumb, 20 bytes, Stack size 8 bytes, sx126x_driver.o(.text), UNUSED)
<BR><BR>[Calls]<UL><LI><a href="#[e6]">&gt;&gt;</a>&nbsp;&nbsp;&nbsp;SX126xReadCommand
</UL>
<BR>[Called By]<UL><LI><a href="#[da]">&gt;&gt;</a>&nbsp;&nbsp;&nbsp;RadioGetDeviceErrors
</UL>

<P><STRONG><a name="[dd]"></a>SX126xClearDeviceErrors</STRONG> (Thumb, 18 bytes, Stack size 8 bytes, sx126x_driver.o(.text), UNUSED)
<BR><BR>[Calls]<UL><LI><a href="#[e5]">&gt;&gt;</a>&nbsp;&nbsp;&nbsp;SX126xWriteCommand
</UL>
<BR>[Called By]<UL><LI><a href="#[dc]">&gt;&gt;</a>&nbsp;&nbsp;&nbsp;RadioClearDeviceErrors
</UL>

<P><STRONG><a name="[de]"></a>SX126xClearIrqStatus</STRONG> (Thumb, 28 bytes, Stack size 16 bytes, sx126x_driver.o(.text))
<BR><BR>[Stack]<UL><LI>Max Depth = 72<LI>Call Chain = SX126xClearIrqStatus &rArr; SX126xWriteCommand &rArr; SX126xCheckDeviceReady &rArr; SX126xWakeup &rArr; drv_spi_read_write_byte
</UL>
<BR>[Calls]<UL><LI><a href="#[e5]">&gt;&gt;</a>&nbsp;&nbsp;&nbsp;SX126xWriteCommand
</UL>
<BR>[Called By]<UL><LI><a href="#[56]">&gt;&gt;</a>&nbsp;&nbsp;&nbsp;RadioClearIrqStatus
</UL>

<P><STRONG><a name="[100]"></a>memset1</STRONG> (Thumb, 20 bytes, Stack size 8 bytes, utilities.o(.text), UNUSED)
<BR><BR>[Called By]<UL><LI><a href="#[d9]">&gt;&gt;</a>&nbsp;&nbsp;&nbsp;SX126xGetPacketStatus
</UL>

<P><STRONG><a name="[150]"></a>memcpy1</STRONG> (Thumb, 24 bytes, Stack size 8 bytes, utilities.o(.text), UNUSED)

<P><STRONG><a name="[151]"></a>strncmp1</STRONG> (Thumb, 38 bytes, Stack size 16 bytes, utilities.o(.text), UNUSED)

<P><STRONG><a name="[152]"></a>__use_two_region_memory</STRONG> (Thumb, 2 bytes, Stack size 0 bytes, heapauxi.o(.text), UNUSED)

<P><STRONG><a name="[153]"></a>__rt_heap_escrow$2region</STRONG> (Thumb, 2 bytes, Stack size 0 bytes, heapauxi.o(.text), UNUSED)

<P><STRONG><a name="[154]"></a>__rt_heap_expand$2region</STRONG> (Thumb, 2 bytes, Stack size 0 bytes, heapauxi.o(.text), UNUSED)

<P><STRONG><a name="[3f]"></a>__user_setup_stackheap</STRONG> (Thumb, 74 bytes, Stack size 8 bytes, sys_stackheap_outer.o(.text))
<BR><BR>[Stack]<UL><LI>Max Depth = 8 + Unknown Stack Size
<LI>Call Chain = __user_setup_stackheap
</UL>
<BR>[Calls]<UL><LI><a href="#[102]">&gt;&gt;</a>&nbsp;&nbsp;&nbsp;__user_initial_stackheap
<LI><a href="#[101]">&gt;&gt;</a>&nbsp;&nbsp;&nbsp;__user_perproc_libspace
</UL>
<BR>[Called By]<UL><LI><a href="#[3e]">&gt;&gt;</a>&nbsp;&nbsp;&nbsp;__rt_entry_sh
</UL>

<P><STRONG><a name="[44]"></a>exit</STRONG> (Thumb, 18 bytes, Stack size 8 bytes, exit.o(.text))
<BR><BR>[Stack]<UL><LI>Max Depth = 8 + Unknown Stack Size
<LI>Call Chain = exit
</UL>
<BR>[Calls]<UL><LI><a href="#[103]">&gt;&gt;</a>&nbsp;&nbsp;&nbsp;__rt_exit
</UL>
<BR>[Called By]<UL><LI><a href="#[42]">&gt;&gt;</a>&nbsp;&nbsp;&nbsp;__rt_entry_main
</UL>

<P><STRONG><a name="[155]"></a>__user_libspace</STRONG> (Thumb, 8 bytes, Stack size 0 bytes, libspace.o(.text), UNUSED)

<P><STRONG><a name="[101]"></a>__user_perproc_libspace</STRONG> (Thumb, 0 bytes, Stack size 0 bytes, libspace.o(.text))
<BR><BR>[Called By]<UL><LI><a href="#[3f]">&gt;&gt;</a>&nbsp;&nbsp;&nbsp;__user_setup_stackheap
</UL>

<P><STRONG><a name="[156]"></a>__user_perthread_libspace</STRONG> (Thumb, 0 bytes, Stack size 0 bytes, libspace.o(.text), UNUSED)

<P><STRONG><a name="[48]"></a>_sys_exit</STRONG> (Thumb, 8 bytes, Stack size 0 bytes, sys_exit.o(.text))
<BR><BR>[Called By]<UL><LI><a href="#[47]">&gt;&gt;</a>&nbsp;&nbsp;&nbsp;__rt_exit_exit
</UL>

<P><STRONG><a name="[157]"></a>__I$use$semihosting</STRONG> (Thumb, 0 bytes, Stack size 0 bytes, use_no_semi.o(.text), UNUSED)

<P><STRONG><a name="[158]"></a>__use_no_semihosting_swi</STRONG> (Thumb, 2 bytes, Stack size 0 bytes, use_no_semi.o(.text), UNUSED)

<P><STRONG><a name="[159]"></a>__semihosting_library_function</STRONG> (Thumb, 0 bytes, Stack size unknown bytes, indicate_semi.o(.text), UNUSED)

<P><STRONG><a name="[fd]"></a>__aeabi_ddiv</STRONG> (Thumb, 0 bytes, Stack size 32 bytes, ddiv.o(x$fpl$ddiv))
<BR><BR>[Stack]<UL><LI>Max Depth = 32<LI>Call Chain = __aeabi_ddiv
</UL>
<BR>[Called By]<UL><LI><a href="#[bc]">&gt;&gt;</a>&nbsp;&nbsp;&nbsp;SX126xSetRfFrequency
</UL>

<P><STRONG><a name="[104]"></a>_ddiv</STRONG> (Thumb, 552 bytes, Stack size 32 bytes, ddiv.o(x$fpl$ddiv), UNUSED)
<BR><BR>[Calls]<UL><LI><a href="#[105]">&gt;&gt;</a>&nbsp;&nbsp;&nbsp;__fpl_dretinf
<LI><a href="#[106]">&gt;&gt;</a>&nbsp;&nbsp;&nbsp;__fpl_dnaninf
</UL>

<P><STRONG><a name="[fe]"></a>__aeabi_d2uiz</STRONG> (Thumb, 0 bytes, Stack size 32 bytes, dfixu.o(x$fpl$dfixu))
<BR><BR>[Stack]<UL><LI>Max Depth = 32<LI>Call Chain = __aeabi_d2uiz
</UL>
<BR>[Called By]<UL><LI><a href="#[bc]">&gt;&gt;</a>&nbsp;&nbsp;&nbsp;SX126xSetRfFrequency
</UL>

<P><STRONG><a name="[107]"></a>_dfixu</STRONG> (Thumb, 90 bytes, Stack size 32 bytes, dfixu.o(x$fpl$dfixu), UNUSED)
<BR><BR>[Calls]<UL><LI><a href="#[106]">&gt;&gt;</a>&nbsp;&nbsp;&nbsp;__fpl_dnaninf
</UL>

<P><STRONG><a name="[fc]"></a>__aeabi_ui2d</STRONG> (Thumb, 0 bytes, Stack size 0 bytes, dflt_clz.o(x$fpl$dfltu))
<BR><BR>[Called By]<UL><LI><a href="#[bc]">&gt;&gt;</a>&nbsp;&nbsp;&nbsp;SX126xSetRfFrequency
</UL>

<P><STRONG><a name="[15a]"></a>_dfltu</STRONG> (Thumb, 38 bytes, Stack size 0 bytes, dflt_clz.o(x$fpl$dfltu), UNUSED)

<P><STRONG><a name="[106]"></a>__fpl_dnaninf</STRONG> (Thumb, 156 bytes, Stack size 16 bytes, dnaninf.o(x$fpl$dnaninf), UNUSED)
<BR><BR>[Called By]<UL><LI><a href="#[107]">&gt;&gt;</a>&nbsp;&nbsp;&nbsp;_dfixu
<LI><a href="#[104]">&gt;&gt;</a>&nbsp;&nbsp;&nbsp;_ddiv
</UL>

<P><STRONG><a name="[105]"></a>__fpl_dretinf</STRONG> (Thumb, 12 bytes, Stack size 0 bytes, dretinf.o(x$fpl$dretinf), UNUSED)
<BR><BR>[Called By]<UL><LI><a href="#[104]">&gt;&gt;</a>&nbsp;&nbsp;&nbsp;_ddiv
</UL>

<P><STRONG><a name="[15b]"></a>__aeabi_fadd</STRONG> (Thumb, 0 bytes, Stack size 16 bytes, faddsub_clz.o(x$fpl$fadd), UNUSED)

<P><STRONG><a name="[108]"></a>_fadd</STRONG> (Thumb, 196 bytes, Stack size 16 bytes, faddsub_clz.o(x$fpl$fadd), UNUSED)
<BR><BR>[Calls]<UL><LI><a href="#[10a]">&gt;&gt;</a>&nbsp;&nbsp;&nbsp;__fpl_fretinf
<LI><a href="#[10b]">&gt;&gt;</a>&nbsp;&nbsp;&nbsp;__fpl_fnaninf
<LI><a href="#[109]">&gt;&gt;</a>&nbsp;&nbsp;&nbsp;_fsub1
</UL>

<P><STRONG><a name="[67]"></a>__aeabi_fdiv</STRONG> (Thumb, 0 bytes, Stack size 16 bytes, fdiv.o(x$fpl$fdiv))
<BR><BR>[Stack]<UL><LI>Max Depth = 16<LI>Call Chain = __aeabi_fdiv
</UL>
<BR>[Called By]<UL><LI><a href="#[6c]">&gt;&gt;</a>&nbsp;&nbsp;&nbsp;uart3_init
<LI><a href="#[6b]">&gt;&gt;</a>&nbsp;&nbsp;&nbsp;uart2_init
<LI><a href="#[65]">&gt;&gt;</a>&nbsp;&nbsp;&nbsp;uart1_init
</UL>

<P><STRONG><a name="[10c]"></a>_fdiv</STRONG> (Thumb, 384 bytes, Stack size 16 bytes, fdiv.o(x$fpl$fdiv), UNUSED)
<BR><BR>[Calls]<UL><LI><a href="#[10a]">&gt;&gt;</a>&nbsp;&nbsp;&nbsp;__fpl_fretinf
<LI><a href="#[10b]">&gt;&gt;</a>&nbsp;&nbsp;&nbsp;__fpl_fnaninf
</UL>

<P><STRONG><a name="[68]"></a>__aeabi_f2uiz</STRONG> (Thumb, 0 bytes, Stack size 16 bytes, ffixu.o(x$fpl$ffixu))
<BR><BR>[Stack]<UL><LI>Max Depth = 16<LI>Call Chain = __aeabi_f2uiz
</UL>
<BR>[Called By]<UL><LI><a href="#[6c]">&gt;&gt;</a>&nbsp;&nbsp;&nbsp;uart3_init
<LI><a href="#[6b]">&gt;&gt;</a>&nbsp;&nbsp;&nbsp;uart2_init
<LI><a href="#[65]">&gt;&gt;</a>&nbsp;&nbsp;&nbsp;uart1_init
</UL>

<P><STRONG><a name="[10d]"></a>_ffixu</STRONG> (Thumb, 62 bytes, Stack size 16 bytes, ffixu.o(x$fpl$ffixu), UNUSED)
<BR><BR>[Calls]<UL><LI><a href="#[10b]">&gt;&gt;</a>&nbsp;&nbsp;&nbsp;__fpl_fnaninf
</UL>

<P><STRONG><a name="[66]"></a>__aeabi_ui2f</STRONG> (Thumb, 0 bytes, Stack size 0 bytes, fflt_clz.o(x$fpl$ffltu))
<BR><BR>[Called By]<UL><LI><a href="#[6c]">&gt;&gt;</a>&nbsp;&nbsp;&nbsp;uart3_init
<LI><a href="#[6b]">&gt;&gt;</a>&nbsp;&nbsp;&nbsp;uart2_init
<LI><a href="#[65]">&gt;&gt;</a>&nbsp;&nbsp;&nbsp;uart1_init
</UL>

<P><STRONG><a name="[15c]"></a>_ffltu</STRONG> (Thumb, 38 bytes, Stack size 0 bytes, fflt_clz.o(x$fpl$ffltu), UNUSED)

<P><STRONG><a name="[6a]"></a>__aeabi_fmul</STRONG> (Thumb, 0 bytes, Stack size 16 bytes, fmul.o(x$fpl$fmul))
<BR><BR>[Stack]<UL><LI>Max Depth = 16<LI>Call Chain = __aeabi_fmul
</UL>
<BR>[Called By]<UL><LI><a href="#[6c]">&gt;&gt;</a>&nbsp;&nbsp;&nbsp;uart3_init
<LI><a href="#[6b]">&gt;&gt;</a>&nbsp;&nbsp;&nbsp;uart2_init
<LI><a href="#[65]">&gt;&gt;</a>&nbsp;&nbsp;&nbsp;uart1_init
</UL>

<P><STRONG><a name="[10e]"></a>_fmul</STRONG> (Thumb, 258 bytes, Stack size 16 bytes, fmul.o(x$fpl$fmul), UNUSED)
<BR><BR>[Calls]<UL><LI><a href="#[10a]">&gt;&gt;</a>&nbsp;&nbsp;&nbsp;__fpl_fretinf
<LI><a href="#[10b]">&gt;&gt;</a>&nbsp;&nbsp;&nbsp;__fpl_fnaninf
</UL>

<P><STRONG><a name="[10b]"></a>__fpl_fnaninf</STRONG> (Thumb, 140 bytes, Stack size 8 bytes, fnaninf.o(x$fpl$fnaninf), UNUSED)
<BR><BR>[Called By]<UL><LI><a href="#[10e]">&gt;&gt;</a>&nbsp;&nbsp;&nbsp;_fmul
<LI><a href="#[10d]">&gt;&gt;</a>&nbsp;&nbsp;&nbsp;_ffixu
<LI><a href="#[10c]">&gt;&gt;</a>&nbsp;&nbsp;&nbsp;_fdiv
<LI><a href="#[111]">&gt;&gt;</a>&nbsp;&nbsp;&nbsp;_fsub
<LI><a href="#[108]">&gt;&gt;</a>&nbsp;&nbsp;&nbsp;_fadd
</UL>

<P><STRONG><a name="[10a]"></a>__fpl_fretinf</STRONG> (Thumb, 10 bytes, Stack size 0 bytes, fretinf.o(x$fpl$fretinf), UNUSED)
<BR><BR>[Called By]<UL><LI><a href="#[10e]">&gt;&gt;</a>&nbsp;&nbsp;&nbsp;_fmul
<LI><a href="#[10c]">&gt;&gt;</a>&nbsp;&nbsp;&nbsp;_fdiv
<LI><a href="#[108]">&gt;&gt;</a>&nbsp;&nbsp;&nbsp;_fadd
</UL>

<P><STRONG><a name="[69]"></a>__aeabi_frsub</STRONG> (Thumb, 0 bytes, Stack size 0 bytes, faddsub_clz.o(x$fpl$frsb))
<BR><BR>[Called By]<UL><LI><a href="#[6c]">&gt;&gt;</a>&nbsp;&nbsp;&nbsp;uart3_init
<LI><a href="#[6b]">&gt;&gt;</a>&nbsp;&nbsp;&nbsp;uart2_init
<LI><a href="#[65]">&gt;&gt;</a>&nbsp;&nbsp;&nbsp;uart1_init
</UL>

<P><STRONG><a name="[10f]"></a>_frsb</STRONG> (Thumb, 20 bytes, Stack size 0 bytes, faddsub_clz.o(x$fpl$frsb), UNUSED)
<BR><BR>[Calls]<UL><LI><a href="#[109]">&gt;&gt;</a>&nbsp;&nbsp;&nbsp;_fsub1
<LI><a href="#[110]">&gt;&gt;</a>&nbsp;&nbsp;&nbsp;_fadd1
</UL>

<P><STRONG><a name="[15d]"></a>__aeabi_fsub</STRONG> (Thumb, 0 bytes, Stack size 16 bytes, faddsub_clz.o(x$fpl$fsub), UNUSED)

<P><STRONG><a name="[111]"></a>_fsub</STRONG> (Thumb, 234 bytes, Stack size 16 bytes, faddsub_clz.o(x$fpl$fsub), UNUSED)
<BR><BR>[Calls]<UL><LI><a href="#[10b]">&gt;&gt;</a>&nbsp;&nbsp;&nbsp;__fpl_fnaninf
<LI><a href="#[110]">&gt;&gt;</a>&nbsp;&nbsp;&nbsp;_fadd1
</UL>
<P>
<H3>
Local Symbols
</H3>
<P><STRONG><a name="[110]"></a>_fadd1</STRONG> (Thumb, 0 bytes, Stack size unknown bytes, faddsub_clz.o(x$fpl$fadd), UNUSED)
<BR><BR>[Called By]<UL><LI><a href="#[111]">&gt;&gt;</a>&nbsp;&nbsp;&nbsp;_fsub
<LI><a href="#[10f]">&gt;&gt;</a>&nbsp;&nbsp;&nbsp;_frsb
</UL>

<P><STRONG><a name="[109]"></a>_fsub1</STRONG> (Thumb, 0 bytes, Stack size unknown bytes, faddsub_clz.o(x$fpl$fsub), UNUSED)
<BR><BR>[Called By]<UL><LI><a href="#[10f]">&gt;&gt;</a>&nbsp;&nbsp;&nbsp;_frsb
<LI><a href="#[108]">&gt;&gt;</a>&nbsp;&nbsp;&nbsp;_fadd
</UL>
<P>
<H3>
Undefined Global Symbols
</H3><HR></body></html>
