Component: ARM Compiler 5.06 update 7 (build 960) Tool: armlink [4d3601]

==============================================================================

Section Cross References

    gd32f30x_adc.o(i.adc_deinit) refers to gd32f30x_rcu.o(i.rcu_periph_reset_enable) for rcu_periph_reset_enable
    gd32f30x_adc.o(i.adc_deinit) refers to gd32f30x_rcu.o(i.rcu_periph_reset_disable) for rcu_periph_reset_disable
    gd32f30x_bkp.o(i.bkp_deinit) refers to gd32f30x_rcu.o(i.rcu_bkp_reset_enable) for rcu_bkp_reset_enable
    gd32f30x_bkp.o(i.bkp_deinit) refers to gd32f30x_rcu.o(i.rcu_bkp_reset_disable) for rcu_bkp_reset_disable
    gd32f30x_can.o(i.can_debug_freeze_disable) refers to gd32f30x_dbg.o(i.dbg_periph_enable) for dbg_periph_enable
    gd32f30x_can.o(i.can_debug_freeze_enable) refers to gd32f30x_dbg.o(i.dbg_periph_enable) for dbg_periph_enable
    gd32f30x_can.o(i.can_deinit) refers to gd32f30x_rcu.o(i.rcu_periph_reset_enable) for rcu_periph_reset_enable
    gd32f30x_can.o(i.can_deinit) refers to gd32f30x_rcu.o(i.rcu_periph_reset_disable) for rcu_periph_reset_disable
    gd32f30x_can.o(i.can_interrupt_flag_get) refers to gd32f30x_can.o(i.can_receive_message_length_get) for can_receive_message_length_get
    gd32f30x_can.o(i.can_interrupt_flag_get) refers to gd32f30x_can.o(i.can_error_get) for can_error_get
    gd32f30x_ctc.o(i.ctc_deinit) refers to gd32f30x_rcu.o(i.rcu_periph_reset_enable) for rcu_periph_reset_enable
    gd32f30x_ctc.o(i.ctc_deinit) refers to gd32f30x_rcu.o(i.rcu_periph_reset_disable) for rcu_periph_reset_disable
    gd32f30x_dac.o(i.dac_deinit) refers to gd32f30x_rcu.o(i.rcu_periph_reset_enable) for rcu_periph_reset_enable
    gd32f30x_dac.o(i.dac_deinit) refers to gd32f30x_rcu.o(i.rcu_periph_reset_disable) for rcu_periph_reset_disable
    gd32f30x_dac.o(i.dac_init) refers to gd32f30x_rcu.o(i.rcu_periph_clock_enable) for rcu_periph_clock_enable
    gd32f30x_dac.o(i.dac_init) refers to gd32f30x_gpio.o(i.gpio_init) for gpio_init
    gd32f30x_dac.o(i.dac_init) refers to gd32f30x_dac.o(i.dac_deinit) for dac_deinit
    gd32f30x_dac.o(i.dac_init) refers to gd32f30x_dac.o(i.dac_trigger_disable) for dac_trigger_disable
    gd32f30x_dac.o(i.dac_init) refers to gd32f30x_dac.o(i.dac_wave_mode_config) for dac_wave_mode_config
    gd32f30x_dac.o(i.dac_init) refers to gd32f30x_dac.o(i.dac_output_buffer_disable) for dac_output_buffer_disable
    gd32f30x_dac.o(i.dac_init) refers to gd32f30x_dac.o(i.dac_enable) for dac_enable
    gd32f30x_dac.o(i.dac_init) refers to gd32f30x_dac.o(i.dac_data_set) for dac_data_set
    gd32f30x_dma.o(i.dma_channel_disable) refers to gd32f30x_dma.o(i.dma_periph_and_channel_check) for dma_periph_and_channel_check
    gd32f30x_dma.o(i.dma_channel_enable) refers to gd32f30x_dma.o(i.dma_periph_and_channel_check) for dma_periph_and_channel_check
    gd32f30x_dma.o(i.dma_circulation_disable) refers to gd32f30x_dma.o(i.dma_periph_and_channel_check) for dma_periph_and_channel_check
    gd32f30x_dma.o(i.dma_circulation_enable) refers to gd32f30x_dma.o(i.dma_periph_and_channel_check) for dma_periph_and_channel_check
    gd32f30x_dma.o(i.dma_deinit) refers to gd32f30x_dma.o(i.dma_periph_and_channel_check) for dma_periph_and_channel_check
    gd32f30x_dma.o(i.dma_init) refers to gd32f30x_dma.o(i.dma_periph_and_channel_check) for dma_periph_and_channel_check
    gd32f30x_dma.o(i.dma_interrupt_disable) refers to gd32f30x_dma.o(i.dma_periph_and_channel_check) for dma_periph_and_channel_check
    gd32f30x_dma.o(i.dma_interrupt_enable) refers to gd32f30x_dma.o(i.dma_periph_and_channel_check) for dma_periph_and_channel_check
    gd32f30x_dma.o(i.dma_memory_address_config) refers to gd32f30x_dma.o(i.dma_periph_and_channel_check) for dma_periph_and_channel_check
    gd32f30x_dma.o(i.dma_memory_increase_disable) refers to gd32f30x_dma.o(i.dma_periph_and_channel_check) for dma_periph_and_channel_check
    gd32f30x_dma.o(i.dma_memory_increase_enable) refers to gd32f30x_dma.o(i.dma_periph_and_channel_check) for dma_periph_and_channel_check
    gd32f30x_dma.o(i.dma_memory_to_memory_disable) refers to gd32f30x_dma.o(i.dma_periph_and_channel_check) for dma_periph_and_channel_check
    gd32f30x_dma.o(i.dma_memory_to_memory_enable) refers to gd32f30x_dma.o(i.dma_periph_and_channel_check) for dma_periph_and_channel_check
    gd32f30x_dma.o(i.dma_memory_width_config) refers to gd32f30x_dma.o(i.dma_periph_and_channel_check) for dma_periph_and_channel_check
    gd32f30x_dma.o(i.dma_periph_address_config) refers to gd32f30x_dma.o(i.dma_periph_and_channel_check) for dma_periph_and_channel_check
    gd32f30x_dma.o(i.dma_periph_increase_disable) refers to gd32f30x_dma.o(i.dma_periph_and_channel_check) for dma_periph_and_channel_check
    gd32f30x_dma.o(i.dma_periph_increase_enable) refers to gd32f30x_dma.o(i.dma_periph_and_channel_check) for dma_periph_and_channel_check
    gd32f30x_dma.o(i.dma_periph_width_config) refers to gd32f30x_dma.o(i.dma_periph_and_channel_check) for dma_periph_and_channel_check
[...]
    Removing gd32f30x_spi.o(i.spi_nss_output_disable), (10 bytes).
    Removing gd32f30x_spi.o(i.spi_nss_output_enable), (10 bytes).
    Removing gd32f30x_spi.o(i.spi_nssp_mode_disable), (10 bytes).
    Removing gd32f30x_spi.o(i.spi_nssp_mode_enable), (10 bytes).
    Removing gd32f30x_spi.o(i.spi_struct_para_init), (18 bytes).
    Removing gd32f30x_spi.o(i.spi_ti_mode_disable), (10 bytes).
    Removing gd32f30x_spi.o(i.spi_ti_mode_enable), (10 bytes).
    Removing gd32f30x_timer.o(.rev16_text), (4 bytes).
    Removing gd32f30x_timer.o(.revsh_text), (4 bytes).
    Removing gd32f30x_timer.o(i.timer_auto_reload_shadow_disable), (10 bytes).
    Removing gd32f30x_timer.o(i.timer_automatic_output_disable), (10 bytes).
    Removing gd32f30x_timer.o(i.timer_automatic_output_enable), (10 bytes).
    Removing gd32f30x_timer.o(i.timer_autoreload_value_config), (4 bytes).
    Removing gd32f30x_timer.o(i.timer_break_config), (30 bytes).
    Removing gd32f30x_timer.o(i.timer_break_disable), (10 bytes).
    Removing gd32f30x_timer.o(i.timer_break_enable), (10 bytes).
    Removing gd32f30x_timer.o(i.timer_break_struct_para_init), (18 bytes).
    Removing gd32f30x_timer.o(i.timer_channel_capture_value_register_read), (42 bytes).
    Removing gd32f30x_timer.o(i.timer_channel_complementary_output_polarity_config), (70 bytes).
    Removing gd32f30x_timer.o(i.timer_channel_complementary_output_state_config), (70 bytes).
    Removing gd32f30x_timer.o(i.timer_channel_control_shadow_config), (24 bytes).
    Removing gd32f30x_timer.o(i.timer_channel_control_shadow_update_config), (26 bytes).
    Removing gd32f30x_timer.o(i.timer_channel_dma_request_source_select), (26 bytes).
    Removing gd32f30x_timer.o(i.timer_channel_input_capture_prescaler_config), (90 bytes).
    Removing gd32f30x_timer.o(i.timer_channel_input_struct_para_init), (16 bytes).
    Removing gd32f30x_timer.o(i.timer_channel_output_clear_config), (90 bytes).
    Removing gd32f30x_timer.o(i.timer_channel_output_fast_config), (90 bytes).
    Removing gd32f30x_timer.o(i.timer_channel_output_polarity_config), (92 bytes).
    Removing gd32f30x_timer.o(i.timer_channel_output_state_config), (92 bytes).
    Removing gd32f30x_timer.o(i.timer_channel_output_struct_para_init), (16 bytes).
    Removing gd32f30x_timer.o(i.timer_counter_alignment), (16 bytes).
    Removing gd32f30x_timer.o(i.timer_counter_down_direction), (10 bytes).
    Removing gd32f30x_timer.o(i.timer_counter_read), (8 bytes).
    Removing gd32f30x_timer.o(i.timer_counter_up_direction), (10 bytes).
    Removing gd32f30x_timer.o(i.timer_counter_value_config), (4 bytes).
    Removing gd32f30x_timer.o(i.timer_disable), (10 bytes).
    Removing gd32f30x_timer.o(i.timer_dma_disable), (8 bytes).
    Removing gd32f30x_timer.o(i.timer_dma_enable), (8 bytes).
    Removing gd32f30x_timer.o(i.timer_dma_transfer_config), (24 bytes).
    Removing gd32f30x_timer.o(i.timer_event_software_generate), (8 bytes).
    Removing gd32f30x_timer.o(i.timer_external_clock_mode0_config), (40 bytes).
    Removing gd32f30x_timer.o(i.timer_external_clock_mode1_config), (32 bytes).
    Removing gd32f30x_timer.o(i.timer_external_clock_mode1_disable), (10 bytes).
    Removing gd32f30x_timer.o(i.timer_external_trigger_as_external_clock_config), (166 bytes).
    Removing gd32f30x_timer.o(i.timer_external_trigger_config), (30 bytes).
    Removing gd32f30x_timer.o(i.timer_flag_get), (16 bytes).
    Removing gd32f30x_timer.o(i.timer_hall_mode_config), (26 bytes).
    Removing gd32f30x_timer.o(i.timer_input_capture_config), (326 bytes).
    Removing gd32f30x_timer.o(i.timer_input_pwm_capture_config), (356 bytes).
    Removing gd32f30x_timer.o(i.timer_input_trigger_source_select), (16 bytes).
    Removing gd32f30x_timer.o(i.timer_internal_clock_config), (10 bytes).
    Removing gd32f30x_timer.o(i.timer_internal_trigger_as_external_clock_config), (32 bytes).
    Removing gd32f30x_timer.o(i.timer_interrupt_disable), (8 bytes).
    Removing gd32f30x_timer.o(i.timer_master_output_trigger_source_select), (16 bytes).
    Removing gd32f30x_timer.o(i.timer_master_slave_mode_config), (26 bytes).
    Removing gd32f30x_timer.o(i.timer_output_value_selection_config), (34 bytes).
    Removing gd32f30x_timer.o(i.timer_prescaler_config), (14 bytes).
    Removing gd32f30x_timer.o(i.timer_prescaler_read), (10 bytes).
    Removing gd32f30x_timer.o(i.timer_primary_output_config), (24 bytes).
    Removing gd32f30x_timer.o(i.timer_quadrature_decoder_mode_config), (64 bytes).
    Removing gd32f30x_timer.o(i.timer_repetition_value_config), (4 bytes).
    Removing gd32f30x_timer.o(i.timer_single_pulse_mode_config), (26 bytes).
    Removing gd32f30x_timer.o(i.timer_slave_mode_select), (16 bytes).
    Removing gd32f30x_timer.o(i.timer_struct_para_init), (22 bytes).
    Removing gd32f30x_timer.o(i.timer_update_event_disable), (10 bytes).
    Removing gd32f30x_timer.o(i.timer_update_event_enable), (10 bytes).
    Removing gd32f30x_timer.o(i.timer_update_source_config), (26 bytes).
    Removing gd32f30x_timer.o(i.timer_write_chxval_register_config), (34 bytes).
    Removing gd32f30x_usart.o(.rev16_text), (4 bytes).
    Removing gd32f30x_usart.o(.revsh_text), (4 bytes).
    Removing gd32f30x_usart.o(i.usart_address_config), (20 bytes).
    Removing gd32f30x_usart.o(i.usart_block_length_config), (28 bytes).
    Removing gd32f30x_usart.o(i.usart_data_first_config), (20 bytes).
    Removing gd32f30x_usart.o(i.usart_disable), (10 bytes).
    Removing gd32f30x_usart.o(i.usart_dma_receive_config), (16 bytes).
    Removing gd32f30x_usart.o(i.usart_dma_transmit_config), (16 bytes).
    Removing gd32f30x_usart.o(i.usart_flag_clear), (26 bytes).
    Removing gd32f30x_usart.o(i.usart_guard_time_config), (24 bytes).
    Removing gd32f30x_usart.o(i.usart_halfduplex_disable), (10 bytes).
    Removing gd32f30x_usart.o(i.usart_halfduplex_enable), (10 bytes).
    Removing gd32f30x_usart.o(i.usart_hardware_flow_cts_config), (16 bytes).
    Removing gd32f30x_usart.o(i.usart_hardware_flow_rts_config), (16 bytes).
    Removing gd32f30x_usart.o(i.usart_interrupt_disable), (26 bytes).
    Removing gd32f30x_usart.o(i.usart_invert_config), (104 bytes).
    Removing gd32f30x_usart.o(i.usart_irda_lowpower_config), (20 bytes).
    Removing gd32f30x_usart.o(i.usart_irda_mode_disable), (10 bytes).
    Removing gd32f30x_usart.o(i.usart_irda_mode_enable), (10 bytes).
    Removing gd32f30x_usart.o(i.usart_lin_break_detection_length_config), (20 bytes).
    Removing gd32f30x_usart.o(i.usart_lin_mode_disable), (10 bytes).
    Removing gd32f30x_usart.o(i.usart_lin_mode_enable), (10 bytes).
    Removing gd32f30x_usart.o(i.usart_mute_mode_disable), (10 bytes).
    Removing gd32f30x_usart.o(i.usart_mute_mode_enable), (10 bytes).
    Removing gd32f30x_usart.o(i.usart_mute_mode_wakeup_config), (16 bytes).
    Removing gd32f30x_usart.o(i.usart_prescaler_config), (16 bytes).
    Removing gd32f30x_usart.o(i.usart_receiver_timeout_disable), (14 bytes).
    Removing gd32f30x_usart.o(i.usart_receiver_timeout_enable), (14 bytes).
    Removing gd32f30x_usart.o(i.usart_receiver_timeout_threshold_config), (20 bytes).
    Removing gd32f30x_usart.o(i.usart_send_break), (10 bytes).
    Removing gd32f30x_usart.o(i.usart_smartcard_autoretry_config), (26 bytes).
    Removing gd32f30x_usart.o(i.usart_smartcard_mode_disable), (10 bytes).
    Removing gd32f30x_usart.o(i.usart_smartcard_mode_enable), (10 bytes).
    Removing gd32f30x_usart.o(i.usart_smartcard_mode_nack_disable), (10 bytes).
    Removing gd32f30x_usart.o(i.usart_smartcard_mode_nack_enable), (10 bytes).
    Removing gd32f30x_usart.o(i.usart_synchronous_clock_config), (34 bytes).
    Removing gd32f30x_usart.o(i.usart_synchronous_clock_disable), (10 bytes).
    Removing gd32f30x_usart.o(i.usart_synchronous_clock_enable), (10 bytes).
    Removing gd32f30x_wwdgt.o(.rev16_text), (4 bytes).
    Removing gd32f30x_wwdgt.o(.revsh_text), (4 bytes).
    Removing gd32f30x_wwdgt.o(i.wwdgt_config), (56 bytes).
    Removing gd32f30x_wwdgt.o(i.wwdgt_counter_update), (28 bytes).
    Removing gd32f30x_wwdgt.o(i.wwdgt_deinit), (20 bytes).
    Removing gd32f30x_wwdgt.o(i.wwdgt_enable), (20 bytes).
    Removing gd32f30x_wwdgt.o(i.wwdgt_flag_clear), (20 bytes).
    Removing gd32f30x_wwdgt.o(i.wwdgt_flag_get), (24 bytes).
    Removing gd32f30x_wwdgt.o(i.wwdgt_interrupt_enable), (20 bytes).
    Removing startup_gd32f30x_hd.o(HEAP), (1024 bytes).
    Removing main.o(.rev16_text), (4 bytes).
    Removing main.o(.revsh_text), (4 bytes).
    Removing system_gd32f30x.o(.rev16_text), (4 bytes).
    Removing system_gd32f30x.o(.revsh_text), (4 bytes).
    Removing system_gd32f30x.o(i.SystemCoreClockUpdate), (184 bytes).
    Removing gd32f30x_it.o(.rev16_text), (4 bytes).
    Removing gd32f30x_it.o(.revsh_text), (4 bytes).
    Removing systick.o(.rev16_text), (4 bytes).
    Removing systick.o(.revsh_text), (4 bytes).
    Removing systick.o(i.delay_ms), (36 bytes).
    Removing systick.o(i.delay_us), (40 bytes).
    Removing usart0.o(.rev16_text), (4 bytes).
    Removing usart0.o(.revsh_text), (4 bytes).
    Removing usart0.o(i.Dis485), (20 bytes).
    Removing usart0.o(i.EN485), (20 bytes).
    Removing usart0.o(i.fputc), (36 bytes).
    Removing usart0.o(i.uart2_send_string), (24 bytes).
    Removing usart0.o(.bss), (40 bytes).
    Removing usart0.o(.data), (8 bytes).
    Removing led.o(.rev16_text), (4 bytes).
    Removing led.o(.revsh_text), (4 bytes).
    Removing led.o(i.delay_mine), (12 bytes).
    Removing drv_spi.o(.rev16_text), (4 bytes).
    Removing drv_spi.o(.revsh_text), (4 bytes).
    Removing drv_spi.o(i.MISO_READ), (16 bytes).
    Removing drv_spi.o(i.MOSI_H), (16 bytes).
    Removing drv_spi.o(i.MOSI_L), (16 bytes).
    Removing drv_spi.o(i.SCLK_H), (16 bytes).
    Removing drv_spi.o(i.SCLK_L), (16 bytes).
    Removing drv_spi.o(i.SPI_GPIO_Init), (72 bytes).
    Removing drv_spi.o(i.drv_spi_read_write_byte), (70 bytes).
    Removing radio.o(.rev16_text), (4 bytes).
    Removing radio.o(.revsh_text), (4 bytes).
    Removing radio.o(i.OrderSend), (128 bytes).
    Removing radio.o(i.RadioClearDeviceErrors), (8 bytes).
    Removing radio.o(i.RadioClearIrqStatus), (12 bytes).
    Removing radio.o(i.RadioGetBuffer), (20 bytes).
    Removing radio.o(i.RadioGetDeviceErrors), (16 bytes).
    Removing radio.o(i.RadioGetIrqStatus), (8 bytes).
    Removing radio.o(i.RadioGetPacketStatus), (12 bytes).
    Removing radio.o(i.RadioGetStatus), (36 bytes).
    Removing radio.o(i.RadioInit), (50 bytes).
    Removing radio.o(i.RadioIoDeInit), (8 bytes).
    Removing radio.o(i.RadioIsChannelFree), (8 bytes).
    Removing radio.o(i.RadioOnDioIrq), (12 bytes).
    Removing radio.o(i.RadioRandom), (54 bytes).
    Removing radio.o(i.RadioRecoverIoInit), (8 bytes).
    Removing radio.o(i.RadioRssi), (8 bytes).
    Removing radio.o(i.RadioRx), (34 bytes).
    Removing radio.o(i.RadioRxBoosted), (44 bytes).
    Removing radio.o(i.RadioSend), (76 bytes).
    Removing radio.o(i.RadioSetCadParams), (36 bytes).
    Removing radio.o(i.RadioSetChannel), (12 bytes).
    Removing radio.o(i.RadioSetMaxPayloadLength), (56 bytes).
    Removing radio.o(i.RadioSetModem), (56 bytes).
    Removing radio.o(i.RadioSetPreamble), (28 bytes).
    Removing radio.o(i.RadioSetPublicNetwork), (58 bytes).
    Removing radio.o(i.RadioSetRxConfig), (184 bytes).
    Removing radio.o(i.RadioSetRxDutyCycle), (16 bytes).
    Removing radio.o(i.RadioSetTxConfig), (176 bytes).
    Removing radio.o(i.RadioSetTxContinuousWave), (28 bytes).
    Removing radio.o(i.RadioSetTxPower), (14 bytes).
    Removing radio.o(i.RadioSleep), (32 bytes).
    Removing radio.o(i.RadioStandby), (10 bytes).
    Removing radio.o(i.RadioStartCad), (30 bytes).
    Removing radio.o(i.RadioTimeOnAir), (6 bytes).
    Removing radio.o(i.RadioTimeOnAirAndPreamble), (8 bytes).
    Removing radio.o(i.RadioTx), (20 bytes).
    Removing radio.o(.bss), (60 bytes).
    Removing radio.o(.constdata), (200 bytes).
    Removing radio.o(.data), (16 bytes).
    Removing sx126x_driver.o(.rev16_text), (4 bytes).
    Removing sx126x_driver.o(.revsh_text), (4 bytes).
    Removing sx126x_driver.o(i.BUSY_READ), (20 bytes).
    Removing sx126x_driver.o(i.NRST_off), (20 bytes).
    Removing sx126x_driver.o(i.NRST_on), (20 bytes).
    Removing sx126x_driver.o(i.SX126xCalibrate), (14 bytes).
    Removing sx126x_driver.o(i.SX126xCalibrateImage), (160 bytes).
    Removing sx126x_driver.o(i.SX126xCheckDeviceReady), (26 bytes).
    Removing sx126x_driver.o(i.SX126xClearDeviceErrors), (18 bytes).
    Removing sx126x_driver.o(i.SX126xClearIrqStatus), (28 bytes).
    Removing sx126x_driver.o(i.SX126xGetDeviceErrors), (20 bytes).
    Removing sx126x_driver.o(i.SX126xGetIrqStatus), (26 bytes).
    Removing sx126x_driver.o(i.SX126xGetOperatingMode), (12 bytes).
    Removing sx126x_driver.o(i.SX126xGetPaSelect), (4 bytes).
    Removing sx126x_driver.o(i.SX126xGetPacketStatus), (124 bytes).
    Removing sx126x_driver.o(i.SX126xGetPacketType), (12 bytes).
    Removing sx126x_driver.o(i.SX126xGetPayload), (46 bytes).
    Removing sx126x_driver.o(i.SX126xGetRandom), (64 bytes).
    Removing sx126x_driver.o(i.SX126xGetRssiInst), (32 bytes).
    Removing sx126x_driver.o(i.SX126xGetRxBufferStatus), (66 bytes).
    Removing sx126x_driver.o(i.SX126xGetStatus), (30 bytes).
    Removing sx126x_driver.o(i.SX126xInit), (26 bytes).
    Removing sx126x_driver.o(i.SX126xIoDeInit), (12 bytes).
    Removing sx126x_driver.o(i.SX126xIoInit), (84 bytes).
    Removing sx126x_driver.o(i.SX126xIoIrqInit), (2 bytes).
    Removing sx126x_driver.o(i.SX126xReadBuffer), (68 bytes).
    Removing sx126x_driver.o(i.SX126xReadCommand), (62 bytes).
    Removing sx126x_driver.o(i.SX126xReadRegister), (20 bytes).
    Removing sx126x_driver.o(i.SX126xReadRegisters), (74 bytes).
    Removing sx126x_driver.o(i.SX126xRecoverIoInit), (8 bytes).
    Removing sx126x_driver.o(i.SX126xReset), (30 bytes).
    Removing sx126x_driver.o(i.SX126xSendPayload), (24 bytes).
    Removing sx126x_driver.o(i.SX126xSetBufferBaseAddress), (26 bytes).
    Removing sx126x_driver.o(i.SX126xSetCad), (24 bytes).
    Removing sx126x_driver.o(i.SX126xSetCadParams), (72 bytes).
    Removing sx126x_driver.o(i.SX126xSetCrcPolynomial), (42 bytes).
    Removing sx126x_driver.o(i.SX126xSetCrcSeed), (42 bytes).
    Removing sx126x_driver.o(i.SX126xSetDio2AsRfSwitchCtrl), (14 bytes).
    Removing sx126x_driver.o(i.SX126xSetDio3AsTcxoCtrl), (44 bytes).
    Removing sx126x_driver.o(i.SX126xSetDioIrqParams), (56 bytes).
    Removing sx126x_driver.o(i.SX126xSetFs), (24 bytes).
    Removing sx126x_driver.o(i.SX126xSetLoRaSymbNumTimeout), (14 bytes).
    Removing sx126x_driver.o(i.SX126xSetModulationParams), (46 bytes).
    Removing sx126x_driver.o(i.SX126xSetPaConfig), (38 bytes).
    Removing sx126x_driver.o(i.SX126xSetPacketParams), (62 bytes).
    Removing sx126x_driver.o(i.SX126xSetPacketType), (28 bytes).
    Removing sx126x_driver.o(i.SX126xSetPayload), (18 bytes).
    Removing sx126x_driver.o(i.SX126xSetRegulatorMode), (14 bytes).
    Removing sx126x_driver.o(i.SX126xSetRfFrequency), (116 bytes).
    Removing sx126x_driver.o(i.SX126xSetRx), (44 bytes).
    Removing sx126x_driver.o(i.SX126xSetRxBoosted), (56 bytes).
    Removing sx126x_driver.o(i.SX126xSetRxDutyCycle), (64 bytes).
    Removing sx126x_driver.o(i.SX126xSetRxTxFallbackMode), (14 bytes).
    Removing sx126x_driver.o(i.SX126xSetSleep), (32 bytes).
    Removing sx126x_driver.o(i.SX126xSetStandby), (40 bytes).
    Removing sx126x_driver.o(i.SX126xSetStopRxTimerOnPreambleDetect), (14 bytes).
    Removing sx126x_driver.o(i.SX126xSetSyncWord), (20 bytes).
    Removing sx126x_driver.o(i.SX126xSetTx), (44 bytes).
    Removing sx126x_driver.o(i.SX126xSetTxContinuousWave), (14 bytes).
    Removing sx126x_driver.o(i.SX126xSetTxInfinitePreamble), (14 bytes).
    Removing sx126x_driver.o(i.SX126xSetTxParams), (50 bytes).
    Removing sx126x_driver.o(i.SX126xSetWhiteningSeed), (58 bytes).
    Removing sx126x_driver.o(i.SX126xWaitOnBusy), (14 bytes).
    Removing sx126x_driver.o(i.SX126xWakeup), (28 bytes).
    Removing sx126x_driver.o(i.SX126xWriteBuffer), (60 bytes).
    Removing sx126x_driver.o(i.SX126xWriteCommand), (58 bytes).
    Removing sx126x_driver.o(i.SX126xWriteRegister), (16 bytes).
    Removing sx126x_driver.o(i.SX126xWriteRegisters), (66 bytes).
    Removing sx126x_driver.o(i.radio_nss_high), (20 bytes).
    Removing sx126x_driver.o(i.radio_nss_low), (20 bytes).
    Removing sx126x_driver.o(i.radio_rx_off), (20 bytes).
    Removing sx126x_driver.o(i.radio_rx_on), (20 bytes).
    Removing sx126x_driver.o(i.radio_tx_off), (20 bytes).
    Removing sx126x_driver.o(i.radio_tx_on), (20 bytes).
    Removing sx126x_driver.o(.data), (9 bytes).
    Removing utilities.o(.rev16_text), (4 bytes).
    Removing utilities.o(.revsh_text), (4 bytes).
    Removing utilities.o(i.memcpy1), (24 bytes).
    Removing utilities.o(i.memset1), (20 bytes).
    Removing utilities.o(i.strncmp1), (38 bytes).
    Removing delay.o(.rev16_text), (4 bytes).
    Removing delay.o(.revsh_text), (4 bytes).
    Removing delay.o(i.Delay_nms), (192 bytes).
    Removing delay.o(i.Delay_nus), (170 bytes).
    Removing communication1.o(.rev16_text), (4 bytes).
    Removing communication1.o(.revsh_text), (4 bytes).
    Removing communication1.o(i.ModbusReceiveOrderCheck), (20 bytes).
    Removing communication1.o(i.ModbusReceiveOrderCheck16), (20 bytes).
    Removing communication1.o(i.ModbusReceiveOrderCheck3), (20 bytes).
    Removing timer.o(.rev16_text), (4 bytes).
    Removing timer.o(.revsh_text), (4 bytes).
    Removing drv_pwm.o(.rev16_text), (4 bytes).
    Removing drv_pwm.o(.revsh_text), (4 bytes).
    Removing adc.o(.rev16_text), (4 bytes).
    Removing adc.o(.revsh_text), (4 bytes).
    Removing ddiv.o(.text), (222 bytes).
    Removing dfltui.o(.text), (26 bytes).

754 unused section(s) (total 27383 bytes) removed from the image.

==============================================================================

Image Symbol Table

    Local Symbols

    Symbol Name                              Value     Ov Type        Size  Object(Section)

    ../clib/microlib/init/entry.s            0x00000000   Number         0  entry12a.o ABSOLUTE
    ../clib/microlib/init/entry.s            0x00000000   Number         0  entry9b.o ABSOLUTE
    ../clib/microlib/init/entry.s            0x00000000   Number         0  entry9a.o ABSOLUTE
    ../clib/microlib/init/entry.s            0x00000000   Number         0  entry.o ABSOLUTE
    ../clib/microlib/init/entry.s            0x00000000   Number         0  entry8b.o ABSOLUTE
    ../clib/microlib/init/entry.s            0x00000000   Number         0  entry8a.o ABSOLUTE
    ../clib/microlib/init/entry.s            0x00000000   Number         0  entry7a.o ABSOLUTE
    ../clib/microlib/init/entry.s            0x00000000   Number         0  entry5.o ABSOLUTE
    ../clib/microlib/init/entry.s            0x00000000   Number         0  entry11b.o ABSOLUTE
    ../clib/microlib/init/entry.s            0x00000000   Number         0  entry10b.o ABSOLUTE
    ../clib/microlib/init/entry.s            0x00000000   Number         0  entry10a.o ABSOLUTE
    ../clib/microlib/init/entry.s            0x00000000   Number         0  entry7b.o ABSOLUTE
    ../clib/microlib/init/entry.s            0x00000000   Number         0  entry11a.o ABSOLUTE
    ../clib/microlib/init/entry.s            0x00000000   Number         0  entry2.o ABSOLUTE
    ../clib/microlib/init/entry.s            0x00000000   Number         0  entry12b.o ABSOLUTE
    ../clib/microlib/longlong.c              0x00000000   Number         0  llsshr.o ABSOLUTE
    ../clib/microlib/longlong.c              0x00000000   Number         0  llushr.o ABSOLUTE
    ../clib/microlib/longlong.c              0x00000000   Number         0  llshl.o ABSOLUTE
    ../clib/microlib/stubs.s                 0x00000000   Number         0  iusefp.o ABSOLUTE
    ../fplib/microlib/f2d.c                  0x00000000   Number         0  f2d.o ABSOLUTE
    ../fplib/microlib/fpadd.c                0x00000000   Number         0  dadd.o ABSOLUTE
    ../fplib/microlib/fpdiv.c                0x00000000   Number         0  ddiv.o ABSOLUTE
    ../fplib/microlib/fpepilogue.c           0x00000000   Number         0  depilogue.o ABSOLUTE
    ../fplib/microlib/fpfix.c                0x00000000   Number         0  dfixui.o ABSOLUTE
    ../fplib/microlib/fpflt.c                0x00000000   Number         0  dfltui.o ABSOLUTE
    ..\FWLib\CMSIS\GD\GD32F30x\Source\ARM\startup_gd32f30x_hd.s 0x00000000   Number         0  startup_gd32f30x_hd.o ABSOLUTE
    ..\FWLib\CMSIS\GD\GD32F30x\Source\system_gd32f30x.c 0x00000000   Number         0  system_gd32f30x.o ABSOLUTE
    ..\FWLib\GD32F30x_standard_peripheral\Source\gd32f30x_adc.c 0x00000000   Number         0  gd32f30x_adc.o ABSOLUTE
    ..\FWLib\GD32F30x_standard_peripheral\Source\gd32f30x_bkp.c 0x00000000   Number         0  gd32f30x_bkp.o ABSOLUTE
    ..\FWLib\GD32F30x_standard_peripheral\Source\gd32f30x_can.c 0x00000000   Number         0  gd32f30x_can.o ABSOLUTE
    ..\FWLib\GD32F30x_standard_peripheral\Source\gd32f30x_crc.c 0x00000000   Number         0  gd32f30x_crc.o ABSOLUTE
    ..\FWLib\GD32F30x_standard_peripheral\Source\gd32f30x_ctc.c 0x00000000   Number         0  gd32f30x_ctc.o ABSOLUTE
    ..\FWLib\GD32F30x_standard_peripheral\Source\gd32f30x_dac.c 0x00000000   Number         0  gd32f30x_dac.o ABSOLUTE
    ..\FWLib\GD32F30x_standard_peripheral\Source\gd32f30x_dbg.c 0x00000000   Number         0  gd32f30x_dbg.o ABSOLUTE
    ..\FWLib\GD32F30x_standard_peripheral\Source\gd32f30x_dma.c 0x00000000   Number         0  gd32f30x_dma.o ABSOLUTE
    ..\FWLib\GD32F30x_standard_peripheral\Source\gd32f30x_enet.c 0x00000000   Number         0  gd32f30x_enet.o ABSOLUTE
    ..\FWLib\GD32F30x_standard_peripheral\Source\gd32f30x_exmc.c 0x00000000   Number         0  gd32f30x_exmc.o ABSOLUTE
    ..\FWLib\GD32F30x_standard_peripheral\Source\gd32f30x_exti.c 0x00000000   Number         0  gd32f30x_exti.o ABSOLUTE
    ..\FWLib\GD32F30x_standard_peripheral\Source\gd32f30x_fmc.c 0x00000000   Number         0  gd32f30x_fmc.o ABSOLUTE
    ..\FWLib\GD32F30x_standard_peripheral\Source\gd32f30x_fwdgt.c 0x00000000   Number         0  gd32f30x_fwdgt.o ABSOLUTE
    ..\FWLib\GD32F30x_standard_peripheral\Source\gd32f30x_gpio.c 0x00000000   Number         0  gd32f30x_gpio.o ABSOLUTE
    ..\FWLib\GD32F30x_standard_peripheral\Source\gd32f30x_i2c.c 0x00000000   Number         0  gd32f30x_i2c.o ABSOLUTE
    ..\FWLib\GD32F30x_standard_peripheral\Source\gd32f30x_misc.c 0x00000000   Number         0  gd32f30x_misc.o ABSOLUTE
    ..\FWLib\GD32F30x_standard_peripheral\Source\gd32f30x_pmu.c 0x00000000   Number         0  gd32f30x_pmu.o ABSOLUTE
    ..\FWLib\GD32F30x_standard_peripheral\Source\gd32f30x_rcu.c 0x00000000   Number         0  gd32f30x_rcu.o ABSOLUTE
    ..\FWLib\GD32F30x_standard_peripheral\Source\gd32f30x_rtc.c 0x00000000   Number         0  gd32f30x_rtc.o ABSOLUTE
    ..\FWLib\GD32F30x_standard_peripheral\Source\gd32f30x_sdio.c 0x00000000   Number         0  gd32f30x_sdio.o ABSOLUTE
    ..\FWLib\GD32F30x_standard_peripheral\Source\gd32f30x_spi.c 0x00000000   Number         0  gd32f30x_spi.o ABSOLUTE
    ..\FWLib\GD32F30x_standard_peripheral\Source\gd32f30x_timer.c 0x00000000   Number         0  gd32f30x_timer.o ABSOLUTE
    ..\FWLib\GD32F30x_standard_peripheral\Source\gd32f30x_usart.c 0x00000000   Number         0  gd32f30x_usart.o ABSOLUTE
    ..\FWLib\GD32F30x_standard_peripheral\Source\gd32f30x_wwdgt.c 0x00000000   Number         0  gd32f30x_wwdgt.o ABSOLUTE
    ..\Funcs\Drv_spi.c                       0x00000000   Number         0  drv_spi.o ABSOLUTE
    ..\Funcs\adc.c                           0x00000000   Number         0  adc.o ABSOLUTE
    ..\Funcs\communication1.c                0x00000000   Number         0  communication1.o ABSOLUTE
    ..\Funcs\delay.c                         0x00000000   Number         0  delay.o ABSOLUTE
    ..\Funcs\drv_pwm.c                       0x00000000   Number         0  drv_pwm.o ABSOLUTE
    ..\Funcs\led.c                           0x00000000   Number         0  led.o ABSOLUTE
    ..\Funcs\radio.c                         0x00000000   Number         0  radio.o ABSOLUTE
    ..\Funcs\sx126x_driver.c                 0x00000000   Number         0  sx126x_driver.o ABSOLUTE
    ..\Funcs\systick.c                       0x00000000   Number         0  systick.o ABSOLUTE
    ..\Funcs\timer.c                         0x00000000   Number         0  timer.o ABSOLUTE
    ..\Funcs\usart0.c                        0x00000000   Number         0  usart0.o ABSOLUTE
    ..\Funcs\utilities.c                     0x00000000   Number         0  utilities.o ABSOLUTE
    ..\\FWLib\\CMSIS\\GD\\GD32F30x\\Source\\system_gd32f30x.c 0x00000000   Number         0  system_gd32f30x.o ABSOLUTE
    ..\\FWLib\\GD32F30x_standard_peripheral\\Source\\gd32f30x_adc.c 0x00000000   Number         0  gd32f30x_adc.o ABSOLUTE
    ..\\FWLib\\GD32F30x_standard_peripheral\\Source\\gd32f30x_bkp.c 0x00000000   Number         0  gd32f30x_bkp.o ABSOLUTE
    ..\\FWLib\\GD32F30x_standard_peripheral\\Source\\gd32f30x_can.c 0x00000000   Number         0  gd32f30x_can.o ABSOLUTE
    ..\\FWLib\\GD32F30x_standard_peripheral\\Source\\gd32f30x_crc.c 0x00000000   Number         0  gd32f30x_crc.o ABSOLUTE
    ..\\FWLib\\GD32F30x_standard_peripheral\\Source\\gd32f30x_ctc.c 0x00000000   Number         0  gd32f30x_ctc.o ABSOLUTE
    ..\\FWLib\\GD32F30x_standard_peripheral\\Source\\gd32f30x_dac.c 0x00000000   Number         0  gd32f30x_dac.o ABSOLUTE
    ..\\FWLib\\GD32F30x_standard_peripheral\\Source\\gd32f30x_dbg.c 0x00000000   Number         0  gd32f30x_dbg.o ABSOLUTE
    ..\\FWLib\\GD32F30x_standard_peripheral\\Source\\gd32f30x_dma.c 0x00000000   Number         0  gd32f30x_dma.o ABSOLUTE
    ..\\FWLib\\GD32F30x_standard_peripheral\\Source\\gd32f30x_enet.c 0x00000000   Number         0  gd32f30x_enet.o ABSOLUTE
    ..\\FWLib\\GD32F30x_standard_peripheral\\Source\\gd32f30x_exmc.c 0x00000000   Number         0  gd32f30x_exmc.o ABSOLUTE
    ..\\FWLib\\GD32F30x_standard_peripheral\\Source\\gd32f30x_exti.c 0x00000000   Number         0  gd32f30x_exti.o ABSOLUTE
    ..\\FWLib\\GD32F30x_standard_peripheral\\Source\\gd32f30x_fmc.c 0x00000000   Number         0  gd32f30x_fmc.o ABSOLUTE
    ..\\FWLib\\GD32F30x_standard_peripheral\\Source\\gd32f30x_fwdgt.c 0x00000000   Number         0  gd32f30x_fwdgt.o ABSOLUTE
    ..\\FWLib\\GD32F30x_standard_peripheral\\Source\\gd32f30x_gpio.c 0x00000000   Number         0  gd32f30x_gpio.o ABSOLUTE
    ..\\FWLib\\GD32F30x_standard_peripheral\\Source\\gd32f30x_i2c.c 0x00000000   Number         0  gd32f30x_i2c.o ABSOLUTE
    ..\\FWLib\\GD32F30x_standard_peripheral\\Source\\gd32f30x_misc.c 0x00000000   Number         0  gd32f30x_misc.o ABSOLUTE
    ..\\FWLib\\GD32F30x_standard_peripheral\\Source\\gd32f30x_pmu.c 0x00000000   Number         0  gd32f30x_pmu.o ABSOLUTE
    ..\\FWLib\\GD32F30x_standard_peripheral\\Source\\gd32f30x_rcu.c 0x00000000   Number         0  gd32f30x_rcu.o ABSOLUTE
    ..\\FWLib\\GD32F30x_standard_peripheral\\Source\\gd32f30x_rtc.c 0x00000000   Number         0  gd32f30x_rtc.o ABSOLUTE
    ..\\FWLib\\GD32F30x_standard_peripheral\\Source\\gd32f30x_sdio.c 0x00000000   Number         0  gd32f30x_sdio.o ABSOLUTE
    ..\\FWLib\\GD32F30x_standard_peripheral\\Source\\gd32f30x_spi.c 0x00000000   Number         0  gd32f30x_spi.o ABSOLUTE
    ..\\FWLib\\GD32F30x_standard_peripheral\\Source\\gd32f30x_timer.c 0x00000000   Number         0  gd32f30x_timer.o ABSOLUTE
    ..\\FWLib\\GD32F30x_standard_peripheral\\Source\\gd32f30x_usart.c 0x00000000   Number         0  gd32f30x_usart.o ABSOLUTE
    ..\\FWLib\\GD32F30x_standard_peripheral\\Source\\gd32f30x_wwdgt.c 0x00000000   Number         0  gd32f30x_wwdgt.o ABSOLUTE
    ..\\Funcs\\Drv_spi.c                     0x00000000   Number         0  drv_spi.o ABSOLUTE
    ..\\Funcs\\adc.c                         0x00000000   Number         0  adc.o ABSOLUTE
    ..\\Funcs\\communication1.c              0x00000000   Number         0  communication1.o ABSOLUTE
    ..\\Funcs\\delay.c                       0x00000000   Number         0  delay.o ABSOLUTE
    ..\\Funcs\\drv_pwm.c                     0x00000000   Number         0  drv_pwm.o ABSOLUTE
    ..\\Funcs\\led.c                         0x00000000   Number         0  led.o ABSOLUTE
    ..\\Funcs\\radio.c                       0x00000000   Number         0  radio.o ABSOLUTE
    ..\\Funcs\\sx126x_driver.c               0x00000000   Number         0  sx126x_driver.o ABSOLUTE
    ..\\Funcs\\systick.c                     0x00000000   Number         0  systick.o ABSOLUTE
    ..\\Funcs\\timer.c                       0x00000000   Number         0  timer.o ABSOLUTE
    ..\\Funcs\\usart0.c                      0x00000000   Number         0  usart0.o ABSOLUTE
    ..\\Funcs\\utilities.c                   0x00000000   Number         0  utilities.o ABSOLUTE
    dc.s                                     0x00000000   Number         0  dc.o ABSOLUTE
    gd32f30x_it.c                            0x00000000   Number         0  gd32f30x_it.o ABSOLUTE
    gd32f30x_it.c                            0x00000000   Number         0  gd32f30x_it.o ABSOLUTE
    handlers.s                               0x00000000   Number         0  handlers.o ABSOLUTE
    init.s                                   0x00000000   Number         0  init.o ABSOLUTE
    main.c                                   0x00000000   Number         0  main.o ABSOLUTE
    main.c                                   0x00000000   Number         0  main.o ABSOLUTE
    RESET                                    0x08000000   Section      304  startup_gd32f30x_hd.o(RESET)
    .ARM.Collect$$$$00000000                 0x08000130   Section        0  entry.o(.ARM.Collect$$$$00000000)
    .ARM.Collect$$$$00000001                 0x08000130   Section        4  entry2.o(.ARM.Collect$$$$00000001)
    .ARM.Collect$$$$00000004                 0x08000134   Section        4  entry5.o(.ARM.Collect$$$$00000004)
    .ARM.Collect$$$$00000008                 0x08000138   Section        0  entry7b.o(.ARM.Collect$$$$00000008)
    .ARM.Collect$$$$0000000A                 0x08000138   Section        0  entry8b.o(.ARM.Collect$$$$0000000A)
    .ARM.Collect$$$$0000000B                 0x08000138   Section        8  entry9a.o(.ARM.Collect$$$$0000000B)
    .ARM.Collect$$$$0000000E                 0x08000140   Section        4  entry12b.o(.ARM.Collect$$$$0000000E)
    .ARM.Collect$$$$0000000F                 0x08000144   Section        0  entry10a.o(.ARM.Collect$$$$0000000F)
    .ARM.Collect$$$$00000011                 0x08000144   Section        0  entry11a.o(.ARM.Collect$$$$00000011)
    .ARM.Collect$$$$00002712                 0x08000144   Section        4  entry2.o(.ARM.Collect$$$$00002712)
    __lit__00000000                          0x08000144   Data           4  entry2.o(.ARM.Collect$$$$00002712)
    .text                                    0x08000148   Section       36  startup_gd32f30x_hd.o(.text)
    $v0                                      0x08000148   Number         0  startup_gd32f30x_hd.o(.text)
    .text                                    0x0800016c   Section        0  dadd.o(.text)
    .text                                    0x080002ba   Section        0  dfixui.o(.text)
    .text                                    0x080002ec   Section        0  f2d.o(.text)
    .text                                    0x08000312   Section        0  llshl.o(.text)
    .text                                    0x08000330   Section        0  llushr.o(.text)
    .text                                    0x08000350   Section        0  llsshr.o(.text)
    .text                                    0x08000374   Section        0  iusefp.o(.text)
    .text                                    0x08000374   Section        0  depilogue.o(.text)
    .text                                    0x08000430   Section       36  init.o(.text)
    i.BusFault_Handler                       0x08000454   Section        0  gd32f30x_it.o(i.BusFault_Handler)
    i.DebugMon_Handler                       0x08000458   Section        0  gd32f30x_it.o(i.DebugMon_Handler)
    i.HardFault_Handler                      0x0800045a   Section        0  gd32f30x_it.o(i.HardFault_Handler)
    i.MemManage_Handler                      0x0800045e   Section        0  gd32f30x_it.o(i.MemManage_Handler)
    i.Modbus2_Send                           0x08000464   Section        0  communication1.o(i.Modbus2_Send)
    i.ModbusFun6_1                           0x080004d0   Section        0  communication1.o(i.ModbusFun6_1)
    i.ModbusInit                             0x08000528   Section        0  communication1.o(i.ModbusInit)
    i.ModbusSendOrder                        0x08000588   Section        0  communication1.o(i.ModbusSendOrder)
    i.Modbus_Event_1                         0x080005ac   Section        0  communication1.o(i.Modbus_Event_1)
    i.NMI_Handler                            0x0800060c   Section        0  gd32f30x_it.o(i.NMI_Handler)
    i.NVIC_SetPriority                       0x08000610   Section        0  systick.o(i.NVIC_SetPriority)
    NVIC_SetPriority                         0x08000611   Thumb Code    32  systick.o(i.NVIC_SetPriority)
    i.PendSV_Handler                         0x08000638   Section        0  gd32f30x_it.o(i.PendSV_Handler)
    i.RS485_Read                             0x0800063c   Section        0  communication1.o(i.RS485_Read)
    i.RS485_Send                             0x08000650   Section        0  communication1.o(i.RS485_Send)
    i.RS485_Send_Data                        0x08000664   Section        0  communication1.o(i.RS485_Send_Data)
    i.SVC_Handler                            0x080006ac   Section        0  gd32f30x_it.o(i.SVC_Handler)
    i.SysTick_Handler                        0x080006ae   Section        0  gd32f30x_it.o(i.SysTick_Handler)
    i.SystemInit                             0x080006b8   Section        0  system_gd32f30x.o(i.SystemInit)
    i.TIMER4_IRQHandler                      0x08000728   Section        0  timer.o(i.TIMER4_IRQHandler)
    i.TIMER5_IRQHandler                      0x0800078c   Section        0  timer.o(i.TIMER5_IRQHandler)
    i.USART0_IRQHandler                      0x080007c0   Section        0  communication1.o(i.USART0_IRQHandler)
    i.USART2_IRQHandler                      0x0800080c   Section        0  usart0.o(i.USART2_IRQHandler)
    i.UsageFault_Handler                     0x0800091c   Section        0  gd32f30x_it.o(i.UsageFault_Handler)
    i.WriteAdd                               0x08000920   Section        0  gd32f30x_fmc.o(i.WriteAdd)
    i.__scatterload_copy                     0x08000944   Section       14  handlers.o(i.__scatterload_copy)
    i.__scatterload_null                     0x08000952   Section        2  handlers.o(i.__scatterload_null)
    i.__scatterload_zeroinit                 0x08000954   Section       14  handlers.o(i.__scatterload_zeroinit)
    i.adc_calibration_enable                 0x08000962   Section        0  gd32f30x_adc.o(i.adc_calibration_enable)
    i.adc_channel_length_config              0x0800098c   Section        0  gd32f30x_adc.o(i.adc_channel_length_config)
    i.adc_channel_sample                     0x080009d4   Section        0  adc.o(i.adc_channel_sample)
    i.adc_config                             0x08000a10   Section        0  adc.o(i.adc_config)
    i.adc_data_alignment_config              0x08000a60   Section        0  gd32f30x_adc.o(i.adc_data_alignment_config)
    i.adc_enable                             0x08000a76   Section        0  gd32f30x_adc.o(i.adc_enable)
    i.adc_external_trigger_config            0x08000a88   Section        0  gd32f30x_adc.o(i.adc_external_trigger_config)
    i.adc_external_trigger_source_config     0x08000ac6   Section        0  gd32f30x_adc.o(i.adc_external_trigger_source_config)
    i.adc_flag_clear                         0x08000af6   Section        0  gd32f30x_adc.o(i.adc_flag_clear)
    i.adc_flag_get                           0x08000afe   Section        0  gd32f30x_adc.o(i.adc_flag_get)
    i.adc_gpio_config                        0x08000b0c   Section        0  adc.o(i.adc_gpio_config)
    i.adc_mode_config                        0x08000b2c   Section        0  gd32f30x_adc.o(i.adc_mode_config)
    i.adc_rcu_config                         0x08000b48   Section        0  adc.o(i.adc_rcu_config)
    i.adc_regular_channel_config             0x08000b62   Section        0  gd32f30x_adc.o(i.adc_regular_channel_config)
    i.adc_regular_data_read                  0x08000c0e   Section        0  gd32f30x_adc.o(i.adc_regular_data_read)
    i.adc_software_trigger_enable            0x08000c16   Section        0  gd32f30x_adc.o(i.adc_software_trigger_enable)
    i.communication1_init                    0x08000c34   Section        0  communication1.o(i.communication1_init)
    i.crc16                                  0x08000c3c   Section        0  communication1.o(i.crc16)
    i.dbg_trace_pin_disable                  0x08000c74   Section        0  gd32f30x_dbg.o(i.dbg_trace_pin_disable)
    i.delay_1ms                              0x08000c88   Section        0  systick.o(i.delay_1ms)
    i.delay_decrement                        0x08000c9c   Section        0  systick.o(i.delay_decrement)
    i.fmc_bank0_ready_wait                   0x08000cb4   Section        0  gd32f30x_fmc.o(i.fmc_bank0_ready_wait)
    i.fmc_bank0_state_get                    0x08000cd8   Section        0  gd32f30x_fmc.o(i.fmc_bank0_state_get)
    i.fmc_bank1_ready_wait                   0x08000d08   Section        0  gd32f30x_fmc.o(i.fmc_bank1_ready_wait)
    i.fmc_bank1_state_get                    0x08000d2c   Section        0  gd32f30x_fmc.o(i.fmc_bank1_state_get)
    i.fmc_flag_clear                         0x08000d5c   Section        0  gd32f30x_fmc.o(i.fmc_flag_clear)
    i.fmc_halfword_program                   0x08000d7c   Section        0  gd32f30x_fmc.o(i.fmc_halfword_program)
    i.fmc_lock                               0x08000e3c   Section        0  gd32f30x_fmc.o(i.fmc_lock)
    i.fmc_page_erase                         0x08000e68   Section        0  gd32f30x_fmc.o(i.fmc_page_erase)
    i.fmc_read_Address2_16b                  0x08000f54   Section        0  gd32f30x_fmc.o(i.fmc_read_Address2_16b)
    i.fmc_read_ReceiveMode_16b               0x08000f5a   Section        0  gd32f30x_fmc.o(i.fmc_read_ReceiveMode_16b)
    i.fmc_read_data_16b                      0x08000f60   Section        0  gd32f30x_fmc.o(i.fmc_read_data_16b)
    i.fmc_unlock                             0x08000f68   Section        0  gd32f30x_fmc.o(i.fmc_unlock)
    i.fmc_write_data_16b                     0x08000fac   Section        0  gd32f30x_fmc.o(i.fmc_write_data_16b)
    i.gpio_bit_reset                         0x080010b4   Section        0  gd32f30x_gpio.o(i.gpio_bit_reset)
    i.gpio_bit_set                           0x080010b8   Section        0  gd32f30x_gpio.o(i.gpio_bit_set)
    i.gpio_init                              0x080010bc   Section        0  gd32f30x_gpio.o(i.gpio_init)
    i.gpio_pin_remap_config                  0x08001178   Section        0  gd32f30x_gpio.o(i.gpio_pin_remap_config)
    i.led_init                               0x08001208   Section        0  led.o(i.led_init)
    i.led_off                                0x0800122c   Section        0  led.o(i.led_off)
    i.led_on                                 0x08001240   Section        0  led.o(i.led_on)
    i.main                                   0x08001254   Section        0  main.o(i.main)
    i.nvic_irq_enable                        0x080014f0   Section        0  gd32f30x_misc.o(i.nvic_irq_enable)
    i.nvic_priority_group_set                0x080015b4   Section        0  gd32f30x_misc.o(i.nvic_priority_group_set)
    i.pwm_gpio_config                        0x080015c8   Section        0  drv_pwm.o(i.pwm_gpio_config)
    i.pwm_timer_config                       0x080015f8   Section        0  drv_pwm.o(i.pwm_timer_config)
    i.rcu_adc_clock_config                   0x080016bc   Section        0  gd32f30x_rcu.o(i.rcu_adc_clock_config)
    i.rcu_clock_freq_get                     0x08001728   Section        0  gd32f30x_rcu.o(i.rcu_clock_freq_get)
    i.rcu_periph_clock_enable                0x08001880   Section        0  gd32f30x_rcu.o(i.rcu_periph_clock_enable)
    i.rcu_periph_reset_disable               0x080018a0   Section        0  gd32f30x_rcu.o(i.rcu_periph_reset_disable)
    i.rcu_periph_reset_enable                0x080018c0   Section        0  gd32f30x_rcu.o(i.rcu_periph_reset_enable)
    i.showData1_1                            0x080018e0   Section        0  communication1.o(i.showData1_1)
    i.system_clock_120m_hxtal                0x08001944   Section        0  system_gd32f30x.o(i.system_clock_120m_hxtal)
    system_clock_120m_hxtal                  0x08001945   Thumb Code   258  system_gd32f30x.o(i.system_clock_120m_hxtal)
    i.system_clock_config                    0x08001a58   Section        0  system_gd32f30x.o(i.system_clock_config)
    system_clock_config                      0x08001a59   Thumb Code     8  system_gd32f30x.o(i.system_clock_config)
    i.systick_config                         0x08001a60   Section        0  systick.o(i.systick_config)
    i.timer4_init                            0x08001ab0   Section        0  timer.o(i.timer4_init)
    i.timer5_init                            0x08001b10   Section        0  timer.o(i.timer5_init)
    i.timer_auto_reload_shadow_enable        0x08001b64   Section        0  gd32f30x_timer.o(i.timer_auto_reload_shadow_enable)
    i.timer_channel_output_config            0x08001b70   Section        0  gd32f30x_timer.o(i.timer_channel_output_config)
    i.timer_channel_output_mode_config       0x08001d5c   Section        0  gd32f30x_timer.o(i.timer_channel_output_mode_config)
    i.timer_channel_output_pulse_value_config 0x08001db6   Section        0  gd32f30x_timer.o(i.timer_channel_output_pulse_value_config)
    i.timer_channel_output_shadow_config     0x08001ddc   Section        0  gd32f30x_timer.o(i.timer_channel_output_shadow_config)
    i.timer_deinit                           0x08001e38   Section        0  gd32f30x_timer.o(i.timer_deinit)
    i.timer_enable                           0x08001f14   Section        0  gd32f30x_timer.o(i.timer_enable)
    i.timer_flag_clear                       0x08001f1e   Section        0  gd32f30x_timer.o(i.timer_flag_clear)
    i.timer_init                             0x08001f24   Section        0  gd32f30x_timer.o(i.timer_init)
    i.timer_interrupt_enable                 0x08001fbc   Section        0  gd32f30x_timer.o(i.timer_interrupt_enable)
    i.timer_interrupt_flag_clear             0x08001fc4   Section        0  gd32f30x_timer.o(i.timer_interrupt_flag_clear)
    i.timer_interrupt_flag_get               0x08001fca   Section        0  gd32f30x_timer.o(i.timer_interrupt_flag_get)
    i.uart2_send_byte                        0x08001fe4   Section        0  usart0.o(i.uart2_send_byte)
    i.uart2_send_data                        0x08002004   Section        0  usart0.o(i.uart2_send_data)
    i.usart0_config                          0x0800201c   Section        0  usart0.o(i.usart0_config)
    i.usart2_config                          0x080020bc   Section        0  usart0.o(i.usart2_config)
    i.usart_baudrate_set                     0x08002148   Section        0  gd32f30x_usart.o(i.usart_baudrate_set)
    i.usart_data_receive                     0x080021d8   Section        0  gd32f30x_usart.o(i.usart_data_receive)
    i.usart_data_transmit                    0x080021e2   Section        0  gd32f30x_usart.o(i.usart_data_transmit)
    i.usart_deinit                           0x080021ec   Section        0  gd32f30x_usart.o(i.usart_deinit)
    i.usart_enable                           0x0800227c   Section        0  gd32f30x_usart.o(i.usart_enable)
    i.usart_flag_get                         0x08002286   Section        0  gd32f30x_usart.o(i.usart_flag_get)
    i.usart_interrupt_enable                 0x080022a4   Section        0  gd32f30x_usart.o(i.usart_interrupt_enable)
    i.usart_interrupt_flag_clear             0x080022be   Section        0  gd32f30x_usart.o(i.usart_interrupt_flag_clear)
    i.usart_interrupt_flag_get               0x080022d8   Section        0  gd32f30x_usart.o(i.usart_interrupt_flag_get)
    i.usart_parity_config                    0x08002310   Section        0  gd32f30x_usart.o(i.usart_parity_config)
    i.usart_receive_config                   0x08002320   Section        0  gd32f30x_usart.o(i.usart_receive_config)
    i.usart_stop_bit_set                     0x08002330   Section        0  gd32f30x_usart.o(i.usart_stop_bit_set)
    i.usart_transmit_config                  0x08002340   Section        0  gd32f30x_usart.o(i.usart_transmit_config)
    i.usart_word_length_set                  0x08002350   Section        0  gd32f30x_usart.o(i.usart_word_length_set)
    .constdata                               0x08002360   Section      512  communication1.o(.constdata)
    .data                                    0x20000000   Section       48  main.o(.data)
    .data                                    0x20000030   Section        4  system_gd32f30x.o(.data)
    .data                                    0x20000034   Section        4  systick.o(.data)
    delay                                    0x20000034   Data           4  systick.o(.data)
    .data                                    0x20000038   Section       20  communication1.o(.data)
    .data                                    0x2000004c   Section        4  timer.o(.data)
    .bss                                     0x20000050   Section      486  main.o(.bss)
    .bss                                     0x20000236   Section      798  communication1.o(.bss)
    STACK                                    0x20000558   Section     1024  startup_gd32f30x_hd.o(STACK)

    Global Symbols

    Symbol Name                              Value     Ov Type        Size  Object(Section)

    BuildAttributes$$THM_ISAv4$E$P$D$K$B$S$7EM$VFPi3$EXTD16$VFPS$VFMA$PE$A:L22UL41UL21$X:L11$S22US41US21$IEEE1$IW$USESV6$~STKCKD$USESV7$~SHL$OSPACE$ROPI$EBA8$MICROLIB$REQ8$PRES8$EABIv2 0x00000000   Number         0  anon$$obj.o ABSOLUTE
    __ARM_use_no_argv                        0x00000000   Number         0  main.o ABSOLUTE
    __arm_fini_                               - Undefined Weak Reference
    __cpp_initialize__aeabi_                  - Undefined Weak Reference
    __cxa_finalize                            - Undefined Weak Reference
    __decompress                              - Undefined Weak Reference
    _clock_init                               - Undefined Weak Reference
    _microlib_exit                            - Undefined Weak Reference
    __Vectors_Size                           0x00000130   Number         0  startup_gd32f30x_hd.o ABSOLUTE
    __Vectors                                0x08000000   Data           4  startup_gd32f30x_hd.o(RESET)
    __Vectors_End                            0x08000130   Data           0  startup_gd32f30x_hd.o(RESET)
    __main                                   0x08000131   Thumb Code     0  entry.o(.ARM.Collect$$$$00000000)
    _main_stk                                0x08000131   Thumb Code     0  entry2.o(.ARM.Collect$$$$00000001)
    _main_scatterload                        0x08000135   Thumb Code     0  entry5.o(.ARM.Collect$$$$00000004)
    __main_after_scatterload                 0x08000139   Thumb Code     0  entry5.o(.ARM.Collect$$$$00000004)
    _main_clock                              0x08000139   Thumb Code     0  entry7b.o(.ARM.Collect$$$$00000008)
    _main_cpp_init                           0x08000139   Thumb Code     0  entry8b.o(.ARM.Collect$$$$0000000A)
    _main_init                               0x08000139   Thumb Code     0  entry9a.o(.ARM.Collect$$$$0000000B)
    __rt_lib_shutdown_fini                   0x08000141   Thumb Code     0  entry12b.o(.ARM.Collect$$$$0000000E)
    __rt_final_cpp                           0x08000145   Thumb Code     0  entry10a.o(.ARM.Collect$$$$0000000F)
    __rt_final_exit                          0x08000145   Thumb Code     0  entry11a.o(.ARM.Collect$$$$00000011)
    Reset_Handler                            0x08000149   Thumb Code     8  startup_gd32f30x_hd.o(.text)
    ADC0_1_IRQHandler                        0x08000163   Thumb Code     0  startup_gd32f30x_hd.o(.text)
    ADC2_IRQHandler                          0x08000163   Thumb Code     0  startup_gd32f30x_hd.o(.text)
    CAN0_EWMC_IRQHandler                     0x08000163   Thumb Code     0  startup_gd32f30x_hd.o(.text)
    CAN0_RX1_IRQHandler                      0x08000163   Thumb Code     0  startup_gd32f30x_hd.o(.text)
    DMA0_Channel0_IRQHandler                 0x08000163   Thumb Code     0  startup_gd32f30x_hd.o(.text)
    DMA0_Channel1_IRQHandler                 0x08000163   Thumb Code     0  startup_gd32f30x_hd.o(.text)
    DMA0_Channel2_IRQHandler                 0x08000163   Thumb Code     0  startup_gd32f30x_hd.o(.text)
    DMA0_Channel3_IRQHandler                 0x08000163   Thumb Code     0  startup_gd32f30x_hd.o(.text)
    DMA0_Channel4_IRQHandler                 0x08000163   Thumb Code     0  startup_gd32f30x_hd.o(.text)
    DMA0_Channel5_IRQHandler                 0x08000163   Thumb Code     0  startup_gd32f30x_hd.o(.text)
    DMA0_Channel6_IRQHandler                 0x08000163   Thumb Code     0  startup_gd32f30x_hd.o(.text)
    DMA1_Channel0_IRQHandler                 0x08000163   Thumb Code     0  startup_gd32f30x_hd.o(.text)
    DMA1_Channel1_IRQHandler                 0x08000163   Thumb Code     0  startup_gd32f30x_hd.o(.text)
    DMA1_Channel2_IRQHandler                 0x08000163   Thumb Code     0  startup_gd32f30x_hd.o(.text)
    DMA1_Channel3_4_IRQHandler               0x08000163   Thumb Code     0  startup_gd32f30x_hd.o(.text)
    EXMC_IRQHandler                          0x08000163   Thumb Code     0  startup_gd32f30x_hd.o(.text)
    EXTI0_IRQHandler                         0x08000163   Thumb Code     0  startup_gd32f30x_hd.o(.text)
    EXTI10_15_IRQHandler                     0x08000163   Thumb Code     0  startup_gd32f30x_hd.o(.text)
    EXTI1_IRQHandler                         0x08000163   Thumb Code     0  startup_gd32f30x_hd.o(.text)
    EXTI2_IRQHandler                         0x08000163   Thumb Code     0  startup_gd32f30x_hd.o(.text)
    EXTI3_IRQHandler                         0x08000163   Thumb Code     0  startup_gd32f30x_hd.o(.text)
    EXTI4_IRQHandler                         0x08000163   Thumb Code     0  startup_gd32f30x_hd.o(.text)
    EXTI5_9_IRQHandler                       0x08000163   Thumb Code     0  startup_gd32f30x_hd.o(.text)
    FMC_IRQHandler                           0x08000163   Thumb Code     0  startup_gd32f30x_hd.o(.text)
    I2C0_ER_IRQHandler                       0x08000163   Thumb Code     0  startup_gd32f30x_hd.o(.text)
    I2C0_EV_IRQHandler                       0x08000163   Thumb Code     0  startup_gd32f30x_hd.o(.text)
    I2C1_ER_IRQHandler                       0x08000163   Thumb Code     0  startup_gd32f30x_hd.o(.text)
    I2C1_EV_IRQHandler                       0x08000163   Thumb Code     0  startup_gd32f30x_hd.o(.text)
    LVD_IRQHandler                           0x08000163   Thumb Code     0  startup_gd32f30x_hd.o(.text)
    RCU_CTC_IRQHandler                       0x08000163   Thumb Code     0  startup_gd32f30x_hd.o(.text)
    RTC_Alarm_IRQHandler                     0x08000163   Thumb Code     0  startup_gd32f30x_hd.o(.text)
    RTC_IRQHandler                           0x08000163   Thumb Code     0  startup_gd32f30x_hd.o(.text)
    SDIO_IRQHandler                          0x08000163   Thumb Code     0  startup_gd32f30x_hd.o(.text)
    SPI0_IRQHandler                          0x08000163   Thumb Code     0  startup_gd32f30x_hd.o(.text)
    SPI1_IRQHandler                          0x08000163   Thumb Code     0  startup_gd32f30x_hd.o(.text)
    SPI2_IRQHandler                          0x08000163   Thumb Code     0  startup_gd32f30x_hd.o(.text)
    TAMPER_IRQHandler                        0x08000163   Thumb Code     0  startup_gd32f30x_hd.o(.text)
    TIMER0_BRK_IRQHandler                    0x08000163   Thumb Code     0  startup_gd32f30x_hd.o(.text)
    TIMER0_Channel_IRQHandler                0x08000163   Thumb Code     0  startup_gd32f30x_hd.o(.text)
    TIMER0_TRG_CMT_IRQHandler                0x08000163   Thumb Code     0  startup_gd32f30x_hd.o(.text)
    TIMER0_UP_IRQHandler                     0x08000163   Thumb Code     0  startup_gd32f30x_hd.o(.text)
    TIMER1_IRQHandler                        0x08000163   Thumb Code     0  startup_gd32f30x_hd.o(.text)
    TIMER2_IRQHandler                        0x08000163   Thumb Code     0  startup_gd32f30x_hd.o(.text)
    TIMER3_IRQHandler                        0x08000163   Thumb Code     0  startup_gd32f30x_hd.o(.text)
    TIMER6_IRQHandler                        0x08000163   Thumb Code     0  startup_gd32f30x_hd.o(.text)
    TIMER7_BRK_IRQHandler                    0x08000163   Thumb Code     0  startup_gd32f30x_hd.o(.text)
    TIMER7_Channel_IRQHandler                0x08000163   Thumb Code     0  startup_gd32f30x_hd.o(.text)
    TIMER7_TRG_CMT_IRQHandler                0x08000163   Thumb Code     0  startup_gd32f30x_hd.o(.text)
    TIMER7_UP_IRQHandler                     0x08000163   Thumb Code     0  startup_gd32f30x_hd.o(.text)
    UART3_IRQHandler                         0x08000163   Thumb Code     0  startup_gd32f30x_hd.o(.text)
    UART4_IRQHandler                         0x08000163   Thumb Code     0  startup_gd32f30x_hd.o(.text)
    USART1_IRQHandler                        0x08000163   Thumb Code     0  startup_gd32f30x_hd.o(.text)
    USBD_HP_CAN0_TX_IRQHandler               0x08000163   Thumb Code     0  startup_gd32f30x_hd.o(.text)
    USBD_LP_CAN0_RX0_IRQHandler              0x08000163   Thumb Code     0  startup_gd32f30x_hd.o(.text)
    USBD_WKUP_IRQHandler                     0x08000163   Thumb Code     0  startup_gd32f30x_hd.o(.text)
    WWDGT_IRQHandler                         0x08000163   Thumb Code     0  startup_gd32f30x_hd.o(.text)
    __aeabi_dadd                             0x0800016d   Thumb Code   322  dadd.o(.text)
    __aeabi_dsub                             0x080002af   Thumb Code     6  dadd.o(.text)
    __aeabi_drsub                            0x080002b5   Thumb Code     6  dadd.o(.text)
    __aeabi_d2uiz                            0x080002bb   Thumb Code    50  dfixui.o(.text)
    __aeabi_f2d                              0x080002ed   Thumb Code    38  f2d.o(.text)
    __aeabi_llsl                             0x08000313   Thumb Code    30  llshl.o(.text)
    _ll_shift_l                              0x08000313   Thumb Code     0  llshl.o(.text)
    __aeabi_llsr                             0x08000331   Thumb Code    32  llushr.o(.text)
    _ll_ushift_r                             0x08000331   Thumb Code     0  llushr.o(.text)
    __aeabi_lasr                             0x08000351   Thumb Code    36  llsshr.o(.text)
    _ll_sshift_r                             0x08000351   Thumb Code     0  llsshr.o(.text)
    __I$use$fp                               0x08000375   Thumb Code     0  iusefp.o(.text)
    _double_round                            0x08000375   Thumb Code    30  depilogue.o(.text)
    _double_epilogue                         0x08000393   Thumb Code   156  depilogue.o(.text)
    __scatterload                            0x08000431   Thumb Code    28  init.o(.text)
    __scatterload_rt2                        0x08000431   Thumb Code     0  init.o(.text)
    BusFault_Handler                         0x08000455   Thumb Code     4  gd32f30x_it.o(i.BusFault_Handler)
    DebugMon_Handler                         0x08000459   Thumb Code     2  gd32f30x_it.o(i.DebugMon_Handler)
    HardFault_Handler                        0x0800045b   Thumb Code     4  gd32f30x_it.o(i.HardFault_Handler)
    MemManage_Handler                        0x0800045f   Thumb Code     4  gd32f30x_it.o(i.MemManage_Handler)
    Modbus2_Send                             0x08000465   Thumb Code    88  communication1.o(i.Modbus2_Send)
    ModbusFun6_1                             0x080004d1   Thumb Code    70  communication1.o(i.ModbusFun6_1)
    ModbusInit                               0x08000529   Thumb Code    82  communication1.o(i.ModbusInit)
    ModbusSendOrder                          0x08000589   Thumb Code    26  communication1.o(i.ModbusSendOrder)
    Modbus_Event_1                           0x080005ad   Thumb Code    88  communication1.o(i.Modbus_Event_1)
    NMI_Handler                              0x0800060d   Thumb Code     2  gd32f30x_it.o(i.NMI_Handler)
    PendSV_Handler                           0x08000639   Thumb Code     2  gd32f30x_it.o(i.PendSV_Handler)
    RS485_Read                               0x0800063d   Thumb Code    14  communication1.o(i.RS485_Read)
    RS485_Send                               0x08000651   Thumb Code    14  communication1.o(i.RS485_Send)
    RS485_Send_Data                          0x08000665   Thumb Code    66  communication1.o(i.RS485_Send_Data)
    SVC_Handler                              0x080006ad   Thumb Code     2  gd32f30x_it.o(i.SVC_Handler)
    SysTick_Handler                          0x080006af   Thumb Code     8  gd32f30x_it.o(i.SysTick_Handler)
    SystemInit                               0x080006b9   Thumb Code   100  system_gd32f30x.o(i.SystemInit)
    TIMER4_IRQHandler                        0x08000729   Thumb Code    76  timer.o(i.TIMER4_IRQHandler)
    TIMER5_IRQHandler                        0x0800078d   Thumb Code    44  timer.o(i.TIMER5_IRQHandler)
    USART0_IRQHandler                        0x080007c1   Thumb Code    60  communication1.o(i.USART0_IRQHandler)
    USART2_IRQHandler                        0x0800080d   Thumb Code   242  usart0.o(i.USART2_IRQHandler)
    UsageFault_Handler                       0x0800091d   Thumb Code     4  gd32f30x_it.o(i.UsageFault_Handler)
    WriteAdd                                 0x08000921   Thumb Code    32  gd32f30x_fmc.o(i.WriteAdd)
    __scatterload_copy                       0x08000945   Thumb Code    14  handlers.o(i.__scatterload_copy)
    __scatterload_null                       0x08000953   Thumb Code     2  handlers.o(i.__scatterload_null)
    __scatterload_zeroinit                   0x08000955   Thumb Code    14  handlers.o(i.__scatterload_zeroinit)
    adc_calibration_enable                   0x08000963   Thumb Code    42  gd32f30x_adc.o(i.adc_calibration_enable)
    adc_channel_length_config                0x0800098d   Thumb Code    70  gd32f30x_adc.o(i.adc_channel_length_config)
    adc_channel_sample                       0x080009d5   Thumb Code    54  adc.o(i.adc_channel_sample)
    adc_config                               0x08000a11   Thumb Code    76  adc.o(i.adc_config)
    adc_data_alignment_config                0x08000a61   Thumb Code    22  gd32f30x_adc.o(i.adc_data_alignment_config)
    adc_enable                               0x08000a77   Thumb Code    18  gd32f30x_adc.o(i.adc_enable)
    adc_external_trigger_config              0x08000a89   Thumb Code    62  gd32f30x_adc.o(i.adc_external_trigger_config)
    adc_external_trigger_source_config       0x08000ac7   Thumb Code    48  gd32f30x_adc.o(i.adc_external_trigger_source_config)
    adc_flag_clear                           0x08000af7   Thumb Code     8  gd32f30x_adc.o(i.adc_flag_clear)
    adc_flag_get                             0x08000aff   Thumb Code    14  gd32f30x_adc.o(i.adc_flag_get)
    adc_gpio_config                          0x08000b0d   Thumb Code    28  adc.o(i.adc_gpio_config)
    adc_mode_config                          0x08000b2d   Thumb Code    22  gd32f30x_adc.o(i.adc_mode_config)
    adc_rcu_config                           0x08000b49   Thumb Code    26  adc.o(i.adc_rcu_config)
    adc_regular_channel_config               0x08000b63   Thumb Code   172  gd32f30x_adc.o(i.adc_regular_channel_config)
    adc_regular_data_read                    0x08000c0f   Thumb Code     8  gd32f30x_adc.o(i.adc_regular_data_read)
    adc_software_trigger_enable              0x08000c17   Thumb Code    30  gd32f30x_adc.o(i.adc_software_trigger_enable)
    communication1_init                      0x08000c35   Thumb Code     8  communication1.o(i.communication1_init)
    crc16                                    0x08000c3d   Thumb Code    48  communication1.o(i.crc16)
    dbg_trace_pin_disable                    0x08000c75   Thumb Code    14  gd32f30x_dbg.o(i.dbg_trace_pin_disable)
    delay_1ms                                0x08000c89   Thumb Code    16  systick.o(i.delay_1ms)
    delay_decrement                          0x08000c9d   Thumb Code    18  systick.o(i.delay_decrement)
    fmc_bank0_ready_wait                     0x08000cb5   Thumb Code    34  gd32f30x_fmc.o(i.fmc_bank0_ready_wait)
    fmc_bank0_state_get                      0x08000cd9   Thumb Code    44  gd32f30x_fmc.o(i.fmc_bank0_state_get)
    fmc_bank1_ready_wait                     0x08000d09   Thumb Code    34  gd32f30x_fmc.o(i.fmc_bank1_ready_wait)
    fmc_bank1_state_get                      0x08000d2d   Thumb Code    44  gd32f30x_fmc.o(i.fmc_bank1_state_get)
    fmc_flag_clear                           0x08000d5d   Thumb Code    28  gd32f30x_fmc.o(i.fmc_flag_clear)
    fmc_halfword_program                     0x08000d7d   Thumb Code   178  gd32f30x_fmc.o(i.fmc_halfword_program)
    fmc_lock                                 0x08000e3d   Thumb Code    34  gd32f30x_fmc.o(i.fmc_lock)
    fmc_page_erase                           0x08000e69   Thumb Code   222  gd32f30x_fmc.o(i.fmc_page_erase)
    fmc_read_Address2_16b                    0x08000f55   Thumb Code     6  gd32f30x_fmc.o(i.fmc_read_Address2_16b)
    fmc_read_ReceiveMode_16b                 0x08000f5b   Thumb Code     6  gd32f30x_fmc.o(i.fmc_read_ReceiveMode_16b)
    fmc_read_data_16b                        0x08000f61   Thumb Code     6  gd32f30x_fmc.o(i.fmc_read_data_16b)
    fmc_unlock                               0x08000f69   Thumb Code    52  gd32f30x_fmc.o(i.fmc_unlock)
    fmc_write_data_16b                       0x08000fad   Thumb Code   260  gd32f30x_fmc.o(i.fmc_write_data_16b)
    gpio_bit_reset                           0x080010b5   Thumb Code     4  gd32f30x_gpio.o(i.gpio_bit_reset)
    gpio_bit_set                             0x080010b9   Thumb Code     4  gd32f30x_gpio.o(i.gpio_bit_set)
    gpio_init                                0x080010bd   Thumb Code   188  gd32f30x_gpio.o(i.gpio_init)
    gpio_pin_remap_config                    0x08001179   Thumb Code   138  gd32f30x_gpio.o(i.gpio_pin_remap_config)
    led_init                                 0x08001209   Thumb Code    30  led.o(i.led_init)
    led_off                                  0x0800122d   Thumb Code    14  led.o(i.led_off)
    led_on                                   0x08001241   Thumb Code    14  led.o(i.led_on)
    main                                     0x08001255   Thumb Code   588  main.o(i.main)
    nvic_irq_enable                          0x080014f1   Thumb Code   186  gd32f30x_misc.o(i.nvic_irq_enable)
    nvic_priority_group_set                  0x080015b5   Thumb Code    10  gd32f30x_misc.o(i.nvic_priority_group_set)
    pwm_gpio_config                          0x080015c9   Thumb Code    44  drv_pwm.o(i.pwm_gpio_config)
    pwm_timer_config                         0x080015f9   Thumb Code   194  drv_pwm.o(i.pwm_timer_config)
    rcu_adc_clock_config                     0x080016bd   Thumb Code    98  gd32f30x_rcu.o(i.rcu_adc_clock_config)
    rcu_clock_freq_get                       0x08001729   Thumb Code   310  gd32f30x_rcu.o(i.rcu_clock_freq_get)
    rcu_periph_clock_enable                  0x08001881   Thumb Code    28  gd32f30x_rcu.o(i.rcu_periph_clock_enable)
    rcu_periph_reset_disable                 0x080018a1   Thumb Code    28  gd32f30x_rcu.o(i.rcu_periph_reset_disable)
    rcu_periph_reset_enable                  0x080018c1   Thumb Code    28  gd32f30x_rcu.o(i.rcu_periph_reset_enable)
    showData1_1                              0x080018e1   Thumb Code    84  communication1.o(i.showData1_1)
    systick_config                           0x08001a61   Thumb Code    74  systick.o(i.systick_config)
    timer4_init                              0x08001ab1   Thumb Code    90  timer.o(i.timer4_init)
    timer5_init                              0x08001b11   Thumb Code    80  timer.o(i.timer5_init)
    timer_auto_reload_shadow_enable          0x08001b65   Thumb Code    10  gd32f30x_timer.o(i.timer_auto_reload_shadow_enable)
    timer_channel_output_config              0x08001b71   Thumb Code   484  gd32f30x_timer.o(i.timer_channel_output_config)
    timer_channel_output_mode_config         0x08001d5d   Thumb Code    90  gd32f30x_timer.o(i.timer_channel_output_mode_config)
    timer_channel_output_pulse_value_config  0x08001db7   Thumb Code    38  gd32f30x_timer.o(i.timer_channel_output_pulse_value_config)
    timer_channel_output_shadow_config       0x08001ddd   Thumb Code    90  gd32f30x_timer.o(i.timer_channel_output_shadow_config)
    timer_deinit                             0x08001e39   Thumb Code   210  gd32f30x_timer.o(i.timer_deinit)
    timer_enable                             0x08001f15   Thumb Code    10  gd32f30x_timer.o(i.timer_enable)
    timer_flag_clear                         0x08001f1f   Thumb Code     6  gd32f30x_timer.o(i.timer_flag_clear)
    timer_init                               0x08001f25   Thumb Code   122  gd32f30x_timer.o(i.timer_init)
    timer_interrupt_enable                   0x08001fbd   Thumb Code     8  gd32f30x_timer.o(i.timer_interrupt_enable)
    timer_interrupt_flag_clear               0x08001fc5   Thumb Code     6  gd32f30x_timer.o(i.timer_interrupt_flag_clear)
    timer_interrupt_flag_get                 0x08001fcb   Thumb Code    24  gd32f30x_timer.o(i.timer_interrupt_flag_get)
    uart2_send_byte                          0x08001fe5   Thumb Code    28  usart0.o(i.uart2_send_byte)
    uart2_send_data                          0x08002005   Thumb Code    24  usart0.o(i.uart2_send_data)
    usart0_config                            0x0800201d   Thumb Code   152  usart0.o(i.usart0_config)
    usart2_config                            0x080020bd   Thumb Code   130  usart0.o(i.usart2_config)
    usart_baudrate_set                       0x08002149   Thumb Code   136  gd32f30x_usart.o(i.usart_baudrate_set)
    usart_data_receive                       0x080021d9   Thumb Code    10  gd32f30x_usart.o(i.usart_data_receive)
    usart_data_transmit                      0x080021e3   Thumb Code     8  gd32f30x_usart.o(i.usart_data_transmit)
    usart_deinit                             0x080021ed   Thumb Code   136  gd32f30x_usart.o(i.usart_deinit)
    usart_enable                             0x0800227d   Thumb Code    10  gd32f30x_usart.o(i.usart_enable)
    usart_flag_get                           0x08002287   Thumb Code    30  gd32f30x_usart.o(i.usart_flag_get)
    usart_interrupt_enable                   0x080022a5   Thumb Code    26  gd32f30x_usart.o(i.usart_interrupt_enable)
    usart_interrupt_flag_clear               0x080022bf   Thumb Code    26  gd32f30x_usart.o(i.usart_interrupt_flag_clear)
    usart_interrupt_flag_get                 0x080022d9   Thumb Code    56  gd32f30x_usart.o(i.usart_interrupt_flag_get)
    usart_parity_config                      0x08002311   Thumb Code    16  gd32f30x_usart.o(i.usart_parity_config)
    usart_receive_config                     0x08002321   Thumb Code    16  gd32f30x_usart.o(i.usart_receive_config)
    usart_stop_bit_set                       0x08002331   Thumb Code    16  gd32f30x_usart.o(i.usart_stop_bit_set)
    usart_transmit_config                    0x08002341   Thumb Code    16  gd32f30x_usart.o(i.usart_transmit_config)
    usart_word_length_set                    0x08002351   Thumb Code    16  gd32f30x_usart.o(i.usart_word_length_set)
    auchCRCHi                                0x08002360   Data         256  communication1.o(.constdata)
    auchCRCLo                                0x08002460   Data         256  communication1.o(.constdata)
    Region$$Table$$Base                      0x08002560   Number         0  anon$$obj.o(Region$$Table)
    Region$$Table$$Limit                     0x08002580   Number         0  anon$$obj.o(Region$$Table)
    u8UsartRxCnt                             0x20000000   Data           1  main.o(.data)
    u8fReceiveStart                          0x20000001   Data           1  main.o(.data)
    u16RxcheckSum                            0x20000002   Data           2  main.o(.data)
    u8RxFinished                             0x20000004   Data           1  main.o(.data)
    Test                                     0x20000005   Data          10  main.o(.data)
    EnReceive                                0x2000000f   Data           1  main.o(.data)
    irqRegs                                  0x20000010   Data           1  main.o(.data)
    g_RxLen                                  0x20000011   Data           1  main.o(.data)
    AddressInit                              0x20000012   Data           1  main.o(.data)
    tempdata1                                0x20000014   Data           2  main.o(.data)
    tempdata2                                0x20000016   Data           2  main.o(.data)
    DACdata1                                 0x20000018   Data           2  main.o(.data)
    DACdata2                                 0x2000001a   Data           2  main.o(.data)
    countnum                                 0x2000001c   Data           2  main.o(.data)
    countnum1                                0x2000001e   Data           2  main.o(.data)
    countnum2                                0x20000020   Data           2  main.o(.data)
    uart2_rcev_index                         0x20000022   Data           1  main.o(.data)
    receive_done                             0x20000023   Data           1  main.o(.data)
    receive_flag                             0x20000024   Data           1  main.o(.data)
    Led_Flag                                 0x20000025   Data           1  main.o(.data)
    ADC_val1                                 0x20000026   Data           2  main.o(.data)
    ADC_val2                                 0x20000028   Data           2  main.o(.data)
    crc_data                                 0x2000002a   Data           2  main.o(.data)
    radio1                                   0x2000002c   Data           2  main.o(.data)
    radio2                                   0x2000002e   Data           2  main.o(.data)
    SystemCoreClock                          0x20000030   Data           4  system_gd32f30x.o(.data)
    UpdateNum                                0x20000038   Data           1  communication1.o(.data)
    ReceiveOrSend                            0x2000003a   Data           2  communication1.o(.data)
    DataNum                                  0x2000003c   Data           1  communication1.o(.data)
    ReceiveMode                              0x2000003e   Data           2  communication1.o(.data)
    Address1                                 0x20000040   Data           2  communication1.o(.data)
    Address2                                 0x20000042   Data           2  communication1.o(.data)
    ModbusEquipmentExist                     0x20000044   Data           8  communication1.o(.data)
    NumTest                                  0x2000004c   Data           1  timer.o(.data)
    Timcounter                               0x2000004e   Data           2  timer.o(.data)
    u8UsartRxData                            0x20000050   Data         100  main.o(.bss)
    g_RxBuffer                               0x200000b4   Data         256  main.o(.bss)
    buff                                     0x200001b4   Data          10  main.o(.bss)
    uart2_rcev_buff                          0x200001be   Data         100  main.o(.bss)
    Modbus2_Data                             0x20000222   Data          20  main.o(.bss)
    ModbusTx                                 0x20000236   Data         260  communication1.o(.bss)
    ModbusRx                                 0x2000033a   Data         258  communication1.o(.bss)
    DataReceive                              0x2000043c   Data         250  communication1.o(.bss)
    DataReceive6                             0x20000536   Data          20  communication1.o(.bss)
    ReceiveBuff                              0x2000054a   Data          10  communication1.o(.bss)
    __initial_sp                             0x20000958   Data           0  startup_gd32f30x_hd.o(STACK)



==============================================================================

Memory Map of the image

  Image Entry point : 0x08000131

  Load Region LR_IROM1 (Base: 0x08000000, Size: 0x000025d0, Max: 0x00020000, ABSOLUTE)

    Execution Region ER_IROM1 (Exec base: 0x08000000, Load base: 0x08000000, Size: 0x00002580, Max: 0x00020000, ABSOLUTE)

    Exec Addr    Load Addr    Size         Type   Attr      Idx    E Section Name        Object

    0x08000000   0x08000000   0x00000130   Data   RO         4043    RESET               startup_gd32f30x_hd.o
    0x08000130   0x08000130   0x00000000   Code   RO         5455  * .ARM.Collect$$$$00000000  mc_w.l(entry.o)
    0x08000130   0x08000130   0x00000004   Code   RO         5468    .ARM.Collect$$$$00000001  mc_w.l(entry2.o)
    0x08000134   0x08000134   0x00000004   Code   RO         5471    .ARM.Collect$$$$00000004  mc_w.l(entry5.o)
    0x08000138   0x08000138   0x00000000   Code   RO         5473    .ARM.Collect$$$$00000008  mc_w.l(entry7b.o)
    0x08000138   0x08000138   0x00000000   Code   RO         5475    .ARM.Collect$$$$0000000A  mc_w.l(entry8b.o)
    0x08000138   0x08000138   0x00000008   Code   RO         5476    .ARM.Collect$$$$0000000B  mc_w.l(entry9a.o)
    0x08000140   0x08000140   0x00000004   Code   RO         5483    .ARM.Collect$$$$0000000E  mc_w.l(entry12b.o)
    0x08000144   0x08000144   0x00000000   Code   RO         5478    .ARM.Collect$$$$0000000F  mc_w.l(entry10a.o)
    0x08000144   0x08000144   0x00000000   Code   RO         5480    .ARM.Collect$$$$00000011  mc_w.l(entry11a.o)
    0x08000144   0x08000144   0x00000004   Code   RO         5469    .ARM.Collect$$$$00002712  mc_w.l(entry2.o)
    0x08000148   0x08000148   0x00000024   Code   RO         4044    .text               startup_gd32f30x_hd.o
    0x0800016c   0x0800016c   0x0000014e   Code   RO         5458    .text               mf_w.l(dadd.o)
    0x080002ba   0x080002ba   0x00000032   Code   RO         5464    .text               mf_w.l(dfixui.o)
    0x080002ec   0x080002ec   0x00000026   Code   RO         5466    .text               mf_w.l(f2d.o)
    0x08000312   0x08000312   0x0000001e   Code   RO         5484    .text               mc_w.l(llshl.o)
    0x08000330   0x08000330   0x00000020   Code   RO         5486    .text               mc_w.l(llushr.o)
    0x08000350   0x08000350   0x00000024   Code   RO         5488    .text               mc_w.l(llsshr.o)
    0x08000374   0x08000374   0x00000000   Code   RO         5490    .text               mc_w.l(iusefp.o)
    0x08000374   0x08000374   0x000000ba   Code   RO         5491    .text               mf_w.l(depilogue.o)
    0x0800042e   0x0800042e   0x00000002   PAD
    0x08000430   0x08000430   0x00000024   Code   RO         5493    .text               mc_w.l(init.o)
    0x08000454   0x08000454   0x00000004   Code   RO         4175    i.BusFault_Handler  gd32f30x_it.o
    0x08000458   0x08000458   0x00000002   Code   RO         4176    i.DebugMon_Handler  gd32f30x_it.o
    0x0800045a   0x0800045a   0x00000004   Code   RO         4177    i.HardFault_Handler  gd32f30x_it.o
    0x0800045e   0x0800045e   0x00000004   Code   RO         4178    i.MemManage_Handler  gd32f30x_it.o
    0x08000462   0x08000462   0x00000002   PAD
    0x08000464   0x08000464   0x0000006c   Code   RO         5231    i.Modbus2_Send      communication1.o
    0x080004d0   0x080004d0   0x00000058   Code   RO         5232    i.ModbusFun6_1      communication1.o
    0x08000528   0x08000528   0x00000060   Code   RO         5233    i.ModbusInit        communication1.o
    0x08000588   0x08000588   0x00000024   Code   RO         5237    i.ModbusSendOrder   communication1.o
    0x080005ac   0x080005ac   0x00000060   Code   RO         5238    i.Modbus_Event_1    communication1.o
    0x0800060c   0x0800060c   0x00000002   Code   RO         4179    i.NMI_Handler       gd32f30x_it.o
    0x0800060e   0x0800060e   0x00000002   PAD
    0x08000610   0x08000610   0x00000028   Code   RO         4246    i.NVIC_SetPriority  systick.o
    0x08000638   0x08000638   0x00000002   Code   RO         4180    i.PendSV_Handler    gd32f30x_it.o
    0x0800063a   0x0800063a   0x00000002   PAD
    0x0800063c   0x0800063c   0x00000014   Code   RO         5239    i.RS485_Read        communication1.o
    0x08000650   0x08000650   0x00000014   Code   RO         5240    i.RS485_Send        communication1.o
    0x08000664   0x08000664   0x00000048   Code   RO         5241    i.RS485_Send_Data   communication1.o
    0x080006ac   0x080006ac   0x00000002   Code   RO         4181    i.SVC_Handler       gd32f30x_it.o
    0x080006ae   0x080006ae   0x00000008   Code   RO         4182    i.SysTick_Handler   gd32f30x_it.o
    0x080006b6   0x080006b6   0x00000002   PAD
    0x080006b8   0x080006b8   0x00000070   Code   RO         4134    i.SystemInit        system_gd32f30x.o
    0x08000728   0x08000728   0x00000064   Code   RO         5348    i.TIMER4_IRQHandler  timer.o
    0x0800078c   0x0800078c   0x00000034   Code   RO         5349    i.TIMER5_IRQHandler  timer.o
    0x080007c0   0x080007c0   0x0000004c   Code   RO         5242    i.USART0_IRQHandler  communication1.o
    0x0800080c   0x0800080c   0x00000110   Code   RO         4306    i.USART2_IRQHandler  usart0.o
    0x0800091c   0x0800091c   0x00000004   Code   RO         4183    i.UsageFault_Handler  gd32f30x_it.o
    0x08000920   0x08000920   0x00000024   Code   RO         1514    i.WriteAdd          gd32f30x_fmc.o
    0x08000944   0x08000944   0x0000000e   Code   RO         5497    i.__scatterload_copy  mc_w.l(handlers.o)
    0x08000952   0x08000952   0x00000002   Code   RO         5498    i.__scatterload_null  mc_w.l(handlers.o)
    0x08000954   0x08000954   0x0000000e   Code   RO         5499    i.__scatterload_zeroinit  mc_w.l(handlers.o)
    0x08000962   0x08000962   0x0000002a   Code   RO            3    i.adc_calibration_enable  gd32f30x_adc.o
    0x0800098c   0x0800098c   0x00000046   Code   RO            4    i.adc_channel_length_config  gd32f30x_adc.o
    0x080009d2   0x080009d2   0x00000002   PAD
    0x080009d4   0x080009d4   0x0000003c   Code   RO         5419    i.adc_channel_sample  adc.o
    0x08000a10   0x08000a10   0x00000050   Code   RO         5420    i.adc_config        adc.o
    0x08000a60   0x08000a60   0x00000016   Code   RO            5    i.adc_data_alignment_config  gd32f30x_adc.o
    0x08000a76   0x08000a76   0x00000012   Code   RO           11    i.adc_enable        gd32f30x_adc.o
    0x08000a88   0x08000a88   0x0000003e   Code   RO           12    i.adc_external_trigger_config  gd32f30x_adc.o
    0x08000ac6   0x08000ac6   0x00000030   Code   RO           13    i.adc_external_trigger_source_config  gd32f30x_adc.o
    0x08000af6   0x08000af6   0x00000008   Code   RO           14    i.adc_flag_clear    gd32f30x_adc.o
    0x08000afe   0x08000afe   0x0000000e   Code   RO           15    i.adc_flag_get      gd32f30x_adc.o
    0x08000b0c   0x08000b0c   0x00000020   Code   RO         5421    i.adc_gpio_config   adc.o
    0x08000b2c   0x08000b2c   0x0000001c   Code   RO           23    i.adc_mode_config   gd32f30x_adc.o
    0x08000b48   0x08000b48   0x0000001a   Code   RO         5422    i.adc_rcu_config    adc.o
    0x08000b62   0x08000b62   0x000000ac   Code   RO           27    i.adc_regular_channel_config  gd32f30x_adc.o
    0x08000c0e   0x08000c0e   0x00000008   Code   RO           28    i.adc_regular_data_read  gd32f30x_adc.o
    0x08000c16   0x08000c16   0x0000001e   Code   RO           30    i.adc_software_trigger_enable  gd32f30x_adc.o
    0x08000c34   0x08000c34   0x00000008   Code   RO         5243    i.communication1_init  communication1.o
    0x08000c3c   0x08000c3c   0x00000038   Code   RO         5244    i.crc16             communication1.o
    0x08000c74   0x08000c74   0x00000014   Code   RO         1013    i.dbg_trace_pin_disable  gd32f30x_dbg.o
    0x08000c88   0x08000c88   0x00000014   Code   RO         4247    i.delay_1ms         systick.o
    0x08000c9c   0x08000c9c   0x00000018   Code   RO         4248    i.delay_decrement   systick.o
    0x08000cb4   0x08000cb4   0x00000022   Code   RO         1519    i.fmc_bank0_ready_wait  gd32f30x_fmc.o
    0x08000cd6   0x08000cd6   0x00000002   PAD
    0x08000cd8   0x08000cd8   0x00000030   Code   RO         1520    i.fmc_bank0_state_get  gd32f30x_fmc.o
    0x08000d08   0x08000d08   0x00000022   Code   RO         1524    i.fmc_bank1_ready_wait  gd32f30x_fmc.o
    0x08000d2a   0x08000d2a   0x00000002   PAD
    0x08000d2c   0x08000d2c   0x00000030   Code   RO         1525    i.fmc_bank1_state_get  gd32f30x_fmc.o
    0x08000d5c   0x08000d5c   0x00000020   Code   RO         1527    i.fmc_flag_clear    gd32f30x_fmc.o
    0x08000d7c   0x08000d7c   0x000000c0   Code   RO         1529    i.fmc_halfword_program  gd32f30x_fmc.o
    0x08000e3c   0x08000e3c   0x0000002c   Code   RO         1534    i.fmc_lock          gd32f30x_fmc.o
    0x08000e68   0x08000e68   0x000000ec   Code   RO         1536    i.fmc_page_erase    gd32f30x_fmc.o
    0x08000f54   0x08000f54   0x00000006   Code   RO         1537    i.fmc_read_Address2_16b  gd32f30x_fmc.o
    0x08000f5a   0x08000f5a   0x00000006   Code   RO         1538    i.fmc_read_ReceiveMode_16b  gd32f30x_fmc.o
    0x08000f60   0x08000f60   0x00000006   Code   RO         1539    i.fmc_read_data_16b  gd32f30x_fmc.o
    0x08000f66   0x08000f66   0x00000002   PAD
    0x08000f68   0x08000f68   0x00000044   Code   RO         1540    i.fmc_unlock        gd32f30x_fmc.o
    0x08000fac   0x08000fac   0x00000108   Code   RO         1543    i.fmc_write_data_16b  gd32f30x_fmc.o
    0x080010b4   0x080010b4   0x00000004   Code   RO         1831    i.gpio_bit_reset    gd32f30x_gpio.o
    0x080010b8   0x080010b8   0x00000004   Code   RO         1832    i.gpio_bit_set      gd32f30x_gpio.o
    0x080010bc   0x080010bc   0x000000bc   Code   RO         1841    i.gpio_init         gd32f30x_gpio.o
    0x08001178   0x08001178   0x00000090   Code   RO         1847    i.gpio_pin_remap_config  gd32f30x_gpio.o
    0x08001208   0x08001208   0x00000024   Code   RO         4385    i.led_init          led.o
    0x0800122c   0x0800122c   0x00000014   Code   RO         4386    i.led_off           led.o
    0x08001240   0x08001240   0x00000014   Code   RO         4387    i.led_on            led.o
    0x08001254   0x08001254   0x0000029c   Code   RO         4050    i.main              main.o
    0x080014f0   0x080014f0   0x000000c4   Code   RO         2159    i.nvic_irq_enable   gd32f30x_misc.o
    0x080015b4   0x080015b4   0x00000014   Code   RO         2160    i.nvic_priority_group_set  gd32f30x_misc.o
    0x080015c8   0x080015c8   0x00000030   Code   RO         5393    i.pwm_gpio_config   drv_pwm.o
    0x080015f8   0x080015f8   0x000000c2   Code   RO         5394    i.pwm_timer_config  drv_pwm.o
    0x080016ba   0x080016ba   0x00000002   PAD
    0x080016bc   0x080016bc   0x0000006c   Code   RO         2349    i.rcu_adc_clock_config  gd32f30x_rcu.o
    0x08001728   0x08001728   0x00000158   Code   RO         2358    i.rcu_clock_freq_get  gd32f30x_rcu.o
    0x08001880   0x08001880   0x00000020   Code   RO         2376    i.rcu_periph_clock_enable  gd32f30x_rcu.o
    0x080018a0   0x080018a0   0x00000020   Code   RO         2379    i.rcu_periph_reset_disable  gd32f30x_rcu.o
    0x080018c0   0x080018c0   0x00000020   Code   RO         2380    i.rcu_periph_reset_enable  gd32f30x_rcu.o
    0x080018e0   0x080018e0   0x00000064   Code   RO         5245    i.showData1_1       communication1.o
    0x08001944   0x08001944   0x00000114   Code   RO         4135    i.system_clock_120m_hxtal  system_gd32f30x.o
    0x08001a58   0x08001a58   0x00000008   Code   RO         4136    i.system_clock_config  system_gd32f30x.o
    0x08001a60   0x08001a60   0x00000050   Code   RO         4251    i.systick_config    systick.o
    0x08001ab0   0x08001ab0   0x00000060   Code   RO         5350    i.timer4_init       timer.o
    0x08001b10   0x08001b10   0x00000054   Code   RO         5351    i.timer5_init       timer.o
    0x08001b64   0x08001b64   0x0000000a   Code   RO         3234    i.timer_auto_reload_shadow_enable  gd32f30x_timer.o
    0x08001b6e   0x08001b6e   0x00000002   PAD
    0x08001b70   0x08001b70   0x000001ec   Code   RO         3251    i.timer_channel_output_config  gd32f30x_timer.o
    0x08001d5c   0x08001d5c   0x0000005a   Code   RO         3253    i.timer_channel_output_mode_config  gd32f30x_timer.o
    0x08001db6   0x08001db6   0x00000026   Code   RO         3255    i.timer_channel_output_pulse_value_config  gd32f30x_timer.o
    0x08001ddc   0x08001ddc   0x0000005a   Code   RO         3256    i.timer_channel_output_shadow_config  gd32f30x_timer.o
    0x08001e36   0x08001e36   0x00000002   PAD
    0x08001e38   0x08001e38   0x000000dc   Code   RO         3264    i.timer_deinit      gd32f30x_timer.o
    0x08001f14   0x08001f14   0x0000000a   Code   RO         3269    i.timer_enable      gd32f30x_timer.o
    0x08001f1e   0x08001f1e   0x00000006   Code   RO         3276    i.timer_flag_clear  gd32f30x_timer.o
    0x08001f24   0x08001f24   0x00000098   Code   RO         3279    i.timer_init        gd32f30x_timer.o
    0x08001fbc   0x08001fbc   0x00000008   Code   RO         3286    i.timer_interrupt_enable  gd32f30x_timer.o
    0x08001fc4   0x08001fc4   0x00000006   Code   RO         3287    i.timer_interrupt_flag_clear  gd32f30x_timer.o
    0x08001fca   0x08001fca   0x00000018   Code   RO         3288    i.timer_interrupt_flag_get  gd32f30x_timer.o
    0x08001fe2   0x08001fe2   0x00000002   PAD
    0x08001fe4   0x08001fe4   0x00000020   Code   RO         4308    i.uart2_send_byte   usart0.o
    0x08002004   0x08002004   0x00000018   Code   RO         4309    i.uart2_send_data   usart0.o
    0x0800201c   0x0800201c   0x000000a0   Code   RO         4311    i.usart0_config     usart0.o
    0x080020bc   0x080020bc   0x0000008c   Code   RO         4312    i.usart2_config     usart0.o
    0x08002148   0x08002148   0x00000090   Code   RO         3674    i.usart_baudrate_set  gd32f30x_usart.o
    0x080021d8   0x080021d8   0x0000000a   Code   RO         3677    i.usart_data_receive  gd32f30x_usart.o
    0x080021e2   0x080021e2   0x00000008   Code   RO         3678    i.usart_data_transmit  gd32f30x_usart.o
    0x080021ea   0x080021ea   0x00000002   PAD
    0x080021ec   0x080021ec   0x00000090   Code   RO         3679    i.usart_deinit      gd32f30x_usart.o
    0x0800227c   0x0800227c   0x0000000a   Code   RO         3683    i.usart_enable      gd32f30x_usart.o
    0x08002286   0x08002286   0x0000001e   Code   RO         3685    i.usart_flag_get    gd32f30x_usart.o
    0x080022a4   0x080022a4   0x0000001a   Code   RO         3692    i.usart_interrupt_enable  gd32f30x_usart.o
    0x080022be   0x080022be   0x0000001a   Code   RO         3693    i.usart_interrupt_flag_clear  gd32f30x_usart.o
    0x080022d8   0x080022d8   0x00000038   Code   RO         3694    i.usart_interrupt_flag_get  gd32f30x_usart.o
    0x08002310   0x08002310   0x00000010   Code   RO         3705    i.usart_parity_config  gd32f30x_usart.o
    0x08002320   0x08002320   0x00000010   Code   RO         3707    i.usart_receive_config  gd32f30x_usart.o
    0x08002330   0x08002330   0x00000010   Code   RO         3717    i.usart_stop_bit_set  gd32f30x_usart.o
    0x08002340   0x08002340   0x00000010   Code   RO         3721    i.usart_transmit_config  gd32f30x_usart.o
    0x08002350   0x08002350   0x00000010   Code   RO         3722    i.usart_word_length_set  gd32f30x_usart.o
    0x08002360   0x08002360   0x00000200   Data   RO         5247    .constdata          communication1.o
    0x08002560   0x08002560   0x00000020   Data   RO         5495    Region$$Table       anon$$obj.o


    Execution Region RW_IRAM1 (Exec base: 0x20000000, Load base: 0x08002580, Size: 0x00000958, Max: 0x00008000, ABSOLUTE)

    Exec Addr    Load Addr    Size         Type   Attr      Idx    E Section Name        Object

    0x20000000   0x08002580   0x00000030   Data   RW         4052    .data               main.o
    0x20000030   0x080025b0   0x00000004   Data   RW         4137    .data               system_gd32f30x.o
    0x20000034   0x080025b4   0x00000004   Data   RW         4252    .data               systick.o
    0x20000038   0x080025b8   0x00000014   Data   RW         5248    .data               communication1.o
    0x2000004c   0x080025cc   0x00000004   Data   RW         5352    .data               timer.o
    0x20000050        -       0x000001e6   Zero   RW         4051    .bss                main.o
    0x20000236        -       0x0000031e   Zero   RW         5246    .bss                communication1.o
    0x20000554   0x080025d0   0x00000004   PAD
    0x20000558        -       0x00000400   Zero   RW         4041    STACK               startup_gd32f30x_hd.o


==============================================================================

Image component sizes


      Code (inc. data)   RO Data    RW Data    ZI Data      Debug   Object Name

       198         14          0          0          0       1957   adc.o
       776        128        512         20        798       8645   communication1.o
       242          4          0          0          0       1121   drv_pwm.o
       522          6          0          0          0      60974   gd32f30x_adc.o
        20          6          0          0          0        536   gd32f30x_dbg.o
      1054         74          0          0          0       9910   gd32f30x_fmc.o
       340          6          0          0          0       2996   gd32f30x_gpio.o
        32          0          0          0          0       3854   gd32f30x_it.o
       216         20          0          0          0       1472   gd32f30x_misc.o
       548         68          0          0          0       3723   gd32f30x_rcu.o
      1146         48          0          0          0       8765   gd32f30x_timer.o
       534         16          0          0          0       9214   gd32f30x_usart.o
        76         18          0          0          0       1322   led.o
       668         80          0         48        486       2567   main.o
        36          8        304          0       1024        868   startup_gd32f30x_hd.o
       396         30          0          4          0       2703   system_gd32f30x.o
       164         24          0          4          0      28950   systick.o
       332         42          0          4          0       2341   timer.o
       628         52          0          0          0       3812   usart0.o

    ----------------------------------------------------------------------
      7954        644        848         80       2312     155730   Object Totals
         0          0         32          0          0          0   (incl. Generated)
        26          0          0          0          4          0   (incl. Padding)

    ----------------------------------------------------------------------

      Code (inc. data)   RO Data    RW Data    ZI Data      Debug   Library Member Name

         0          0          0          0          0          0   entry.o
         0          0          0          0          0          0   entry10a.o
         0          0          0          0          0          0   entry11a.o
         4          0          0          0          0          0   entry12b.o
         8          4          0          0          0          0   entry2.o
         4          0          0          0          0          0   entry5.o
         0          0          0          0          0          0   entry7b.o
         0          0          0          0          0          0   entry8b.o
         8          4          0          0          0          0   entry9a.o
        30          0          0          0          0          0   handlers.o
        36          8          0          0          0         68   init.o
         0          0          0          0          0          0   iusefp.o
        30          0          0          0          0         68   llshl.o
        36          0          0          0          0         68   llsshr.o
        32          0          0          0          0         68   llushr.o
       334          0          0          0          0        148   dadd.o
       186          0          0          0          0        176   depilogue.o
        50          0          0          0          0         76   dfixui.o
        38          0          0          0          0         68   f2d.o

    ----------------------------------------------------------------------
       798         16          0          0          0        740   Library Totals
         2          0          0          0          0          0   (incl. Padding)

    ----------------------------------------------------------------------

      Code (inc. data)   RO Data    RW Data    ZI Data      Debug   Library Name

       188         16          0          0          0        272   mc_w.l
       608          0          0          0          0        468   mf_w.l

    ----------------------------------------------------------------------
       798         16          0          0          0        740   Library Totals

    ----------------------------------------------------------------------

==============================================================================


      Code (inc. data)   RO Data    RW Data    ZI Data      Debug   

      8752        660        848         80       2312     145814   Grand Totals
      8752        660        848         80       2312     145814   ELF Image Totals
      8752        660        848         80          0          0   ROM Totals

==============================================================================

    Total RO  Size (Code + RO Data)                 9600 (   9.38kB)
    Total RW  Size (RW Data + ZI Data)              2392 (   2.34kB)
    Total ROM Size (Code + RO Data + RW Data)       9680 (   9.45kB)

==============================================================================

