<html>
<body>
<pre>
<h1>礦ision Build Log</h1>
<h2>Tool Versions:</h2>
IDE-Version: μVision V5.38.0.0
Copyright (C) 2022 ARM Ltd and ARM Germany GmbH. All rights reserved.
License Information: 1 1, 1, LIC=QF82M-XPM1P-BSRYX-H45JN-J6CJB-EVQEH
 
Tool Versions:
Toolchain:       MDK-ARM Plus  Version: 5.23
Toolchain Path:  D:\MDK523\Keil_v5\ARM\ARMCC\Bin
C Compiler:      Armcc.exe V5.06 update 4 (build 422)
Assembler:       Armasm.exe V5.06 update 4 (build 422)
Linker/Locator:  ArmLink.exe V5.06 update 4 (build 422)
Library Manager: ArmAr.exe V5.06 update 4 (build 422)
Hex Converter:   FromElf.exe V5.06 update 4 (build 422)
CPU DLL:         SARMCM3.DLL V5.23
Dialog DLL:      DCM.DLL V1.15.0.0
Target DLL:      Segger\JL2CM3.dll V2.99.23.0
Dialog DLL:      TCM.DLL V1.27.0.0
 
<h2>Project:</h2>
C:\Users\123\Desktop\xuexi\自己学习记录\开发\3.Lora\demo_a32c(1)\demo_a32c\STM32F103_SX1268-LLCC68_DemoPrj\STM32F103_SX1268-LLCC68_DemoPrj\Project\MP01.uvprojx
Project File Date:  09/05/2024

<h2>Output:</h2>
*** Using Compiler 'V5.06 update 4 (build 422)', folder: 'D:\MDK523\Keil_v5\ARM\ARMCC\Bin'
Rebuild target 'Target 1'
assembling startup_stm32f10x_hd.s...
compiling core_cm3.c...
compiling stm32f10x_it.c...
compiling misc.c...
compiling delay.c...
compiling system_stm32f10x.c...
compiling stm32f10x_usart.c...
compiling stm32f10x_gpio.c...
compiling main.c...
compiling stm32f10x_rcc.c...
compiling stm32f10x_tim.c...
compiling sys.c...
compiling LED.c...
compiling uart.c...
compiling Drv_spi.c...
compiling TIM.c...
compiling utilities.c...
compiling radio.c...
compiling sx126x_driver.c...
linking...
Program Size: Code=7064 RO-data=536 RW-data=592 ZI-data=1952  
FromELF: creating hex file...
"..\Objects\32101.axf" - 0 Error(s), 0 Warning(s).

<h2>Software Packages used:</h2>

Package Vendor: Keil
                http://www.keil.com/pack/Keil.STM32F1xx_DFP.1.0.4.pack
                Keil.STM32F1xx_DFP.1.0.4
                STMicroelectronics STM32F1 Series Device Support, Drivers and Examples

<h2>Collection of Component include folders:</h2>
  D:/MDK523/Keil_v5/ARM/PACK/Keil/STM32F1xx_DFP/1.0.4/Device/Include

<h2>Collection of Component Files used:</h2>
Build Time Elapsed:  00:00:01
</pre>
</body>
</html>
